[0.811s] DEBUG:colcon:Command line arguments: ['/usr/bin/colcon', 'build']
[0.811s] DEBUG:colcon:Parsed command line arguments: Namespace(log_base=None, log_level=None, verb_name='build', build_base='build', install_base='install', merge_install=False, symlink_install=False, test_result_base=None, continue_on_error=False, executor='parallel', parallel_workers=8, event_handlers=None, ignore_user_meta=False, metas=['./colcon.meta'], base_paths=['.'], packages_ignore=None, packages_ignore_regex=None, paths=None, packages_up_to=None, packages_up_to_regex=None, packages_above=None, packages_above_and_dependencies=None, packages_above_depth=None, packages_select_by_dep=None, packages_skip_by_dep=None, packages_skip_up_to=None, packages_select_build_failed=False, packages_skip_build_finished=False, packages_select_test_failures=False, packages_skip_test_passed=False, packages_select=None, packages_skip=None, packages_select_regex=None, packages_skip_regex=None, packages_start=None, packages_end=None, allow_overriding=[], cmake_args=None, cmake_target=None, cmake_target_skip_unavailable=False, cmake_clean_cache=False, cmake_clean_first=False, cmake_force_configure=False, ament_cmake_args=None, catkin_cmake_args=None, catkin_skip_building_tests=False, verb_parser=<colcon_defaults.argument_parser.defaults.DefaultArgumentsDecorator object at 0x7fcb310081f0>, verb_extension=<colcon_core.verb.build.BuildVerb object at 0x7fcb3100ba30>, main=<bound method BuildVerb.main of <colcon_core.verb.build.BuildVerb object at 0x7fcb3100ba30>>)
[0.854s] Level 1:colcon.colcon_core.package_discovery:discover_packages(colcon_meta) check parameters
[0.854s] Level 1:colcon.colcon_core.package_discovery:discover_packages(recursive) check parameters
[0.854s] Level 1:colcon.colcon_core.package_discovery:discover_packages(ignore) check parameters
[0.854s] Level 1:colcon.colcon_core.package_discovery:discover_packages(path) check parameters
[0.854s] Level 1:colcon.colcon_core.package_discovery:discover_packages(colcon_meta) discover
[0.855s] Level 1:colcon.colcon_core.package_discovery:discover_packages(recursive) discover
[0.855s] INFO:colcon.colcon_core.package_discovery:Crawling recursively for packages in '/home/hanse/pinkbot'
[0.855s] Level 1:colcon.colcon_core.package_identification:_identify(.) by extensions ['ignore', 'ignore_ament_install']
[0.855s] Level 1:colcon.colcon_core.package_identification:_identify(.) by extension 'ignore'
[0.855s] Level 1:colcon.colcon_core.package_identification:_identify(.) by extension 'ignore_ament_install'
[0.855s] Level 1:colcon.colcon_core.package_identification:_identify(.) by extensions ['colcon_pkg']
[0.855s] Level 1:colcon.colcon_core.package_identification:_identify(.) by extension 'colcon_pkg'
[0.855s] Level 1:colcon.colcon_core.package_identification:_identify(.) by extensions ['colcon_meta']
[0.855s] Level 1:colcon.colcon_core.package_identification:_identify(.) by extension 'colcon_meta'
[0.855s] Level 1:colcon.colcon_core.package_identification:_identify(.) by extensions ['ros']
[0.855s] Level 1:colcon.colcon_core.package_identification:_identify(.) by extension 'ros'
[0.862s] Level 1:colcon.colcon_core.package_identification:_identify(.) by extensions ['cmake', 'python']
[0.862s] Level 1:colcon.colcon_core.package_identification:_identify(.) by extension 'cmake'
[0.862s] Level 1:colcon.colcon_core.package_identification:_identify(.) by extension 'python'
[0.863s] Level 1:colcon.colcon_core.package_identification:_identify(.) by extensions ['python_setup_py']
[0.863s] Level 1:colcon.colcon_core.package_identification:_identify(.) by extension 'python_setup_py'
[0.863s] Level 1:colcon.colcon_core.package_identification:_identify(build) by extensions ['ignore', 'ignore_ament_install']
[0.863s] Level 1:colcon.colcon_core.package_identification:_identify(build) by extension 'ignore'
[0.863s] Level 1:colcon.colcon_core.package_identification:_identify(build) ignored
[0.863s] Level 1:colcon.colcon_core.package_identification:_identify(install) by extensions ['ignore', 'ignore_ament_install']
[0.863s] Level 1:colcon.colcon_core.package_identification:_identify(install) by extension 'ignore'
[0.863s] Level 1:colcon.colcon_core.package_identification:_identify(install) ignored
[0.863s] Level 1:colcon.colcon_core.package_identification:_identify(log) by extensions ['ignore', 'ignore_ament_install']
[0.863s] Level 1:colcon.colcon_core.package_identification:_identify(log) by extension 'ignore'
[0.863s] Level 1:colcon.colcon_core.package_identification:_identify(log) ignored
[0.863s] Level 1:colcon.colcon_core.package_identification:_identify(src) by extensions ['ignore', 'ignore_ament_install']
[0.863s] Level 1:colcon.colcon_core.package_identification:_identify(src) by extension 'ignore'
[0.863s] Level 1:colcon.colcon_core.package_identification:_identify(src) by extension 'ignore_ament_install'
[0.863s] Level 1:colcon.colcon_core.package_identification:_identify(src) by extensions ['colcon_pkg']
[0.863s] Level 1:colcon.colcon_core.package_identification:_identify(src) by extension 'colcon_pkg'
[0.863s] Level 1:colcon.colcon_core.package_identification:_identify(src) by extensions ['colcon_meta']
[0.863s] Level 1:colcon.colcon_core.package_identification:_identify(src) by extension 'colcon_meta'
[0.863s] Level 1:colcon.colcon_core.package_identification:_identify(src) by extensions ['ros']
[0.863s] Level 1:colcon.colcon_core.package_identification:_identify(src) by extension 'ros'
[0.863s] Level 1:colcon.colcon_core.package_identification:_identify(src) by extensions ['cmake', 'python']
[0.863s] Level 1:colcon.colcon_core.package_identification:_identify(src) by extension 'cmake'
[0.863s] Level 1:colcon.colcon_core.package_identification:_identify(src) by extension 'python'
[0.863s] Level 1:colcon.colcon_core.package_identification:_identify(src) by extensions ['python_setup_py']
[0.863s] Level 1:colcon.colcon_core.package_identification:_identify(src) by extension 'python_setup_py'
[0.863s] Level 1:colcon.colcon_core.package_identification:_identify(src/pinklab_minibot_robot) by extensions ['ignore', 'ignore_ament_install']
[0.864s] Level 1:colcon.colcon_core.package_identification:_identify(src/pinklab_minibot_robot) by extension 'ignore'
[0.864s] Level 1:colcon.colcon_core.package_identification:_identify(src/pinklab_minibot_robot) by extension 'ignore_ament_install'
[0.864s] Level 1:colcon.colcon_core.package_identification:_identify(src/pinklab_minibot_robot) by extensions ['colcon_pkg']
[0.864s] Level 1:colcon.colcon_core.package_identification:_identify(src/pinklab_minibot_robot) by extension 'colcon_pkg'
[0.864s] Level 1:colcon.colcon_core.package_identification:_identify(src/pinklab_minibot_robot) by extensions ['colcon_meta']
[0.864s] Level 1:colcon.colcon_core.package_identification:_identify(src/pinklab_minibot_robot) by extension 'colcon_meta'
[0.864s] Level 1:colcon.colcon_core.package_identification:_identify(src/pinklab_minibot_robot) by extensions ['ros']
[0.864s] Level 1:colcon.colcon_core.package_identification:_identify(src/pinklab_minibot_robot) by extension 'ros'
[0.864s] Level 1:colcon.colcon_core.package_identification:_identify(src/pinklab_minibot_robot) by extensions ['cmake', 'python']
[0.864s] Level 1:colcon.colcon_core.package_identification:_identify(src/pinklab_minibot_robot) by extension 'cmake'
[0.864s] Level 1:colcon.colcon_core.package_identification:_identify(src/pinklab_minibot_robot) by extension 'python'
[0.864s] Level 1:colcon.colcon_core.package_identification:_identify(src/pinklab_minibot_robot) by extensions ['python_setup_py']
[0.864s] Level 1:colcon.colcon_core.package_identification:_identify(src/pinklab_minibot_robot) by extension 'python_setup_py'
[0.864s] Level 1:colcon.colcon_core.package_identification:_identify(src/pinklab_minibot_robot/docs) by extensions ['ignore', 'ignore_ament_install']
[0.864s] Level 1:colcon.colcon_core.package_identification:_identify(src/pinklab_minibot_robot/docs) by extension 'ignore'
[0.864s] Level 1:colcon.colcon_core.package_identification:_identify(src/pinklab_minibot_robot/docs) by extension 'ignore_ament_install'
[0.864s] Level 1:colcon.colcon_core.package_identification:_identify(src/pinklab_minibot_robot/docs) by extensions ['colcon_pkg']
[0.864s] Level 1:colcon.colcon_core.package_identification:_identify(src/pinklab_minibot_robot/docs) by extension 'colcon_pkg'
[0.864s] Level 1:colcon.colcon_core.package_identification:_identify(src/pinklab_minibot_robot/docs) by extensions ['colcon_meta']
[0.864s] Level 1:colcon.colcon_core.package_identification:_identify(src/pinklab_minibot_robot/docs) by extension 'colcon_meta'
[0.864s] Level 1:colcon.colcon_core.package_identification:_identify(src/pinklab_minibot_robot/docs) by extensions ['ros']
[0.864s] Level 1:colcon.colcon_core.package_identification:_identify(src/pinklab_minibot_robot/docs) by extension 'ros'
[0.864s] Level 1:colcon.colcon_core.package_identification:_identify(src/pinklab_minibot_robot/docs) by extensions ['cmake', 'python']
[0.864s] Level 1:colcon.colcon_core.package_identification:_identify(src/pinklab_minibot_robot/docs) by extension 'cmake'
[0.864s] Level 1:colcon.colcon_core.package_identification:_identify(src/pinklab_minibot_robot/docs) by extension 'python'
[0.864s] Level 1:colcon.colcon_core.package_identification:_identify(src/pinklab_minibot_robot/docs) by extensions ['python_setup_py']
[0.864s] Level 1:colcon.colcon_core.package_identification:_identify(src/pinklab_minibot_robot/docs) by extension 'python_setup_py'
[0.864s] Level 1:colcon.colcon_core.package_identification:_identify(src/pinklab_minibot_robot/docs/blender) by extensions ['ignore', 'ignore_ament_install']
[0.864s] Level 1:colcon.colcon_core.package_identification:_identify(src/pinklab_minibot_robot/docs/blender) by extension 'ignore'
[0.864s] Level 1:colcon.colcon_core.package_identification:_identify(src/pinklab_minibot_robot/docs/blender) by extension 'ignore_ament_install'
[0.864s] Level 1:colcon.colcon_core.package_identification:_identify(src/pinklab_minibot_robot/docs/blender) by extensions ['colcon_pkg']
[0.864s] Level 1:colcon.colcon_core.package_identification:_identify(src/pinklab_minibot_robot/docs/blender) by extension 'colcon_pkg'
[0.864s] Level 1:colcon.colcon_core.package_identification:_identify(src/pinklab_minibot_robot/docs/blender) by extensions ['colcon_meta']
[0.864s] Level 1:colcon.colcon_core.package_identification:_identify(src/pinklab_minibot_robot/docs/blender) by extension 'colcon_meta'
[0.864s] Level 1:colcon.colcon_core.package_identification:_identify(src/pinklab_minibot_robot/docs/blender) by extensions ['ros']
[0.864s] Level 1:colcon.colcon_core.package_identification:_identify(src/pinklab_minibot_robot/docs/blender) by extension 'ros'
[0.865s] Level 1:colcon.colcon_core.package_identification:_identify(src/pinklab_minibot_robot/docs/blender) by extensions ['cmake', 'python']
[0.865s] Level 1:colcon.colcon_core.package_identification:_identify(src/pinklab_minibot_robot/docs/blender) by extension 'cmake'
[0.865s] Level 1:colcon.colcon_core.package_identification:_identify(src/pinklab_minibot_robot/docs/blender) by extension 'python'
[0.865s] Level 1:colcon.colcon_core.package_identification:_identify(src/pinklab_minibot_robot/docs/blender) by extensions ['python_setup_py']
[0.865s] Level 1:colcon.colcon_core.package_identification:_identify(src/pinklab_minibot_robot/docs/blender) by extension 'python_setup_py'
[0.865s] Level 1:colcon.colcon_core.package_identification:_identify(src/pinklab_minibot_robot/minibot_bringup) by extensions ['ignore', 'ignore_ament_install']
[0.865s] Level 1:colcon.colcon_core.package_identification:_identify(src/pinklab_minibot_robot/minibot_bringup) by extension 'ignore'
[0.865s] Level 1:colcon.colcon_core.package_identification:_identify(src/pinklab_minibot_robot/minibot_bringup) by extension 'ignore_ament_install'
[0.865s] Level 1:colcon.colcon_core.package_identification:_identify(src/pinklab_minibot_robot/minibot_bringup) by extensions ['colcon_pkg']
[0.865s] Level 1:colcon.colcon_core.package_identification:_identify(src/pinklab_minibot_robot/minibot_bringup) by extension 'colcon_pkg'
[0.865s] Level 1:colcon.colcon_core.package_identification:_identify(src/pinklab_minibot_robot/minibot_bringup) by extensions ['colcon_meta']
[0.865s] Level 1:colcon.colcon_core.package_identification:_identify(src/pinklab_minibot_robot/minibot_bringup) by extension 'colcon_meta'
[0.865s] Level 1:colcon.colcon_core.package_identification:_identify(src/pinklab_minibot_robot/minibot_bringup) by extensions ['ros']
[0.865s] Level 1:colcon.colcon_core.package_identification:_identify(src/pinklab_minibot_robot/minibot_bringup) by extension 'ros'
[0.867s] DEBUG:colcon.colcon_core.package_identification:Package 'src/pinklab_minibot_robot/minibot_bringup' with type 'ros.ament_cmake' and name 'minibot_bringup'
[0.867s] Level 1:colcon.colcon_core.package_identification:_identify(src/pinklab_minibot_robot/minibot_controllers) by extensions ['ignore', 'ignore_ament_install']
[0.867s] Level 1:colcon.colcon_core.package_identification:_identify(src/pinklab_minibot_robot/minibot_controllers) by extension 'ignore'
[0.867s] Level 1:colcon.colcon_core.package_identification:_identify(src/pinklab_minibot_robot/minibot_controllers) by extension 'ignore_ament_install'
[0.867s] Level 1:colcon.colcon_core.package_identification:_identify(src/pinklab_minibot_robot/minibot_controllers) by extensions ['colcon_pkg']
[0.867s] Level 1:colcon.colcon_core.package_identification:_identify(src/pinklab_minibot_robot/minibot_controllers) by extension 'colcon_pkg'
[0.867s] Level 1:colcon.colcon_core.package_identification:_identify(src/pinklab_minibot_robot/minibot_controllers) by extensions ['colcon_meta']
[0.867s] Level 1:colcon.colcon_core.package_identification:_identify(src/pinklab_minibot_robot/minibot_controllers) by extension 'colcon_meta'
[0.867s] Level 1:colcon.colcon_core.package_identification:_identify(src/pinklab_minibot_robot/minibot_controllers) by extensions ['ros']
[0.867s] Level 1:colcon.colcon_core.package_identification:_identify(src/pinklab_minibot_robot/minibot_controllers) by extension 'ros'
[0.868s] DEBUG:colcon.colcon_core.package_identification:Package 'src/pinklab_minibot_robot/minibot_controllers' with type 'ros.ament_cmake' and name 'minibot_controllers'
[0.868s] Level 1:colcon.colcon_core.package_identification:_identify(src/pinklab_minibot_robot/minibot_description) by extensions ['ignore', 'ignore_ament_install']
[0.868s] Level 1:colcon.colcon_core.package_identification:_identify(src/pinklab_minibot_robot/minibot_description) by extension 'ignore'
[0.868s] Level 1:colcon.colcon_core.package_identification:_identify(src/pinklab_minibot_robot/minibot_description) by extension 'ignore_ament_install'
[0.868s] Level 1:colcon.colcon_core.package_identification:_identify(src/pinklab_minibot_robot/minibot_description) by extensions ['colcon_pkg']
[0.868s] Level 1:colcon.colcon_core.package_identification:_identify(src/pinklab_minibot_robot/minibot_description) by extension 'colcon_pkg'
[0.868s] Level 1:colcon.colcon_core.package_identification:_identify(src/pinklab_minibot_robot/minibot_description) by extensions ['colcon_meta']
[0.868s] Level 1:colcon.colcon_core.package_identification:_identify(src/pinklab_minibot_robot/minibot_description) by extension 'colcon_meta'
[0.868s] Level 1:colcon.colcon_core.package_identification:_identify(src/pinklab_minibot_robot/minibot_description) by extensions ['ros']
[0.868s] Level 1:colcon.colcon_core.package_identification:_identify(src/pinklab_minibot_robot/minibot_description) by extension 'ros'
[0.869s] DEBUG:colcon.colcon_core.package_identification:Package 'src/pinklab_minibot_robot/minibot_description' with type 'ros.ament_cmake' and name 'minibot_description'
[0.869s] Level 1:colcon.colcon_core.package_identification:_identify(src/pinklab_minibot_robot/minibot_gazebo) by extensions ['ignore', 'ignore_ament_install']
[0.869s] Level 1:colcon.colcon_core.package_identification:_identify(src/pinklab_minibot_robot/minibot_gazebo) by extension 'ignore'
[0.869s] Level 1:colcon.colcon_core.package_identification:_identify(src/pinklab_minibot_robot/minibot_gazebo) by extension 'ignore_ament_install'
[0.869s] Level 1:colcon.colcon_core.package_identification:_identify(src/pinklab_minibot_robot/minibot_gazebo) by extensions ['colcon_pkg']
[0.869s] Level 1:colcon.colcon_core.package_identification:_identify(src/pinklab_minibot_robot/minibot_gazebo) by extension 'colcon_pkg'
[0.869s] Level 1:colcon.colcon_core.package_identification:_identify(src/pinklab_minibot_robot/minibot_gazebo) by extensions ['colcon_meta']
[0.869s] Level 1:colcon.colcon_core.package_identification:_identify(src/pinklab_minibot_robot/minibot_gazebo) by extension 'colcon_meta'
[0.869s] Level 1:colcon.colcon_core.package_identification:_identify(src/pinklab_minibot_robot/minibot_gazebo) by extensions ['ros']
[0.869s] Level 1:colcon.colcon_core.package_identification:_identify(src/pinklab_minibot_robot/minibot_gazebo) by extension 'ros'
[0.869s] DEBUG:colcon.colcon_core.package_identification:Package 'src/pinklab_minibot_robot/minibot_gazebo' with type 'ros.ament_cmake' and name 'minibot_gazebo'
[0.869s] Level 1:colcon.colcon_core.package_identification:_identify(src/pinklab_minibot_robot/minibot_hardware_interface) by extensions ['ignore', 'ignore_ament_install']
[0.869s] Level 1:colcon.colcon_core.package_identification:_identify(src/pinklab_minibot_robot/minibot_hardware_interface) by extension 'ignore'
[0.869s] Level 1:colcon.colcon_core.package_identification:_identify(src/pinklab_minibot_robot/minibot_hardware_interface) by extension 'ignore_ament_install'
[0.869s] Level 1:colcon.colcon_core.package_identification:_identify(src/pinklab_minibot_robot/minibot_hardware_interface) by extensions ['colcon_pkg']
[0.869s] Level 1:colcon.colcon_core.package_identification:_identify(src/pinklab_minibot_robot/minibot_hardware_interface) by extension 'colcon_pkg'
[0.869s] Level 1:colcon.colcon_core.package_identification:_identify(src/pinklab_minibot_robot/minibot_hardware_interface) by extensions ['colcon_meta']
[0.870s] Level 1:colcon.colcon_core.package_identification:_identify(src/pinklab_minibot_robot/minibot_hardware_interface) by extension 'colcon_meta'
[0.870s] Level 1:colcon.colcon_core.package_identification:_identify(src/pinklab_minibot_robot/minibot_hardware_interface) by extensions ['ros']
[0.870s] Level 1:colcon.colcon_core.package_identification:_identify(src/pinklab_minibot_robot/minibot_hardware_interface) by extension 'ros'
[0.870s] DEBUG:colcon.colcon_core.package_identification:Package 'src/pinklab_minibot_robot/minibot_hardware_interface' with type 'ros.ament_cmake' and name 'minibot_hardware_interface'
[0.870s] Level 1:colcon.colcon_core.package_identification:_identify(src/pinklab_minibot_robot/minibot_interfaces) by extensions ['ignore', 'ignore_ament_install']
[0.870s] Level 1:colcon.colcon_core.package_identification:_identify(src/pinklab_minibot_robot/minibot_interfaces) by extension 'ignore'
[0.870s] Level 1:colcon.colcon_core.package_identification:_identify(src/pinklab_minibot_robot/minibot_interfaces) by extension 'ignore_ament_install'
[0.870s] Level 1:colcon.colcon_core.package_identification:_identify(src/pinklab_minibot_robot/minibot_interfaces) by extensions ['colcon_pkg']
[0.870s] Level 1:colcon.colcon_core.package_identification:_identify(src/pinklab_minibot_robot/minibot_interfaces) by extension 'colcon_pkg'
[0.870s] Level 1:colcon.colcon_core.package_identification:_identify(src/pinklab_minibot_robot/minibot_interfaces) by extensions ['colcon_meta']
[0.870s] Level 1:colcon.colcon_core.package_identification:_identify(src/pinklab_minibot_robot/minibot_interfaces) by extension 'colcon_meta'
[0.870s] Level 1:colcon.colcon_core.package_identification:_identify(src/pinklab_minibot_robot/minibot_interfaces) by extensions ['ros']
[0.870s] Level 1:colcon.colcon_core.package_identification:_identify(src/pinklab_minibot_robot/minibot_interfaces) by extension 'ros'
[0.871s] DEBUG:colcon.colcon_core.package_identification:Package 'src/pinklab_minibot_robot/minibot_interfaces' with type 'ros.ament_cmake' and name 'minibot_interfaces'
[0.871s] Level 1:colcon.colcon_core.package_identification:_identify(src/pinklab_minibot_robot/minibot_navigation2) by extensions ['ignore', 'ignore_ament_install']
[0.871s] Level 1:colcon.colcon_core.package_identification:_identify(src/pinklab_minibot_robot/minibot_navigation2) by extension 'ignore'
[0.871s] Level 1:colcon.colcon_core.package_identification:_identify(src/pinklab_minibot_robot/minibot_navigation2) by extension 'ignore_ament_install'
[0.871s] Level 1:colcon.colcon_core.package_identification:_identify(src/pinklab_minibot_robot/minibot_navigation2) by extensions ['colcon_pkg']
[0.871s] Level 1:colcon.colcon_core.package_identification:_identify(src/pinklab_minibot_robot/minibot_navigation2) by extension 'colcon_pkg'
[0.871s] Level 1:colcon.colcon_core.package_identification:_identify(src/pinklab_minibot_robot/minibot_navigation2) by extensions ['colcon_meta']
[0.871s] Level 1:colcon.colcon_core.package_identification:_identify(src/pinklab_minibot_robot/minibot_navigation2) by extension 'colcon_meta'
[0.871s] Level 1:colcon.colcon_core.package_identification:_identify(src/pinklab_minibot_robot/minibot_navigation2) by extensions ['ros']
[0.871s] Level 1:colcon.colcon_core.package_identification:_identify(src/pinklab_minibot_robot/minibot_navigation2) by extension 'ros'
[0.872s] DEBUG:colcon.colcon_core.package_identification:Package 'src/pinklab_minibot_robot/minibot_navigation2' with type 'ros.ament_cmake' and name 'minibot_navigation2'
[0.872s] Level 1:colcon.colcon_core.package_discovery:discover_packages(recursive) using defaults
[0.872s] Level 1:colcon.colcon_core.package_discovery:discover_packages(ignore) discover
[0.872s] Level 1:colcon.colcon_core.package_discovery:discover_packages(ignore) using defaults
[0.872s] Level 1:colcon.colcon_core.package_discovery:discover_packages(path) discover
[0.872s] Level 1:colcon.colcon_core.package_discovery:discover_packages(path) using defaults
[0.955s] Level 1:colcon.colcon_core.package_discovery:discover_packages(prefix_path) check parameters
[0.955s] Level 1:colcon.colcon_core.package_discovery:discover_packages(prefix_path) discover
[0.981s] DEBUG:colcon.colcon_installed_package_information.package_discovery:Found 409 installed packages in /opt/ros/humble
[0.982s] Level 1:colcon.colcon_core.package_discovery:discover_packages(prefix_path) using defaults
[1.055s] Level 5:colcon.colcon_core.verb:set package 'minibot_description' build argument 'cmake_args' from command line to 'None'
[1.055s] Level 5:colcon.colcon_core.verb:set package 'minibot_description' build argument 'cmake_target' from command line to 'None'
[1.055s] Level 5:colcon.colcon_core.verb:set package 'minibot_description' build argument 'cmake_target_skip_unavailable' from command line to 'False'
[1.055s] Level 5:colcon.colcon_core.verb:set package 'minibot_description' build argument 'cmake_clean_cache' from command line to 'False'
[1.055s] Level 5:colcon.colcon_core.verb:set package 'minibot_description' build argument 'cmake_clean_first' from command line to 'False'
[1.055s] Level 5:colcon.colcon_core.verb:set package 'minibot_description' build argument 'cmake_force_configure' from command line to 'False'
[1.055s] Level 5:colcon.colcon_core.verb:set package 'minibot_description' build argument 'ament_cmake_args' from command line to 'None'
[1.055s] Level 5:colcon.colcon_core.verb:set package 'minibot_description' build argument 'catkin_cmake_args' from command line to 'None'
[1.055s] Level 5:colcon.colcon_core.verb:set package 'minibot_description' build argument 'catkin_skip_building_tests' from command line to 'False'
[1.055s] DEBUG:colcon.colcon_core.verb:Building package 'minibot_description' with the following arguments: {'ament_cmake_args': None, 'build_base': '/home/hanse/pinkbot/build/minibot_description', 'catkin_cmake_args': None, 'catkin_skip_building_tests': False, 'cmake_args': None, 'cmake_clean_cache': False, 'cmake_clean_first': False, 'cmake_force_configure': False, 'cmake_target': None, 'cmake_target_skip_unavailable': False, 'install_base': '/home/hanse/pinkbot/install/minibot_description', 'merge_install': False, 'path': '/home/hanse/pinkbot/src/pinklab_minibot_robot/minibot_description', 'symlink_install': False, 'test_result_base': None}
[1.067s] Level 5:colcon.colcon_core.verb:set package 'minibot_hardware_interface' build argument 'cmake_args' from command line to 'None'
[1.067s] Level 5:colcon.colcon_core.verb:set package 'minibot_hardware_interface' build argument 'cmake_target' from command line to 'None'
[1.067s] Level 5:colcon.colcon_core.verb:set package 'minibot_hardware_interface' build argument 'cmake_target_skip_unavailable' from command line to 'False'
[1.067s] Level 5:colcon.colcon_core.verb:set package 'minibot_hardware_interface' build argument 'cmake_clean_cache' from command line to 'False'
[1.067s] Level 5:colcon.colcon_core.verb:set package 'minibot_hardware_interface' build argument 'cmake_clean_first' from command line to 'False'
[1.067s] Level 5:colcon.colcon_core.verb:set package 'minibot_hardware_interface' build argument 'cmake_force_configure' from command line to 'False'
[1.067s] Level 5:colcon.colcon_core.verb:set package 'minibot_hardware_interface' build argument 'ament_cmake_args' from command line to 'None'
[1.067s] Level 5:colcon.colcon_core.verb:set package 'minibot_hardware_interface' build argument 'catkin_cmake_args' from command line to 'None'
[1.067s] Level 5:colcon.colcon_core.verb:set package 'minibot_hardware_interface' build argument 'catkin_skip_building_tests' from command line to 'False'
[1.067s] DEBUG:colcon.colcon_core.verb:Building package 'minibot_hardware_interface' with the following arguments: {'ament_cmake_args': None, 'build_base': '/home/hanse/pinkbot/build/minibot_hardware_interface', 'catkin_cmake_args': None, 'catkin_skip_building_tests': False, 'cmake_args': None, 'cmake_clean_cache': False, 'cmake_clean_first': False, 'cmake_force_configure': False, 'cmake_target': None, 'cmake_target_skip_unavailable': False, 'install_base': '/home/hanse/pinkbot/install/minibot_hardware_interface', 'merge_install': False, 'path': '/home/hanse/pinkbot/src/pinklab_minibot_robot/minibot_hardware_interface', 'symlink_install': False, 'test_result_base': None}
[1.080s] Level 5:colcon.colcon_core.verb:set package 'minibot_interfaces' build argument 'cmake_args' from command line to 'None'
[1.080s] Level 5:colcon.colcon_core.verb:set package 'minibot_interfaces' build argument 'cmake_target' from command line to 'None'
[1.080s] Level 5:colcon.colcon_core.verb:set package 'minibot_interfaces' build argument 'cmake_target_skip_unavailable' from command line to 'False'
[1.080s] Level 5:colcon.colcon_core.verb:set package 'minibot_interfaces' build argument 'cmake_clean_cache' from command line to 'False'
[1.080s] Level 5:colcon.colcon_core.verb:set package 'minibot_interfaces' build argument 'cmake_clean_first' from command line to 'False'
[1.080s] Level 5:colcon.colcon_core.verb:set package 'minibot_interfaces' build argument 'cmake_force_configure' from command line to 'False'
[1.080s] Level 5:colcon.colcon_core.verb:set package 'minibot_interfaces' build argument 'ament_cmake_args' from command line to 'None'
[1.080s] Level 5:colcon.colcon_core.verb:set package 'minibot_interfaces' build argument 'catkin_cmake_args' from command line to 'None'
[1.080s] Level 5:colcon.colcon_core.verb:set package 'minibot_interfaces' build argument 'catkin_skip_building_tests' from command line to 'False'
[1.080s] DEBUG:colcon.colcon_core.verb:Building package 'minibot_interfaces' with the following arguments: {'ament_cmake_args': None, 'build_base': '/home/hanse/pinkbot/build/minibot_interfaces', 'catkin_cmake_args': None, 'catkin_skip_building_tests': False, 'cmake_args': None, 'cmake_clean_cache': False, 'cmake_clean_first': False, 'cmake_force_configure': False, 'cmake_target': None, 'cmake_target_skip_unavailable': False, 'install_base': '/home/hanse/pinkbot/install/minibot_interfaces', 'merge_install': False, 'path': '/home/hanse/pinkbot/src/pinklab_minibot_robot/minibot_interfaces', 'symlink_install': False, 'test_result_base': None}
[1.092s] Level 5:colcon.colcon_core.verb:set package 'minibot_navigation2' build argument 'cmake_args' from command line to 'None'
[1.092s] Level 5:colcon.colcon_core.verb:set package 'minibot_navigation2' build argument 'cmake_target' from command line to 'None'
[1.092s] Level 5:colcon.colcon_core.verb:set package 'minibot_navigation2' build argument 'cmake_target_skip_unavailable' from command line to 'False'
[1.092s] Level 5:colcon.colcon_core.verb:set package 'minibot_navigation2' build argument 'cmake_clean_cache' from command line to 'False'
[1.092s] Level 5:colcon.colcon_core.verb:set package 'minibot_navigation2' build argument 'cmake_clean_first' from command line to 'False'
[1.092s] Level 5:colcon.colcon_core.verb:set package 'minibot_navigation2' build argument 'cmake_force_configure' from command line to 'False'
[1.092s] Level 5:colcon.colcon_core.verb:set package 'minibot_navigation2' build argument 'ament_cmake_args' from command line to 'None'
[1.092s] Level 5:colcon.colcon_core.verb:set package 'minibot_navigation2' build argument 'catkin_cmake_args' from command line to 'None'
[1.092s] Level 5:colcon.colcon_core.verb:set package 'minibot_navigation2' build argument 'catkin_skip_building_tests' from command line to 'False'
[1.092s] DEBUG:colcon.colcon_core.verb:Building package 'minibot_navigation2' with the following arguments: {'ament_cmake_args': None, 'build_base': '/home/hanse/pinkbot/build/minibot_navigation2', 'catkin_cmake_args': None, 'catkin_skip_building_tests': False, 'cmake_args': None, 'cmake_clean_cache': False, 'cmake_clean_first': False, 'cmake_force_configure': False, 'cmake_target': None, 'cmake_target_skip_unavailable': False, 'install_base': '/home/hanse/pinkbot/install/minibot_navigation2', 'merge_install': False, 'path': '/home/hanse/pinkbot/src/pinklab_minibot_robot/minibot_navigation2', 'symlink_install': False, 'test_result_base': None}
[1.104s] Level 5:colcon.colcon_core.verb:set package 'minibot_controllers' build argument 'cmake_args' from command line to 'None'
[1.104s] Level 5:colcon.colcon_core.verb:set package 'minibot_controllers' build argument 'cmake_target' from command line to 'None'
[1.104s] Level 5:colcon.colcon_core.verb:set package 'minibot_controllers' build argument 'cmake_target_skip_unavailable' from command line to 'False'
[1.104s] Level 5:colcon.colcon_core.verb:set package 'minibot_controllers' build argument 'cmake_clean_cache' from command line to 'False'
[1.104s] Level 5:colcon.colcon_core.verb:set package 'minibot_controllers' build argument 'cmake_clean_first' from command line to 'False'
[1.104s] Level 5:colcon.colcon_core.verb:set package 'minibot_controllers' build argument 'cmake_force_configure' from command line to 'False'
[1.104s] Level 5:colcon.colcon_core.verb:set package 'minibot_controllers' build argument 'ament_cmake_args' from command line to 'None'
[1.104s] Level 5:colcon.colcon_core.verb:set package 'minibot_controllers' build argument 'catkin_cmake_args' from command line to 'None'
[1.104s] Level 5:colcon.colcon_core.verb:set package 'minibot_controllers' build argument 'catkin_skip_building_tests' from command line to 'False'
[1.104s] DEBUG:colcon.colcon_core.verb:Building package 'minibot_controllers' with the following arguments: {'ament_cmake_args': None, 'build_base': '/home/hanse/pinkbot/build/minibot_controllers', 'catkin_cmake_args': None, 'catkin_skip_building_tests': False, 'cmake_args': None, 'cmake_clean_cache': False, 'cmake_clean_first': False, 'cmake_force_configure': False, 'cmake_target': None, 'cmake_target_skip_unavailable': False, 'install_base': '/home/hanse/pinkbot/install/minibot_controllers', 'merge_install': False, 'path': '/home/hanse/pinkbot/src/pinklab_minibot_robot/minibot_controllers', 'symlink_install': False, 'test_result_base': None}
[1.116s] Level 5:colcon.colcon_core.verb:set package 'minibot_gazebo' build argument 'cmake_args' from command line to 'None'
[1.116s] Level 5:colcon.colcon_core.verb:set package 'minibot_gazebo' build argument 'cmake_target' from command line to 'None'
[1.116s] Level 5:colcon.colcon_core.verb:set package 'minibot_gazebo' build argument 'cmake_target_skip_unavailable' from command line to 'False'
[1.116s] Level 5:colcon.colcon_core.verb:set package 'minibot_gazebo' build argument 'cmake_clean_cache' from command line to 'False'
[1.116s] Level 5:colcon.colcon_core.verb:set package 'minibot_gazebo' build argument 'cmake_clean_first' from command line to 'False'
[1.116s] Level 5:colcon.colcon_core.verb:set package 'minibot_gazebo' build argument 'cmake_force_configure' from command line to 'False'
[1.116s] Level 5:colcon.colcon_core.verb:set package 'minibot_gazebo' build argument 'ament_cmake_args' from command line to 'None'
[1.116s] Level 5:colcon.colcon_core.verb:set package 'minibot_gazebo' build argument 'catkin_cmake_args' from command line to 'None'
[1.116s] Level 5:colcon.colcon_core.verb:set package 'minibot_gazebo' build argument 'catkin_skip_building_tests' from command line to 'False'
[1.117s] DEBUG:colcon.colcon_core.verb:Building package 'minibot_gazebo' with the following arguments: {'ament_cmake_args': None, 'build_base': '/home/hanse/pinkbot/build/minibot_gazebo', 'catkin_cmake_args': None, 'catkin_skip_building_tests': False, 'cmake_args': None, 'cmake_clean_cache': False, 'cmake_clean_first': False, 'cmake_force_configure': False, 'cmake_target': None, 'cmake_target_skip_unavailable': False, 'install_base': '/home/hanse/pinkbot/install/minibot_gazebo', 'merge_install': False, 'path': '/home/hanse/pinkbot/src/pinklab_minibot_robot/minibot_gazebo', 'symlink_install': False, 'test_result_base': None}
[1.129s] Level 5:colcon.colcon_core.verb:set package 'minibot_bringup' build argument 'cmake_args' from command line to 'None'
[1.129s] Level 5:colcon.colcon_core.verb:set package 'minibot_bringup' build argument 'cmake_target' from command line to 'None'
[1.129s] Level 5:colcon.colcon_core.verb:set package 'minibot_bringup' build argument 'cmake_target_skip_unavailable' from command line to 'False'
[1.129s] Level 5:colcon.colcon_core.verb:set package 'minibot_bringup' build argument 'cmake_clean_cache' from command line to 'False'
[1.129s] Level 5:colcon.colcon_core.verb:set package 'minibot_bringup' build argument 'cmake_clean_first' from command line to 'False'
[1.129s] Level 5:colcon.colcon_core.verb:set package 'minibot_bringup' build argument 'cmake_force_configure' from command line to 'False'
[1.129s] Level 5:colcon.colcon_core.verb:set package 'minibot_bringup' build argument 'ament_cmake_args' from command line to 'None'
[1.129s] Level 5:colcon.colcon_core.verb:set package 'minibot_bringup' build argument 'catkin_cmake_args' from command line to 'None'
[1.129s] Level 5:colcon.colcon_core.verb:set package 'minibot_bringup' build argument 'catkin_skip_building_tests' from command line to 'False'
[1.129s] DEBUG:colcon.colcon_core.verb:Building package 'minibot_bringup' with the following arguments: {'ament_cmake_args': None, 'build_base': '/home/hanse/pinkbot/build/minibot_bringup', 'catkin_cmake_args': None, 'catkin_skip_building_tests': False, 'cmake_args': None, 'cmake_clean_cache': False, 'cmake_clean_first': False, 'cmake_force_configure': False, 'cmake_target': None, 'cmake_target_skip_unavailable': False, 'install_base': '/home/hanse/pinkbot/install/minibot_bringup', 'merge_install': False, 'path': '/home/hanse/pinkbot/src/pinklab_minibot_robot/minibot_bringup', 'symlink_install': False, 'test_result_base': None}
[1.141s] INFO:colcon.colcon_core.executor:Executing jobs using 'parallel' executor
[1.154s] DEBUG:colcon.colcon_parallel_executor.executor.parallel:run_until_complete
[1.154s] INFO:colcon.colcon_ros.task.ament_cmake.build:Building ROS package in '/home/hanse/pinkbot/src/pinklab_minibot_robot/minibot_description' with build type 'ament_cmake'
[1.154s] INFO:colcon.colcon_cmake.task.cmake.build:Building CMake package in '/home/hanse/pinkbot/src/pinklab_minibot_robot/minibot_description'
[1.168s] INFO:colcon.colcon_core.plugin_system:Skipping extension 'colcon_core.shell.bat': Not used on non-Windows systems
[1.168s] INFO:colcon.colcon_core.shell:Skip shell extension 'powershell' for command environment: Not usable outside of PowerShell
[1.168s] DEBUG:colcon.colcon_core.shell:Skip shell extension 'dsv' for command environment
[1.195s] INFO:colcon.colcon_ros.task.ament_cmake.build:Building ROS package in '/home/hanse/pinkbot/src/pinklab_minibot_robot/minibot_interfaces' with build type 'ament_cmake'
[1.195s] INFO:colcon.colcon_cmake.task.cmake.build:Building CMake package in '/home/hanse/pinkbot/src/pinklab_minibot_robot/minibot_interfaces'
[1.208s] INFO:colcon.colcon_core.shell:Skip shell extension 'powershell' for command environment: Not usable outside of PowerShell
[1.208s] DEBUG:colcon.colcon_core.shell:Skip shell extension 'dsv' for command environment
[1.236s] INFO:colcon.colcon_ros.task.ament_cmake.build:Building ROS package in '/home/hanse/pinkbot/src/pinklab_minibot_robot/minibot_hardware_interface' with build type 'ament_cmake'
[1.236s] INFO:colcon.colcon_cmake.task.cmake.build:Building CMake package in '/home/hanse/pinkbot/src/pinklab_minibot_robot/minibot_hardware_interface'
[1.250s] INFO:colcon.colcon_core.shell:Skip shell extension 'powershell' for command environment: Not usable outside of PowerShell
[1.250s] DEBUG:colcon.colcon_core.shell:Skip shell extension 'dsv' for command environment
[1.277s] INFO:colcon.colcon_ros.task.ament_cmake.build:Building ROS package in '/home/hanse/pinkbot/src/pinklab_minibot_robot/minibot_navigation2' with build type 'ament_cmake'
[1.277s] INFO:colcon.colcon_cmake.task.cmake.build:Building CMake package in '/home/hanse/pinkbot/src/pinklab_minibot_robot/minibot_navigation2'
[1.290s] INFO:colcon.colcon_core.shell:Skip shell extension 'powershell' for command environment: Not usable outside of PowerShell
[1.290s] DEBUG:colcon.colcon_core.shell:Skip shell extension 'dsv' for command environment
[1.323s] DEBUG:colcon.colcon_core.event_handler.log_command:Invoking command in '/home/hanse/pinkbot/build/minibot_description': CMAKE_PREFIX_PATH=/opt/ros/humble /home/hanse/.local/bin/cmake --build /home/hanse/pinkbot/build/minibot_description -- -j8 -l8
[1.325s] DEBUG:colcon.colcon_core.event_handler.log_command:Invoking command in '/home/hanse/pinkbot/build/minibot_interfaces': CMAKE_PREFIX_PATH=/opt/ros/humble /home/hanse/.local/bin/cmake --build /home/hanse/pinkbot/build/minibot_interfaces -- -j8 -l8
[1.328s] DEBUG:colcon.colcon_core.event_handler.log_command:Invoking command in '/home/hanse/pinkbot/build/minibot_hardware_interface': CMAKE_PREFIX_PATH=/opt/ros/humble /home/hanse/.local/bin/cmake --build /home/hanse/pinkbot/build/minibot_hardware_interface -- -j8 -l8
[1.332s] DEBUG:colcon.colcon_core.event_handler.log_command:Invoking command in '/home/hanse/pinkbot/build/minibot_navigation2': CMAKE_PREFIX_PATH=/opt/ros/humble /home/hanse/.local/bin/cmake --build /home/hanse/pinkbot/build/minibot_navigation2 -- -j8 -l8
[1.374s] DEBUG:colcon.colcon_core.event_handler.log_command:Invoked command in '/home/hanse/pinkbot/build/minibot_description' returned '0': CMAKE_PREFIX_PATH=/opt/ros/humble /home/hanse/.local/bin/cmake --build /home/hanse/pinkbot/build/minibot_description -- -j8 -l8
[1.395s] DEBUG:colcon.colcon_core.event_handler.log_command:Invoked command in '/home/hanse/pinkbot/build/minibot_navigation2' returned '0': CMAKE_PREFIX_PATH=/opt/ros/humble /home/hanse/.local/bin/cmake --build /home/hanse/pinkbot/build/minibot_navigation2 -- -j8 -l8
[1.410s] DEBUG:colcon.colcon_core.event_handler.log_command:Invoked command in '/home/hanse/pinkbot/build/minibot_hardware_interface' returned '0': CMAKE_PREFIX_PATH=/opt/ros/humble /home/hanse/.local/bin/cmake --build /home/hanse/pinkbot/build/minibot_hardware_interface -- -j8 -l8
[1.449s] DEBUG:colcon.colcon_core.event_handler.log_command:Invoking command in '/home/hanse/pinkbot/build/minibot_description': CMAKE_PREFIX_PATH=/opt/ros/humble /home/hanse/.local/bin/cmake --install /home/hanse/pinkbot/build/minibot_description
[1.452s] DEBUG:colcon.colcon_core.event_handler.log_command:Invoking command in '/home/hanse/pinkbot/build/minibot_navigation2': CMAKE_PREFIX_PATH=/opt/ros/humble /home/hanse/.local/bin/cmake --install /home/hanse/pinkbot/build/minibot_navigation2
[1.454s] DEBUG:colcon.colcon_core.event_handler.log_command:Invoking command in '/home/hanse/pinkbot/build/minibot_hardware_interface': CMAKE_PREFIX_PATH=/opt/ros/humble /home/hanse/.local/bin/cmake --install /home/hanse/pinkbot/build/minibot_hardware_interface
[1.480s] Level 1:colcon.colcon_core.environment:create_environment_scripts_only(minibot_hardware_interface)
[1.480s] DEBUG:colcon.colcon_core.event_handler.log_command:Invoked command in '/home/hanse/pinkbot/build/minibot_hardware_interface' returned '0': CMAKE_PREFIX_PATH=/opt/ros/humble /home/hanse/.local/bin/cmake --install /home/hanse/pinkbot/build/minibot_hardware_interface
[1.503s] Level 1:colcon.colcon_core.environment:checking '/home/hanse/pinkbot/install/minibot_hardware_interface' for CMake module files
[1.503s] Level 1:colcon.colcon_core.environment:checking '/home/hanse/pinkbot/install/minibot_hardware_interface' for CMake config files
[1.503s] Level 1:colcon.colcon_core.shell:create_environment_hook('minibot_hardware_interface', 'cmake_prefix_path')
[1.517s] INFO:colcon.colcon_core.shell:Creating environment hook '/home/hanse/pinkbot/install/minibot_hardware_interface/share/minibot_hardware_interface/hook/cmake_prefix_path.ps1'
[1.518s] INFO:colcon.colcon_core.shell:Creating environment descriptor '/home/hanse/pinkbot/install/minibot_hardware_interface/share/minibot_hardware_interface/hook/cmake_prefix_path.dsv'
[1.518s] INFO:colcon.colcon_core.shell:Creating environment hook '/home/hanse/pinkbot/install/minibot_hardware_interface/share/minibot_hardware_interface/hook/cmake_prefix_path.sh'
[1.518s] Level 1:colcon.colcon_core.environment:checking '/home/hanse/pinkbot/install/minibot_hardware_interface/lib'
[1.519s] Level 1:colcon.colcon_core.shell:create_environment_hook('minibot_hardware_interface', 'ld_library_path_lib')
[1.532s] INFO:colcon.colcon_core.shell:Creating environment hook '/home/hanse/pinkbot/install/minibot_hardware_interface/share/minibot_hardware_interface/hook/ld_library_path_lib.ps1'
[1.532s] INFO:colcon.colcon_core.shell:Creating environment descriptor '/home/hanse/pinkbot/install/minibot_hardware_interface/share/minibot_hardware_interface/hook/ld_library_path_lib.dsv'
[1.532s] INFO:colcon.colcon_core.shell:Creating environment hook '/home/hanse/pinkbot/install/minibot_hardware_interface/share/minibot_hardware_interface/hook/ld_library_path_lib.sh'
[1.533s] Level 1:colcon.colcon_core.environment:checking '/home/hanse/pinkbot/install/minibot_hardware_interface/bin'
[1.533s] Level 1:colcon.colcon_core.environment:checking '/home/hanse/pinkbot/install/minibot_hardware_interface/lib/pkgconfig/minibot_hardware_interface.pc'
[1.533s] Level 1:colcon.colcon_core.environment:checking '/home/hanse/pinkbot/install/minibot_hardware_interface/lib/python3.10/site-packages'
[1.533s] Level 1:colcon.colcon_core.environment:checking '/home/hanse/pinkbot/install/minibot_hardware_interface/bin'
[1.545s] INFO:colcon.colcon_core.shell:Creating package script '/home/hanse/pinkbot/install/minibot_hardware_interface/share/minibot_hardware_interface/package.ps1'
[1.546s] INFO:colcon.colcon_core.shell:Creating package descriptor '/home/hanse/pinkbot/install/minibot_hardware_interface/share/minibot_hardware_interface/package.dsv'
[1.546s] INFO:colcon.colcon_core.shell:Creating package script '/home/hanse/pinkbot/install/minibot_hardware_interface/share/minibot_hardware_interface/package.sh'
[1.547s] INFO:colcon.colcon_core.shell:Creating package script '/home/hanse/pinkbot/install/minibot_hardware_interface/share/minibot_hardware_interface/package.bash'
[1.547s] INFO:colcon.colcon_core.shell:Creating package script '/home/hanse/pinkbot/install/minibot_hardware_interface/share/minibot_hardware_interface/package.zsh'
[1.548s] Level 1:colcon.colcon_core.environment:create_file_with_runtime_dependencies(/home/hanse/pinkbot/install/minibot_hardware_interface/share/colcon-core/packages/minibot_hardware_interface)
[1.549s] Level 1:colcon.colcon_core.environment:create_environment_scripts_only(minibot_description)
[1.549s] DEBUG:colcon.colcon_core.event_handler.log_command:Invoked command in '/home/hanse/pinkbot/build/minibot_description' returned '0': CMAKE_PREFIX_PATH=/opt/ros/humble /home/hanse/.local/bin/cmake --install /home/hanse/pinkbot/build/minibot_description
[1.569s] Level 1:colcon.colcon_core.environment:checking '/home/hanse/pinkbot/install/minibot_description' for CMake module files
[1.569s] Level 1:colcon.colcon_core.environment:checking '/home/hanse/pinkbot/install/minibot_description' for CMake config files
[1.570s] Level 1:colcon.colcon_core.shell:create_environment_hook('minibot_description', 'cmake_prefix_path')
[1.584s] INFO:colcon.colcon_core.shell:Creating environment hook '/home/hanse/pinkbot/install/minibot_description/share/minibot_description/hook/cmake_prefix_path.ps1'
[1.585s] INFO:colcon.colcon_core.shell:Creating environment descriptor '/home/hanse/pinkbot/install/minibot_description/share/minibot_description/hook/cmake_prefix_path.dsv'
[1.585s] INFO:colcon.colcon_core.shell:Creating environment hook '/home/hanse/pinkbot/install/minibot_description/share/minibot_description/hook/cmake_prefix_path.sh'
[1.586s] Level 1:colcon.colcon_core.environment:checking '/home/hanse/pinkbot/install/minibot_description/bin'
[1.586s] Level 1:colcon.colcon_core.environment:checking '/home/hanse/pinkbot/install/minibot_description/lib/pkgconfig/minibot_description.pc'
[1.586s] Level 1:colcon.colcon_core.environment:checking '/home/hanse/pinkbot/install/minibot_description/lib/python3.10/site-packages'
[1.586s] Level 1:colcon.colcon_core.environment:checking '/home/hanse/pinkbot/install/minibot_description/bin'
[1.599s] INFO:colcon.colcon_core.shell:Creating package script '/home/hanse/pinkbot/install/minibot_description/share/minibot_description/package.ps1'
[1.599s] INFO:colcon.colcon_core.shell:Creating package descriptor '/home/hanse/pinkbot/install/minibot_description/share/minibot_description/package.dsv'
[1.599s] INFO:colcon.colcon_core.shell:Creating package script '/home/hanse/pinkbot/install/minibot_description/share/minibot_description/package.sh'
[1.599s] INFO:colcon.colcon_core.shell:Creating package script '/home/hanse/pinkbot/install/minibot_description/share/minibot_description/package.bash'
[1.600s] INFO:colcon.colcon_core.shell:Creating package script '/home/hanse/pinkbot/install/minibot_description/share/minibot_description/package.zsh'
[1.600s] Level 1:colcon.colcon_core.environment:create_file_with_runtime_dependencies(/home/hanse/pinkbot/install/minibot_description/share/colcon-core/packages/minibot_description)
[1.600s] Level 1:colcon.colcon_core.environment:create_environment_scripts_only(minibot_navigation2)
[1.601s] DEBUG:colcon.colcon_core.event_handler.log_command:Invoked command in '/home/hanse/pinkbot/build/minibot_navigation2' returned '0': CMAKE_PREFIX_PATH=/opt/ros/humble /home/hanse/.local/bin/cmake --install /home/hanse/pinkbot/build/minibot_navigation2
[1.614s] Level 1:colcon.colcon_core.environment:checking '/home/hanse/pinkbot/install/minibot_navigation2' for CMake module files
[1.615s] Level 1:colcon.colcon_core.environment:checking '/home/hanse/pinkbot/install/minibot_navigation2' for CMake config files
[1.615s] Level 1:colcon.colcon_core.shell:create_environment_hook('minibot_navigation2', 'cmake_prefix_path')
[1.632s] INFO:colcon.colcon_core.shell:Creating environment hook '/home/hanse/pinkbot/install/minibot_navigation2/share/minibot_navigation2/hook/cmake_prefix_path.ps1'
[1.633s] INFO:colcon.colcon_core.shell:Creating environment descriptor '/home/hanse/pinkbot/install/minibot_navigation2/share/minibot_navigation2/hook/cmake_prefix_path.dsv'
[1.633s] INFO:colcon.colcon_core.shell:Creating environment hook '/home/hanse/pinkbot/install/minibot_navigation2/share/minibot_navigation2/hook/cmake_prefix_path.sh'
[1.633s] Level 1:colcon.colcon_core.environment:checking '/home/hanse/pinkbot/install/minibot_navigation2/bin'
[1.634s] Level 1:colcon.colcon_core.environment:checking '/home/hanse/pinkbot/install/minibot_navigation2/lib/pkgconfig/minibot_navigation2.pc'
[1.634s] Level 1:colcon.colcon_core.environment:checking '/home/hanse/pinkbot/install/minibot_navigation2/lib/python3.10/site-packages'
[1.634s] Level 1:colcon.colcon_core.environment:checking '/home/hanse/pinkbot/install/minibot_navigation2/bin'
[1.647s] INFO:colcon.colcon_core.shell:Creating package script '/home/hanse/pinkbot/install/minibot_navigation2/share/minibot_navigation2/package.ps1'
[1.648s] INFO:colcon.colcon_core.shell:Creating package descriptor '/home/hanse/pinkbot/install/minibot_navigation2/share/minibot_navigation2/package.dsv'
[1.648s] INFO:colcon.colcon_core.shell:Creating package script '/home/hanse/pinkbot/install/minibot_navigation2/share/minibot_navigation2/package.sh'
[1.648s] INFO:colcon.colcon_core.shell:Creating package script '/home/hanse/pinkbot/install/minibot_navigation2/share/minibot_navigation2/package.bash'
[1.648s] INFO:colcon.colcon_core.shell:Creating package script '/home/hanse/pinkbot/install/minibot_navigation2/share/minibot_navigation2/package.zsh'
[1.648s] Level 1:colcon.colcon_core.environment:create_file_with_runtime_dependencies(/home/hanse/pinkbot/install/minibot_navigation2/share/colcon-core/packages/minibot_navigation2)
[1.663s] Level 1:colcon.colcon_core.environment:create_environment_scripts_only(minibot_hardware_interface)
[1.676s] Level 1:colcon.colcon_core.environment:checking '/home/hanse/pinkbot/install/minibot_hardware_interface' for CMake module files
[1.677s] Level 1:colcon.colcon_core.environment:checking '/home/hanse/pinkbot/install/minibot_hardware_interface' for CMake config files
[1.677s] Level 1:colcon.colcon_core.shell:create_environment_hook('minibot_hardware_interface', 'cmake_prefix_path')
[1.691s] INFO:colcon.colcon_core.shell:Creating environment hook '/home/hanse/pinkbot/install/minibot_hardware_interface/share/minibot_hardware_interface/hook/cmake_prefix_path.ps1'
[1.691s] INFO:colcon.colcon_core.shell:Creating environment descriptor '/home/hanse/pinkbot/install/minibot_hardware_interface/share/minibot_hardware_interface/hook/cmake_prefix_path.dsv'
[1.691s] INFO:colcon.colcon_core.shell:Creating environment hook '/home/hanse/pinkbot/install/minibot_hardware_interface/share/minibot_hardware_interface/hook/cmake_prefix_path.sh'
[1.692s] Level 1:colcon.colcon_core.environment:checking '/home/hanse/pinkbot/install/minibot_hardware_interface/lib'
[1.692s] Level 1:colcon.colcon_core.shell:create_environment_hook('minibot_hardware_interface', 'ld_library_path_lib')
[1.704s] INFO:colcon.colcon_core.shell:Creating environment hook '/home/hanse/pinkbot/install/minibot_hardware_interface/share/minibot_hardware_interface/hook/ld_library_path_lib.ps1'
[1.704s] INFO:colcon.colcon_core.shell:Creating environment descriptor '/home/hanse/pinkbot/install/minibot_hardware_interface/share/minibot_hardware_interface/hook/ld_library_path_lib.dsv'
[1.704s] INFO:colcon.colcon_core.shell:Creating environment hook '/home/hanse/pinkbot/install/minibot_hardware_interface/share/minibot_hardware_interface/hook/ld_library_path_lib.sh'
[1.704s] Level 1:colcon.colcon_core.environment:checking '/home/hanse/pinkbot/install/minibot_hardware_interface/bin'
[1.704s] Level 1:colcon.colcon_core.environment:checking '/home/hanse/pinkbot/install/minibot_hardware_interface/lib/pkgconfig/minibot_hardware_interface.pc'
[1.704s] Level 1:colcon.colcon_core.environment:checking '/home/hanse/pinkbot/install/minibot_hardware_interface/lib/python3.10/site-packages'
[1.705s] Level 1:colcon.colcon_core.environment:checking '/home/hanse/pinkbot/install/minibot_hardware_interface/bin'
[1.717s] INFO:colcon.colcon_core.shell:Creating package script '/home/hanse/pinkbot/install/minibot_hardware_interface/share/minibot_hardware_interface/package.ps1'
[1.717s] INFO:colcon.colcon_core.shell:Creating package descriptor '/home/hanse/pinkbot/install/minibot_hardware_interface/share/minibot_hardware_interface/package.dsv'
[1.718s] INFO:colcon.colcon_core.shell:Creating package script '/home/hanse/pinkbot/install/minibot_hardware_interface/share/minibot_hardware_interface/package.sh'
[1.718s] INFO:colcon.colcon_core.shell:Creating package script '/home/hanse/pinkbot/install/minibot_hardware_interface/share/minibot_hardware_interface/package.bash'
[1.718s] INFO:colcon.colcon_core.shell:Creating package script '/home/hanse/pinkbot/install/minibot_hardware_interface/share/minibot_hardware_interface/package.zsh'
[1.718s] Level 1:colcon.colcon_core.environment:create_file_with_runtime_dependencies(/home/hanse/pinkbot/install/minibot_hardware_interface/share/colcon-core/packages/minibot_hardware_interface)
[1.731s] Level 1:colcon.colcon_core.environment:create_environment_scripts_only(minibot_description)
[1.744s] Level 1:colcon.colcon_core.environment:checking '/home/hanse/pinkbot/install/minibot_description' for CMake module files
[1.745s] Level 1:colcon.colcon_core.environment:checking '/home/hanse/pinkbot/install/minibot_description' for CMake config files
[1.745s] Level 1:colcon.colcon_core.shell:create_environment_hook('minibot_description', 'cmake_prefix_path')
[1.769s] INFO:colcon.colcon_core.shell:Creating environment hook '/home/hanse/pinkbot/install/minibot_description/share/minibot_description/hook/cmake_prefix_path.ps1'
[1.769s] INFO:colcon.colcon_core.shell:Creating environment descriptor '/home/hanse/pinkbot/install/minibot_description/share/minibot_description/hook/cmake_prefix_path.dsv'
[1.769s] INFO:colcon.colcon_core.shell:Creating environment hook '/home/hanse/pinkbot/install/minibot_description/share/minibot_description/hook/cmake_prefix_path.sh'
[1.770s] Level 1:colcon.colcon_core.environment:checking '/home/hanse/pinkbot/install/minibot_description/bin'
[1.770s] Level 1:colcon.colcon_core.environment:checking '/home/hanse/pinkbot/install/minibot_description/lib/pkgconfig/minibot_description.pc'
[1.770s] Level 1:colcon.colcon_core.environment:checking '/home/hanse/pinkbot/install/minibot_description/lib/python3.10/site-packages'
[1.770s] Level 1:colcon.colcon_core.environment:checking '/home/hanse/pinkbot/install/minibot_description/bin'
[1.783s] INFO:colcon.colcon_core.shell:Creating package script '/home/hanse/pinkbot/install/minibot_description/share/minibot_description/package.ps1'
[1.783s] INFO:colcon.colcon_core.shell:Creating package descriptor '/home/hanse/pinkbot/install/minibot_description/share/minibot_description/package.dsv'
[1.784s] INFO:colcon.colcon_core.shell:Creating package script '/home/hanse/pinkbot/install/minibot_description/share/minibot_description/package.sh'
[1.784s] INFO:colcon.colcon_core.shell:Creating package script '/home/hanse/pinkbot/install/minibot_description/share/minibot_description/package.bash'
[1.784s] INFO:colcon.colcon_core.shell:Creating package script '/home/hanse/pinkbot/install/minibot_description/share/minibot_description/package.zsh'
[1.784s] Level 1:colcon.colcon_core.environment:create_file_with_runtime_dependencies(/home/hanse/pinkbot/install/minibot_description/share/colcon-core/packages/minibot_description)
[1.785s] INFO:colcon.colcon_ros.task.ament_cmake.build:Building ROS package in '/home/hanse/pinkbot/src/pinklab_minibot_robot/minibot_gazebo' with build type 'ament_cmake'
[1.785s] INFO:colcon.colcon_cmake.task.cmake.build:Building CMake package in '/home/hanse/pinkbot/src/pinklab_minibot_robot/minibot_gazebo'
[1.798s] INFO:colcon.colcon_core.shell:Skip shell extension 'powershell' for command environment: Not usable outside of PowerShell
[1.798s] DEBUG:colcon.colcon_core.shell:Skip shell extension 'dsv' for command environment
[1.839s] Level 1:colcon.colcon_core.environment:create_environment_scripts_only(minibot_navigation2)
[1.851s] Level 1:colcon.colcon_core.environment:checking '/home/hanse/pinkbot/install/minibot_navigation2' for CMake module files
[1.852s] Level 1:colcon.colcon_core.environment:checking '/home/hanse/pinkbot/install/minibot_navigation2' for CMake config files
[1.852s] Level 1:colcon.colcon_core.shell:create_environment_hook('minibot_navigation2', 'cmake_prefix_path')
[1.864s] INFO:colcon.colcon_core.shell:Creating environment hook '/home/hanse/pinkbot/install/minibot_navigation2/share/minibot_navigation2/hook/cmake_prefix_path.ps1'
[1.864s] INFO:colcon.colcon_core.shell:Creating environment descriptor '/home/hanse/pinkbot/install/minibot_navigation2/share/minibot_navigation2/hook/cmake_prefix_path.dsv'
[1.865s] INFO:colcon.colcon_core.shell:Creating environment hook '/home/hanse/pinkbot/install/minibot_navigation2/share/minibot_navigation2/hook/cmake_prefix_path.sh'
[1.865s] Level 1:colcon.colcon_core.environment:checking '/home/hanse/pinkbot/install/minibot_navigation2/bin'
[1.865s] Level 1:colcon.colcon_core.environment:checking '/home/hanse/pinkbot/install/minibot_navigation2/lib/pkgconfig/minibot_navigation2.pc'
[1.865s] Level 1:colcon.colcon_core.environment:checking '/home/hanse/pinkbot/install/minibot_navigation2/lib/python3.10/site-packages'
[1.865s] Level 1:colcon.colcon_core.environment:checking '/home/hanse/pinkbot/install/minibot_navigation2/bin'
[1.878s] INFO:colcon.colcon_core.shell:Creating package script '/home/hanse/pinkbot/install/minibot_navigation2/share/minibot_navigation2/package.ps1'
[1.879s] INFO:colcon.colcon_core.shell:Creating package descriptor '/home/hanse/pinkbot/install/minibot_navigation2/share/minibot_navigation2/package.dsv'
[1.879s] INFO:colcon.colcon_core.shell:Creating package script '/home/hanse/pinkbot/install/minibot_navigation2/share/minibot_navigation2/package.sh'
[1.879s] INFO:colcon.colcon_core.shell:Creating package script '/home/hanse/pinkbot/install/minibot_navigation2/share/minibot_navigation2/package.bash'
[1.879s] INFO:colcon.colcon_core.shell:Creating package script '/home/hanse/pinkbot/install/minibot_navigation2/share/minibot_navigation2/package.zsh'
[1.879s] Level 1:colcon.colcon_core.environment:create_file_with_runtime_dependencies(/home/hanse/pinkbot/install/minibot_navigation2/share/colcon-core/packages/minibot_navigation2)
[1.880s] DEBUG:colcon.colcon_core.event_handler.log_command:Invoked command in '/home/hanse/pinkbot/build/minibot_interfaces' returned '0': CMAKE_PREFIX_PATH=/opt/ros/humble /home/hanse/.local/bin/cmake --build /home/hanse/pinkbot/build/minibot_interfaces -- -j8 -l8
[1.883s] DEBUG:colcon.colcon_core.event_handler.log_command:Invoking command in '/home/hanse/pinkbot/build/minibot_gazebo': AMENT_PREFIX_PATH=/home/hanse/pinkbot/install/minibot_description:${AMENT_PREFIX_PATH} CMAKE_PREFIX_PATH=/home/hanse/pinkbot/install/minibot_description:/opt/ros/humble /home/hanse/.local/bin/cmake --build /home/hanse/pinkbot/build/minibot_gazebo -- -j8 -l8
[1.924s] DEBUG:colcon.colcon_core.event_handler.log_command:Invoked command in '/home/hanse/pinkbot/build/minibot_gazebo' returned '0': AMENT_PREFIX_PATH=/home/hanse/pinkbot/install/minibot_description:${AMENT_PREFIX_PATH} CMAKE_PREFIX_PATH=/home/hanse/pinkbot/install/minibot_description:/opt/ros/humble /home/hanse/.local/bin/cmake --build /home/hanse/pinkbot/build/minibot_gazebo -- -j8 -l8
[1.945s] DEBUG:colcon.colcon_core.event_handler.log_command:Invoking command in '/home/hanse/pinkbot/build/minibot_interfaces': CMAKE_PREFIX_PATH=/opt/ros/humble /home/hanse/.local/bin/cmake --install /home/hanse/pinkbot/build/minibot_interfaces
[1.956s] DEBUG:colcon.colcon_core.event_handler.log_command:Invoking command in '/home/hanse/pinkbot/build/minibot_gazebo': AMENT_PREFIX_PATH=/home/hanse/pinkbot/install/minibot_description:${AMENT_PREFIX_PATH} CMAKE_PREFIX_PATH=/home/hanse/pinkbot/install/minibot_description:/opt/ros/humble /home/hanse/.local/bin/cmake --install /home/hanse/pinkbot/build/minibot_gazebo
[1.979s] Level 1:colcon.colcon_core.environment:create_environment_scripts_only(minibot_gazebo)
[1.979s] DEBUG:colcon.colcon_core.event_handler.log_command:Invoked command in '/home/hanse/pinkbot/build/minibot_gazebo' returned '0': AMENT_PREFIX_PATH=/home/hanse/pinkbot/install/minibot_description:${AMENT_PREFIX_PATH} CMAKE_PREFIX_PATH=/home/hanse/pinkbot/install/minibot_description:/opt/ros/humble /home/hanse/.local/bin/cmake --install /home/hanse/pinkbot/build/minibot_gazebo
[1.995s] Level 1:colcon.colcon_core.environment:checking '/home/hanse/pinkbot/install/minibot_gazebo' for CMake module files
[1.996s] Level 1:colcon.colcon_core.environment:checking '/home/hanse/pinkbot/install/minibot_gazebo' for CMake config files
[1.997s] Level 1:colcon.colcon_core.shell:create_environment_hook('minibot_gazebo', 'cmake_prefix_path')
[2.010s] INFO:colcon.colcon_core.shell:Creating environment hook '/home/hanse/pinkbot/install/minibot_gazebo/share/minibot_gazebo/hook/cmake_prefix_path.ps1'
[2.010s] INFO:colcon.colcon_core.shell:Creating environment descriptor '/home/hanse/pinkbot/install/minibot_gazebo/share/minibot_gazebo/hook/cmake_prefix_path.dsv'
[2.011s] INFO:colcon.colcon_core.shell:Creating environment hook '/home/hanse/pinkbot/install/minibot_gazebo/share/minibot_gazebo/hook/cmake_prefix_path.sh'
[2.011s] Level 1:colcon.colcon_core.environment:checking '/home/hanse/pinkbot/install/minibot_gazebo/bin'
[2.011s] Level 1:colcon.colcon_core.environment:checking '/home/hanse/pinkbot/install/minibot_gazebo/lib/pkgconfig/minibot_gazebo.pc'
[2.011s] Level 1:colcon.colcon_core.environment:checking '/home/hanse/pinkbot/install/minibot_gazebo/lib/python3.10/site-packages'
[2.012s] Level 1:colcon.colcon_core.environment:checking '/home/hanse/pinkbot/install/minibot_gazebo/bin'
[2.025s] INFO:colcon.colcon_core.shell:Creating package script '/home/hanse/pinkbot/install/minibot_gazebo/share/minibot_gazebo/package.ps1'
[2.026s] INFO:colcon.colcon_core.shell:Creating package descriptor '/home/hanse/pinkbot/install/minibot_gazebo/share/minibot_gazebo/package.dsv'
[2.026s] INFO:colcon.colcon_core.shell:Creating package script '/home/hanse/pinkbot/install/minibot_gazebo/share/minibot_gazebo/package.sh'
[2.026s] INFO:colcon.colcon_core.shell:Creating package script '/home/hanse/pinkbot/install/minibot_gazebo/share/minibot_gazebo/package.bash'
[2.026s] INFO:colcon.colcon_core.shell:Creating package script '/home/hanse/pinkbot/install/minibot_gazebo/share/minibot_gazebo/package.zsh'
[2.026s] Level 1:colcon.colcon_core.environment:create_file_with_runtime_dependencies(/home/hanse/pinkbot/install/minibot_gazebo/share/colcon-core/packages/minibot_gazebo)
[2.027s] Level 1:colcon.colcon_core.environment:create_environment_scripts_only(minibot_interfaces)
[2.028s] DEBUG:colcon.colcon_core.event_handler.log_command:Invoked command in '/home/hanse/pinkbot/build/minibot_interfaces' returned '0': CMAKE_PREFIX_PATH=/opt/ros/humble /home/hanse/.local/bin/cmake --install /home/hanse/pinkbot/build/minibot_interfaces
[2.041s] Level 1:colcon.colcon_core.environment:checking '/home/hanse/pinkbot/install/minibot_interfaces' for CMake module files
[2.042s] Level 1:colcon.colcon_core.environment:checking '/home/hanse/pinkbot/install/minibot_interfaces' for CMake config files
[2.042s] Level 1:colcon.colcon_core.shell:create_environment_hook('minibot_interfaces', 'cmake_prefix_path')
[2.055s] INFO:colcon.colcon_core.shell:Creating environment hook '/home/hanse/pinkbot/install/minibot_interfaces/share/minibot_interfaces/hook/cmake_prefix_path.ps1'
[2.055s] INFO:colcon.colcon_core.shell:Creating environment descriptor '/home/hanse/pinkbot/install/minibot_interfaces/share/minibot_interfaces/hook/cmake_prefix_path.dsv'
[2.055s] INFO:colcon.colcon_core.shell:Creating environment hook '/home/hanse/pinkbot/install/minibot_interfaces/share/minibot_interfaces/hook/cmake_prefix_path.sh'
[2.056s] Level 1:colcon.colcon_core.environment:checking '/home/hanse/pinkbot/install/minibot_interfaces/lib'
[2.056s] Level 1:colcon.colcon_core.shell:create_environment_hook('minibot_interfaces', 'ld_library_path_lib')
[2.069s] INFO:colcon.colcon_core.shell:Creating environment hook '/home/hanse/pinkbot/install/minibot_interfaces/share/minibot_interfaces/hook/ld_library_path_lib.ps1'
[2.069s] INFO:colcon.colcon_core.shell:Creating environment descriptor '/home/hanse/pinkbot/install/minibot_interfaces/share/minibot_interfaces/hook/ld_library_path_lib.dsv'
[2.069s] INFO:colcon.colcon_core.shell:Creating environment hook '/home/hanse/pinkbot/install/minibot_interfaces/share/minibot_interfaces/hook/ld_library_path_lib.sh'
[2.070s] Level 1:colcon.colcon_core.environment:checking '/home/hanse/pinkbot/install/minibot_interfaces/bin'
[2.070s] Level 1:colcon.colcon_core.environment:checking '/home/hanse/pinkbot/install/minibot_interfaces/lib/pkgconfig/minibot_interfaces.pc'
[2.070s] Level 1:colcon.colcon_core.environment:checking '/home/hanse/pinkbot/install/minibot_interfaces/lib/python3.10/site-packages'
[2.070s] Level 1:colcon.colcon_core.environment:checking '/home/hanse/pinkbot/install/minibot_interfaces/bin'
[2.082s] INFO:colcon.colcon_core.shell:Creating package script '/home/hanse/pinkbot/install/minibot_interfaces/share/minibot_interfaces/package.ps1'
[2.082s] INFO:colcon.colcon_core.shell:Creating package descriptor '/home/hanse/pinkbot/install/minibot_interfaces/share/minibot_interfaces/package.dsv'
[2.082s] INFO:colcon.colcon_core.shell:Creating package script '/home/hanse/pinkbot/install/minibot_interfaces/share/minibot_interfaces/package.sh'
[2.083s] INFO:colcon.colcon_core.shell:Creating package script '/home/hanse/pinkbot/install/minibot_interfaces/share/minibot_interfaces/package.bash'
[2.083s] INFO:colcon.colcon_core.shell:Creating package script '/home/hanse/pinkbot/install/minibot_interfaces/share/minibot_interfaces/package.zsh'
[2.083s] Level 1:colcon.colcon_core.environment:create_file_with_runtime_dependencies(/home/hanse/pinkbot/install/minibot_interfaces/share/colcon-core/packages/minibot_interfaces)
[2.097s] Level 1:colcon.colcon_core.environment:create_environment_scripts_only(minibot_gazebo)
[2.111s] Level 1:colcon.colcon_core.environment:checking '/home/hanse/pinkbot/install/minibot_gazebo' for CMake module files
[2.111s] Level 1:colcon.colcon_core.environment:checking '/home/hanse/pinkbot/install/minibot_gazebo' for CMake config files
[2.111s] Level 1:colcon.colcon_core.shell:create_environment_hook('minibot_gazebo', 'cmake_prefix_path')
[2.124s] INFO:colcon.colcon_core.shell:Creating environment hook '/home/hanse/pinkbot/install/minibot_gazebo/share/minibot_gazebo/hook/cmake_prefix_path.ps1'
[2.125s] INFO:colcon.colcon_core.shell:Creating environment descriptor '/home/hanse/pinkbot/install/minibot_gazebo/share/minibot_gazebo/hook/cmake_prefix_path.dsv'
[2.125s] INFO:colcon.colcon_core.shell:Creating environment hook '/home/hanse/pinkbot/install/minibot_gazebo/share/minibot_gazebo/hook/cmake_prefix_path.sh'
[2.125s] Level 1:colcon.colcon_core.environment:checking '/home/hanse/pinkbot/install/minibot_gazebo/bin'
[2.125s] Level 1:colcon.colcon_core.environment:checking '/home/hanse/pinkbot/install/minibot_gazebo/lib/pkgconfig/minibot_gazebo.pc'
[2.125s] Level 1:colcon.colcon_core.environment:checking '/home/hanse/pinkbot/install/minibot_gazebo/lib/python3.10/site-packages'
[2.125s] Level 1:colcon.colcon_core.environment:checking '/home/hanse/pinkbot/install/minibot_gazebo/bin'
[2.138s] INFO:colcon.colcon_core.shell:Creating package script '/home/hanse/pinkbot/install/minibot_gazebo/share/minibot_gazebo/package.ps1'
[2.139s] INFO:colcon.colcon_core.shell:Creating package descriptor '/home/hanse/pinkbot/install/minibot_gazebo/share/minibot_gazebo/package.dsv'
[2.139s] INFO:colcon.colcon_core.shell:Creating package script '/home/hanse/pinkbot/install/minibot_gazebo/share/minibot_gazebo/package.sh'
[2.139s] INFO:colcon.colcon_core.shell:Creating package script '/home/hanse/pinkbot/install/minibot_gazebo/share/minibot_gazebo/package.bash'
[2.139s] INFO:colcon.colcon_core.shell:Creating package script '/home/hanse/pinkbot/install/minibot_gazebo/share/minibot_gazebo/package.zsh'
[2.140s] Level 1:colcon.colcon_core.environment:create_file_with_runtime_dependencies(/home/hanse/pinkbot/install/minibot_gazebo/share/colcon-core/packages/minibot_gazebo)
[2.140s] INFO:colcon.colcon_ros.task.ament_cmake.build:Building ROS package in '/home/hanse/pinkbot/src/pinklab_minibot_robot/minibot_bringup' with build type 'ament_cmake'
[2.140s] INFO:colcon.colcon_cmake.task.cmake.build:Building CMake package in '/home/hanse/pinkbot/src/pinklab_minibot_robot/minibot_bringup'
[2.154s] INFO:colcon.colcon_core.shell:Skip shell extension 'powershell' for command environment: Not usable outside of PowerShell
[2.154s] DEBUG:colcon.colcon_core.shell:Skip shell extension 'dsv' for command environment
[2.196s] Level 1:colcon.colcon_core.environment:create_environment_scripts_only(minibot_interfaces)
[2.208s] Level 1:colcon.colcon_core.environment:checking '/home/hanse/pinkbot/install/minibot_interfaces' for CMake module files
[2.208s] Level 1:colcon.colcon_core.environment:checking '/home/hanse/pinkbot/install/minibot_interfaces' for CMake config files
[2.209s] Level 1:colcon.colcon_core.shell:create_environment_hook('minibot_interfaces', 'cmake_prefix_path')
[2.221s] INFO:colcon.colcon_core.shell:Creating environment hook '/home/hanse/pinkbot/install/minibot_interfaces/share/minibot_interfaces/hook/cmake_prefix_path.ps1'
[2.221s] INFO:colcon.colcon_core.shell:Creating environment descriptor '/home/hanse/pinkbot/install/minibot_interfaces/share/minibot_interfaces/hook/cmake_prefix_path.dsv'
[2.222s] INFO:colcon.colcon_core.shell:Creating environment hook '/home/hanse/pinkbot/install/minibot_interfaces/share/minibot_interfaces/hook/cmake_prefix_path.sh'
[2.222s] Level 1:colcon.colcon_core.environment:checking '/home/hanse/pinkbot/install/minibot_interfaces/lib'
[2.222s] Level 1:colcon.colcon_core.shell:create_environment_hook('minibot_interfaces', 'ld_library_path_lib')
[2.235s] INFO:colcon.colcon_core.shell:Creating environment hook '/home/hanse/pinkbot/install/minibot_interfaces/share/minibot_interfaces/hook/ld_library_path_lib.ps1'
[2.235s] INFO:colcon.colcon_core.shell:Creating environment descriptor '/home/hanse/pinkbot/install/minibot_interfaces/share/minibot_interfaces/hook/ld_library_path_lib.dsv'
[2.236s] INFO:colcon.colcon_core.shell:Creating environment hook '/home/hanse/pinkbot/install/minibot_interfaces/share/minibot_interfaces/hook/ld_library_path_lib.sh'
[2.236s] Level 1:colcon.colcon_core.environment:checking '/home/hanse/pinkbot/install/minibot_interfaces/bin'
[2.236s] Level 1:colcon.colcon_core.environment:checking '/home/hanse/pinkbot/install/minibot_interfaces/lib/pkgconfig/minibot_interfaces.pc'
[2.236s] Level 1:colcon.colcon_core.environment:checking '/home/hanse/pinkbot/install/minibot_interfaces/lib/python3.10/site-packages'
[2.236s] Level 1:colcon.colcon_core.environment:checking '/home/hanse/pinkbot/install/minibot_interfaces/bin'
[2.249s] INFO:colcon.colcon_core.shell:Creating package script '/home/hanse/pinkbot/install/minibot_interfaces/share/minibot_interfaces/package.ps1'
[2.250s] INFO:colcon.colcon_core.shell:Creating package descriptor '/home/hanse/pinkbot/install/minibot_interfaces/share/minibot_interfaces/package.dsv'
[2.250s] INFO:colcon.colcon_core.shell:Creating package script '/home/hanse/pinkbot/install/minibot_interfaces/share/minibot_interfaces/package.sh'
[2.250s] INFO:colcon.colcon_core.shell:Creating package script '/home/hanse/pinkbot/install/minibot_interfaces/share/minibot_interfaces/package.bash'
[2.251s] INFO:colcon.colcon_core.shell:Creating package script '/home/hanse/pinkbot/install/minibot_interfaces/share/minibot_interfaces/package.zsh'
[2.251s] Level 1:colcon.colcon_core.environment:create_file_with_runtime_dependencies(/home/hanse/pinkbot/install/minibot_interfaces/share/colcon-core/packages/minibot_interfaces)
[2.251s] INFO:colcon.colcon_ros.task.ament_cmake.build:Building ROS package in '/home/hanse/pinkbot/src/pinklab_minibot_robot/minibot_controllers' with build type 'ament_cmake'
[2.251s] INFO:colcon.colcon_cmake.task.cmake.build:Building CMake package in '/home/hanse/pinkbot/src/pinklab_minibot_robot/minibot_controllers'
[2.265s] INFO:colcon.colcon_core.shell:Skip shell extension 'powershell' for command environment: Not usable outside of PowerShell
[2.265s] DEBUG:colcon.colcon_core.shell:Skip shell extension 'dsv' for command environment
[2.296s] DEBUG:colcon.colcon_core.event_handler.log_command:Invoking command in '/home/hanse/pinkbot/build/minibot_bringup': AMENT_PREFIX_PATH=/home/hanse/pinkbot/install/minibot_gazebo:/home/hanse/pinkbot/install/minibot_description:${AMENT_PREFIX_PATH} CMAKE_PREFIX_PATH=/home/hanse/pinkbot/install/minibot_gazebo:/home/hanse/pinkbot/install/minibot_description:/opt/ros/humble /home/hanse/.local/bin/cmake --build /home/hanse/pinkbot/build/minibot_bringup -- -j8 -l8
[2.299s] DEBUG:colcon.colcon_core.event_handler.log_command:Invoking command in '/home/hanse/pinkbot/build/minibot_controllers': AMENT_PREFIX_PATH=/home/hanse/pinkbot/install/minibot_interfaces:${AMENT_PREFIX_PATH} CMAKE_PREFIX_PATH=/home/hanse/pinkbot/install/minibot_interfaces:/opt/ros/humble LD_LIBRARY_PATH=/home/hanse/pinkbot/install/minibot_interfaces/lib:/usr/lib/x86_64-linux-gnu/gazebo-11/plugins:/opt/ros/humble/opt/rviz_ogre_vendor/lib:/opt/ros/humble/lib/x86_64-linux-gnu:/opt/ros/humble/lib:/usr/local/cuda-11.7/lib64:/usr/local/cuda-11.7/lib64/ PYTHONPATH=/home/hanse/pinkbot/install/minibot_interfaces/local/lib/python3.10/dist-packages:${PYTHONPATH} /home/hanse/.local/bin/cmake --build /home/hanse/pinkbot/build/minibot_controllers -- -j8 -l8
[2.339s] DEBUG:colcon.colcon_core.event_handler.log_command:Invoked command in '/home/hanse/pinkbot/build/minibot_bringup' returned '0': AMENT_PREFIX_PATH=/home/hanse/pinkbot/install/minibot_gazebo:/home/hanse/pinkbot/install/minibot_description:${AMENT_PREFIX_PATH} CMAKE_PREFIX_PATH=/home/hanse/pinkbot/install/minibot_gazebo:/home/hanse/pinkbot/install/minibot_description:/opt/ros/humble /home/hanse/.local/bin/cmake --build /home/hanse/pinkbot/build/minibot_bringup -- -j8 -l8
[2.362s] DEBUG:colcon.colcon_core.event_handler.log_command:Invoked command in '/home/hanse/pinkbot/build/minibot_controllers' returned '0': AMENT_PREFIX_PATH=/home/hanse/pinkbot/install/minibot_interfaces:${AMENT_PREFIX_PATH} CMAKE_PREFIX_PATH=/home/hanse/pinkbot/install/minibot_interfaces:/opt/ros/humble LD_LIBRARY_PATH=/home/hanse/pinkbot/install/minibot_interfaces/lib:/usr/lib/x86_64-linux-gnu/gazebo-11/plugins:/opt/ros/humble/opt/rviz_ogre_vendor/lib:/opt/ros/humble/lib/x86_64-linux-gnu:/opt/ros/humble/lib:/usr/local/cuda-11.7/lib64:/usr/local/cuda-11.7/lib64/ PYTHONPATH=/home/hanse/pinkbot/install/minibot_interfaces/local/lib/python3.10/dist-packages:${PYTHONPATH} /home/hanse/.local/bin/cmake --build /home/hanse/pinkbot/build/minibot_controllers -- -j8 -l8
[2.369s] DEBUG:colcon.colcon_core.event_handler.log_command:Invoking command in '/home/hanse/pinkbot/build/minibot_bringup': AMENT_PREFIX_PATH=/home/hanse/pinkbot/install/minibot_gazebo:/home/hanse/pinkbot/install/minibot_description:${AMENT_PREFIX_PATH} CMAKE_PREFIX_PATH=/home/hanse/pinkbot/install/minibot_gazebo:/home/hanse/pinkbot/install/minibot_description:/opt/ros/humble /home/hanse/.local/bin/cmake --install /home/hanse/pinkbot/build/minibot_bringup
[2.392s] Level 1:colcon.colcon_core.environment:create_environment_scripts_only(minibot_bringup)
[2.392s] DEBUG:colcon.colcon_core.event_handler.log_command:Invoked command in '/home/hanse/pinkbot/build/minibot_bringup' returned '0': AMENT_PREFIX_PATH=/home/hanse/pinkbot/install/minibot_gazebo:/home/hanse/pinkbot/install/minibot_description:${AMENT_PREFIX_PATH} CMAKE_PREFIX_PATH=/home/hanse/pinkbot/install/minibot_gazebo:/home/hanse/pinkbot/install/minibot_description:/opt/ros/humble /home/hanse/.local/bin/cmake --install /home/hanse/pinkbot/build/minibot_bringup
[2.406s] Level 1:colcon.colcon_core.environment:checking '/home/hanse/pinkbot/install/minibot_bringup' for CMake module files
[2.406s] Level 1:colcon.colcon_core.environment:checking '/home/hanse/pinkbot/install/minibot_bringup' for CMake config files
[2.406s] Level 1:colcon.colcon_core.shell:create_environment_hook('minibot_bringup', 'cmake_prefix_path')
[2.419s] INFO:colcon.colcon_core.shell:Creating environment hook '/home/hanse/pinkbot/install/minibot_bringup/share/minibot_bringup/hook/cmake_prefix_path.ps1'
[2.420s] INFO:colcon.colcon_core.shell:Creating environment descriptor '/home/hanse/pinkbot/install/minibot_bringup/share/minibot_bringup/hook/cmake_prefix_path.dsv'
[2.420s] INFO:colcon.colcon_core.shell:Creating environment hook '/home/hanse/pinkbot/install/minibot_bringup/share/minibot_bringup/hook/cmake_prefix_path.sh'
[2.420s] Level 1:colcon.colcon_core.environment:checking '/home/hanse/pinkbot/install/minibot_bringup/bin'
[2.420s] Level 1:colcon.colcon_core.environment:checking '/home/hanse/pinkbot/install/minibot_bringup/lib/pkgconfig/minibot_bringup.pc'
[2.420s] Level 1:colcon.colcon_core.environment:checking '/home/hanse/pinkbot/install/minibot_bringup/lib/python3.10/site-packages'
[2.421s] Level 1:colcon.colcon_core.environment:checking '/home/hanse/pinkbot/install/minibot_bringup/bin'
[2.433s] INFO:colcon.colcon_core.shell:Creating package script '/home/hanse/pinkbot/install/minibot_bringup/share/minibot_bringup/package.ps1'
[2.433s] INFO:colcon.colcon_core.shell:Creating package descriptor '/home/hanse/pinkbot/install/minibot_bringup/share/minibot_bringup/package.dsv'
[2.433s] INFO:colcon.colcon_core.shell:Creating package script '/home/hanse/pinkbot/install/minibot_bringup/share/minibot_bringup/package.sh'
[2.434s] INFO:colcon.colcon_core.shell:Creating package script '/home/hanse/pinkbot/install/minibot_bringup/share/minibot_bringup/package.bash'
[2.434s] INFO:colcon.colcon_core.shell:Creating package script '/home/hanse/pinkbot/install/minibot_bringup/share/minibot_bringup/package.zsh'
[2.434s] Level 1:colcon.colcon_core.environment:create_file_with_runtime_dependencies(/home/hanse/pinkbot/install/minibot_bringup/share/colcon-core/packages/minibot_bringup)
[2.436s] DEBUG:colcon.colcon_core.event_handler.log_command:Invoking command in '/home/hanse/pinkbot/build/minibot_controllers': AMENT_PREFIX_PATH=/home/hanse/pinkbot/install/minibot_interfaces:${AMENT_PREFIX_PATH} CMAKE_PREFIX_PATH=/home/hanse/pinkbot/install/minibot_interfaces:/opt/ros/humble LD_LIBRARY_PATH=/home/hanse/pinkbot/install/minibot_interfaces/lib:/usr/lib/x86_64-linux-gnu/gazebo-11/plugins:/opt/ros/humble/opt/rviz_ogre_vendor/lib:/opt/ros/humble/lib/x86_64-linux-gnu:/opt/ros/humble/lib:/usr/local/cuda-11.7/lib64:/usr/local/cuda-11.7/lib64/ PYTHONPATH=/home/hanse/pinkbot/install/minibot_interfaces/local/lib/python3.10/dist-packages:${PYTHONPATH} /home/hanse/.local/bin/cmake --install /home/hanse/pinkbot/build/minibot_controllers
[2.459s] Level 1:colcon.colcon_core.environment:create_environment_scripts_only(minibot_controllers)
[2.459s] DEBUG:colcon.colcon_core.event_handler.log_command:Invoked command in '/home/hanse/pinkbot/build/minibot_controllers' returned '0': AMENT_PREFIX_PATH=/home/hanse/pinkbot/install/minibot_interfaces:${AMENT_PREFIX_PATH} CMAKE_PREFIX_PATH=/home/hanse/pinkbot/install/minibot_interfaces:/opt/ros/humble LD_LIBRARY_PATH=/home/hanse/pinkbot/install/minibot_interfaces/lib:/usr/lib/x86_64-linux-gnu/gazebo-11/plugins:/opt/ros/humble/opt/rviz_ogre_vendor/lib:/opt/ros/humble/lib/x86_64-linux-gnu:/opt/ros/humble/lib:/usr/local/cuda-11.7/lib64:/usr/local/cuda-11.7/lib64/ PYTHONPATH=/home/hanse/pinkbot/install/minibot_interfaces/local/lib/python3.10/dist-packages:${PYTHONPATH} /home/hanse/.local/bin/cmake --install /home/hanse/pinkbot/build/minibot_controllers
[2.473s] Level 1:colcon.colcon_core.environment:checking '/home/hanse/pinkbot/install/minibot_controllers' for CMake module files
[2.473s] Level 1:colcon.colcon_core.environment:checking '/home/hanse/pinkbot/install/minibot_controllers' for CMake config files
[2.473s] Level 1:colcon.colcon_core.shell:create_environment_hook('minibot_controllers', 'cmake_prefix_path')
[2.486s] INFO:colcon.colcon_core.shell:Creating environment hook '/home/hanse/pinkbot/install/minibot_controllers/share/minibot_controllers/hook/cmake_prefix_path.ps1'
[2.486s] INFO:colcon.colcon_core.shell:Creating environment descriptor '/home/hanse/pinkbot/install/minibot_controllers/share/minibot_controllers/hook/cmake_prefix_path.dsv'
[2.487s] INFO:colcon.colcon_core.shell:Creating environment hook '/home/hanse/pinkbot/install/minibot_controllers/share/minibot_controllers/hook/cmake_prefix_path.sh'
[2.487s] Level 1:colcon.colcon_core.environment:checking '/home/hanse/pinkbot/install/minibot_controllers/lib'
[2.487s] Level 1:colcon.colcon_core.shell:create_environment_hook('minibot_controllers', 'ld_library_path_lib')
[2.499s] INFO:colcon.colcon_core.shell:Creating environment hook '/home/hanse/pinkbot/install/minibot_controllers/share/minibot_controllers/hook/ld_library_path_lib.ps1'
[2.500s] INFO:colcon.colcon_core.shell:Creating environment descriptor '/home/hanse/pinkbot/install/minibot_controllers/share/minibot_controllers/hook/ld_library_path_lib.dsv'
[2.500s] INFO:colcon.colcon_core.shell:Creating environment hook '/home/hanse/pinkbot/install/minibot_controllers/share/minibot_controllers/hook/ld_library_path_lib.sh'
[2.500s] Level 1:colcon.colcon_core.environment:checking '/home/hanse/pinkbot/install/minibot_controllers/bin'
[2.500s] Level 1:colcon.colcon_core.environment:checking '/home/hanse/pinkbot/install/minibot_controllers/lib/pkgconfig/minibot_controllers.pc'
[2.500s] Level 1:colcon.colcon_core.environment:checking '/home/hanse/pinkbot/install/minibot_controllers/lib/python3.10/site-packages'
[2.501s] Level 1:colcon.colcon_core.environment:checking '/home/hanse/pinkbot/install/minibot_controllers/bin'
[2.513s] INFO:colcon.colcon_core.shell:Creating package script '/home/hanse/pinkbot/install/minibot_controllers/share/minibot_controllers/package.ps1'
[2.513s] INFO:colcon.colcon_core.shell:Creating package descriptor '/home/hanse/pinkbot/install/minibot_controllers/share/minibot_controllers/package.dsv'
[2.514s] INFO:colcon.colcon_core.shell:Creating package script '/home/hanse/pinkbot/install/minibot_controllers/share/minibot_controllers/package.sh'
[2.514s] INFO:colcon.colcon_core.shell:Creating package script '/home/hanse/pinkbot/install/minibot_controllers/share/minibot_controllers/package.bash'
[2.514s] INFO:colcon.colcon_core.shell:Creating package script '/home/hanse/pinkbot/install/minibot_controllers/share/minibot_controllers/package.zsh'
[2.514s] Level 1:colcon.colcon_core.environment:create_file_with_runtime_dependencies(/home/hanse/pinkbot/install/minibot_controllers/share/colcon-core/packages/minibot_controllers)
[2.537s] Level 1:colcon.colcon_core.environment:create_environment_scripts_only(minibot_bringup)
[2.551s] Level 1:colcon.colcon_core.environment:checking '/home/hanse/pinkbot/install/minibot_bringup' for CMake module files
[2.552s] Level 1:colcon.colcon_core.environment:checking '/home/hanse/pinkbot/install/minibot_bringup' for CMake config files
[2.552s] Level 1:colcon.colcon_core.shell:create_environment_hook('minibot_bringup', 'cmake_prefix_path')
[2.566s] INFO:colcon.colcon_core.shell:Creating environment hook '/home/hanse/pinkbot/install/minibot_bringup/share/minibot_bringup/hook/cmake_prefix_path.ps1'
[2.566s] INFO:colcon.colcon_core.shell:Creating environment descriptor '/home/hanse/pinkbot/install/minibot_bringup/share/minibot_bringup/hook/cmake_prefix_path.dsv'
[2.566s] INFO:colcon.colcon_core.shell:Creating environment hook '/home/hanse/pinkbot/install/minibot_bringup/share/minibot_bringup/hook/cmake_prefix_path.sh'
[2.567s] Level 1:colcon.colcon_core.environment:checking '/home/hanse/pinkbot/install/minibot_bringup/bin'
[2.567s] Level 1:colcon.colcon_core.environment:checking '/home/hanse/pinkbot/install/minibot_bringup/lib/pkgconfig/minibot_bringup.pc'
[2.567s] Level 1:colcon.colcon_core.environment:checking '/home/hanse/pinkbot/install/minibot_bringup/lib/python3.10/site-packages'
[2.567s] Level 1:colcon.colcon_core.environment:checking '/home/hanse/pinkbot/install/minibot_bringup/bin'
[2.580s] INFO:colcon.colcon_core.shell:Creating package script '/home/hanse/pinkbot/install/minibot_bringup/share/minibot_bringup/package.ps1'
[2.580s] INFO:colcon.colcon_core.shell:Creating package descriptor '/home/hanse/pinkbot/install/minibot_bringup/share/minibot_bringup/package.dsv'
[2.581s] INFO:colcon.colcon_core.shell:Creating package script '/home/hanse/pinkbot/install/minibot_bringup/share/minibot_bringup/package.sh'
[2.581s] INFO:colcon.colcon_core.shell:Creating package script '/home/hanse/pinkbot/install/minibot_bringup/share/minibot_bringup/package.bash'
[2.581s] INFO:colcon.colcon_core.shell:Creating package script '/home/hanse/pinkbot/install/minibot_bringup/share/minibot_bringup/package.zsh'
[2.581s] Level 1:colcon.colcon_core.environment:create_file_with_runtime_dependencies(/home/hanse/pinkbot/install/minibot_bringup/share/colcon-core/packages/minibot_bringup)
[2.596s] Level 1:colcon.colcon_core.environment:create_environment_scripts_only(minibot_controllers)
[2.609s] Level 1:colcon.colcon_core.environment:checking '/home/hanse/pinkbot/install/minibot_controllers' for CMake module files
[2.609s] Level 1:colcon.colcon_core.environment:checking '/home/hanse/pinkbot/install/minibot_controllers' for CMake config files
[2.609s] Level 1:colcon.colcon_core.shell:create_environment_hook('minibot_controllers', 'cmake_prefix_path')
[2.622s] INFO:colcon.colcon_core.shell:Creating environment hook '/home/hanse/pinkbot/install/minibot_controllers/share/minibot_controllers/hook/cmake_prefix_path.ps1'
[2.622s] INFO:colcon.colcon_core.shell:Creating environment descriptor '/home/hanse/pinkbot/install/minibot_controllers/share/minibot_controllers/hook/cmake_prefix_path.dsv'
[2.622s] INFO:colcon.colcon_core.shell:Creating environment hook '/home/hanse/pinkbot/install/minibot_controllers/share/minibot_controllers/hook/cmake_prefix_path.sh'
[2.623s] Level 1:colcon.colcon_core.environment:checking '/home/hanse/pinkbot/install/minibot_controllers/lib'
[2.623s] Level 1:colcon.colcon_core.shell:create_environment_hook('minibot_controllers', 'ld_library_path_lib')
[2.635s] INFO:colcon.colcon_core.shell:Creating environment hook '/home/hanse/pinkbot/install/minibot_controllers/share/minibot_controllers/hook/ld_library_path_lib.ps1'
[2.635s] INFO:colcon.colcon_core.shell:Creating environment descriptor '/home/hanse/pinkbot/install/minibot_controllers/share/minibot_controllers/hook/ld_library_path_lib.dsv'
[2.636s] INFO:colcon.colcon_core.shell:Creating environment hook '/home/hanse/pinkbot/install/minibot_controllers/share/minibot_controllers/hook/ld_library_path_lib.sh'
[2.636s] Level 1:colcon.colcon_core.environment:checking '/home/hanse/pinkbot/install/minibot_controllers/bin'
[2.636s] Level 1:colcon.colcon_core.environment:checking '/home/hanse/pinkbot/install/minibot_controllers/lib/pkgconfig/minibot_controllers.pc'
[2.636s] Level 1:colcon.colcon_core.environment:checking '/home/hanse/pinkbot/install/minibot_controllers/lib/python3.10/site-packages'
[2.636s] Level 1:colcon.colcon_core.environment:checking '/home/hanse/pinkbot/install/minibot_controllers/bin'
[2.649s] INFO:colcon.colcon_core.shell:Creating package script '/home/hanse/pinkbot/install/minibot_controllers/share/minibot_controllers/package.ps1'
[2.650s] INFO:colcon.colcon_core.shell:Creating package descriptor '/home/hanse/pinkbot/install/minibot_controllers/share/minibot_controllers/package.dsv'
[2.650s] INFO:colcon.colcon_core.shell:Creating package script '/home/hanse/pinkbot/install/minibot_controllers/share/minibot_controllers/package.sh'
[2.650s] INFO:colcon.colcon_core.shell:Creating package script '/home/hanse/pinkbot/install/minibot_controllers/share/minibot_controllers/package.bash'
[2.651s] INFO:colcon.colcon_core.shell:Creating package script '/home/hanse/pinkbot/install/minibot_controllers/share/minibot_controllers/package.zsh'
[2.651s] Level 1:colcon.colcon_core.environment:create_file_with_runtime_dependencies(/home/hanse/pinkbot/install/minibot_controllers/share/colcon-core/packages/minibot_controllers)
[2.651s] DEBUG:colcon.colcon_parallel_executor.executor.parallel:closing loop
[2.651s] DEBUG:colcon.colcon_parallel_executor.executor.parallel:loop closed
[2.651s] DEBUG:colcon.colcon_parallel_executor.executor.parallel:run_until_complete finished with '0'
[2.651s] DEBUG:colcon.colcon_core.event_reactor:joining thread
[2.667s] INFO:colcon.colcon_core.plugin_system:Skipping extension 'colcon_notification.desktop_notification.terminal_notifier': Not used on non-Darwin systems
[2.668s] INFO:colcon.colcon_core.plugin_system:Skipping extension 'colcon_notification.desktop_notification.win32': Not used on non-Windows systems
[2.668s] INFO:colcon.colcon_notification.desktop_notification:Sending desktop notification using 'notify2'
[2.681s] DEBUG:colcon.colcon_core.event_reactor:joined thread
[2.698s] INFO:colcon.colcon_core.shell:Creating prefix script '/home/hanse/pinkbot/install/local_setup.ps1'
[2.698s] INFO:colcon.colcon_core.shell:Creating prefix util module '/home/hanse/pinkbot/install/_local_setup_util_ps1.py'
[2.699s] INFO:colcon.colcon_core.shell:Creating prefix chain script '/home/hanse/pinkbot/install/setup.ps1'
[2.713s] INFO:colcon.colcon_core.shell:Creating prefix script '/home/hanse/pinkbot/install/local_setup.sh'
[2.714s] INFO:colcon.colcon_core.shell:Creating prefix util module '/home/hanse/pinkbot/install/_local_setup_util_sh.py'
[2.714s] INFO:colcon.colcon_core.shell:Creating prefix chain script '/home/hanse/pinkbot/install/setup.sh'
[2.727s] INFO:colcon.colcon_core.shell:Creating prefix script '/home/hanse/pinkbot/install/local_setup.bash'
[2.728s] INFO:colcon.colcon_core.shell:Creating prefix chain script '/home/hanse/pinkbot/install/setup.bash'
[2.742s] INFO:colcon.colcon_core.shell:Creating prefix script '/home/hanse/pinkbot/install/local_setup.zsh'
[2.742s] INFO:colcon.colcon_core.shell:Creating prefix chain script '/home/hanse/pinkbot/install/setup.zsh'
