[0.123s] Invoking command in '/home/hanse/pinkbot/build/minibot_interfaces': CMAKE_PREFIX_PATH=/opt/ros/humble /usr/bin/cmake /home/hanse/pinkbot/src/pinklab_minibot_robot/minibot_interfaces -DCMAKE_INSTALL_PREFIX=/home/hanse/pinkbot/install/minibot_interfaces
[0.160s] -- The C compiler identification is GNU 11.4.0
[0.199s] -- The CXX compiler identification is GNU 11.4.0
[0.206s] -- Detecting C compiler ABI info
[0.256s] -- Detecting C compiler ABI info - done
[0.261s] -- Check for working C compiler: /usr/bin/cc - skipped
[0.261s] -- Detecting C compile features
[0.262s] -- Detecting C compile features - done
[0.263s] -- Detecting CXX compiler ABI info
[0.322s] -- Detecting CXX compiler ABI info - done
[0.327s] -- Check for working CXX compiler: /usr/bin/c++ - skipped
[0.328s] -- Detecting CXX compile features
[0.328s] -- Detecting CXX compile features - done
[0.329s] -- Found ament_cmake: 1.3.5 (/opt/ros/humble/share/ament_cmake/cmake)
[0.451s] -- Found Python3: /usr/bin/python3.10 (found version "3.10.12") found components: Interpreter 
[0.525s] -- Found std_msgs: 4.2.3 (/opt/ros/humble/share/std_msgs/cmake)
[0.549s] -- Found rosidl_generator_c: 3.1.5 (/opt/ros/humble/share/rosidl_generator_c/cmake)
[0.553s] -- Found rosidl_adapter: 3.1.5 (/opt/ros/humble/share/rosidl_adapter/cmake)
[0.558s] -- Found rosidl_generator_cpp: 3.1.5 (/opt/ros/humble/share/rosidl_generator_cpp/cmake)
[0.568s] -- Using all available rosidl_typesupport_c: rosidl_typesupport_fastrtps_c;rosidl_typesupport_introspection_c
[0.581s] -- Using all available rosidl_typesupport_cpp: rosidl_typesupport_fastrtps_cpp;rosidl_typesupport_introspection_cpp
[0.621s] -- Found rosidl_default_generators: 1.2.0 (/opt/ros/humble/share/rosidl_default_generators/cmake)
[0.825s] -- Found ament_cmake_ros: 0.10.0 (/opt/ros/humble/share/ament_cmake_ros/cmake)
[1.110s] -- Using all available rosidl_typesupport_c: rosidl_typesupport_fastrtps_c;rosidl_typesupport_introspection_c
[1.217s] -- Using all available rosidl_typesupport_cpp: rosidl_typesupport_fastrtps_cpp;rosidl_typesupport_introspection_cpp
[1.233s] -- Found PythonInterp: /usr/bin/python3 (found suitable version "3.10.12", minimum required is "3.6") 
[1.234s] -- Found python_cmake_module: 0.10.0 (/opt/ros/humble/share/python_cmake_module/cmake)
[1.256s] -- Found PythonLibs: /usr/lib/x86_64-linux-gnu/libpython3.10.so (found suitable version "3.10.12", minimum required is "3.5") 
[1.256s] -- Using PYTHON_EXECUTABLE: /usr/bin/python3
[1.256s] -- Using PYTHON_INCLUDE_DIRS: /usr/include/python3.10
[1.256s] -- Using PYTHON_LIBRARIES: /usr/lib/x86_64-linux-gnu/libpython3.10.so
[1.272s] -- Found PythonExtra: .so  
[1.307s] -- Found ament_lint_auto: 0.12.8 (/opt/ros/humble/share/ament_lint_auto/cmake)
[1.319s] -- Added test 'lint_cmake' to check CMake code style
[1.319s] -- Added test 'xmllint' to check XML markup files
[1.320s] -- Configuring done
[1.341s] -- Generating done
[1.343s] -- Build files have been written to: /home/hanse/pinkbot/build/minibot_interfaces
[1.349s] Invoked command in '/home/hanse/pinkbot/build/minibot_interfaces' returned '0': CMAKE_PREFIX_PATH=/opt/ros/humble /usr/bin/cmake /home/hanse/pinkbot/src/pinklab_minibot_robot/minibot_interfaces -DCMAKE_INSTALL_PREFIX=/home/hanse/pinkbot/install/minibot_interfaces
[1.351s] Invoking command in '/home/hanse/pinkbot/build/minibot_interfaces': CMAKE_PREFIX_PATH=/opt/ros/humble /usr/bin/cmake --build /home/hanse/pinkbot/build/minibot_interfaces -- -j8 -l8
[1.382s] [  2%] [34m[1mGenerating C code for ROS interfaces[0m
[1.387s] [  5%] [34m[1mGenerating C++ code for ROS interfaces[0m
[1.398s] [  5%] Built target ament_cmake_python_copy_minibot_interfaces
[1.618s] running egg_info
[1.618s] creating minibot_interfaces.egg-info
[1.618s] writing minibot_interfaces.egg-info/PKG-INFO
[1.618s] writing dependency_links to minibot_interfaces.egg-info/dependency_links.txt
[1.619s] writing top-level names to minibot_interfaces.egg-info/top_level.txt
[1.619s] writing manifest file 'minibot_interfaces.egg-info/SOURCES.txt'
[1.621s] reading manifest file 'minibot_interfaces.egg-info/SOURCES.txt'
[1.621s] writing manifest file 'minibot_interfaces.egg-info/SOURCES.txt'
[1.657s] [  5%] Built target ament_cmake_python_build_minibot_interfaces_egg
[1.670s] [  5%] Built target minibot_interfaces__cpp
[1.680s] [  7%] [34m[1mGenerating C++ type support dispatch for ROS interfaces[0m
[1.681s] [ 10%] [34m[1mGenerating C++ type support for eProsima Fast-RTPS[0m
[1.689s] [ 12%] [34m[1mGenerating C++ introspection for ROS interfaces[0m
[1.725s] [ 17%] [32mBuilding C object CMakeFiles/minibot_interfaces__rosidl_generator_c.dir/rosidl_generator_c/minibot_interfaces/msg/detail/robot_state__functions.c.o[0m
[1.725s] [ 17%] [32mBuilding C object CMakeFiles/minibot_interfaces__rosidl_generator_c.dir/rosidl_generator_c/minibot_interfaces/msg/detail/lamp_command__functions.c.o[0m
[1.778s] [ 20%] [32m[1mLinking C shared library libminibot_interfaces__rosidl_generator_c.so[0m
[1.820s] [ 20%] Built target minibot_interfaces__rosidl_generator_c
[1.832s] [ 23%] [34m[1mGenerating C type support for eProsima Fast-RTPS[0m
[1.833s] [ 25%] [34m[1mGenerating C type support dispatch for ROS interfaces[0m
[1.834s] [ 28%] [34m[1mGenerating C introspection for ROS interfaces[0m
[1.983s] [ 30%] [32mBuilding CXX object CMakeFiles/minibot_interfaces__rosidl_typesupport_cpp.dir/rosidl_typesupport_cpp/minibot_interfaces/msg/lamp_command__type_support.cpp.o[0m
[1.994s] [ 33%] [32mBuilding CXX object CMakeFiles/minibot_interfaces__rosidl_typesupport_cpp.dir/rosidl_typesupport_cpp/minibot_interfaces/msg/robot_state__type_support.cpp.o[0m
[2.012s] [ 35%] [32mBuilding CXX object CMakeFiles/minibot_interfaces__rosidl_typesupport_introspection_cpp.dir/rosidl_typesupport_introspection_cpp/minibot_interfaces/msg/detail/lamp_command__type_support.cpp.o[0m
[2.022s] [ 38%] [32mBuilding CXX object CMakeFiles/minibot_interfaces__rosidl_typesupport_introspection_cpp.dir/rosidl_typesupport_introspection_cpp/minibot_interfaces/msg/detail/robot_state__type_support.cpp.o[0m
[2.129s] [ 41%] [32mBuilding CXX object CMakeFiles/minibot_interfaces__rosidl_typesupport_fastrtps_cpp.dir/rosidl_typesupport_fastrtps_cpp/minibot_interfaces/msg/detail/dds_fastrtps/lamp_command__type_support.cpp.o[0m
[2.183s] [ 43%] [32mBuilding CXX object CMakeFiles/minibot_interfaces__rosidl_typesupport_c.dir/rosidl_typesupport_c/minibot_interfaces/msg/lamp_command__type_support.cpp.o[0m
[2.243s] [ 46%] [32mBuilding CXX object CMakeFiles/minibot_interfaces__rosidl_typesupport_c.dir/rosidl_typesupport_c/minibot_interfaces/msg/robot_state__type_support.cpp.o[0m
[2.275s] [ 48%] [32mBuilding CXX object CMakeFiles/minibot_interfaces__rosidl_typesupport_fastrtps_c.dir/rosidl_typesupport_fastrtps_c/minibot_interfaces/msg/detail/lamp_command__type_support_c.cpp.o[0m
[2.286s] [ 51%] [32mBuilding C object CMakeFiles/minibot_interfaces__rosidl_typesupport_introspection_c.dir/rosidl_typesupport_introspection_c/minibot_interfaces/msg/detail/lamp_command__type_support.c.o[0m
[2.294s] [ 53%] [32m[1mLinking CXX shared library libminibot_interfaces__rosidl_typesupport_c.so[0m
[2.310s] [ 56%] [32mBuilding CXX object CMakeFiles/minibot_interfaces__rosidl_typesupport_fastrtps_cpp.dir/rosidl_typesupport_fastrtps_cpp/minibot_interfaces/msg/detail/dds_fastrtps/robot_state__type_support.cpp.o[0m
[2.372s] [ 58%] [32mBuilding C object CMakeFiles/minibot_interfaces__rosidl_typesupport_introspection_c.dir/rosidl_typesupport_introspection_c/minibot_interfaces/msg/detail/robot_state__type_support.c.o[0m
[2.399s] [ 58%] Built target minibot_interfaces__rosidl_typesupport_c
[2.409s] [ 61%] [32m[1mLinking CXX shared library libminibot_interfaces__rosidl_typesupport_cpp.so[0m
[2.418s] [ 64%] [32mBuilding CXX object CMakeFiles/minibot_interfaces__rosidl_typesupport_fastrtps_c.dir/rosidl_typesupport_fastrtps_c/minibot_interfaces/msg/detail/robot_state__type_support_c.cpp.o[0m
[2.446s] [ 66%] [32m[1mLinking C shared library libminibot_interfaces__rosidl_typesupport_introspection_c.so[0m
[2.487s] [ 66%] Built target minibot_interfaces__rosidl_typesupport_cpp
[2.489s] [ 66%] Built target minibot_interfaces__rosidl_typesupport_introspection_c
[2.579s] [ 69%] [32m[1mLinking CXX shared library libminibot_interfaces__rosidl_typesupport_introspection_cpp.so[0m
[2.638s] [ 69%] Built target minibot_interfaces__rosidl_typesupport_introspection_cpp
[2.672s] [ 71%] [32m[1mLinking CXX shared library libminibot_interfaces__rosidl_typesupport_fastrtps_cpp.so[0m
[2.712s] [ 74%] [32m[1mLinking CXX shared library libminibot_interfaces__rosidl_typesupport_fastrtps_c.so[0m
[2.754s] [ 74%] Built target minibot_interfaces__rosidl_typesupport_fastrtps_cpp
[2.791s] [ 74%] Built target minibot_interfaces__rosidl_typesupport_fastrtps_c
[2.808s] [ 74%] Built target minibot_interfaces
[2.825s] [ 76%] [34m[1mGenerating Python code for ROS interfaces[0m
[3.088s] [ 76%] Built target minibot_interfaces__py
[3.104s] [ 79%] [32mBuilding C object CMakeFiles/minibot_interfaces__rosidl_generator_py.dir/rosidl_generator_py/minibot_interfaces/msg/_lamp_command_s.c.o[0m
[3.104s] [ 82%] [32mBuilding C object CMakeFiles/minibot_interfaces__rosidl_generator_py.dir/rosidl_generator_py/minibot_interfaces/msg/_robot_state_s.c.o[0m
[3.169s] [ 84%] [32m[1mLinking C shared library rosidl_generator_py/minibot_interfaces/libminibot_interfaces__rosidl_generator_py.so[0m
[3.197s] [ 84%] Built target minibot_interfaces__rosidl_generator_py
[3.213s] [ 89%] [32mBuilding C object CMakeFiles/minibot_interfaces__rosidl_typesupport_fastrtps_c__pyext.dir/rosidl_generator_py/minibot_interfaces/_minibot_interfaces_s.ep.rosidl_typesupport_fastrtps_c.c.o[0m
[3.213s] [ 89%] [32mBuilding C object CMakeFiles/minibot_interfaces__rosidl_typesupport_introspection_c__pyext.dir/rosidl_generator_py/minibot_interfaces/_minibot_interfaces_s.ep.rosidl_typesupport_introspection_c.c.o[0m
[3.213s] [ 92%] [32mBuilding C object CMakeFiles/minibot_interfaces__rosidl_typesupport_c__pyext.dir/rosidl_generator_py/minibot_interfaces/_minibot_interfaces_s.ep.rosidl_typesupport_c.c.o[0m
[3.276s] [ 97%] [32m[1mLinking C shared library rosidl_generator_py/minibot_interfaces/minibot_interfaces_s__rosidl_typesupport_c.cpython-310-x86_64-linux-gnu.so[0m
[3.276s] [ 97%] [32m[1mLinking C shared library rosidl_generator_py/minibot_interfaces/minibot_interfaces_s__rosidl_typesupport_fastrtps_c.cpython-310-x86_64-linux-gnu.so[0m
[3.277s] [100%] [32m[1mLinking C shared library rosidl_generator_py/minibot_interfaces/minibot_interfaces_s__rosidl_typesupport_introspection_c.cpython-310-x86_64-linux-gnu.so[0m
[3.303s] [100%] Built target minibot_interfaces__rosidl_typesupport_fastrtps_c__pyext
[3.303s] [100%] Built target minibot_interfaces__rosidl_typesupport_introspection_c__pyext
[3.303s] [100%] Built target minibot_interfaces__rosidl_typesupport_c__pyext
