[35m[1mConsolidate compiler generated dependencies of target minibot_interfaces__rosidl_generator_c[0m
[  2%] Built target minibot_interfaces__cpp
[ 12%] Built target minibot_interfaces__rosidl_generator_c
[ 12%] Built target ament_cmake_python_copy_minibot_interfaces
[35m[1mConsolidate compiler generated dependencies of target minibot_interfaces__rosidl_typesupport_cpp[0m
[35m[1mConsolidate compiler generated dependencies of target minibot_interfaces__rosidl_typesupport_fastrtps_cpp[0m
[35m[1mConsolidate compiler generated dependencies of target minibot_interfaces__rosidl_typesupport_introspection_c[0m
[35m[1mConsolidate compiler generated dependencies of target minibot_interfaces__rosidl_typesupport_introspection_cpp[0m
[35m[1mConsolidate compiler generated dependencies of target minibot_interfaces__rosidl_typesupport_fastrtps_c[0m
[35m[1mConsolidate compiler generated dependencies of target minibot_interfaces__rosidl_typesupport_c[0m
[ 23%] Built target minibot_interfaces__rosidl_typesupport_cpp
[ 33%] Built target minibot_interfaces__rosidl_typesupport_introspection_c
[ 51%] Built target minibot_interfaces__rosidl_typesupport_introspection_cpp
[ 53%] Built target minibot_interfaces__rosidl_typesupport_fastrtps_c
[ 64%] Built target minibot_interfaces__rosidl_typesupport_c
[ 74%] Built target minibot_interfaces__rosidl_typesupport_fastrtps_cpp
[ 74%] Built target minibot_interfaces
[ 76%] Built target minibot_interfaces__py
[35m[1mConsolidate compiler generated dependencies of target minibot_interfaces__rosidl_generator_py[0m
[ 84%] Built target minibot_interfaces__rosidl_generator_py
[35m[1mConsolidate compiler generated dependencies of target minibot_interfaces__rosidl_typesupport_fastrtps_c__pyext[0m
[35m[1mConsolidate compiler generated dependencies of target minibot_interfaces__rosidl_typesupport_c__pyext[0m
[35m[1mConsolidate compiler generated dependencies of target minibot_interfaces__rosidl_typesupport_introspection_c__pyext[0m
[ 89%] Built target minibot_interfaces__rosidl_typesupport_fastrtps_c__pyext
[ 94%] Built target minibot_interfaces__rosidl_typesupport_c__pyext
[100%] Built target minibot_interfaces__rosidl_typesupport_introspection_c__pyext
running egg_info
writing minibot_interfaces.egg-info/PKG-INFO
writing dependency_links to minibot_interfaces.egg-info/dependency_links.txt
writing top-level names to minibot_interfaces.egg-info/top_level.txt
reading manifest file 'minibot_interfaces.egg-info/SOURCES.txt'
writing manifest file 'minibot_interfaces.egg-info/SOURCES.txt'
[100%] Built target ament_cmake_python_build_minibot_interfaces_egg
-- Install configuration: ""
-- Installing: /home/hanse/pinkbot/install/minibot_interfaces/share/ament_index/resource_index/rosidl_interfaces/minibot_interfaces
-- Installing: /home/hanse/pinkbot/install/minibot_interfaces/include/minibot_interfaces/minibot_interfaces
-- Installing: /home/hanse/pinkbot/install/minibot_interfaces/include/minibot_interfaces/minibot_interfaces/msg
-- Installing: /home/hanse/pinkbot/install/minibot_interfaces/include/minibot_interfaces/minibot_interfaces/msg/robot_state.h
-- Installing: /home/hanse/pinkbot/install/minibot_interfaces/include/minibot_interfaces/minibot_interfaces/msg/detail
-- Installing: /home/hanse/pinkbot/install/minibot_interfaces/include/minibot_interfaces/minibot_interfaces/msg/detail/lamp_command__struct.h
-- Installing: /home/hanse/pinkbot/install/minibot_interfaces/include/minibot_interfaces/minibot_interfaces/msg/detail/lamp_command__functions.c
-- Installing: /home/hanse/pinkbot/install/minibot_interfaces/include/minibot_interfaces/minibot_interfaces/msg/detail/robot_state__functions.c
-- Installing: /home/hanse/pinkbot/install/minibot_interfaces/include/minibot_interfaces/minibot_interfaces/msg/detail/robot_state__functions.h
-- Installing: /home/hanse/pinkbot/install/minibot_interfaces/include/minibot_interfaces/minibot_interfaces/msg/detail/robot_state__type_support.h
-- Installing: /home/hanse/pinkbot/install/minibot_interfaces/include/minibot_interfaces/minibot_interfaces/msg/detail/robot_state__struct.h
-- Installing: /home/hanse/pinkbot/install/minibot_interfaces/include/minibot_interfaces/minibot_interfaces/msg/detail/lamp_command__functions.h
-- Installing: /home/hanse/pinkbot/install/minibot_interfaces/include/minibot_interfaces/minibot_interfaces/msg/detail/lamp_command__type_support.h
-- Installing: /home/hanse/pinkbot/install/minibot_interfaces/include/minibot_interfaces/minibot_interfaces/msg/rosidl_generator_c__visibility_control.h
-- Installing: /home/hanse/pinkbot/install/minibot_interfaces/include/minibot_interfaces/minibot_interfaces/msg/lamp_command.h
-- Installing: /home/hanse/pinkbot/install/minibot_interfaces/share/minibot_interfaces/environment/library_path.sh
-- Installing: /home/hanse/pinkbot/install/minibot_interfaces/share/minibot_interfaces/environment/library_path.dsv
-- Installing: /home/hanse/pinkbot/install/minibot_interfaces/lib/libminibot_interfaces__rosidl_generator_c.so
-- Set runtime path of "/home/hanse/pinkbot/install/minibot_interfaces/lib/libminibot_interfaces__rosidl_generator_c.so" to ""
-- Up-to-date: /home/hanse/pinkbot/install/minibot_interfaces/include/minibot_interfaces/minibot_interfaces
-- Up-to-date: /home/hanse/pinkbot/install/minibot_interfaces/include/minibot_interfaces/minibot_interfaces/msg
-- Installing: /home/hanse/pinkbot/install/minibot_interfaces/include/minibot_interfaces/minibot_interfaces/msg/rosidl_typesupport_fastrtps_c__visibility_control.h
-- Up-to-date: /home/hanse/pinkbot/install/minibot_interfaces/include/minibot_interfaces/minibot_interfaces/msg/detail
-- Installing: /home/hanse/pinkbot/install/minibot_interfaces/include/minibot_interfaces/minibot_interfaces/msg/detail/robot_state__rosidl_typesupport_fastrtps_c.h
-- Installing: /home/hanse/pinkbot/install/minibot_interfaces/include/minibot_interfaces/minibot_interfaces/msg/detail/lamp_command__rosidl_typesupport_fastrtps_c.h
-- Installing: /home/hanse/pinkbot/install/minibot_interfaces/lib/libminibot_interfaces__rosidl_typesupport_fastrtps_c.so
-- Set runtime path of "/home/hanse/pinkbot/install/minibot_interfaces/lib/libminibot_interfaces__rosidl_typesupport_fastrtps_c.so" to ""
-- Up-to-date: /home/hanse/pinkbot/install/minibot_interfaces/include/minibot_interfaces/minibot_interfaces
-- Up-to-date: /home/hanse/pinkbot/install/minibot_interfaces/include/minibot_interfaces/minibot_interfaces/msg
-- Installing: /home/hanse/pinkbot/install/minibot_interfaces/include/minibot_interfaces/minibot_interfaces/msg/robot_state.hpp
-- Up-to-date: /home/hanse/pinkbot/install/minibot_interfaces/include/minibot_interfaces/minibot_interfaces/msg/detail
-- Installing: /home/hanse/pinkbot/install/minibot_interfaces/include/minibot_interfaces/minibot_interfaces/msg/detail/robot_state__struct.hpp
-- Installing: /home/hanse/pinkbot/install/minibot_interfaces/include/minibot_interfaces/minibot_interfaces/msg/detail/lamp_command__builder.hpp
-- Installing: /home/hanse/pinkbot/install/minibot_interfaces/include/minibot_interfaces/minibot_interfaces/msg/detail/robot_state__builder.hpp
-- Installing: /home/hanse/pinkbot/install/minibot_interfaces/include/minibot_interfaces/minibot_interfaces/msg/detail/robot_state__traits.hpp
-- Installing: /home/hanse/pinkbot/install/minibot_interfaces/include/minibot_interfaces/minibot_interfaces/msg/detail/lamp_command__traits.hpp
-- Installing: /home/hanse/pinkbot/install/minibot_interfaces/include/minibot_interfaces/minibot_interfaces/msg/detail/lamp_command__struct.hpp
-- Installing: /home/hanse/pinkbot/install/minibot_interfaces/include/minibot_interfaces/minibot_interfaces/msg/lamp_command.hpp
-- Up-to-date: /home/hanse/pinkbot/install/minibot_interfaces/include/minibot_interfaces/minibot_interfaces
-- Up-to-date: /home/hanse/pinkbot/install/minibot_interfaces/include/minibot_interfaces/minibot_interfaces/msg
-- Installing: /home/hanse/pinkbot/install/minibot_interfaces/include/minibot_interfaces/minibot_interfaces/msg/rosidl_typesupport_fastrtps_cpp__visibility_control.h
-- Up-to-date: /home/hanse/pinkbot/install/minibot_interfaces/include/minibot_interfaces/minibot_interfaces/msg/detail
-- Installing: /home/hanse/pinkbot/install/minibot_interfaces/include/minibot_interfaces/minibot_interfaces/msg/detail/robot_state__rosidl_typesupport_fastrtps_cpp.hpp
-- Installing: /home/hanse/pinkbot/install/minibot_interfaces/include/minibot_interfaces/minibot_interfaces/msg/detail/lamp_command__rosidl_typesupport_fastrtps_cpp.hpp
-- Installing: /home/hanse/pinkbot/install/minibot_interfaces/include/minibot_interfaces/minibot_interfaces/msg/detail/dds_fastrtps
-- Installing: /home/hanse/pinkbot/install/minibot_interfaces/lib/libminibot_interfaces__rosidl_typesupport_fastrtps_cpp.so
-- Set runtime path of "/home/hanse/pinkbot/install/minibot_interfaces/lib/libminibot_interfaces__rosidl_typesupport_fastrtps_cpp.so" to ""
-- Up-to-date: /home/hanse/pinkbot/install/minibot_interfaces/include/minibot_interfaces/minibot_interfaces
-- Up-to-date: /home/hanse/pinkbot/install/minibot_interfaces/include/minibot_interfaces/minibot_interfaces/msg
-- Up-to-date: /home/hanse/pinkbot/install/minibot_interfaces/include/minibot_interfaces/minibot_interfaces/msg/detail
-- Installing: /home/hanse/pinkbot/install/minibot_interfaces/include/minibot_interfaces/minibot_interfaces/msg/detail/robot_state__rosidl_typesupport_introspection_c.h
-- Installing: /home/hanse/pinkbot/install/minibot_interfaces/include/minibot_interfaces/minibot_interfaces/msg/detail/robot_state__type_support.c
-- Installing: /home/hanse/pinkbot/install/minibot_interfaces/include/minibot_interfaces/minibot_interfaces/msg/detail/lamp_command__rosidl_typesupport_introspection_c.h
-- Installing: /home/hanse/pinkbot/install/minibot_interfaces/include/minibot_interfaces/minibot_interfaces/msg/detail/lamp_command__type_support.c
-- Installing: /home/hanse/pinkbot/install/minibot_interfaces/include/minibot_interfaces/minibot_interfaces/msg/rosidl_typesupport_introspection_c__visibility_control.h
-- Installing: /home/hanse/pinkbot/install/minibot_interfaces/lib/libminibot_interfaces__rosidl_typesupport_introspection_c.so
-- Set runtime path of "/home/hanse/pinkbot/install/minibot_interfaces/lib/libminibot_interfaces__rosidl_typesupport_introspection_c.so" to ""
-- Installing: /home/hanse/pinkbot/install/minibot_interfaces/lib/libminibot_interfaces__rosidl_typesupport_c.so
-- Set runtime path of "/home/hanse/pinkbot/install/minibot_interfaces/lib/libminibot_interfaces__rosidl_typesupport_c.so" to ""
-- Up-to-date: /home/hanse/pinkbot/install/minibot_interfaces/include/minibot_interfaces/minibot_interfaces
-- Up-to-date: /home/hanse/pinkbot/install/minibot_interfaces/include/minibot_interfaces/minibot_interfaces/msg
-- Up-to-date: /home/hanse/pinkbot/install/minibot_interfaces/include/minibot_interfaces/minibot_interfaces/msg/detail
-- Installing: /home/hanse/pinkbot/install/minibot_interfaces/include/minibot_interfaces/minibot_interfaces/msg/detail/lamp_command__rosidl_typesupport_introspection_cpp.hpp
-- Installing: /home/hanse/pinkbot/install/minibot_interfaces/include/minibot_interfaces/minibot_interfaces/msg/detail/robot_state__type_support.cpp
-- Installing: /home/hanse/pinkbot/install/minibot_interfaces/include/minibot_interfaces/minibot_interfaces/msg/detail/lamp_command__type_support.cpp
-- Installing: /home/hanse/pinkbot/install/minibot_interfaces/include/minibot_interfaces/minibot_interfaces/msg/detail/robot_state__rosidl_typesupport_introspection_cpp.hpp
-- Installing: /home/hanse/pinkbot/install/minibot_interfaces/lib/libminibot_interfaces__rosidl_typesupport_introspection_cpp.so
-- Set runtime path of "/home/hanse/pinkbot/install/minibot_interfaces/lib/libminibot_interfaces__rosidl_typesupport_introspection_cpp.so" to ""
-- Installing: /home/hanse/pinkbot/install/minibot_interfaces/lib/libminibot_interfaces__rosidl_typesupport_cpp.so
-- Set runtime path of "/home/hanse/pinkbot/install/minibot_interfaces/lib/libminibot_interfaces__rosidl_typesupport_cpp.so" to ""
-- Installing: /home/hanse/pinkbot/install/minibot_interfaces/share/minibot_interfaces/environment/pythonpath.sh
-- Installing: /home/hanse/pinkbot/install/minibot_interfaces/share/minibot_interfaces/environment/pythonpath.dsv
-- Installing: /home/hanse/pinkbot/install/minibot_interfaces/local/lib/python3.10/dist-packages/minibot_interfaces-0.0.0-py3.10.egg-info
-- Installing: /home/hanse/pinkbot/install/minibot_interfaces/local/lib/python3.10/dist-packages/minibot_interfaces-0.0.0-py3.10.egg-info/SOURCES.txt
-- Installing: /home/hanse/pinkbot/install/minibot_interfaces/local/lib/python3.10/dist-packages/minibot_interfaces-0.0.0-py3.10.egg-info/dependency_links.txt
-- Installing: /home/hanse/pinkbot/install/minibot_interfaces/local/lib/python3.10/dist-packages/minibot_interfaces-0.0.0-py3.10.egg-info/top_level.txt
-- Installing: /home/hanse/pinkbot/install/minibot_interfaces/local/lib/python3.10/dist-packages/minibot_interfaces-0.0.0-py3.10.egg-info/PKG-INFO
-- Installing: /home/hanse/pinkbot/install/minibot_interfaces/local/lib/python3.10/dist-packages/minibot_interfaces
-- Installing: /home/hanse/pinkbot/install/minibot_interfaces/local/lib/python3.10/dist-packages/minibot_interfaces/minibot_interfaces_s__rosidl_typesupport_introspection_c.cpython-310-x86_64-linux-gnu.so
-- Installing: /home/hanse/pinkbot/install/minibot_interfaces/local/lib/python3.10/dist-packages/minibot_interfaces/minibot_interfaces_s__rosidl_typesupport_fastrtps_c.cpython-310-x86_64-linux-gnu.so
-- Installing: /home/hanse/pinkbot/install/minibot_interfaces/local/lib/python3.10/dist-packages/minibot_interfaces/_minibot_interfaces_s.ep.rosidl_typesupport_c.c
-- Installing: /home/hanse/pinkbot/install/minibot_interfaces/local/lib/python3.10/dist-packages/minibot_interfaces/minibot_interfaces_s__rosidl_typesupport_c.cpython-310-x86_64-linux-gnu.so
-- Installing: /home/hanse/pinkbot/install/minibot_interfaces/local/lib/python3.10/dist-packages/minibot_interfaces/_minibot_interfaces_s.ep.rosidl_typesupport_fastrtps_c.c
-- Installing: /home/hanse/pinkbot/install/minibot_interfaces/local/lib/python3.10/dist-packages/minibot_interfaces/msg
-- Installing: /home/hanse/pinkbot/install/minibot_interfaces/local/lib/python3.10/dist-packages/minibot_interfaces/msg/_lamp_command.py
-- Installing: /home/hanse/pinkbot/install/minibot_interfaces/local/lib/python3.10/dist-packages/minibot_interfaces/msg/_lamp_command_s.c
-- Installing: /home/hanse/pinkbot/install/minibot_interfaces/local/lib/python3.10/dist-packages/minibot_interfaces/msg/_robot_state.py
-- Installing: /home/hanse/pinkbot/install/minibot_interfaces/local/lib/python3.10/dist-packages/minibot_interfaces/msg/_robot_state_s.c
-- Installing: /home/hanse/pinkbot/install/minibot_interfaces/local/lib/python3.10/dist-packages/minibot_interfaces/msg/__init__.py
-- Installing: /home/hanse/pinkbot/install/minibot_interfaces/local/lib/python3.10/dist-packages/minibot_interfaces/_minibot_interfaces_s.ep.rosidl_typesupport_introspection_c.c
-- Installing: /home/hanse/pinkbot/install/minibot_interfaces/local/lib/python3.10/dist-packages/minibot_interfaces/libminibot_interfaces__rosidl_generator_py.so
-- Installing: /home/hanse/pinkbot/install/minibot_interfaces/local/lib/python3.10/dist-packages/minibot_interfaces/__init__.py
Listing '/home/hanse/pinkbot/install/minibot_interfaces/local/lib/python3.10/dist-packages/minibot_interfaces'...
Compiling '/home/hanse/pinkbot/install/minibot_interfaces/local/lib/python3.10/dist-packages/minibot_interfaces/__init__.py'...
Listing '/home/hanse/pinkbot/install/minibot_interfaces/local/lib/python3.10/dist-packages/minibot_interfaces/msg'...
Compiling '/home/hanse/pinkbot/install/minibot_interfaces/local/lib/python3.10/dist-packages/minibot_interfaces/msg/__init__.py'...
Compiling '/home/hanse/pinkbot/install/minibot_interfaces/local/lib/python3.10/dist-packages/minibot_interfaces/msg/_lamp_command.py'...
Compiling '/home/hanse/pinkbot/install/minibot_interfaces/local/lib/python3.10/dist-packages/minibot_interfaces/msg/_robot_state.py'...
-- Installing: /home/hanse/pinkbot/install/minibot_interfaces/local/lib/python3.10/dist-packages/minibot_interfaces/minibot_interfaces_s__rosidl_typesupport_fastrtps_c.cpython-310-x86_64-linux-gnu.so
-- Set runtime path of "/home/hanse/pinkbot/install/minibot_interfaces/local/lib/python3.10/dist-packages/minibot_interfaces/minibot_interfaces_s__rosidl_typesupport_fastrtps_c.cpython-310-x86_64-linux-gnu.so" to ""
-- Installing: /home/hanse/pinkbot/install/minibot_interfaces/local/lib/python3.10/dist-packages/minibot_interfaces/minibot_interfaces_s__rosidl_typesupport_introspection_c.cpython-310-x86_64-linux-gnu.so
-- Set runtime path of "/home/hanse/pinkbot/install/minibot_interfaces/local/lib/python3.10/dist-packages/minibot_interfaces/minibot_interfaces_s__rosidl_typesupport_introspection_c.cpython-310-x86_64-linux-gnu.so" to ""
-- Installing: /home/hanse/pinkbot/install/minibot_interfaces/local/lib/python3.10/dist-packages/minibot_interfaces/minibot_interfaces_s__rosidl_typesupport_c.cpython-310-x86_64-linux-gnu.so
-- Set runtime path of "/home/hanse/pinkbot/install/minibot_interfaces/local/lib/python3.10/dist-packages/minibot_interfaces/minibot_interfaces_s__rosidl_typesupport_c.cpython-310-x86_64-linux-gnu.so" to ""
-- Installing: /home/hanse/pinkbot/install/minibot_interfaces/lib/libminibot_interfaces__rosidl_generator_py.so
-- Set runtime path of "/home/hanse/pinkbot/install/minibot_interfaces/lib/libminibot_interfaces__rosidl_generator_py.so" to ""
-- Installing: /home/hanse/pinkbot/install/minibot_interfaces/share/minibot_interfaces/msg/LampCommand.idl
-- Installing: /home/hanse/pinkbot/install/minibot_interfaces/share/minibot_interfaces/msg/RobotState.idl
-- Installing: /home/hanse/pinkbot/install/minibot_interfaces/share/minibot_interfaces/msg/LampCommand.msg
-- Installing: /home/hanse/pinkbot/install/minibot_interfaces/share/minibot_interfaces/msg/RobotState.msg
-- Installing: /home/hanse/pinkbot/install/minibot_interfaces/share/ament_index/resource_index/package_run_dependencies/minibot_interfaces
-- Installing: /home/hanse/pinkbot/install/minibot_interfaces/share/ament_index/resource_index/parent_prefix_path/minibot_interfaces
-- Installing: /home/hanse/pinkbot/install/minibot_interfaces/share/minibot_interfaces/environment/ament_prefix_path.sh
-- Installing: /home/hanse/pinkbot/install/minibot_interfaces/share/minibot_interfaces/environment/ament_prefix_path.dsv
-- Installing: /home/hanse/pinkbot/install/minibot_interfaces/share/minibot_interfaces/environment/path.sh
-- Installing: /home/hanse/pinkbot/install/minibot_interfaces/share/minibot_interfaces/environment/path.dsv
-- Installing: /home/hanse/pinkbot/install/minibot_interfaces/share/minibot_interfaces/local_setup.bash
-- Installing: /home/hanse/pinkbot/install/minibot_interfaces/share/minibot_interfaces/local_setup.sh
-- Installing: /home/hanse/pinkbot/install/minibot_interfaces/share/minibot_interfaces/local_setup.zsh
-- Installing: /home/hanse/pinkbot/install/minibot_interfaces/share/minibot_interfaces/local_setup.dsv
-- Installing: /home/hanse/pinkbot/install/minibot_interfaces/share/minibot_interfaces/package.dsv
-- Installing: /home/hanse/pinkbot/install/minibot_interfaces/share/ament_index/resource_index/packages/minibot_interfaces
-- Installing: /home/hanse/pinkbot/install/minibot_interfaces/share/minibot_interfaces/cmake/export_minibot_interfaces__rosidl_generator_cExport.cmake
-- Installing: /home/hanse/pinkbot/install/minibot_interfaces/share/minibot_interfaces/cmake/export_minibot_interfaces__rosidl_generator_cExport-noconfig.cmake
-- Installing: /home/hanse/pinkbot/install/minibot_interfaces/share/minibot_interfaces/cmake/export_minibot_interfaces__rosidl_typesupport_fastrtps_cExport.cmake
-- Installing: /home/hanse/pinkbot/install/minibot_interfaces/share/minibot_interfaces/cmake/export_minibot_interfaces__rosidl_typesupport_fastrtps_cExport-noconfig.cmake
-- Installing: /home/hanse/pinkbot/install/minibot_interfaces/share/minibot_interfaces/cmake/export_minibot_interfaces__rosidl_generator_cppExport.cmake
-- Installing: /home/hanse/pinkbot/install/minibot_interfaces/share/minibot_interfaces/cmake/export_minibot_interfaces__rosidl_typesupport_fastrtps_cppExport.cmake
-- Installing: /home/hanse/pinkbot/install/minibot_interfaces/share/minibot_interfaces/cmake/export_minibot_interfaces__rosidl_typesupport_fastrtps_cppExport-noconfig.cmake
-- Installing: /home/hanse/pinkbot/install/minibot_interfaces/share/minibot_interfaces/cmake/minibot_interfaces__rosidl_typesupport_introspection_cExport.cmake
-- Installing: /home/hanse/pinkbot/install/minibot_interfaces/share/minibot_interfaces/cmake/minibot_interfaces__rosidl_typesupport_introspection_cExport-noconfig.cmake
-- Installing: /home/hanse/pinkbot/install/minibot_interfaces/share/minibot_interfaces/cmake/minibot_interfaces__rosidl_typesupport_cExport.cmake
-- Installing: /home/hanse/pinkbot/install/minibot_interfaces/share/minibot_interfaces/cmake/minibot_interfaces__rosidl_typesupport_cExport-noconfig.cmake
-- Installing: /home/hanse/pinkbot/install/minibot_interfaces/share/minibot_interfaces/cmake/minibot_interfaces__rosidl_typesupport_introspection_cppExport.cmake
-- Installing: /home/hanse/pinkbot/install/minibot_interfaces/share/minibot_interfaces/cmake/minibot_interfaces__rosidl_typesupport_introspection_cppExport-noconfig.cmake
-- Installing: /home/hanse/pinkbot/install/minibot_interfaces/share/minibot_interfaces/cmake/minibot_interfaces__rosidl_typesupport_cppExport.cmake
-- Installing: /home/hanse/pinkbot/install/minibot_interfaces/share/minibot_interfaces/cmake/minibot_interfaces__rosidl_typesupport_cppExport-noconfig.cmake
-- Installing: /home/hanse/pinkbot/install/minibot_interfaces/share/minibot_interfaces/cmake/export_minibot_interfaces__rosidl_generator_pyExport.cmake
-- Installing: /home/hanse/pinkbot/install/minibot_interfaces/share/minibot_interfaces/cmake/export_minibot_interfaces__rosidl_generator_pyExport-noconfig.cmake
-- Installing: /home/hanse/pinkbot/install/minibot_interfaces/share/minibot_interfaces/cmake/rosidl_cmake-extras.cmake
-- Installing: /home/hanse/pinkbot/install/minibot_interfaces/share/minibot_interfaces/cmake/ament_cmake_export_dependencies-extras.cmake
-- Installing: /home/hanse/pinkbot/install/minibot_interfaces/share/minibot_interfaces/cmake/ament_cmake_export_include_directories-extras.cmake
-- Installing: /home/hanse/pinkbot/install/minibot_interfaces/share/minibot_interfaces/cmake/ament_cmake_export_libraries-extras.cmake
-- Installing: /home/hanse/pinkbot/install/minibot_interfaces/share/minibot_interfaces/cmake/ament_cmake_export_targets-extras.cmake
-- Installing: /home/hanse/pinkbot/install/minibot_interfaces/share/minibot_interfaces/cmake/rosidl_cmake_export_typesupport_targets-extras.cmake
-- Installing: /home/hanse/pinkbot/install/minibot_interfaces/share/minibot_interfaces/cmake/rosidl_cmake_export_typesupport_libraries-extras.cmake
-- Installing: /home/hanse/pinkbot/install/minibot_interfaces/share/minibot_interfaces/cmake/minibot_interfacesConfig.cmake
-- Installing: /home/hanse/pinkbot/install/minibot_interfaces/share/minibot_interfaces/cmake/minibot_interfacesConfig-version.cmake
-- Installing: /home/hanse/pinkbot/install/minibot_interfaces/share/minibot_interfaces/package.xml
