[0.119s] Invoking command in '/home/hanse/pinkbot/build/minibot_interfaces': CMAKE_PREFIX_PATH=/opt/ros/humble /usr/bin/cmake --build /home/hanse/pinkbot/build/minibot_interfaces -- -j8 -l8
[0.148s] [35m[1mConsolidate compiler generated dependencies of target minibot_interfaces__rosidl_generator_c[0m
[0.156s] [  2%] Built target minibot_interfaces__cpp
[0.158s] [ 12%] Built target minibot_interfaces__rosidl_generator_c
[0.163s] [ 12%] Built target ament_cmake_python_copy_minibot_interfaces
[0.166s] [35m[1mConsolidate compiler generated dependencies of target minibot_interfaces__rosidl_typesupport_cpp[0m
[0.168s] [35m[1mConsolidate compiler generated dependencies of target minibot_interfaces__rosidl_typesupport_fastrtps_cpp[0m
[0.169s] [35m[1mConsolidate compiler generated dependencies of target minibot_interfaces__rosidl_typesupport_introspection_c[0m
[0.173s] [35m[1mConsolidate compiler generated dependencies of target minibot_interfaces__rosidl_typesupport_introspection_cpp[0m
[0.173s] [35m[1mConsolidate compiler generated dependencies of target minibot_interfaces__rosidl_typesupport_fastrtps_c[0m
[0.173s] [35m[1mConsolidate compiler generated dependencies of target minibot_interfaces__rosidl_typesupport_c[0m
[0.181s] [ 23%] Built target minibot_interfaces__rosidl_typesupport_cpp
[0.182s] [ 33%] Built target minibot_interfaces__rosidl_typesupport_introspection_c
[0.189s] [ 51%] Built target minibot_interfaces__rosidl_typesupport_introspection_cpp
[0.189s] [ 53%] Built target minibot_interfaces__rosidl_typesupport_fastrtps_c
[0.192s] [ 64%] Built target minibot_interfaces__rosidl_typesupport_c
[0.193s] [ 74%] Built target minibot_interfaces__rosidl_typesupport_fastrtps_cpp
[0.210s] [ 74%] Built target minibot_interfaces
[0.227s] [ 76%] Built target minibot_interfaces__py
[0.235s] [35m[1mConsolidate compiler generated dependencies of target minibot_interfaces__rosidl_generator_py[0m
[0.244s] [ 84%] Built target minibot_interfaces__rosidl_generator_py
[0.253s] [35m[1mConsolidate compiler generated dependencies of target minibot_interfaces__rosidl_typesupport_fastrtps_c__pyext[0m
[0.255s] [35m[1mConsolidate compiler generated dependencies of target minibot_interfaces__rosidl_typesupport_c__pyext[0m
[0.255s] [35m[1mConsolidate compiler generated dependencies of target minibot_interfaces__rosidl_typesupport_introspection_c__pyext[0m
[0.264s] [ 89%] Built target minibot_interfaces__rosidl_typesupport_fastrtps_c__pyext
[0.268s] [ 94%] Built target minibot_interfaces__rosidl_typesupport_c__pyext
[0.270s] [100%] Built target minibot_interfaces__rosidl_typesupport_introspection_c__pyext
[0.405s] running egg_info
[0.406s] writing minibot_interfaces.egg-info/PKG-INFO
[0.406s] writing dependency_links to minibot_interfaces.egg-info/dependency_links.txt
[0.406s] writing top-level names to minibot_interfaces.egg-info/top_level.txt
[0.408s] reading manifest file 'minibot_interfaces.egg-info/SOURCES.txt'
[0.408s] writing manifest file 'minibot_interfaces.egg-info/SOURCES.txt'
[0.429s] [100%] Built target ament_cmake_python_build_minibot_interfaces_egg
[0.462s] Invoked command in '/home/hanse/pinkbot/build/minibot_interfaces' returned '0': CMAKE_PREFIX_PATH=/opt/ros/humble /usr/bin/cmake --build /home/hanse/pinkbot/build/minibot_interfaces -- -j8 -l8
[0.509s] Invoking command in '/home/hanse/pinkbot/build/minibot_interfaces': CMAKE_PREFIX_PATH=/opt/ros/humble /usr/bin/cmake --install /home/hanse/pinkbot/build/minibot_interfaces
[0.516s] -- Install configuration: ""
[0.516s] -- Installing: /home/hanse/pinkbot/install/minibot_interfaces/share/ament_index/resource_index/rosidl_interfaces/minibot_interfaces
[0.516s] -- Installing: /home/hanse/pinkbot/install/minibot_interfaces/include/minibot_interfaces/minibot_interfaces
[0.516s] -- Installing: /home/hanse/pinkbot/install/minibot_interfaces/include/minibot_interfaces/minibot_interfaces/msg
[0.516s] -- Installing: /home/hanse/pinkbot/install/minibot_interfaces/include/minibot_interfaces/minibot_interfaces/msg/robot_state.h
[0.517s] -- Installing: /home/hanse/pinkbot/install/minibot_interfaces/include/minibot_interfaces/minibot_interfaces/msg/detail
[0.517s] -- Installing: /home/hanse/pinkbot/install/minibot_interfaces/include/minibot_interfaces/minibot_interfaces/msg/detail/lamp_command__struct.h
[0.517s] -- Installing: /home/hanse/pinkbot/install/minibot_interfaces/include/minibot_interfaces/minibot_interfaces/msg/detail/lamp_command__functions.c
[0.517s] -- Installing: /home/hanse/pinkbot/install/minibot_interfaces/include/minibot_interfaces/minibot_interfaces/msg/detail/robot_state__functions.c
[0.517s] -- Installing: /home/hanse/pinkbot/install/minibot_interfaces/include/minibot_interfaces/minibot_interfaces/msg/detail/robot_state__functions.h
[0.517s] -- Installing: /home/hanse/pinkbot/install/minibot_interfaces/include/minibot_interfaces/minibot_interfaces/msg/detail/robot_state__type_support.h
[0.517s] -- Installing: /home/hanse/pinkbot/install/minibot_interfaces/include/minibot_interfaces/minibot_interfaces/msg/detail/robot_state__struct.h
[0.517s] -- Installing: /home/hanse/pinkbot/install/minibot_interfaces/include/minibot_interfaces/minibot_interfaces/msg/detail/lamp_command__functions.h
[0.517s] -- Installing: /home/hanse/pinkbot/install/minibot_interfaces/include/minibot_interfaces/minibot_interfaces/msg/detail/lamp_command__type_support.h
[0.517s] -- Installing: /home/hanse/pinkbot/install/minibot_interfaces/include/minibot_interfaces/minibot_interfaces/msg/rosidl_generator_c__visibility_control.h
[0.517s] -- Installing: /home/hanse/pinkbot/install/minibot_interfaces/include/minibot_interfaces/minibot_interfaces/msg/lamp_command.h
[0.517s] -- Installing: /home/hanse/pinkbot/install/minibot_interfaces/share/minibot_interfaces/environment/library_path.sh
[0.517s] -- Installing: /home/hanse/pinkbot/install/minibot_interfaces/share/minibot_interfaces/environment/library_path.dsv
[0.517s] -- Installing: /home/hanse/pinkbot/install/minibot_interfaces/lib/libminibot_interfaces__rosidl_generator_c.so
[0.517s] -- Set runtime path of "/home/hanse/pinkbot/install/minibot_interfaces/lib/libminibot_interfaces__rosidl_generator_c.so" to ""
[0.517s] -- Up-to-date: /home/hanse/pinkbot/install/minibot_interfaces/include/minibot_interfaces/minibot_interfaces
[0.517s] -- Up-to-date: /home/hanse/pinkbot/install/minibot_interfaces/include/minibot_interfaces/minibot_interfaces/msg
[0.517s] -- Installing: /home/hanse/pinkbot/install/minibot_interfaces/include/minibot_interfaces/minibot_interfaces/msg/rosidl_typesupport_fastrtps_c__visibility_control.h
[0.518s] -- Up-to-date: /home/hanse/pinkbot/install/minibot_interfaces/include/minibot_interfaces/minibot_interfaces/msg/detail
[0.518s] -- Installing: /home/hanse/pinkbot/install/minibot_interfaces/include/minibot_interfaces/minibot_interfaces/msg/detail/robot_state__rosidl_typesupport_fastrtps_c.h
[0.518s] -- Installing: /home/hanse/pinkbot/install/minibot_interfaces/include/minibot_interfaces/minibot_interfaces/msg/detail/lamp_command__rosidl_typesupport_fastrtps_c.h
[0.518s] -- Installing: /home/hanse/pinkbot/install/minibot_interfaces/lib/libminibot_interfaces__rosidl_typesupport_fastrtps_c.so
[0.518s] -- Set runtime path of "/home/hanse/pinkbot/install/minibot_interfaces/lib/libminibot_interfaces__rosidl_typesupport_fastrtps_c.so" to ""
[0.518s] -- Up-to-date: /home/hanse/pinkbot/install/minibot_interfaces/include/minibot_interfaces/minibot_interfaces
[0.518s] -- Up-to-date: /home/hanse/pinkbot/install/minibot_interfaces/include/minibot_interfaces/minibot_interfaces/msg
[0.518s] -- Installing: /home/hanse/pinkbot/install/minibot_interfaces/include/minibot_interfaces/minibot_interfaces/msg/robot_state.hpp
[0.518s] -- Up-to-date: /home/hanse/pinkbot/install/minibot_interfaces/include/minibot_interfaces/minibot_interfaces/msg/detail
[0.518s] -- Installing: /home/hanse/pinkbot/install/minibot_interfaces/include/minibot_interfaces/minibot_interfaces/msg/detail/robot_state__struct.hpp
[0.518s] -- Installing: /home/hanse/pinkbot/install/minibot_interfaces/include/minibot_interfaces/minibot_interfaces/msg/detail/lamp_command__builder.hpp
[0.518s] -- Installing: /home/hanse/pinkbot/install/minibot_interfaces/include/minibot_interfaces/minibot_interfaces/msg/detail/robot_state__builder.hpp
[0.518s] -- Installing: /home/hanse/pinkbot/install/minibot_interfaces/include/minibot_interfaces/minibot_interfaces/msg/detail/robot_state__traits.hpp
[0.518s] -- Installing: /home/hanse/pinkbot/install/minibot_interfaces/include/minibot_interfaces/minibot_interfaces/msg/detail/lamp_command__traits.hpp
[0.518s] -- Installing: /home/hanse/pinkbot/install/minibot_interfaces/include/minibot_interfaces/minibot_interfaces/msg/detail/lamp_command__struct.hpp
[0.518s] -- Installing: /home/hanse/pinkbot/install/minibot_interfaces/include/minibot_interfaces/minibot_interfaces/msg/lamp_command.hpp
[0.518s] -- Up-to-date: /home/hanse/pinkbot/install/minibot_interfaces/include/minibot_interfaces/minibot_interfaces
[0.518s] -- Up-to-date: /home/hanse/pinkbot/install/minibot_interfaces/include/minibot_interfaces/minibot_interfaces/msg
[0.518s] -- Installing: /home/hanse/pinkbot/install/minibot_interfaces/include/minibot_interfaces/minibot_interfaces/msg/rosidl_typesupport_fastrtps_cpp__visibility_control.h
[0.518s] -- Up-to-date: /home/hanse/pinkbot/install/minibot_interfaces/include/minibot_interfaces/minibot_interfaces/msg/detail
[0.518s] -- Installing: /home/hanse/pinkbot/install/minibot_interfaces/include/minibot_interfaces/minibot_interfaces/msg/detail/robot_state__rosidl_typesupport_fastrtps_cpp.hpp
[0.518s] -- Installing: /home/hanse/pinkbot/install/minibot_interfaces/include/minibot_interfaces/minibot_interfaces/msg/detail/lamp_command__rosidl_typesupport_fastrtps_cpp.hpp
[0.519s] -- Installing: /home/hanse/pinkbot/install/minibot_interfaces/include/minibot_interfaces/minibot_interfaces/msg/detail/dds_fastrtps
[0.519s] -- Installing: /home/hanse/pinkbot/install/minibot_interfaces/lib/libminibot_interfaces__rosidl_typesupport_fastrtps_cpp.so
[0.519s] -- Set runtime path of "/home/hanse/pinkbot/install/minibot_interfaces/lib/libminibot_interfaces__rosidl_typesupport_fastrtps_cpp.so" to ""
[0.519s] -- Up-to-date: /home/hanse/pinkbot/install/minibot_interfaces/include/minibot_interfaces/minibot_interfaces
[0.519s] -- Up-to-date: /home/hanse/pinkbot/install/minibot_interfaces/include/minibot_interfaces/minibot_interfaces/msg
[0.519s] -- Up-to-date: /home/hanse/pinkbot/install/minibot_interfaces/include/minibot_interfaces/minibot_interfaces/msg/detail
[0.519s] -- Installing: /home/hanse/pinkbot/install/minibot_interfaces/include/minibot_interfaces/minibot_interfaces/msg/detail/robot_state__rosidl_typesupport_introspection_c.h
[0.519s] -- Installing: /home/hanse/pinkbot/install/minibot_interfaces/include/minibot_interfaces/minibot_interfaces/msg/detail/robot_state__type_support.c
[0.519s] -- Installing: /home/hanse/pinkbot/install/minibot_interfaces/include/minibot_interfaces/minibot_interfaces/msg/detail/lamp_command__rosidl_typesupport_introspection_c.h
[0.519s] -- Installing: /home/hanse/pinkbot/install/minibot_interfaces/include/minibot_interfaces/minibot_interfaces/msg/detail/lamp_command__type_support.c
[0.519s] -- Installing: /home/hanse/pinkbot/install/minibot_interfaces/include/minibot_interfaces/minibot_interfaces/msg/rosidl_typesupport_introspection_c__visibility_control.h
[0.519s] -- Installing: /home/hanse/pinkbot/install/minibot_interfaces/lib/libminibot_interfaces__rosidl_typesupport_introspection_c.so
[0.519s] -- Set runtime path of "/home/hanse/pinkbot/install/minibot_interfaces/lib/libminibot_interfaces__rosidl_typesupport_introspection_c.so" to ""
[0.519s] -- Installing: /home/hanse/pinkbot/install/minibot_interfaces/lib/libminibot_interfaces__rosidl_typesupport_c.so
[0.519s] -- Set runtime path of "/home/hanse/pinkbot/install/minibot_interfaces/lib/libminibot_interfaces__rosidl_typesupport_c.so" to ""
[0.519s] -- Up-to-date: /home/hanse/pinkbot/install/minibot_interfaces/include/minibot_interfaces/minibot_interfaces
[0.519s] -- Up-to-date: /home/hanse/pinkbot/install/minibot_interfaces/include/minibot_interfaces/minibot_interfaces/msg
[0.519s] -- Up-to-date: /home/hanse/pinkbot/install/minibot_interfaces/include/minibot_interfaces/minibot_interfaces/msg/detail
[0.520s] -- Installing: /home/hanse/pinkbot/install/minibot_interfaces/include/minibot_interfaces/minibot_interfaces/msg/detail/lamp_command__rosidl_typesupport_introspection_cpp.hpp
[0.520s] -- Installing: /home/hanse/pinkbot/install/minibot_interfaces/include/minibot_interfaces/minibot_interfaces/msg/detail/robot_state__type_support.cpp
[0.520s] -- Installing: /home/hanse/pinkbot/install/minibot_interfaces/include/minibot_interfaces/minibot_interfaces/msg/detail/lamp_command__type_support.cpp
[0.520s] -- Installing: /home/hanse/pinkbot/install/minibot_interfaces/include/minibot_interfaces/minibot_interfaces/msg/detail/robot_state__rosidl_typesupport_introspection_cpp.hpp
[0.520s] -- Installing: /home/hanse/pinkbot/install/minibot_interfaces/lib/libminibot_interfaces__rosidl_typesupport_introspection_cpp.so
[0.520s] -- Set runtime path of "/home/hanse/pinkbot/install/minibot_interfaces/lib/libminibot_interfaces__rosidl_typesupport_introspection_cpp.so" to ""
[0.520s] -- Installing: /home/hanse/pinkbot/install/minibot_interfaces/lib/libminibot_interfaces__rosidl_typesupport_cpp.so
[0.520s] -- Set runtime path of "/home/hanse/pinkbot/install/minibot_interfaces/lib/libminibot_interfaces__rosidl_typesupport_cpp.so" to ""
[0.520s] -- Installing: /home/hanse/pinkbot/install/minibot_interfaces/share/minibot_interfaces/environment/pythonpath.sh
[0.520s] -- Installing: /home/hanse/pinkbot/install/minibot_interfaces/share/minibot_interfaces/environment/pythonpath.dsv
[0.520s] -- Installing: /home/hanse/pinkbot/install/minibot_interfaces/local/lib/python3.10/dist-packages/minibot_interfaces-0.0.0-py3.10.egg-info
[0.520s] -- Installing: /home/hanse/pinkbot/install/minibot_interfaces/local/lib/python3.10/dist-packages/minibot_interfaces-0.0.0-py3.10.egg-info/SOURCES.txt
[0.520s] -- Installing: /home/hanse/pinkbot/install/minibot_interfaces/local/lib/python3.10/dist-packages/minibot_interfaces-0.0.0-py3.10.egg-info/dependency_links.txt
[0.520s] -- Installing: /home/hanse/pinkbot/install/minibot_interfaces/local/lib/python3.10/dist-packages/minibot_interfaces-0.0.0-py3.10.egg-info/top_level.txt
[0.520s] -- Installing: /home/hanse/pinkbot/install/minibot_interfaces/local/lib/python3.10/dist-packages/minibot_interfaces-0.0.0-py3.10.egg-info/PKG-INFO
[0.520s] -- Installing: /home/hanse/pinkbot/install/minibot_interfaces/local/lib/python3.10/dist-packages/minibot_interfaces
[0.520s] -- Installing: /home/hanse/pinkbot/install/minibot_interfaces/local/lib/python3.10/dist-packages/minibot_interfaces/minibot_interfaces_s__rosidl_typesupport_introspection_c.cpython-310-x86_64-linux-gnu.so
[0.521s] -- Installing: /home/hanse/pinkbot/install/minibot_interfaces/local/lib/python3.10/dist-packages/minibot_interfaces/minibot_interfaces_s__rosidl_typesupport_fastrtps_c.cpython-310-x86_64-linux-gnu.so
[0.521s] -- Installing: /home/hanse/pinkbot/install/minibot_interfaces/local/lib/python3.10/dist-packages/minibot_interfaces/_minibot_interfaces_s.ep.rosidl_typesupport_c.c
[0.521s] -- Installing: /home/hanse/pinkbot/install/minibot_interfaces/local/lib/python3.10/dist-packages/minibot_interfaces/minibot_interfaces_s__rosidl_typesupport_c.cpython-310-x86_64-linux-gnu.so
[0.521s] -- Installing: /home/hanse/pinkbot/install/minibot_interfaces/local/lib/python3.10/dist-packages/minibot_interfaces/_minibot_interfaces_s.ep.rosidl_typesupport_fastrtps_c.c
[0.521s] -- Installing: /home/hanse/pinkbot/install/minibot_interfaces/local/lib/python3.10/dist-packages/minibot_interfaces/msg
[0.521s] -- Installing: /home/hanse/pinkbot/install/minibot_interfaces/local/lib/python3.10/dist-packages/minibot_interfaces/msg/_lamp_command.py
[0.521s] -- Installing: /home/hanse/pinkbot/install/minibot_interfaces/local/lib/python3.10/dist-packages/minibot_interfaces/msg/_lamp_command_s.c
[0.521s] -- Installing: /home/hanse/pinkbot/install/minibot_interfaces/local/lib/python3.10/dist-packages/minibot_interfaces/msg/_robot_state.py
[0.521s] -- Installing: /home/hanse/pinkbot/install/minibot_interfaces/local/lib/python3.10/dist-packages/minibot_interfaces/msg/_robot_state_s.c
[0.521s] -- Installing: /home/hanse/pinkbot/install/minibot_interfaces/local/lib/python3.10/dist-packages/minibot_interfaces/msg/__init__.py
[0.521s] -- Installing: /home/hanse/pinkbot/install/minibot_interfaces/local/lib/python3.10/dist-packages/minibot_interfaces/_minibot_interfaces_s.ep.rosidl_typesupport_introspection_c.c
[0.521s] -- Installing: /home/hanse/pinkbot/install/minibot_interfaces/local/lib/python3.10/dist-packages/minibot_interfaces/libminibot_interfaces__rosidl_generator_py.so
[0.521s] -- Installing: /home/hanse/pinkbot/install/minibot_interfaces/local/lib/python3.10/dist-packages/minibot_interfaces/__init__.py
[0.554s] Listing '/home/hanse/pinkbot/install/minibot_interfaces/local/lib/python3.10/dist-packages/minibot_interfaces'...
[0.554s] Compiling '/home/hanse/pinkbot/install/minibot_interfaces/local/lib/python3.10/dist-packages/minibot_interfaces/__init__.py'...
[0.554s] Listing '/home/hanse/pinkbot/install/minibot_interfaces/local/lib/python3.10/dist-packages/minibot_interfaces/msg'...
[0.554s] Compiling '/home/hanse/pinkbot/install/minibot_interfaces/local/lib/python3.10/dist-packages/minibot_interfaces/msg/__init__.py'...
[0.554s] Compiling '/home/hanse/pinkbot/install/minibot_interfaces/local/lib/python3.10/dist-packages/minibot_interfaces/msg/_lamp_command.py'...
[0.554s] Compiling '/home/hanse/pinkbot/install/minibot_interfaces/local/lib/python3.10/dist-packages/minibot_interfaces/msg/_robot_state.py'...
[0.554s] -- Installing: /home/hanse/pinkbot/install/minibot_interfaces/local/lib/python3.10/dist-packages/minibot_interfaces/minibot_interfaces_s__rosidl_typesupport_fastrtps_c.cpython-310-x86_64-linux-gnu.so
[0.554s] -- Set runtime path of "/home/hanse/pinkbot/install/minibot_interfaces/local/lib/python3.10/dist-packages/minibot_interfaces/minibot_interfaces_s__rosidl_typesupport_fastrtps_c.cpython-310-x86_64-linux-gnu.so" to ""
[0.554s] -- Installing: /home/hanse/pinkbot/install/minibot_interfaces/local/lib/python3.10/dist-packages/minibot_interfaces/minibot_interfaces_s__rosidl_typesupport_introspection_c.cpython-310-x86_64-linux-gnu.so
[0.554s] -- Set runtime path of "/home/hanse/pinkbot/install/minibot_interfaces/local/lib/python3.10/dist-packages/minibot_interfaces/minibot_interfaces_s__rosidl_typesupport_introspection_c.cpython-310-x86_64-linux-gnu.so" to ""
[0.555s] -- Installing: /home/hanse/pinkbot/install/minibot_interfaces/local/lib/python3.10/dist-packages/minibot_interfaces/minibot_interfaces_s__rosidl_typesupport_c.cpython-310-x86_64-linux-gnu.so
[0.555s] -- Set runtime path of "/home/hanse/pinkbot/install/minibot_interfaces/local/lib/python3.10/dist-packages/minibot_interfaces/minibot_interfaces_s__rosidl_typesupport_c.cpython-310-x86_64-linux-gnu.so" to ""
[0.555s] -- Installing: /home/hanse/pinkbot/install/minibot_interfaces/lib/libminibot_interfaces__rosidl_generator_py.so
[0.555s] -- Set runtime path of "/home/hanse/pinkbot/install/minibot_interfaces/lib/libminibot_interfaces__rosidl_generator_py.so" to ""
[0.555s] -- Installing: /home/hanse/pinkbot/install/minibot_interfaces/share/minibot_interfaces/msg/LampCommand.idl
[0.555s] -- Installing: /home/hanse/pinkbot/install/minibot_interfaces/share/minibot_interfaces/msg/RobotState.idl
[0.555s] -- Installing: /home/hanse/pinkbot/install/minibot_interfaces/share/minibot_interfaces/msg/LampCommand.msg
[0.555s] -- Installing: /home/hanse/pinkbot/install/minibot_interfaces/share/minibot_interfaces/msg/RobotState.msg
[0.555s] -- Installing: /home/hanse/pinkbot/install/minibot_interfaces/share/ament_index/resource_index/package_run_dependencies/minibot_interfaces
[0.555s] -- Installing: /home/hanse/pinkbot/install/minibot_interfaces/share/ament_index/resource_index/parent_prefix_path/minibot_interfaces
[0.555s] -- Installing: /home/hanse/pinkbot/install/minibot_interfaces/share/minibot_interfaces/environment/ament_prefix_path.sh
[0.555s] -- Installing: /home/hanse/pinkbot/install/minibot_interfaces/share/minibot_interfaces/environment/ament_prefix_path.dsv
[0.555s] -- Installing: /home/hanse/pinkbot/install/minibot_interfaces/share/minibot_interfaces/environment/path.sh
[0.555s] -- Installing: /home/hanse/pinkbot/install/minibot_interfaces/share/minibot_interfaces/environment/path.dsv
[0.555s] -- Installing: /home/hanse/pinkbot/install/minibot_interfaces/share/minibot_interfaces/local_setup.bash
[0.555s] -- Installing: /home/hanse/pinkbot/install/minibot_interfaces/share/minibot_interfaces/local_setup.sh
[0.555s] -- Installing: /home/hanse/pinkbot/install/minibot_interfaces/share/minibot_interfaces/local_setup.zsh
[0.555s] -- Installing: /home/hanse/pinkbot/install/minibot_interfaces/share/minibot_interfaces/local_setup.dsv
[0.555s] -- Installing: /home/hanse/pinkbot/install/minibot_interfaces/share/minibot_interfaces/package.dsv
[0.555s] -- Installing: /home/hanse/pinkbot/install/minibot_interfaces/share/ament_index/resource_index/packages/minibot_interfaces
[0.555s] -- Installing: /home/hanse/pinkbot/install/minibot_interfaces/share/minibot_interfaces/cmake/export_minibot_interfaces__rosidl_generator_cExport.cmake
[0.555s] -- Installing: /home/hanse/pinkbot/install/minibot_interfaces/share/minibot_interfaces/cmake/export_minibot_interfaces__rosidl_generator_cExport-noconfig.cmake
[0.555s] -- Installing: /home/hanse/pinkbot/install/minibot_interfaces/share/minibot_interfaces/cmake/export_minibot_interfaces__rosidl_typesupport_fastrtps_cExport.cmake
[0.555s] -- Installing: /home/hanse/pinkbot/install/minibot_interfaces/share/minibot_interfaces/cmake/export_minibot_interfaces__rosidl_typesupport_fastrtps_cExport-noconfig.cmake
[0.555s] -- Installing: /home/hanse/pinkbot/install/minibot_interfaces/share/minibot_interfaces/cmake/export_minibot_interfaces__rosidl_generator_cppExport.cmake
[0.555s] -- Installing: /home/hanse/pinkbot/install/minibot_interfaces/share/minibot_interfaces/cmake/export_minibot_interfaces__rosidl_typesupport_fastrtps_cppExport.cmake
[0.556s] -- Installing: /home/hanse/pinkbot/install/minibot_interfaces/share/minibot_interfaces/cmake/export_minibot_interfaces__rosidl_typesupport_fastrtps_cppExport-noconfig.cmake
[0.556s] -- Installing: /home/hanse/pinkbot/install/minibot_interfaces/share/minibot_interfaces/cmake/minibot_interfaces__rosidl_typesupport_introspection_cExport.cmake
[0.556s] -- Installing: /home/hanse/pinkbot/install/minibot_interfaces/share/minibot_interfaces/cmake/minibot_interfaces__rosidl_typesupport_introspection_cExport-noconfig.cmake
[0.556s] -- Installing: /home/hanse/pinkbot/install/minibot_interfaces/share/minibot_interfaces/cmake/minibot_interfaces__rosidl_typesupport_cExport.cmake
[0.556s] -- Installing: /home/hanse/pinkbot/install/minibot_interfaces/share/minibot_interfaces/cmake/minibot_interfaces__rosidl_typesupport_cExport-noconfig.cmake
[0.556s] -- Installing: /home/hanse/pinkbot/install/minibot_interfaces/share/minibot_interfaces/cmake/minibot_interfaces__rosidl_typesupport_introspection_cppExport.cmake
[0.556s] -- Installing: /home/hanse/pinkbot/install/minibot_interfaces/share/minibot_interfaces/cmake/minibot_interfaces__rosidl_typesupport_introspection_cppExport-noconfig.cmake
[0.556s] -- Installing: /home/hanse/pinkbot/install/minibot_interfaces/share/minibot_interfaces/cmake/minibot_interfaces__rosidl_typesupport_cppExport.cmake
[0.556s] -- Installing: /home/hanse/pinkbot/install/minibot_interfaces/share/minibot_interfaces/cmake/minibot_interfaces__rosidl_typesupport_cppExport-noconfig.cmake
[0.556s] -- Installing: /home/hanse/pinkbot/install/minibot_interfaces/share/minibot_interfaces/cmake/export_minibot_interfaces__rosidl_generator_pyExport.cmake
[0.556s] -- Installing: /home/hanse/pinkbot/install/minibot_interfaces/share/minibot_interfaces/cmake/export_minibot_interfaces__rosidl_generator_pyExport-noconfig.cmake
[0.556s] -- Installing: /home/hanse/pinkbot/install/minibot_interfaces/share/minibot_interfaces/cmake/rosidl_cmake-extras.cmake
[0.556s] -- Installing: /home/hanse/pinkbot/install/minibot_interfaces/share/minibot_interfaces/cmake/ament_cmake_export_dependencies-extras.cmake
[0.556s] -- Installing: /home/hanse/pinkbot/install/minibot_interfaces/share/minibot_interfaces/cmake/ament_cmake_export_include_directories-extras.cmake
[0.556s] -- Installing: /home/hanse/pinkbot/install/minibot_interfaces/share/minibot_interfaces/cmake/ament_cmake_export_libraries-extras.cmake
[0.556s] -- Installing: /home/hanse/pinkbot/install/minibot_interfaces/share/minibot_interfaces/cmake/ament_cmake_export_targets-extras.cmake
[0.556s] -- Installing: /home/hanse/pinkbot/install/minibot_interfaces/share/minibot_interfaces/cmake/rosidl_cmake_export_typesupport_targets-extras.cmake
[0.556s] -- Installing: /home/hanse/pinkbot/install/minibot_interfaces/share/minibot_interfaces/cmake/rosidl_cmake_export_typesupport_libraries-extras.cmake
[0.556s] -- Installing: /home/hanse/pinkbot/install/minibot_interfaces/share/minibot_interfaces/cmake/minibot_interfacesConfig.cmake
[0.556s] -- Installing: /home/hanse/pinkbot/install/minibot_interfaces/share/minibot_interfaces/cmake/minibot_interfacesConfig-version.cmake
[0.556s] -- Installing: /home/hanse/pinkbot/install/minibot_interfaces/share/minibot_interfaces/package.xml
[0.575s] Invoked command in '/home/hanse/pinkbot/build/minibot_interfaces' returned '0': CMAKE_PREFIX_PATH=/opt/ros/humble /usr/bin/cmake --install /home/hanse/pinkbot/build/minibot_interfaces
