[0.046s] Invoking command in '/home/hanse/pinkbot/build/minibot_controllers': AMENT_PREFIX_PATH=/home/hanse/pinkbot/install/minibot_interfaces:${AMENT_PREFIX_PATH} CMAKE_PREFIX_PATH=/home/hanse/pinkbot/install/minibot_interfaces:/opt/ros/humble LD_LIBRARY_PATH=/home/hanse/pinkbot/install/minibot_interfaces/lib:/usr/lib/x86_64-linux-gnu/gazebo-11/plugins:/opt/ros/humble/opt/rviz_ogre_vendor/lib:/opt/ros/humble/lib/x86_64-linux-gnu:/opt/ros/humble/lib:/usr/local/cuda-11.7/lib64:/usr/local/cuda-11.7/lib64/ PYTHONPATH=/home/hanse/pinkbot/install/minibot_interfaces/local/lib/python3.10/dist-packages:${PYTHONPATH} /usr/bin/cmake /home/hanse/pinkbot/src/pinklab_minibot_robot/minibot_controllers -DCMAKE_INSTALL_PREFIX=/home/hanse/pinkbot/install/minibot_controllers
[0.081s] -- The C compiler identification is GNU 11.4.0
[0.119s] -- The CXX compiler identification is GNU 11.4.0
[0.124s] -- Detecting C compiler ABI info
[0.170s] -- Detecting C compiler ABI info - done
[0.179s] -- Check for working C compiler: /usr/bin/cc - skipped
[0.179s] -- Detecting C compile features
[0.180s] -- Detecting C compile features - done
[0.182s] -- Detecting CXX compiler ABI info
[0.243s] -- Detecting CXX compiler ABI info - done
[0.248s] -- Check for working CXX compiler: /usr/bin/c++ - skipped
[0.248s] -- Detecting CXX compile features
[0.248s] -- Detecting CXX compile features - done
[0.250s] -- Found ament_cmake: 1.3.5 (/opt/ros/humble/share/ament_cmake/cmake)
[0.369s] -- Found Python3: /usr/bin/python3.10 (found version "3.10.12") found components: Interpreter 
[0.429s] -- Found minibot_interfaces: 0.0.0 (/home/hanse/pinkbot/install/minibot_interfaces/share/minibot_interfaces/cmake)
[0.453s] -- Found rosidl_generator_c: 3.1.5 (/opt/ros/humble/share/rosidl_generator_c/cmake)
[0.456s] -- Found rosidl_adapter: 3.1.5 (/opt/ros/humble/share/rosidl_adapter/cmake)
[0.462s] -- Found rosidl_generator_cpp: 3.1.5 (/opt/ros/humble/share/rosidl_generator_cpp/cmake)
[0.471s] -- Using all available rosidl_typesupport_c: rosidl_typesupport_fastrtps_c;rosidl_typesupport_introspection_c
[0.484s] -- Using all available rosidl_typesupport_cpp: rosidl_typesupport_fastrtps_cpp;rosidl_typesupport_introspection_cpp
[0.557s] -- Found controller_interface: 2.32.0 (/opt/ros/humble/share/controller_interface/cmake)
[0.946s] -- Found rmw_implementation_cmake: 6.1.1 (/opt/ros/humble/share/rmw_implementation_cmake/cmake)
[0.948s] -- Found rmw_fastrtps_cpp: 6.2.4 (/opt/ros/humble/share/rmw_fastrtps_cpp/cmake)
[1.014s] -- Found OpenSSL: /usr/lib/x86_64-linux-gnu/libcrypto.so (found version "3.0.2")  
[1.039s] -- Found FastRTPS: /opt/ros/humble/include  
[1.077s] -- Using RMW implementation 'rmw_fastrtps_cpp' as default
[1.084s] -- Looking for pthread.h
[1.134s] -- Looking for pthread.h - found
[1.134s] -- Performing Test CMAKE_HAVE_LIBC_PTHREAD
[1.183s] -- Performing Test CMAKE_HAVE_LIBC_PTHREAD - Success
[1.184s] -- Found Threads: TRUE  
[1.362s] -- Found realtime_tools: 2.5.0 (/opt/ros/humble/share/realtime_tools/cmake)
[1.390s] -- Found std_srvs: 4.2.3 (/opt/ros/humble/share/std_srvs/cmake)
[1.458s] -- Found ament_lint_auto: 0.12.8 (/opt/ros/humble/share/ament_lint_auto/cmake)
[1.511s] -- Added test 'cppcheck' to perform static code analysis on C / C++ code
[1.511s] -- Configured cppcheck include dirs: /home/hanse/pinkbot/src/pinklab_minibot_robot/minibot_controllers/include
[1.511s] -- Configured cppcheck exclude dirs and/or files: 
[1.512s] -- Added test 'lint_cmake' to check CMake code style
[1.512s] -- Added test 'uncrustify' to check C / C++ code style
[1.512s] -- Configured uncrustify additional arguments: 
[1.513s] -- Added test 'xmllint' to check XML markup files
[1.514s] -- Configuring done
[1.528s] -- Generating done
[1.529s] -- Build files have been written to: /home/hanse/pinkbot/build/minibot_controllers
[1.539s] Invoked command in '/home/hanse/pinkbot/build/minibot_controllers' returned '0': AMENT_PREFIX_PATH=/home/hanse/pinkbot/install/minibot_interfaces:${AMENT_PREFIX_PATH} CMAKE_PREFIX_PATH=/home/hanse/pinkbot/install/minibot_interfaces:/opt/ros/humble LD_LIBRARY_PATH=/home/hanse/pinkbot/install/minibot_interfaces/lib:/usr/lib/x86_64-linux-gnu/gazebo-11/plugins:/opt/ros/humble/opt/rviz_ogre_vendor/lib:/opt/ros/humble/lib/x86_64-linux-gnu:/opt/ros/humble/lib:/usr/local/cuda-11.7/lib64:/usr/local/cuda-11.7/lib64/ PYTHONPATH=/home/hanse/pinkbot/install/minibot_interfaces/local/lib/python3.10/dist-packages:${PYTHONPATH} /usr/bin/cmake /home/hanse/pinkbot/src/pinklab_minibot_robot/minibot_controllers -DCMAKE_INSTALL_PREFIX=/home/hanse/pinkbot/install/minibot_controllers
[1.539s] Invoking command in '/home/hanse/pinkbot/build/minibot_controllers': AMENT_PREFIX_PATH=/home/hanse/pinkbot/install/minibot_interfaces:${AMENT_PREFIX_PATH} CMAKE_PREFIX_PATH=/home/hanse/pinkbot/install/minibot_interfaces:/opt/ros/humble LD_LIBRARY_PATH=/home/hanse/pinkbot/install/minibot_interfaces/lib:/usr/lib/x86_64-linux-gnu/gazebo-11/plugins:/opt/ros/humble/opt/rviz_ogre_vendor/lib:/opt/ros/humble/lib/x86_64-linux-gnu:/opt/ros/humble/lib:/usr/local/cuda-11.7/lib64:/usr/local/cuda-11.7/lib64/ PYTHONPATH=/home/hanse/pinkbot/install/minibot_interfaces/local/lib/python3.10/dist-packages:${PYTHONPATH} /usr/bin/cmake --build /home/hanse/pinkbot/build/minibot_controllers -- -j8 -l8
[1.574s] [ 50%] [32mBuilding CXX object CMakeFiles/minibot_controllers.dir/src/gpio_controller.cpp.o[0m
[9.251s] [100%] [32m[1mLinking CXX shared library libminibot_controllers.so[0m
[9.787s] [100%] Built target minibot_controllers
[9.797s] Invoked command in '/home/hanse/pinkbot/build/minibot_controllers' returned '0': AMENT_PREFIX_PATH=/home/hanse/pinkbot/install/minibot_interfaces:${AMENT_PREFIX_PATH} CMAKE_PREFIX_PATH=/home/hanse/pinkbot/install/minibot_interfaces:/opt/ros/humble LD_LIBRARY_PATH=/home/hanse/pinkbot/install/minibot_interfaces/lib:/usr/lib/x86_64-linux-gnu/gazebo-11/plugins:/opt/ros/humble/opt/rviz_ogre_vendor/lib:/opt/ros/humble/lib/x86_64-linux-gnu:/opt/ros/humble/lib:/usr/local/cuda-11.7/lib64:/usr/local/cuda-11.7/lib64/ PYTHONPATH=/home/hanse/pinkbot/install/minibot_interfaces/local/lib/python3.10/dist-packages:${PYTHONPATH} /usr/bin/cmake --build /home/hanse/pinkbot/build/minibot_controllers -- -j8 -l8
[9.814s] Invoking command in '/home/hanse/pinkbot/build/minibot_controllers': AMENT_PREFIX_PATH=/home/hanse/pinkbot/install/minibot_interfaces:${AMENT_PREFIX_PATH} CMAKE_PREFIX_PATH=/home/hanse/pinkbot/install/minibot_interfaces:/opt/ros/humble LD_LIBRARY_PATH=/home/hanse/pinkbot/install/minibot_interfaces/lib:/usr/lib/x86_64-linux-gnu/gazebo-11/plugins:/opt/ros/humble/opt/rviz_ogre_vendor/lib:/opt/ros/humble/lib/x86_64-linux-gnu:/opt/ros/humble/lib:/usr/local/cuda-11.7/lib64:/usr/local/cuda-11.7/lib64/ PYTHONPATH=/home/hanse/pinkbot/install/minibot_interfaces/local/lib/python3.10/dist-packages:${PYTHONPATH} /usr/bin/cmake --install /home/hanse/pinkbot/build/minibot_controllers
[9.819s] -- Install configuration: ""
[9.819s] -- Installing: /home/hanse/pinkbot/install/minibot_controllers/share/minibot_controllers/controller_plugins.xml
[9.819s] -- Installing: /home/hanse/pinkbot/install/minibot_controllers/lib/libminibot_controllers.so
[9.826s] -- Set runtime path of "/home/hanse/pinkbot/install/minibot_controllers/lib/libminibot_controllers.so" to ""
[9.826s] -- Installing: /home/hanse/pinkbot/install/minibot_controllers/include
[9.826s] -- Installing: /home/hanse/pinkbot/install/minibot_controllers/include/minibot_gpio_controller
[9.826s] -- Installing: /home/hanse/pinkbot/install/minibot_controllers/include/minibot_gpio_controller/gpio_controller.hpp
[9.826s] -- Up-to-date: /home/hanse/pinkbot/install/minibot_controllers/share/minibot_controllers/controller_plugins.xml
[9.826s] -- Installing: /home/hanse/pinkbot/install/minibot_controllers/share/minibot_controllers/environment/library_path.sh
[9.826s] -- Installing: /home/hanse/pinkbot/install/minibot_controllers/share/minibot_controllers/environment/library_path.dsv
[9.826s] -- Installing: /home/hanse/pinkbot/install/minibot_controllers/share/ament_index/resource_index/package_run_dependencies/minibot_controllers
[9.826s] -- Installing: /home/hanse/pinkbot/install/minibot_controllers/share/ament_index/resource_index/parent_prefix_path/minibot_controllers
[9.826s] -- Installing: /home/hanse/pinkbot/install/minibot_controllers/share/minibot_controllers/environment/ament_prefix_path.sh
[9.826s] -- Installing: /home/hanse/pinkbot/install/minibot_controllers/share/minibot_controllers/environment/ament_prefix_path.dsv
[9.826s] -- Installing: /home/hanse/pinkbot/install/minibot_controllers/share/minibot_controllers/environment/path.sh
[9.826s] -- Installing: /home/hanse/pinkbot/install/minibot_controllers/share/minibot_controllers/environment/path.dsv
[9.826s] -- Installing: /home/hanse/pinkbot/install/minibot_controllers/share/minibot_controllers/local_setup.bash
[9.826s] -- Installing: /home/hanse/pinkbot/install/minibot_controllers/share/minibot_controllers/local_setup.sh
[9.826s] -- Installing: /home/hanse/pinkbot/install/minibot_controllers/share/minibot_controllers/local_setup.zsh
[9.827s] -- Installing: /home/hanse/pinkbot/install/minibot_controllers/share/minibot_controllers/local_setup.dsv
[9.827s] -- Installing: /home/hanse/pinkbot/install/minibot_controllers/share/minibot_controllers/package.dsv
[9.827s] -- Installing: /home/hanse/pinkbot/install/minibot_controllers/share/ament_index/resource_index/packages/minibot_controllers
[9.827s] -- Installing: /home/hanse/pinkbot/install/minibot_controllers/share/ament_index/resource_index/controller_interface__pluginlib__plugin/minibot_controllers
[9.827s] -- Installing: /home/hanse/pinkbot/install/minibot_controllers/share/minibot_controllers/cmake/ament_cmake_export_dependencies-extras.cmake
[9.827s] -- Installing: /home/hanse/pinkbot/install/minibot_controllers/share/minibot_controllers/cmake/ament_cmake_export_include_directories-extras.cmake
[9.827s] -- Installing: /home/hanse/pinkbot/install/minibot_controllers/share/minibot_controllers/cmake/ament_cmake_export_libraries-extras.cmake
[9.827s] -- Installing: /home/hanse/pinkbot/install/minibot_controllers/share/minibot_controllers/cmake/minibot_controllersConfig.cmake
[9.827s] -- Installing: /home/hanse/pinkbot/install/minibot_controllers/share/minibot_controllers/cmake/minibot_controllersConfig-version.cmake
[9.827s] -- Installing: /home/hanse/pinkbot/install/minibot_controllers/share/minibot_controllers/package.xml
[9.828s] Invoked command in '/home/hanse/pinkbot/build/minibot_controllers' returned '0': AMENT_PREFIX_PATH=/home/hanse/pinkbot/install/minibot_interfaces:${AMENT_PREFIX_PATH} CMAKE_PREFIX_PATH=/home/hanse/pinkbot/install/minibot_interfaces:/opt/ros/humble LD_LIBRARY_PATH=/home/hanse/pinkbot/install/minibot_interfaces/lib:/usr/lib/x86_64-linux-gnu/gazebo-11/plugins:/opt/ros/humble/opt/rviz_ogre_vendor/lib:/opt/ros/humble/lib/x86_64-linux-gnu:/opt/ros/humble/lib:/usr/local/cuda-11.7/lib64:/usr/local/cuda-11.7/lib64/ PYTHONPATH=/home/hanse/pinkbot/install/minibot_interfaces/local/lib/python3.10/dist-packages:${PYTHONPATH} /usr/bin/cmake --install /home/hanse/pinkbot/build/minibot_controllers
