[0.180s] Invoking command in '/home/hanse/pinkbot/build/minibot_interfaces': CMAKE_PREFIX_PATH=${CMAKE_PREFIX_PATH}:/opt/ros/humble /home/hanse/.local/bin/cmake --build /home/hanse/pinkbot/build/minibot_interfaces -- -j8 -l8
[0.242s] [ 10%] Built target minibot_interfaces__rosidl_generator_c
[0.243s] [ 12%] Built target minibot_interfaces__cpp
[0.266s] [ 12%] Built target ament_cmake_python_copy_minibot_interfaces
[0.281s] [ 28%] Built target minibot_interfaces__rosidl_typesupport_c
[0.283s] [ 33%] Built target minibot_interfaces__rosidl_typesupport_fastrtps_c
[0.289s] [ 46%] Built target minibot_interfaces__rosidl_typesupport_cpp
[0.289s] [ 53%] Built target minibot_interfaces__rosidl_typesupport_fastrtps_cpp
[0.289s] [ 64%] Built target minibot_interfaces__rosidl_typesupport_introspection_c
[0.291s] [ 74%] Built target minibot_interfaces__rosidl_typesupport_introspection_cpp
[0.315s] [ 74%] Built target minibot_interfaces
[0.335s] [ 76%] Built target minibot_interfaces__py
[0.354s] [ 84%] Built target minibot_interfaces__rosidl_generator_py
[0.379s] [ 89%] Built target minibot_interfaces__rosidl_typesupport_introspection_c__pyext
[0.379s] [ 94%] Built target minibot_interfaces__rosidl_typesupport_fastrtps_c__pyext
[0.383s] [100%] Built target minibot_interfaces__rosidl_typesupport_c__pyext
[0.472s] running egg_info
[0.487s] writing minibot_interfaces.egg-info/PKG-INFO
[0.488s] writing dependency_links to minibot_interfaces.egg-info/dependency_links.txt
[0.489s] writing top-level names to minibot_interfaces.egg-info/top_level.txt
[0.533s] reading manifest file 'minibot_interfaces.egg-info/SOURCES.txt'
[0.533s] writing manifest file 'minibot_interfaces.egg-info/SOURCES.txt'
[0.552s] [100%] Built target ament_cmake_python_build_minibot_interfaces_egg
[0.827s] Invoked command in '/home/hanse/pinkbot/build/minibot_interfaces' returned '0': CMAKE_PREFIX_PATH=${CMAKE_PREFIX_PATH}:/opt/ros/humble /home/hanse/.local/bin/cmake --build /home/hanse/pinkbot/build/minibot_interfaces -- -j8 -l8
[0.898s] Invoking command in '/home/hanse/pinkbot/build/minibot_interfaces': CMAKE_PREFIX_PATH=${CMAKE_PREFIX_PATH}:/opt/ros/humble /home/hanse/.local/bin/cmake --install /home/hanse/pinkbot/build/minibot_interfaces
[0.919s] -- Install configuration: ""
[0.919s] -- Up-to-date: /home/hanse/pinkbot/install/minibot_interfaces/share/ament_index/resource_index/rosidl_interfaces/minibot_interfaces
[0.919s] -- Up-to-date: /home/hanse/pinkbot/install/minibot_interfaces/include/minibot_interfaces/minibot_interfaces
[0.919s] -- Up-to-date: /home/hanse/pinkbot/install/minibot_interfaces/include/minibot_interfaces/minibot_interfaces/msg
[0.919s] -- Up-to-date: /home/hanse/pinkbot/install/minibot_interfaces/include/minibot_interfaces/minibot_interfaces/msg/robot_state.h
[0.919s] -- Up-to-date: /home/hanse/pinkbot/install/minibot_interfaces/include/minibot_interfaces/minibot_interfaces/msg/detail
[0.919s] -- Up-to-date: /home/hanse/pinkbot/install/minibot_interfaces/include/minibot_interfaces/minibot_interfaces/msg/detail/lamp_command__struct.h
[0.919s] -- Up-to-date: /home/hanse/pinkbot/install/minibot_interfaces/include/minibot_interfaces/minibot_interfaces/msg/detail/lamp_command__functions.c
[0.919s] -- Up-to-date: /home/hanse/pinkbot/install/minibot_interfaces/include/minibot_interfaces/minibot_interfaces/msg/detail/robot_state__functions.c
[0.920s] -- Up-to-date: /home/hanse/pinkbot/install/minibot_interfaces/include/minibot_interfaces/minibot_interfaces/msg/detail/robot_state__functions.h
[0.920s] -- Up-to-date: /home/hanse/pinkbot/install/minibot_interfaces/include/minibot_interfaces/minibot_interfaces/msg/detail/robot_state__type_support.h
[0.920s] -- Up-to-date: /home/hanse/pinkbot/install/minibot_interfaces/include/minibot_interfaces/minibot_interfaces/msg/detail/robot_state__struct.h
[0.920s] -- Up-to-date: /home/hanse/pinkbot/install/minibot_interfaces/include/minibot_interfaces/minibot_interfaces/msg/detail/lamp_command__functions.h
[0.920s] -- Up-to-date: /home/hanse/pinkbot/install/minibot_interfaces/include/minibot_interfaces/minibot_interfaces/msg/detail/lamp_command__type_support.h
[0.920s] -- Up-to-date: /home/hanse/pinkbot/install/minibot_interfaces/include/minibot_interfaces/minibot_interfaces/msg/rosidl_generator_c__visibility_control.h
[0.920s] -- Up-to-date: /home/hanse/pinkbot/install/minibot_interfaces/include/minibot_interfaces/minibot_interfaces/msg/lamp_command.h
[0.920s] -- Up-to-date: /home/hanse/pinkbot/install/minibot_interfaces/share/minibot_interfaces/environment/library_path.sh
[0.920s] -- Up-to-date: /home/hanse/pinkbot/install/minibot_interfaces/share/minibot_interfaces/environment/library_path.dsv
[0.920s] -- Up-to-date: /home/hanse/pinkbot/install/minibot_interfaces/lib/libminibot_interfaces__rosidl_generator_c.so
[0.920s] -- Up-to-date: /home/hanse/pinkbot/install/minibot_interfaces/include/minibot_interfaces/minibot_interfaces
[0.920s] -- Up-to-date: /home/hanse/pinkbot/install/minibot_interfaces/include/minibot_interfaces/minibot_interfaces/msg
[0.921s] -- Up-to-date: /home/hanse/pinkbot/install/minibot_interfaces/include/minibot_interfaces/minibot_interfaces/msg/rosidl_typesupport_fastrtps_c__visibility_control.h
[0.921s] -- Up-to-date: /home/hanse/pinkbot/install/minibot_interfaces/include/minibot_interfaces/minibot_interfaces/msg/detail
[0.921s] -- Up-to-date: /home/hanse/pinkbot/install/minibot_interfaces/include/minibot_interfaces/minibot_interfaces/msg/detail/robot_state__rosidl_typesupport_fastrtps_c.h
[0.921s] -- Up-to-date: /home/hanse/pinkbot/install/minibot_interfaces/include/minibot_interfaces/minibot_interfaces/msg/detail/lamp_command__rosidl_typesupport_fastrtps_c.h
[0.921s] -- Up-to-date: /home/hanse/pinkbot/install/minibot_interfaces/lib/libminibot_interfaces__rosidl_typesupport_fastrtps_c.so
[0.921s] -- Up-to-date: /home/hanse/pinkbot/install/minibot_interfaces/include/minibot_interfaces/minibot_interfaces
[0.921s] -- Up-to-date: /home/hanse/pinkbot/install/minibot_interfaces/include/minibot_interfaces/minibot_interfaces/msg
[0.921s] -- Up-to-date: /home/hanse/pinkbot/install/minibot_interfaces/include/minibot_interfaces/minibot_interfaces/msg/robot_state.hpp
[0.921s] -- Up-to-date: /home/hanse/pinkbot/install/minibot_interfaces/include/minibot_interfaces/minibot_interfaces/msg/detail
[0.921s] -- Up-to-date: /home/hanse/pinkbot/install/minibot_interfaces/include/minibot_interfaces/minibot_interfaces/msg/detail/robot_state__struct.hpp
[0.921s] -- Up-to-date: /home/hanse/pinkbot/install/minibot_interfaces/include/minibot_interfaces/minibot_interfaces/msg/detail/lamp_command__builder.hpp
[0.921s] -- Up-to-date: /home/hanse/pinkbot/install/minibot_interfaces/include/minibot_interfaces/minibot_interfaces/msg/detail/robot_state__builder.hpp
[0.921s] -- Up-to-date: /home/hanse/pinkbot/install/minibot_interfaces/include/minibot_interfaces/minibot_interfaces/msg/detail/robot_state__traits.hpp
[0.921s] -- Up-to-date: /home/hanse/pinkbot/install/minibot_interfaces/include/minibot_interfaces/minibot_interfaces/msg/detail/lamp_command__traits.hpp
[0.922s] -- Up-to-date: /home/hanse/pinkbot/install/minibot_interfaces/include/minibot_interfaces/minibot_interfaces/msg/detail/lamp_command__struct.hpp
[0.922s] -- Up-to-date: /home/hanse/pinkbot/install/minibot_interfaces/include/minibot_interfaces/minibot_interfaces/msg/lamp_command.hpp
[0.922s] -- Up-to-date: /home/hanse/pinkbot/install/minibot_interfaces/include/minibot_interfaces/minibot_interfaces
[0.922s] -- Up-to-date: /home/hanse/pinkbot/install/minibot_interfaces/include/minibot_interfaces/minibot_interfaces/msg
[0.922s] -- Up-to-date: /home/hanse/pinkbot/install/minibot_interfaces/include/minibot_interfaces/minibot_interfaces/msg/rosidl_typesupport_fastrtps_cpp__visibility_control.h
[0.922s] -- Up-to-date: /home/hanse/pinkbot/install/minibot_interfaces/include/minibot_interfaces/minibot_interfaces/msg/detail
[0.922s] -- Up-to-date: /home/hanse/pinkbot/install/minibot_interfaces/include/minibot_interfaces/minibot_interfaces/msg/detail/robot_state__rosidl_typesupport_fastrtps_cpp.hpp
[0.922s] -- Up-to-date: /home/hanse/pinkbot/install/minibot_interfaces/include/minibot_interfaces/minibot_interfaces/msg/detail/lamp_command__rosidl_typesupport_fastrtps_cpp.hpp
[0.922s] -- Up-to-date: /home/hanse/pinkbot/install/minibot_interfaces/include/minibot_interfaces/minibot_interfaces/msg/detail/dds_fastrtps
[0.922s] -- Up-to-date: /home/hanse/pinkbot/install/minibot_interfaces/lib/libminibot_interfaces__rosidl_typesupport_fastrtps_cpp.so
[0.922s] -- Up-to-date: /home/hanse/pinkbot/install/minibot_interfaces/include/minibot_interfaces/minibot_interfaces
[0.922s] -- Up-to-date: /home/hanse/pinkbot/install/minibot_interfaces/include/minibot_interfaces/minibot_interfaces/msg
[0.923s] -- Up-to-date: /home/hanse/pinkbot/install/minibot_interfaces/include/minibot_interfaces/minibot_interfaces/msg/detail
[0.923s] -- Up-to-date: /home/hanse/pinkbot/install/minibot_interfaces/include/minibot_interfaces/minibot_interfaces/msg/detail/robot_state__rosidl_typesupport_introspection_c.h
[0.923s] -- Up-to-date: /home/hanse/pinkbot/install/minibot_interfaces/include/minibot_interfaces/minibot_interfaces/msg/detail/robot_state__type_support.c
[0.923s] -- Up-to-date: /home/hanse/pinkbot/install/minibot_interfaces/include/minibot_interfaces/minibot_interfaces/msg/detail/lamp_command__rosidl_typesupport_introspection_c.h
[0.923s] -- Up-to-date: /home/hanse/pinkbot/install/minibot_interfaces/include/minibot_interfaces/minibot_interfaces/msg/detail/lamp_command__type_support.c
[0.923s] -- Up-to-date: /home/hanse/pinkbot/install/minibot_interfaces/include/minibot_interfaces/minibot_interfaces/msg/rosidl_typesupport_introspection_c__visibility_control.h
[0.923s] -- Up-to-date: /home/hanse/pinkbot/install/minibot_interfaces/lib/libminibot_interfaces__rosidl_typesupport_introspection_c.so
[0.923s] -- Up-to-date: /home/hanse/pinkbot/install/minibot_interfaces/lib/libminibot_interfaces__rosidl_typesupport_c.so
[0.923s] -- Up-to-date: /home/hanse/pinkbot/install/minibot_interfaces/include/minibot_interfaces/minibot_interfaces
[0.923s] -- Up-to-date: /home/hanse/pinkbot/install/minibot_interfaces/include/minibot_interfaces/minibot_interfaces/msg
[0.923s] -- Up-to-date: /home/hanse/pinkbot/install/minibot_interfaces/include/minibot_interfaces/minibot_interfaces/msg/detail
[0.923s] -- Up-to-date: /home/hanse/pinkbot/install/minibot_interfaces/include/minibot_interfaces/minibot_interfaces/msg/detail/lamp_command__rosidl_typesupport_introspection_cpp.hpp
[0.923s] -- Up-to-date: /home/hanse/pinkbot/install/minibot_interfaces/include/minibot_interfaces/minibot_interfaces/msg/detail/robot_state__type_support.cpp
[0.924s] -- Up-to-date: /home/hanse/pinkbot/install/minibot_interfaces/include/minibot_interfaces/minibot_interfaces/msg/detail/lamp_command__type_support.cpp
[0.924s] -- Up-to-date: /home/hanse/pinkbot/install/minibot_interfaces/include/minibot_interfaces/minibot_interfaces/msg/detail/robot_state__rosidl_typesupport_introspection_cpp.hpp
[0.924s] -- Up-to-date: /home/hanse/pinkbot/install/minibot_interfaces/lib/libminibot_interfaces__rosidl_typesupport_introspection_cpp.so
[0.924s] -- Up-to-date: /home/hanse/pinkbot/install/minibot_interfaces/lib/libminibot_interfaces__rosidl_typesupport_cpp.so
[0.924s] -- Up-to-date: /home/hanse/pinkbot/install/minibot_interfaces/share/minibot_interfaces/environment/pythonpath.sh
[0.924s] -- Up-to-date: /home/hanse/pinkbot/install/minibot_interfaces/share/minibot_interfaces/environment/pythonpath.dsv
[0.924s] -- Up-to-date: /home/hanse/pinkbot/install/minibot_interfaces/local/lib/python3.10/dist-packages/minibot_interfaces-0.0.0-py3.10.egg-info
[0.924s] -- Installing: /home/hanse/pinkbot/install/minibot_interfaces/local/lib/python3.10/dist-packages/minibot_interfaces-0.0.0-py3.10.egg-info/SOURCES.txt
[0.924s] -- Installing: /home/hanse/pinkbot/install/minibot_interfaces/local/lib/python3.10/dist-packages/minibot_interfaces-0.0.0-py3.10.egg-info/dependency_links.txt
[0.924s] -- Installing: /home/hanse/pinkbot/install/minibot_interfaces/local/lib/python3.10/dist-packages/minibot_interfaces-0.0.0-py3.10.egg-info/top_level.txt
[0.924s] -- Installing: /home/hanse/pinkbot/install/minibot_interfaces/local/lib/python3.10/dist-packages/minibot_interfaces-0.0.0-py3.10.egg-info/PKG-INFO
[0.924s] -- Up-to-date: /home/hanse/pinkbot/install/minibot_interfaces/local/lib/python3.10/dist-packages/minibot_interfaces
[0.924s] -- Up-to-date: /home/hanse/pinkbot/install/minibot_interfaces/local/lib/python3.10/dist-packages/minibot_interfaces/minibot_interfaces_s__rosidl_typesupport_introspection_c.cpython-310-x86_64-linux-gnu.so
[0.924s] -- Up-to-date: /home/hanse/pinkbot/install/minibot_interfaces/local/lib/python3.10/dist-packages/minibot_interfaces/minibot_interfaces_s__rosidl_typesupport_fastrtps_c.cpython-310-x86_64-linux-gnu.so
[0.924s] -- Up-to-date: /home/hanse/pinkbot/install/minibot_interfaces/local/lib/python3.10/dist-packages/minibot_interfaces/_minibot_interfaces_s.ep.rosidl_typesupport_c.c
[0.924s] -- Up-to-date: /home/hanse/pinkbot/install/minibot_interfaces/local/lib/python3.10/dist-packages/minibot_interfaces/minibot_interfaces_s__rosidl_typesupport_c.cpython-310-x86_64-linux-gnu.so
[0.925s] -- Up-to-date: /home/hanse/pinkbot/install/minibot_interfaces/local/lib/python3.10/dist-packages/minibot_interfaces/_minibot_interfaces_s.ep.rosidl_typesupport_fastrtps_c.c
[0.925s] -- Up-to-date: /home/hanse/pinkbot/install/minibot_interfaces/local/lib/python3.10/dist-packages/minibot_interfaces/msg
[0.925s] -- Up-to-date: /home/hanse/pinkbot/install/minibot_interfaces/local/lib/python3.10/dist-packages/minibot_interfaces/msg/_lamp_command.py
[0.925s] -- Up-to-date: /home/hanse/pinkbot/install/minibot_interfaces/local/lib/python3.10/dist-packages/minibot_interfaces/msg/_lamp_command_s.c
[0.925s] -- Up-to-date: /home/hanse/pinkbot/install/minibot_interfaces/local/lib/python3.10/dist-packages/minibot_interfaces/msg/_robot_state.py
[0.925s] -- Up-to-date: /home/hanse/pinkbot/install/minibot_interfaces/local/lib/python3.10/dist-packages/minibot_interfaces/msg/_robot_state_s.c
[0.925s] -- Up-to-date: /home/hanse/pinkbot/install/minibot_interfaces/local/lib/python3.10/dist-packages/minibot_interfaces/msg/__init__.py
[0.925s] -- Up-to-date: /home/hanse/pinkbot/install/minibot_interfaces/local/lib/python3.10/dist-packages/minibot_interfaces/_minibot_interfaces_s.ep.rosidl_typesupport_introspection_c.c
[0.925s] -- Up-to-date: /home/hanse/pinkbot/install/minibot_interfaces/local/lib/python3.10/dist-packages/minibot_interfaces/libminibot_interfaces__rosidl_generator_py.so
[0.925s] -- Up-to-date: /home/hanse/pinkbot/install/minibot_interfaces/local/lib/python3.10/dist-packages/minibot_interfaces/__init__.py
[0.951s] Listing '/home/hanse/pinkbot/install/minibot_interfaces/local/lib/python3.10/dist-packages/minibot_interfaces'...
[0.951s] Listing '/home/hanse/pinkbot/install/minibot_interfaces/local/lib/python3.10/dist-packages/minibot_interfaces/msg'...
[0.953s] -- Up-to-date: /home/hanse/pinkbot/install/minibot_interfaces/local/lib/python3.10/dist-packages/minibot_interfaces/minibot_interfaces_s__rosidl_typesupport_fastrtps_c.cpython-310-x86_64-linux-gnu.so
[0.954s] -- Up-to-date: /home/hanse/pinkbot/install/minibot_interfaces/local/lib/python3.10/dist-packages/minibot_interfaces/minibot_interfaces_s__rosidl_typesupport_introspection_c.cpython-310-x86_64-linux-gnu.so
[0.954s] -- Up-to-date: /home/hanse/pinkbot/install/minibot_interfaces/local/lib/python3.10/dist-packages/minibot_interfaces/minibot_interfaces_s__rosidl_typesupport_c.cpython-310-x86_64-linux-gnu.so
[0.955s] -- Up-to-date: /home/hanse/pinkbot/install/minibot_interfaces/lib/libminibot_interfaces__rosidl_generator_py.so
[0.955s] -- Up-to-date: /home/hanse/pinkbot/install/minibot_interfaces/share/minibot_interfaces/msg/LampCommand.idl
[0.955s] -- Up-to-date: /home/hanse/pinkbot/install/minibot_interfaces/share/minibot_interfaces/msg/RobotState.idl
[0.955s] -- Up-to-date: /home/hanse/pinkbot/install/minibot_interfaces/share/minibot_interfaces/msg/LampCommand.msg
[0.955s] -- Up-to-date: /home/hanse/pinkbot/install/minibot_interfaces/share/minibot_interfaces/msg/RobotState.msg
[0.955s] -- Up-to-date: /home/hanse/pinkbot/install/minibot_interfaces/share/ament_index/resource_index/package_run_dependencies/minibot_interfaces
[0.955s] -- Up-to-date: /home/hanse/pinkbot/install/minibot_interfaces/share/ament_index/resource_index/parent_prefix_path/minibot_interfaces
[0.955s] -- Up-to-date: /home/hanse/pinkbot/install/minibot_interfaces/share/minibot_interfaces/environment/ament_prefix_path.sh
[0.956s] -- Up-to-date: /home/hanse/pinkbot/install/minibot_interfaces/share/minibot_interfaces/environment/ament_prefix_path.dsv
[0.956s] -- Up-to-date: /home/hanse/pinkbot/install/minibot_interfaces/share/minibot_interfaces/environment/path.sh
[0.956s] -- Up-to-date: /home/hanse/pinkbot/install/minibot_interfaces/share/minibot_interfaces/environment/path.dsv
[0.956s] -- Up-to-date: /home/hanse/pinkbot/install/minibot_interfaces/share/minibot_interfaces/local_setup.bash
[0.956s] -- Up-to-date: /home/hanse/pinkbot/install/minibot_interfaces/share/minibot_interfaces/local_setup.sh
[0.956s] -- Up-to-date: /home/hanse/pinkbot/install/minibot_interfaces/share/minibot_interfaces/local_setup.zsh
[0.956s] -- Up-to-date: /home/hanse/pinkbot/install/minibot_interfaces/share/minibot_interfaces/local_setup.dsv
[0.956s] -- Installing: /home/hanse/pinkbot/install/minibot_interfaces/share/minibot_interfaces/package.dsv
[0.956s] -- Up-to-date: /home/hanse/pinkbot/install/minibot_interfaces/share/ament_index/resource_index/packages/minibot_interfaces
[0.956s] -- Up-to-date: /home/hanse/pinkbot/install/minibot_interfaces/share/minibot_interfaces/cmake/export_minibot_interfaces__rosidl_generator_cExport.cmake
[0.956s] -- Up-to-date: /home/hanse/pinkbot/install/minibot_interfaces/share/minibot_interfaces/cmake/export_minibot_interfaces__rosidl_generator_cExport-noconfig.cmake
[0.956s] -- Up-to-date: /home/hanse/pinkbot/install/minibot_interfaces/share/minibot_interfaces/cmake/export_minibot_interfaces__rosidl_typesupport_fastrtps_cExport.cmake
[0.956s] -- Up-to-date: /home/hanse/pinkbot/install/minibot_interfaces/share/minibot_interfaces/cmake/export_minibot_interfaces__rosidl_typesupport_fastrtps_cExport-noconfig.cmake
[0.956s] -- Up-to-date: /home/hanse/pinkbot/install/minibot_interfaces/share/minibot_interfaces/cmake/export_minibot_interfaces__rosidl_generator_cppExport.cmake
[0.956s] -- Up-to-date: /home/hanse/pinkbot/install/minibot_interfaces/share/minibot_interfaces/cmake/export_minibot_interfaces__rosidl_typesupport_fastrtps_cppExport.cmake
[0.956s] -- Up-to-date: /home/hanse/pinkbot/install/minibot_interfaces/share/minibot_interfaces/cmake/export_minibot_interfaces__rosidl_typesupport_fastrtps_cppExport-noconfig.cmake
[0.957s] -- Up-to-date: /home/hanse/pinkbot/install/minibot_interfaces/share/minibot_interfaces/cmake/minibot_interfaces__rosidl_typesupport_introspection_cExport.cmake
[0.957s] -- Up-to-date: /home/hanse/pinkbot/install/minibot_interfaces/share/minibot_interfaces/cmake/minibot_interfaces__rosidl_typesupport_introspection_cExport-noconfig.cmake
[0.957s] -- Up-to-date: /home/hanse/pinkbot/install/minibot_interfaces/share/minibot_interfaces/cmake/minibot_interfaces__rosidl_typesupport_cExport.cmake
[0.957s] -- Up-to-date: /home/hanse/pinkbot/install/minibot_interfaces/share/minibot_interfaces/cmake/minibot_interfaces__rosidl_typesupport_cExport-noconfig.cmake
[0.957s] -- Up-to-date: /home/hanse/pinkbot/install/minibot_interfaces/share/minibot_interfaces/cmake/minibot_interfaces__rosidl_typesupport_introspection_cppExport.cmake
[0.957s] -- Up-to-date: /home/hanse/pinkbot/install/minibot_interfaces/share/minibot_interfaces/cmake/minibot_interfaces__rosidl_typesupport_introspection_cppExport-noconfig.cmake
[0.957s] -- Up-to-date: /home/hanse/pinkbot/install/minibot_interfaces/share/minibot_interfaces/cmake/minibot_interfaces__rosidl_typesupport_cppExport.cmake
[0.957s] -- Up-to-date: /home/hanse/pinkbot/install/minibot_interfaces/share/minibot_interfaces/cmake/minibot_interfaces__rosidl_typesupport_cppExport-noconfig.cmake
[0.957s] -- Up-to-date: /home/hanse/pinkbot/install/minibot_interfaces/share/minibot_interfaces/cmake/export_minibot_interfaces__rosidl_generator_pyExport.cmake
[0.957s] -- Up-to-date: /home/hanse/pinkbot/install/minibot_interfaces/share/minibot_interfaces/cmake/export_minibot_interfaces__rosidl_generator_pyExport-noconfig.cmake
[0.957s] -- Up-to-date: /home/hanse/pinkbot/install/minibot_interfaces/share/minibot_interfaces/cmake/rosidl_cmake-extras.cmake
[0.957s] -- Up-to-date: /home/hanse/pinkbot/install/minibot_interfaces/share/minibot_interfaces/cmake/ament_cmake_export_dependencies-extras.cmake
[0.957s] -- Up-to-date: /home/hanse/pinkbot/install/minibot_interfaces/share/minibot_interfaces/cmake/ament_cmake_export_include_directories-extras.cmake
[0.957s] -- Up-to-date: /home/hanse/pinkbot/install/minibot_interfaces/share/minibot_interfaces/cmake/ament_cmake_export_libraries-extras.cmake
[0.957s] -- Up-to-date: /home/hanse/pinkbot/install/minibot_interfaces/share/minibot_interfaces/cmake/ament_cmake_export_targets-extras.cmake
[0.957s] -- Up-to-date: /home/hanse/pinkbot/install/minibot_interfaces/share/minibot_interfaces/cmake/rosidl_cmake_export_typesupport_targets-extras.cmake
[0.957s] -- Up-to-date: /home/hanse/pinkbot/install/minibot_interfaces/share/minibot_interfaces/cmake/rosidl_cmake_export_typesupport_libraries-extras.cmake
[0.957s] -- Up-to-date: /home/hanse/pinkbot/install/minibot_interfaces/share/minibot_interfaces/cmake/minibot_interfacesConfig.cmake
[0.957s] -- Up-to-date: /home/hanse/pinkbot/install/minibot_interfaces/share/minibot_interfaces/cmake/minibot_interfacesConfig-version.cmake
[0.957s] -- Up-to-date: /home/hanse/pinkbot/install/minibot_interfaces/share/minibot_interfaces/package.xml
[1.016s] Invoked command in '/home/hanse/pinkbot/build/minibot_interfaces' returned '0': CMAKE_PREFIX_PATH=${CMAKE_PREFIX_PATH}:/opt/ros/humble /home/hanse/.local/bin/cmake --install /home/hanse/pinkbot/build/minibot_interfaces
