[0.781s] DEBUG:colcon:Command line arguments: ['/usr/bin/colcon', 'build']
[0.781s] DEBUG:colcon:Parsed command line arguments: Namespace(log_base=None, log_level=None, verb_name='build', build_base='build', install_base='install', merge_install=False, symlink_install=False, test_result_base=None, continue_on_error=False, executor='parallel', parallel_workers=8, event_handlers=None, ignore_user_meta=False, metas=['./colcon.meta'], base_paths=['.'], packages_ignore=None, packages_ignore_regex=None, paths=None, packages_up_to=None, packages_up_to_regex=None, packages_above=None, packages_above_and_dependencies=None, packages_above_depth=None, packages_select_by_dep=None, packages_skip_by_dep=None, packages_skip_up_to=None, packages_select_build_failed=False, packages_skip_build_finished=False, packages_select_test_failures=False, packages_skip_test_passed=False, packages_select=None, packages_skip=None, packages_select_regex=None, packages_skip_regex=None, packages_start=None, packages_end=None, allow_overriding=[], cmake_args=None, cmake_target=None, cmake_target_skip_unavailable=False, cmake_clean_cache=False, cmake_clean_first=False, cmake_force_configure=False, ament_cmake_args=None, catkin_cmake_args=None, catkin_skip_building_tests=False, verb_parser=<colcon_defaults.argument_parser.defaults.DefaultArgumentsDecorator object at 0x7fc66c1efb80>, verb_extension=<colcon_core.verb.build.BuildVerb object at 0x7fc66c1efc10>, main=<bound method BuildVerb.main of <colcon_core.verb.build.BuildVerb object at 0x7fc66c1efc10>>)
[0.815s] Level 1:colcon.colcon_core.package_discovery:discover_packages(colcon_meta) check parameters
[0.815s] Level 1:colcon.colcon_core.package_discovery:discover_packages(recursive) check parameters
[0.815s] Level 1:colcon.colcon_core.package_discovery:discover_packages(ignore) check parameters
[0.815s] Level 1:colcon.colcon_core.package_discovery:discover_packages(path) check parameters
[0.815s] Level 1:colcon.colcon_core.package_discovery:discover_packages(colcon_meta) discover
[0.815s] Level 1:colcon.colcon_core.package_discovery:discover_packages(recursive) discover
[0.815s] INFO:colcon.colcon_core.package_discovery:Crawling recursively for packages in '/home/hanse/pinkbot'
[0.815s] Level 1:colcon.colcon_core.package_identification:_identify(.) by extensions ['ignore', 'ignore_ament_install']
[0.815s] Level 1:colcon.colcon_core.package_identification:_identify(.) by extension 'ignore'
[0.816s] Level 1:colcon.colcon_core.package_identification:_identify(.) by extension 'ignore_ament_install'
[0.816s] Level 1:colcon.colcon_core.package_identification:_identify(.) by extensions ['colcon_pkg']
[0.816s] Level 1:colcon.colcon_core.package_identification:_identify(.) by extension 'colcon_pkg'
[0.816s] Level 1:colcon.colcon_core.package_identification:_identify(.) by extensions ['colcon_meta']
[0.816s] Level 1:colcon.colcon_core.package_identification:_identify(.) by extension 'colcon_meta'
[0.816s] Level 1:colcon.colcon_core.package_identification:_identify(.) by extensions ['ros']
[0.816s] Level 1:colcon.colcon_core.package_identification:_identify(.) by extension 'ros'
[0.823s] Level 1:colcon.colcon_core.package_identification:_identify(.) by extensions ['cmake', 'python']
[0.823s] Level 1:colcon.colcon_core.package_identification:_identify(.) by extension 'cmake'
[0.823s] Level 1:colcon.colcon_core.package_identification:_identify(.) by extension 'python'
[0.823s] Level 1:colcon.colcon_core.package_identification:_identify(.) by extensions ['python_setup_py']
[0.823s] Level 1:colcon.colcon_core.package_identification:_identify(.) by extension 'python_setup_py'
[0.823s] Level 1:colcon.colcon_core.package_identification:_identify(build) by extensions ['ignore', 'ignore_ament_install']
[0.823s] Level 1:colcon.colcon_core.package_identification:_identify(build) by extension 'ignore'
[0.823s] Level 1:colcon.colcon_core.package_identification:_identify(build) ignored
[0.823s] Level 1:colcon.colcon_core.package_identification:_identify(install) by extensions ['ignore', 'ignore_ament_install']
[0.823s] Level 1:colcon.colcon_core.package_identification:_identify(install) by extension 'ignore'
[0.823s] Level 1:colcon.colcon_core.package_identification:_identify(install) ignored
[0.823s] Level 1:colcon.colcon_core.package_identification:_identify(log) by extensions ['ignore', 'ignore_ament_install']
[0.823s] Level 1:colcon.colcon_core.package_identification:_identify(log) by extension 'ignore'
[0.823s] Level 1:colcon.colcon_core.package_identification:_identify(log) ignored
[0.823s] Level 1:colcon.colcon_core.package_identification:_identify(src) by extensions ['ignore', 'ignore_ament_install']
[0.823s] Level 1:colcon.colcon_core.package_identification:_identify(src) by extension 'ignore'
[0.823s] Level 1:colcon.colcon_core.package_identification:_identify(src) by extension 'ignore_ament_install'
[0.823s] Level 1:colcon.colcon_core.package_identification:_identify(src) by extensions ['colcon_pkg']
[0.824s] Level 1:colcon.colcon_core.package_identification:_identify(src) by extension 'colcon_pkg'
[0.824s] Level 1:colcon.colcon_core.package_identification:_identify(src) by extensions ['colcon_meta']
[0.824s] Level 1:colcon.colcon_core.package_identification:_identify(src) by extension 'colcon_meta'
[0.824s] Level 1:colcon.colcon_core.package_identification:_identify(src) by extensions ['ros']
[0.824s] Level 1:colcon.colcon_core.package_identification:_identify(src) by extension 'ros'
[0.824s] Level 1:colcon.colcon_core.package_identification:_identify(src) by extensions ['cmake', 'python']
[0.824s] Level 1:colcon.colcon_core.package_identification:_identify(src) by extension 'cmake'
[0.824s] Level 1:colcon.colcon_core.package_identification:_identify(src) by extension 'python'
[0.824s] Level 1:colcon.colcon_core.package_identification:_identify(src) by extensions ['python_setup_py']
[0.824s] Level 1:colcon.colcon_core.package_identification:_identify(src) by extension 'python_setup_py'
[0.824s] Level 1:colcon.colcon_core.package_identification:_identify(src/pinklab_minibot_robot) by extensions ['ignore', 'ignore_ament_install']
[0.824s] Level 1:colcon.colcon_core.package_identification:_identify(src/pinklab_minibot_robot) by extension 'ignore'
[0.824s] Level 1:colcon.colcon_core.package_identification:_identify(src/pinklab_minibot_robot) by extension 'ignore_ament_install'
[0.824s] Level 1:colcon.colcon_core.package_identification:_identify(src/pinklab_minibot_robot) by extensions ['colcon_pkg']
[0.824s] Level 1:colcon.colcon_core.package_identification:_identify(src/pinklab_minibot_robot) by extension 'colcon_pkg'
[0.824s] Level 1:colcon.colcon_core.package_identification:_identify(src/pinklab_minibot_robot) by extensions ['colcon_meta']
[0.824s] Level 1:colcon.colcon_core.package_identification:_identify(src/pinklab_minibot_robot) by extension 'colcon_meta'
[0.824s] Level 1:colcon.colcon_core.package_identification:_identify(src/pinklab_minibot_robot) by extensions ['ros']
[0.824s] Level 1:colcon.colcon_core.package_identification:_identify(src/pinklab_minibot_robot) by extension 'ros'
[0.824s] Level 1:colcon.colcon_core.package_identification:_identify(src/pinklab_minibot_robot) by extensions ['cmake', 'python']
[0.824s] Level 1:colcon.colcon_core.package_identification:_identify(src/pinklab_minibot_robot) by extension 'cmake'
[0.824s] Level 1:colcon.colcon_core.package_identification:_identify(src/pinklab_minibot_robot) by extension 'python'
[0.824s] Level 1:colcon.colcon_core.package_identification:_identify(src/pinklab_minibot_robot) by extensions ['python_setup_py']
[0.824s] Level 1:colcon.colcon_core.package_identification:_identify(src/pinklab_minibot_robot) by extension 'python_setup_py'
[0.824s] Level 1:colcon.colcon_core.package_identification:_identify(src/pinklab_minibot_robot/docs) by extensions ['ignore', 'ignore_ament_install']
[0.824s] Level 1:colcon.colcon_core.package_identification:_identify(src/pinklab_minibot_robot/docs) by extension 'ignore'
[0.824s] Level 1:colcon.colcon_core.package_identification:_identify(src/pinklab_minibot_robot/docs) by extension 'ignore_ament_install'
[0.824s] Level 1:colcon.colcon_core.package_identification:_identify(src/pinklab_minibot_robot/docs) by extensions ['colcon_pkg']
[0.824s] Level 1:colcon.colcon_core.package_identification:_identify(src/pinklab_minibot_robot/docs) by extension 'colcon_pkg'
[0.824s] Level 1:colcon.colcon_core.package_identification:_identify(src/pinklab_minibot_robot/docs) by extensions ['colcon_meta']
[0.824s] Level 1:colcon.colcon_core.package_identification:_identify(src/pinklab_minibot_robot/docs) by extension 'colcon_meta'
[0.824s] Level 1:colcon.colcon_core.package_identification:_identify(src/pinklab_minibot_robot/docs) by extensions ['ros']
[0.824s] Level 1:colcon.colcon_core.package_identification:_identify(src/pinklab_minibot_robot/docs) by extension 'ros'
[0.824s] Level 1:colcon.colcon_core.package_identification:_identify(src/pinklab_minibot_robot/docs) by extensions ['cmake', 'python']
[0.824s] Level 1:colcon.colcon_core.package_identification:_identify(src/pinklab_minibot_robot/docs) by extension 'cmake'
[0.824s] Level 1:colcon.colcon_core.package_identification:_identify(src/pinklab_minibot_robot/docs) by extension 'python'
[0.824s] Level 1:colcon.colcon_core.package_identification:_identify(src/pinklab_minibot_robot/docs) by extensions ['python_setup_py']
[0.824s] Level 1:colcon.colcon_core.package_identification:_identify(src/pinklab_minibot_robot/docs) by extension 'python_setup_py'
[0.824s] Level 1:colcon.colcon_core.package_identification:_identify(src/pinklab_minibot_robot/docs/blender) by extensions ['ignore', 'ignore_ament_install']
[0.825s] Level 1:colcon.colcon_core.package_identification:_identify(src/pinklab_minibot_robot/docs/blender) by extension 'ignore'
[0.825s] Level 1:colcon.colcon_core.package_identification:_identify(src/pinklab_minibot_robot/docs/blender) by extension 'ignore_ament_install'
[0.825s] Level 1:colcon.colcon_core.package_identification:_identify(src/pinklab_minibot_robot/docs/blender) by extensions ['colcon_pkg']
[0.825s] Level 1:colcon.colcon_core.package_identification:_identify(src/pinklab_minibot_robot/docs/blender) by extension 'colcon_pkg'
[0.825s] Level 1:colcon.colcon_core.package_identification:_identify(src/pinklab_minibot_robot/docs/blender) by extensions ['colcon_meta']
[0.825s] Level 1:colcon.colcon_core.package_identification:_identify(src/pinklab_minibot_robot/docs/blender) by extension 'colcon_meta'
[0.825s] Level 1:colcon.colcon_core.package_identification:_identify(src/pinklab_minibot_robot/docs/blender) by extensions ['ros']
[0.825s] Level 1:colcon.colcon_core.package_identification:_identify(src/pinklab_minibot_robot/docs/blender) by extension 'ros'
[0.825s] Level 1:colcon.colcon_core.package_identification:_identify(src/pinklab_minibot_robot/docs/blender) by extensions ['cmake', 'python']
[0.825s] Level 1:colcon.colcon_core.package_identification:_identify(src/pinklab_minibot_robot/docs/blender) by extension 'cmake'
[0.825s] Level 1:colcon.colcon_core.package_identification:_identify(src/pinklab_minibot_robot/docs/blender) by extension 'python'
[0.825s] Level 1:colcon.colcon_core.package_identification:_identify(src/pinklab_minibot_robot/docs/blender) by extensions ['python_setup_py']
[0.825s] Level 1:colcon.colcon_core.package_identification:_identify(src/pinklab_minibot_robot/docs/blender) by extension 'python_setup_py'
[0.825s] Level 1:colcon.colcon_core.package_identification:_identify(src/pinklab_minibot_robot/minibot_bringup) by extensions ['ignore', 'ignore_ament_install']
[0.825s] Level 1:colcon.colcon_core.package_identification:_identify(src/pinklab_minibot_robot/minibot_bringup) by extension 'ignore'
[0.825s] Level 1:colcon.colcon_core.package_identification:_identify(src/pinklab_minibot_robot/minibot_bringup) by extension 'ignore_ament_install'
[0.825s] Level 1:colcon.colcon_core.package_identification:_identify(src/pinklab_minibot_robot/minibot_bringup) by extensions ['colcon_pkg']
[0.825s] Level 1:colcon.colcon_core.package_identification:_identify(src/pinklab_minibot_robot/minibot_bringup) by extension 'colcon_pkg'
[0.825s] Level 1:colcon.colcon_core.package_identification:_identify(src/pinklab_minibot_robot/minibot_bringup) by extensions ['colcon_meta']
[0.825s] Level 1:colcon.colcon_core.package_identification:_identify(src/pinklab_minibot_robot/minibot_bringup) by extension 'colcon_meta'
[0.825s] Level 1:colcon.colcon_core.package_identification:_identify(src/pinklab_minibot_robot/minibot_bringup) by extensions ['ros']
[0.825s] Level 1:colcon.colcon_core.package_identification:_identify(src/pinklab_minibot_robot/minibot_bringup) by extension 'ros'
[0.827s] DEBUG:colcon.colcon_core.package_identification:Package 'src/pinklab_minibot_robot/minibot_bringup' with type 'ros.ament_cmake' and name 'minibot_bringup'
[0.827s] Level 1:colcon.colcon_core.package_identification:_identify(src/pinklab_minibot_robot/minibot_controllers) by extensions ['ignore', 'ignore_ament_install']
[0.827s] Level 1:colcon.colcon_core.package_identification:_identify(src/pinklab_minibot_robot/minibot_controllers) by extension 'ignore'
[0.827s] Level 1:colcon.colcon_core.package_identification:_identify(src/pinklab_minibot_robot/minibot_controllers) by extension 'ignore_ament_install'
[0.827s] Level 1:colcon.colcon_core.package_identification:_identify(src/pinklab_minibot_robot/minibot_controllers) by extensions ['colcon_pkg']
[0.827s] Level 1:colcon.colcon_core.package_identification:_identify(src/pinklab_minibot_robot/minibot_controllers) by extension 'colcon_pkg'
[0.827s] Level 1:colcon.colcon_core.package_identification:_identify(src/pinklab_minibot_robot/minibot_controllers) by extensions ['colcon_meta']
[0.827s] Level 1:colcon.colcon_core.package_identification:_identify(src/pinklab_minibot_robot/minibot_controllers) by extension 'colcon_meta'
[0.827s] Level 1:colcon.colcon_core.package_identification:_identify(src/pinklab_minibot_robot/minibot_controllers) by extensions ['ros']
[0.827s] Level 1:colcon.colcon_core.package_identification:_identify(src/pinklab_minibot_robot/minibot_controllers) by extension 'ros'
[0.828s] DEBUG:colcon.colcon_core.package_identification:Package 'src/pinklab_minibot_robot/minibot_controllers' with type 'ros.ament_cmake' and name 'minibot_controllers'
[0.828s] Level 1:colcon.colcon_core.package_identification:_identify(src/pinklab_minibot_robot/minibot_description) by extensions ['ignore', 'ignore_ament_install']
[0.828s] Level 1:colcon.colcon_core.package_identification:_identify(src/pinklab_minibot_robot/minibot_description) by extension 'ignore'
[0.828s] Level 1:colcon.colcon_core.package_identification:_identify(src/pinklab_minibot_robot/minibot_description) by extension 'ignore_ament_install'
[0.828s] Level 1:colcon.colcon_core.package_identification:_identify(src/pinklab_minibot_robot/minibot_description) by extensions ['colcon_pkg']
[0.828s] Level 1:colcon.colcon_core.package_identification:_identify(src/pinklab_minibot_robot/minibot_description) by extension 'colcon_pkg'
[0.828s] Level 1:colcon.colcon_core.package_identification:_identify(src/pinklab_minibot_robot/minibot_description) by extensions ['colcon_meta']
[0.828s] Level 1:colcon.colcon_core.package_identification:_identify(src/pinklab_minibot_robot/minibot_description) by extension 'colcon_meta'
[0.828s] Level 1:colcon.colcon_core.package_identification:_identify(src/pinklab_minibot_robot/minibot_description) by extensions ['ros']
[0.828s] Level 1:colcon.colcon_core.package_identification:_identify(src/pinklab_minibot_robot/minibot_description) by extension 'ros'
[0.828s] DEBUG:colcon.colcon_core.package_identification:Package 'src/pinklab_minibot_robot/minibot_description' with type 'ros.ament_cmake' and name 'minibot_description'
[0.828s] Level 1:colcon.colcon_core.package_identification:_identify(src/pinklab_minibot_robot/minibot_gazebo) by extensions ['ignore', 'ignore_ament_install']
[0.828s] Level 1:colcon.colcon_core.package_identification:_identify(src/pinklab_minibot_robot/minibot_gazebo) by extension 'ignore'
[0.828s] Level 1:colcon.colcon_core.package_identification:_identify(src/pinklab_minibot_robot/minibot_gazebo) by extension 'ignore_ament_install'
[0.829s] Level 1:colcon.colcon_core.package_identification:_identify(src/pinklab_minibot_robot/minibot_gazebo) by extensions ['colcon_pkg']
[0.829s] Level 1:colcon.colcon_core.package_identification:_identify(src/pinklab_minibot_robot/minibot_gazebo) by extension 'colcon_pkg'
[0.829s] Level 1:colcon.colcon_core.package_identification:_identify(src/pinklab_minibot_robot/minibot_gazebo) by extensions ['colcon_meta']
[0.829s] Level 1:colcon.colcon_core.package_identification:_identify(src/pinklab_minibot_robot/minibot_gazebo) by extension 'colcon_meta'
[0.829s] Level 1:colcon.colcon_core.package_identification:_identify(src/pinklab_minibot_robot/minibot_gazebo) by extensions ['ros']
[0.829s] Level 1:colcon.colcon_core.package_identification:_identify(src/pinklab_minibot_robot/minibot_gazebo) by extension 'ros'
[0.829s] DEBUG:colcon.colcon_core.package_identification:Package 'src/pinklab_minibot_robot/minibot_gazebo' with type 'ros.ament_cmake' and name 'minibot_gazebo'
[0.829s] Level 1:colcon.colcon_core.package_identification:_identify(src/pinklab_minibot_robot/minibot_hardware_interface) by extensions ['ignore', 'ignore_ament_install']
[0.829s] Level 1:colcon.colcon_core.package_identification:_identify(src/pinklab_minibot_robot/minibot_hardware_interface) by extension 'ignore'
[0.829s] Level 1:colcon.colcon_core.package_identification:_identify(src/pinklab_minibot_robot/minibot_hardware_interface) by extension 'ignore_ament_install'
[0.829s] Level 1:colcon.colcon_core.package_identification:_identify(src/pinklab_minibot_robot/minibot_hardware_interface) by extensions ['colcon_pkg']
[0.829s] Level 1:colcon.colcon_core.package_identification:_identify(src/pinklab_minibot_robot/minibot_hardware_interface) by extension 'colcon_pkg'
[0.829s] Level 1:colcon.colcon_core.package_identification:_identify(src/pinklab_minibot_robot/minibot_hardware_interface) by extensions ['colcon_meta']
[0.829s] Level 1:colcon.colcon_core.package_identification:_identify(src/pinklab_minibot_robot/minibot_hardware_interface) by extension 'colcon_meta'
[0.829s] Level 1:colcon.colcon_core.package_identification:_identify(src/pinklab_minibot_robot/minibot_hardware_interface) by extensions ['ros']
[0.829s] Level 1:colcon.colcon_core.package_identification:_identify(src/pinklab_minibot_robot/minibot_hardware_interface) by extension 'ros'
[0.830s] DEBUG:colcon.colcon_core.package_identification:Package 'src/pinklab_minibot_robot/minibot_hardware_interface' with type 'ros.ament_cmake' and name 'minibot_hardware_interface'
[0.830s] Level 1:colcon.colcon_core.package_identification:_identify(src/pinklab_minibot_robot/minibot_interfaces) by extensions ['ignore', 'ignore_ament_install']
[0.830s] Level 1:colcon.colcon_core.package_identification:_identify(src/pinklab_minibot_robot/minibot_interfaces) by extension 'ignore'
[0.830s] Level 1:colcon.colcon_core.package_identification:_identify(src/pinklab_minibot_robot/minibot_interfaces) by extension 'ignore_ament_install'
[0.830s] Level 1:colcon.colcon_core.package_identification:_identify(src/pinklab_minibot_robot/minibot_interfaces) by extensions ['colcon_pkg']
[0.830s] Level 1:colcon.colcon_core.package_identification:_identify(src/pinklab_minibot_robot/minibot_interfaces) by extension 'colcon_pkg'
[0.830s] Level 1:colcon.colcon_core.package_identification:_identify(src/pinklab_minibot_robot/minibot_interfaces) by extensions ['colcon_meta']
[0.830s] Level 1:colcon.colcon_core.package_identification:_identify(src/pinklab_minibot_robot/minibot_interfaces) by extension 'colcon_meta'
[0.830s] Level 1:colcon.colcon_core.package_identification:_identify(src/pinklab_minibot_robot/minibot_interfaces) by extensions ['ros']
[0.830s] Level 1:colcon.colcon_core.package_identification:_identify(src/pinklab_minibot_robot/minibot_interfaces) by extension 'ros'
[0.830s] DEBUG:colcon.colcon_core.package_identification:Package 'src/pinklab_minibot_robot/minibot_interfaces' with type 'ros.ament_cmake' and name 'minibot_interfaces'
[0.831s] Level 1:colcon.colcon_core.package_identification:_identify(src/pinklab_minibot_robot/minibot_navigation2) by extensions ['ignore', 'ignore_ament_install']
[0.831s] Level 1:colcon.colcon_core.package_identification:_identify(src/pinklab_minibot_robot/minibot_navigation2) by extension 'ignore'
[0.831s] Level 1:colcon.colcon_core.package_identification:_identify(src/pinklab_minibot_robot/minibot_navigation2) by extension 'ignore_ament_install'
[0.831s] Level 1:colcon.colcon_core.package_identification:_identify(src/pinklab_minibot_robot/minibot_navigation2) by extensions ['colcon_pkg']
[0.831s] Level 1:colcon.colcon_core.package_identification:_identify(src/pinklab_minibot_robot/minibot_navigation2) by extension 'colcon_pkg'
[0.831s] Level 1:colcon.colcon_core.package_identification:_identify(src/pinklab_minibot_robot/minibot_navigation2) by extensions ['colcon_meta']
[0.831s] Level 1:colcon.colcon_core.package_identification:_identify(src/pinklab_minibot_robot/minibot_navigation2) by extension 'colcon_meta'
[0.831s] Level 1:colcon.colcon_core.package_identification:_identify(src/pinklab_minibot_robot/minibot_navigation2) by extensions ['ros']
[0.831s] Level 1:colcon.colcon_core.package_identification:_identify(src/pinklab_minibot_robot/minibot_navigation2) by extension 'ros'
[0.831s] DEBUG:colcon.colcon_core.package_identification:Package 'src/pinklab_minibot_robot/minibot_navigation2' with type 'ros.ament_cmake' and name 'minibot_navigation2'
[0.831s] Level 1:colcon.colcon_core.package_discovery:discover_packages(recursive) using defaults
[0.831s] Level 1:colcon.colcon_core.package_discovery:discover_packages(ignore) discover
[0.831s] Level 1:colcon.colcon_core.package_discovery:discover_packages(ignore) using defaults
[0.831s] Level 1:colcon.colcon_core.package_discovery:discover_packages(path) discover
[0.831s] Level 1:colcon.colcon_core.package_discovery:discover_packages(path) using defaults
[0.910s] Level 1:colcon.colcon_core.package_discovery:discover_packages(prefix_path) check parameters
[0.910s] Level 1:colcon.colcon_core.package_discovery:discover_packages(prefix_path) discover
[0.934s] DEBUG:colcon.colcon_installed_package_information.package_discovery:Found 409 installed packages in /opt/ros/humble
[0.936s] Level 1:colcon.colcon_core.package_discovery:discover_packages(prefix_path) using defaults
[1.007s] Level 5:colcon.colcon_core.verb:set package 'minibot_description' build argument 'cmake_args' from command line to 'None'
[1.007s] Level 5:colcon.colcon_core.verb:set package 'minibot_description' build argument 'cmake_target' from command line to 'None'
[1.007s] Level 5:colcon.colcon_core.verb:set package 'minibot_description' build argument 'cmake_target_skip_unavailable' from command line to 'False'
[1.007s] Level 5:colcon.colcon_core.verb:set package 'minibot_description' build argument 'cmake_clean_cache' from command line to 'False'
[1.007s] Level 5:colcon.colcon_core.verb:set package 'minibot_description' build argument 'cmake_clean_first' from command line to 'False'
[1.007s] Level 5:colcon.colcon_core.verb:set package 'minibot_description' build argument 'cmake_force_configure' from command line to 'False'
[1.007s] Level 5:colcon.colcon_core.verb:set package 'minibot_description' build argument 'ament_cmake_args' from command line to 'None'
[1.007s] Level 5:colcon.colcon_core.verb:set package 'minibot_description' build argument 'catkin_cmake_args' from command line to 'None'
[1.007s] Level 5:colcon.colcon_core.verb:set package 'minibot_description' build argument 'catkin_skip_building_tests' from command line to 'False'
[1.007s] DEBUG:colcon.colcon_core.verb:Building package 'minibot_description' with the following arguments: {'ament_cmake_args': None, 'build_base': '/home/hanse/pinkbot/build/minibot_description', 'catkin_cmake_args': None, 'catkin_skip_building_tests': False, 'cmake_args': None, 'cmake_clean_cache': False, 'cmake_clean_first': False, 'cmake_force_configure': False, 'cmake_target': None, 'cmake_target_skip_unavailable': False, 'install_base': '/home/hanse/pinkbot/install/minibot_description', 'merge_install': False, 'path': '/home/hanse/pinkbot/src/pinklab_minibot_robot/minibot_description', 'symlink_install': False, 'test_result_base': None}
[1.019s] Level 5:colcon.colcon_core.verb:set package 'minibot_hardware_interface' build argument 'cmake_args' from command line to 'None'
[1.019s] Level 5:colcon.colcon_core.verb:set package 'minibot_hardware_interface' build argument 'cmake_target' from command line to 'None'
[1.019s] Level 5:colcon.colcon_core.verb:set package 'minibot_hardware_interface' build argument 'cmake_target_skip_unavailable' from command line to 'False'
[1.019s] Level 5:colcon.colcon_core.verb:set package 'minibot_hardware_interface' build argument 'cmake_clean_cache' from command line to 'False'
[1.019s] Level 5:colcon.colcon_core.verb:set package 'minibot_hardware_interface' build argument 'cmake_clean_first' from command line to 'False'
[1.019s] Level 5:colcon.colcon_core.verb:set package 'minibot_hardware_interface' build argument 'cmake_force_configure' from command line to 'False'
[1.019s] Level 5:colcon.colcon_core.verb:set package 'minibot_hardware_interface' build argument 'ament_cmake_args' from command line to 'None'
[1.019s] Level 5:colcon.colcon_core.verb:set package 'minibot_hardware_interface' build argument 'catkin_cmake_args' from command line to 'None'
[1.019s] Level 5:colcon.colcon_core.verb:set package 'minibot_hardware_interface' build argument 'catkin_skip_building_tests' from command line to 'False'
[1.019s] DEBUG:colcon.colcon_core.verb:Building package 'minibot_hardware_interface' with the following arguments: {'ament_cmake_args': None, 'build_base': '/home/hanse/pinkbot/build/minibot_hardware_interface', 'catkin_cmake_args': None, 'catkin_skip_building_tests': False, 'cmake_args': None, 'cmake_clean_cache': False, 'cmake_clean_first': False, 'cmake_force_configure': False, 'cmake_target': None, 'cmake_target_skip_unavailable': False, 'install_base': '/home/hanse/pinkbot/install/minibot_hardware_interface', 'merge_install': False, 'path': '/home/hanse/pinkbot/src/pinklab_minibot_robot/minibot_hardware_interface', 'symlink_install': False, 'test_result_base': None}
[1.031s] Level 5:colcon.colcon_core.verb:set package 'minibot_interfaces' build argument 'cmake_args' from command line to 'None'
[1.031s] Level 5:colcon.colcon_core.verb:set package 'minibot_interfaces' build argument 'cmake_target' from command line to 'None'
[1.031s] Level 5:colcon.colcon_core.verb:set package 'minibot_interfaces' build argument 'cmake_target_skip_unavailable' from command line to 'False'
[1.031s] Level 5:colcon.colcon_core.verb:set package 'minibot_interfaces' build argument 'cmake_clean_cache' from command line to 'False'
[1.031s] Level 5:colcon.colcon_core.verb:set package 'minibot_interfaces' build argument 'cmake_clean_first' from command line to 'False'
[1.031s] Level 5:colcon.colcon_core.verb:set package 'minibot_interfaces' build argument 'cmake_force_configure' from command line to 'False'
[1.031s] Level 5:colcon.colcon_core.verb:set package 'minibot_interfaces' build argument 'ament_cmake_args' from command line to 'None'
[1.031s] Level 5:colcon.colcon_core.verb:set package 'minibot_interfaces' build argument 'catkin_cmake_args' from command line to 'None'
[1.031s] Level 5:colcon.colcon_core.verb:set package 'minibot_interfaces' build argument 'catkin_skip_building_tests' from command line to 'False'
[1.031s] DEBUG:colcon.colcon_core.verb:Building package 'minibot_interfaces' with the following arguments: {'ament_cmake_args': None, 'build_base': '/home/hanse/pinkbot/build/minibot_interfaces', 'catkin_cmake_args': None, 'catkin_skip_building_tests': False, 'cmake_args': None, 'cmake_clean_cache': False, 'cmake_clean_first': False, 'cmake_force_configure': False, 'cmake_target': None, 'cmake_target_skip_unavailable': False, 'install_base': '/home/hanse/pinkbot/install/minibot_interfaces', 'merge_install': False, 'path': '/home/hanse/pinkbot/src/pinklab_minibot_robot/minibot_interfaces', 'symlink_install': False, 'test_result_base': None}
[1.042s] Level 5:colcon.colcon_core.verb:set package 'minibot_navigation2' build argument 'cmake_args' from command line to 'None'
[1.042s] Level 5:colcon.colcon_core.verb:set package 'minibot_navigation2' build argument 'cmake_target' from command line to 'None'
[1.042s] Level 5:colcon.colcon_core.verb:set package 'minibot_navigation2' build argument 'cmake_target_skip_unavailable' from command line to 'False'
[1.042s] Level 5:colcon.colcon_core.verb:set package 'minibot_navigation2' build argument 'cmake_clean_cache' from command line to 'False'
[1.042s] Level 5:colcon.colcon_core.verb:set package 'minibot_navigation2' build argument 'cmake_clean_first' from command line to 'False'
[1.042s] Level 5:colcon.colcon_core.verb:set package 'minibot_navigation2' build argument 'cmake_force_configure' from command line to 'False'
[1.042s] Level 5:colcon.colcon_core.verb:set package 'minibot_navigation2' build argument 'ament_cmake_args' from command line to 'None'
[1.042s] Level 5:colcon.colcon_core.verb:set package 'minibot_navigation2' build argument 'catkin_cmake_args' from command line to 'None'
[1.042s] Level 5:colcon.colcon_core.verb:set package 'minibot_navigation2' build argument 'catkin_skip_building_tests' from command line to 'False'
[1.042s] DEBUG:colcon.colcon_core.verb:Building package 'minibot_navigation2' with the following arguments: {'ament_cmake_args': None, 'build_base': '/home/hanse/pinkbot/build/minibot_navigation2', 'catkin_cmake_args': None, 'catkin_skip_building_tests': False, 'cmake_args': None, 'cmake_clean_cache': False, 'cmake_clean_first': False, 'cmake_force_configure': False, 'cmake_target': None, 'cmake_target_skip_unavailable': False, 'install_base': '/home/hanse/pinkbot/install/minibot_navigation2', 'merge_install': False, 'path': '/home/hanse/pinkbot/src/pinklab_minibot_robot/minibot_navigation2', 'symlink_install': False, 'test_result_base': None}
[1.054s] Level 5:colcon.colcon_core.verb:set package 'minibot_controllers' build argument 'cmake_args' from command line to 'None'
[1.054s] Level 5:colcon.colcon_core.verb:set package 'minibot_controllers' build argument 'cmake_target' from command line to 'None'
[1.054s] Level 5:colcon.colcon_core.verb:set package 'minibot_controllers' build argument 'cmake_target_skip_unavailable' from command line to 'False'
[1.054s] Level 5:colcon.colcon_core.verb:set package 'minibot_controllers' build argument 'cmake_clean_cache' from command line to 'False'
[1.054s] Level 5:colcon.colcon_core.verb:set package 'minibot_controllers' build argument 'cmake_clean_first' from command line to 'False'
[1.054s] Level 5:colcon.colcon_core.verb:set package 'minibot_controllers' build argument 'cmake_force_configure' from command line to 'False'
[1.054s] Level 5:colcon.colcon_core.verb:set package 'minibot_controllers' build argument 'ament_cmake_args' from command line to 'None'
[1.054s] Level 5:colcon.colcon_core.verb:set package 'minibot_controllers' build argument 'catkin_cmake_args' from command line to 'None'
[1.054s] Level 5:colcon.colcon_core.verb:set package 'minibot_controllers' build argument 'catkin_skip_building_tests' from command line to 'False'
[1.054s] DEBUG:colcon.colcon_core.verb:Building package 'minibot_controllers' with the following arguments: {'ament_cmake_args': None, 'build_base': '/home/hanse/pinkbot/build/minibot_controllers', 'catkin_cmake_args': None, 'catkin_skip_building_tests': False, 'cmake_args': None, 'cmake_clean_cache': False, 'cmake_clean_first': False, 'cmake_force_configure': False, 'cmake_target': None, 'cmake_target_skip_unavailable': False, 'install_base': '/home/hanse/pinkbot/install/minibot_controllers', 'merge_install': False, 'path': '/home/hanse/pinkbot/src/pinklab_minibot_robot/minibot_controllers', 'symlink_install': False, 'test_result_base': None}
[1.066s] Level 5:colcon.colcon_core.verb:set package 'minibot_gazebo' build argument 'cmake_args' from command line to 'None'
[1.066s] Level 5:colcon.colcon_core.verb:set package 'minibot_gazebo' build argument 'cmake_target' from command line to 'None'
[1.066s] Level 5:colcon.colcon_core.verb:set package 'minibot_gazebo' build argument 'cmake_target_skip_unavailable' from command line to 'False'
[1.066s] Level 5:colcon.colcon_core.verb:set package 'minibot_gazebo' build argument 'cmake_clean_cache' from command line to 'False'
[1.066s] Level 5:colcon.colcon_core.verb:set package 'minibot_gazebo' build argument 'cmake_clean_first' from command line to 'False'
[1.066s] Level 5:colcon.colcon_core.verb:set package 'minibot_gazebo' build argument 'cmake_force_configure' from command line to 'False'
[1.066s] Level 5:colcon.colcon_core.verb:set package 'minibot_gazebo' build argument 'ament_cmake_args' from command line to 'None'
[1.066s] Level 5:colcon.colcon_core.verb:set package 'minibot_gazebo' build argument 'catkin_cmake_args' from command line to 'None'
[1.066s] Level 5:colcon.colcon_core.verb:set package 'minibot_gazebo' build argument 'catkin_skip_building_tests' from command line to 'False'
[1.066s] DEBUG:colcon.colcon_core.verb:Building package 'minibot_gazebo' with the following arguments: {'ament_cmake_args': None, 'build_base': '/home/hanse/pinkbot/build/minibot_gazebo', 'catkin_cmake_args': None, 'catkin_skip_building_tests': False, 'cmake_args': None, 'cmake_clean_cache': False, 'cmake_clean_first': False, 'cmake_force_configure': False, 'cmake_target': None, 'cmake_target_skip_unavailable': False, 'install_base': '/home/hanse/pinkbot/install/minibot_gazebo', 'merge_install': False, 'path': '/home/hanse/pinkbot/src/pinklab_minibot_robot/minibot_gazebo', 'symlink_install': False, 'test_result_base': None}
[1.078s] Level 5:colcon.colcon_core.verb:set package 'minibot_bringup' build argument 'cmake_args' from command line to 'None'
[1.078s] Level 5:colcon.colcon_core.verb:set package 'minibot_bringup' build argument 'cmake_target' from command line to 'None'
[1.078s] Level 5:colcon.colcon_core.verb:set package 'minibot_bringup' build argument 'cmake_target_skip_unavailable' from command line to 'False'
[1.078s] Level 5:colcon.colcon_core.verb:set package 'minibot_bringup' build argument 'cmake_clean_cache' from command line to 'False'
[1.078s] Level 5:colcon.colcon_core.verb:set package 'minibot_bringup' build argument 'cmake_clean_first' from command line to 'False'
[1.078s] Level 5:colcon.colcon_core.verb:set package 'minibot_bringup' build argument 'cmake_force_configure' from command line to 'False'
[1.078s] Level 5:colcon.colcon_core.verb:set package 'minibot_bringup' build argument 'ament_cmake_args' from command line to 'None'
[1.078s] Level 5:colcon.colcon_core.verb:set package 'minibot_bringup' build argument 'catkin_cmake_args' from command line to 'None'
[1.078s] Level 5:colcon.colcon_core.verb:set package 'minibot_bringup' build argument 'catkin_skip_building_tests' from command line to 'False'
[1.078s] DEBUG:colcon.colcon_core.verb:Building package 'minibot_bringup' with the following arguments: {'ament_cmake_args': None, 'build_base': '/home/hanse/pinkbot/build/minibot_bringup', 'catkin_cmake_args': None, 'catkin_skip_building_tests': False, 'cmake_args': None, 'cmake_clean_cache': False, 'cmake_clean_first': False, 'cmake_force_configure': False, 'cmake_target': None, 'cmake_target_skip_unavailable': False, 'install_base': '/home/hanse/pinkbot/install/minibot_bringup', 'merge_install': False, 'path': '/home/hanse/pinkbot/src/pinklab_minibot_robot/minibot_bringup', 'symlink_install': False, 'test_result_base': None}
[1.089s] INFO:colcon.colcon_core.executor:Executing jobs using 'parallel' executor
[1.102s] DEBUG:colcon.colcon_parallel_executor.executor.parallel:run_until_complete
[1.102s] INFO:colcon.colcon_ros.task.ament_cmake.build:Building ROS package in '/home/hanse/pinkbot/src/pinklab_minibot_robot/minibot_description' with build type 'ament_cmake'
[1.102s] INFO:colcon.colcon_cmake.task.cmake.build:Building CMake package in '/home/hanse/pinkbot/src/pinklab_minibot_robot/minibot_description'
[1.116s] INFO:colcon.colcon_core.plugin_system:Skipping extension 'colcon_core.shell.bat': Not used on non-Windows systems
[1.116s] INFO:colcon.colcon_core.shell:Skip shell extension 'powershell' for command environment: Not usable outside of PowerShell
[1.116s] DEBUG:colcon.colcon_core.shell:Skip shell extension 'dsv' for command environment
[1.142s] INFO:colcon.colcon_ros.task.ament_cmake.build:Building ROS package in '/home/hanse/pinkbot/src/pinklab_minibot_robot/minibot_interfaces' with build type 'ament_cmake'
[1.142s] INFO:colcon.colcon_cmake.task.cmake.build:Building CMake package in '/home/hanse/pinkbot/src/pinklab_minibot_robot/minibot_interfaces'
[1.155s] INFO:colcon.colcon_core.shell:Skip shell extension 'powershell' for command environment: Not usable outside of PowerShell
[1.155s] DEBUG:colcon.colcon_core.shell:Skip shell extension 'dsv' for command environment
[1.182s] INFO:colcon.colcon_ros.task.ament_cmake.build:Building ROS package in '/home/hanse/pinkbot/src/pinklab_minibot_robot/minibot_hardware_interface' with build type 'ament_cmake'
[1.183s] INFO:colcon.colcon_cmake.task.cmake.build:Building CMake package in '/home/hanse/pinkbot/src/pinklab_minibot_robot/minibot_hardware_interface'
[1.196s] INFO:colcon.colcon_core.shell:Skip shell extension 'powershell' for command environment: Not usable outside of PowerShell
[1.196s] DEBUG:colcon.colcon_core.shell:Skip shell extension 'dsv' for command environment
[1.224s] INFO:colcon.colcon_ros.task.ament_cmake.build:Building ROS package in '/home/hanse/pinkbot/src/pinklab_minibot_robot/minibot_navigation2' with build type 'ament_cmake'
[1.224s] INFO:colcon.colcon_cmake.task.cmake.build:Building CMake package in '/home/hanse/pinkbot/src/pinklab_minibot_robot/minibot_navigation2'
[1.237s] INFO:colcon.colcon_core.shell:Skip shell extension 'powershell' for command environment: Not usable outside of PowerShell
[1.238s] DEBUG:colcon.colcon_core.shell:Skip shell extension 'dsv' for command environment
[1.268s] DEBUG:colcon.colcon_core.event_handler.log_command:Invoking command in '/home/hanse/pinkbot/build/minibot_description': CMAKE_PREFIX_PATH=/opt/ros/humble /home/hanse/.local/bin/cmake --build /home/hanse/pinkbot/build/minibot_description -- -j8 -l8
[1.270s] DEBUG:colcon.colcon_core.event_handler.log_command:Invoking command in '/home/hanse/pinkbot/build/minibot_interfaces': CMAKE_PREFIX_PATH=/opt/ros/humble /home/hanse/.local/bin/cmake --build /home/hanse/pinkbot/build/minibot_interfaces -- -j8 -l8
[1.272s] DEBUG:colcon.colcon_core.event_handler.log_command:Invoking command in '/home/hanse/pinkbot/build/minibot_hardware_interface': CMAKE_PREFIX_PATH=/opt/ros/humble /home/hanse/.local/bin/cmake --build /home/hanse/pinkbot/build/minibot_hardware_interface -- -j8 -l8
[1.276s] DEBUG:colcon.colcon_core.event_handler.log_command:Invoking command in '/home/hanse/pinkbot/build/minibot_navigation2': CMAKE_PREFIX_PATH=/opt/ros/humble /home/hanse/.local/bin/cmake --build /home/hanse/pinkbot/build/minibot_navigation2 -- -j8 -l8
[1.317s] DEBUG:colcon.colcon_core.event_handler.log_command:Invoked command in '/home/hanse/pinkbot/build/minibot_description' returned '0': CMAKE_PREFIX_PATH=/opt/ros/humble /home/hanse/.local/bin/cmake --build /home/hanse/pinkbot/build/minibot_description -- -j8 -l8
[1.328s] DEBUG:colcon.colcon_core.event_handler.log_command:Invoked command in '/home/hanse/pinkbot/build/minibot_navigation2' returned '0': CMAKE_PREFIX_PATH=/opt/ros/humble /home/hanse/.local/bin/cmake --build /home/hanse/pinkbot/build/minibot_navigation2 -- -j8 -l8
[1.353s] DEBUG:colcon.colcon_core.event_handler.log_command:Invoked command in '/home/hanse/pinkbot/build/minibot_hardware_interface' returned '0': CMAKE_PREFIX_PATH=/opt/ros/humble /home/hanse/.local/bin/cmake --build /home/hanse/pinkbot/build/minibot_hardware_interface -- -j8 -l8
[1.390s] DEBUG:colcon.colcon_core.event_handler.log_command:Invoking command in '/home/hanse/pinkbot/build/minibot_description': CMAKE_PREFIX_PATH=/opt/ros/humble /home/hanse/.local/bin/cmake --install /home/hanse/pinkbot/build/minibot_description
[1.393s] DEBUG:colcon.colcon_core.event_handler.log_command:Invoking command in '/home/hanse/pinkbot/build/minibot_navigation2': CMAKE_PREFIX_PATH=/opt/ros/humble /home/hanse/.local/bin/cmake --install /home/hanse/pinkbot/build/minibot_navigation2
[1.399s] DEBUG:colcon.colcon_core.event_handler.log_command:Invoking command in '/home/hanse/pinkbot/build/minibot_hardware_interface': CMAKE_PREFIX_PATH=/opt/ros/humble /home/hanse/.local/bin/cmake --install /home/hanse/pinkbot/build/minibot_hardware_interface
[1.417s] Level 1:colcon.colcon_core.environment:create_environment_scripts_only(minibot_description)
[1.418s] DEBUG:colcon.colcon_core.event_handler.log_command:Invoked command in '/home/hanse/pinkbot/build/minibot_description' returned '0': CMAKE_PREFIX_PATH=/opt/ros/humble /home/hanse/.local/bin/cmake --install /home/hanse/pinkbot/build/minibot_description
[1.446s] Level 1:colcon.colcon_core.environment:checking '/home/hanse/pinkbot/install/minibot_description' for CMake module files
[1.446s] Level 1:colcon.colcon_core.environment:checking '/home/hanse/pinkbot/install/minibot_description' for CMake config files
[1.447s] Level 1:colcon.colcon_core.shell:create_environment_hook('minibot_description', 'cmake_prefix_path')
[1.467s] INFO:colcon.colcon_core.shell:Creating environment hook '/home/hanse/pinkbot/install/minibot_description/share/minibot_description/hook/cmake_prefix_path.ps1'
[1.467s] INFO:colcon.colcon_core.shell:Creating environment descriptor '/home/hanse/pinkbot/install/minibot_description/share/minibot_description/hook/cmake_prefix_path.dsv'
[1.468s] INFO:colcon.colcon_core.shell:Creating environment hook '/home/hanse/pinkbot/install/minibot_description/share/minibot_description/hook/cmake_prefix_path.sh'
[1.468s] Level 1:colcon.colcon_core.environment:checking '/home/hanse/pinkbot/install/minibot_description/bin'
[1.468s] Level 1:colcon.colcon_core.environment:checking '/home/hanse/pinkbot/install/minibot_description/lib/pkgconfig/minibot_description.pc'
[1.468s] Level 1:colcon.colcon_core.environment:checking '/home/hanse/pinkbot/install/minibot_description/lib/python3.10/site-packages'
[1.469s] Level 1:colcon.colcon_core.environment:checking '/home/hanse/pinkbot/install/minibot_description/bin'
[1.481s] INFO:colcon.colcon_core.shell:Creating package script '/home/hanse/pinkbot/install/minibot_description/share/minibot_description/package.ps1'
[1.481s] INFO:colcon.colcon_core.shell:Creating package descriptor '/home/hanse/pinkbot/install/minibot_description/share/minibot_description/package.dsv'
[1.482s] INFO:colcon.colcon_core.shell:Creating package script '/home/hanse/pinkbot/install/minibot_description/share/minibot_description/package.sh'
[1.482s] INFO:colcon.colcon_core.shell:Creating package script '/home/hanse/pinkbot/install/minibot_description/share/minibot_description/package.bash'
[1.483s] INFO:colcon.colcon_core.shell:Creating package script '/home/hanse/pinkbot/install/minibot_description/share/minibot_description/package.zsh'
[1.483s] Level 1:colcon.colcon_core.environment:create_file_with_runtime_dependencies(/home/hanse/pinkbot/install/minibot_description/share/colcon-core/packages/minibot_description)
[1.484s] Level 1:colcon.colcon_core.environment:create_environment_scripts_only(minibot_navigation2)
[1.485s] DEBUG:colcon.colcon_core.event_handler.log_command:Invoked command in '/home/hanse/pinkbot/build/minibot_navigation2' returned '0': CMAKE_PREFIX_PATH=/opt/ros/humble /home/hanse/.local/bin/cmake --install /home/hanse/pinkbot/build/minibot_navigation2
[1.508s] Level 1:colcon.colcon_core.environment:checking '/home/hanse/pinkbot/install/minibot_navigation2' for CMake module files
[1.508s] Level 1:colcon.colcon_core.environment:checking '/home/hanse/pinkbot/install/minibot_navigation2' for CMake config files
[1.508s] Level 1:colcon.colcon_core.shell:create_environment_hook('minibot_navigation2', 'cmake_prefix_path')
[1.523s] INFO:colcon.colcon_core.shell:Creating environment hook '/home/hanse/pinkbot/install/minibot_navigation2/share/minibot_navigation2/hook/cmake_prefix_path.ps1'
[1.523s] INFO:colcon.colcon_core.shell:Creating environment descriptor '/home/hanse/pinkbot/install/minibot_navigation2/share/minibot_navigation2/hook/cmake_prefix_path.dsv'
[1.523s] INFO:colcon.colcon_core.shell:Creating environment hook '/home/hanse/pinkbot/install/minibot_navigation2/share/minibot_navigation2/hook/cmake_prefix_path.sh'
[1.523s] Level 1:colcon.colcon_core.environment:checking '/home/hanse/pinkbot/install/minibot_navigation2/bin'
[1.524s] Level 1:colcon.colcon_core.environment:checking '/home/hanse/pinkbot/install/minibot_navigation2/lib/pkgconfig/minibot_navigation2.pc'
[1.524s] Level 1:colcon.colcon_core.environment:checking '/home/hanse/pinkbot/install/minibot_navigation2/lib/python3.10/site-packages'
[1.524s] Level 1:colcon.colcon_core.environment:checking '/home/hanse/pinkbot/install/minibot_navigation2/bin'
[1.537s] INFO:colcon.colcon_core.shell:Creating package script '/home/hanse/pinkbot/install/minibot_navigation2/share/minibot_navigation2/package.ps1'
[1.537s] INFO:colcon.colcon_core.shell:Creating package descriptor '/home/hanse/pinkbot/install/minibot_navigation2/share/minibot_navigation2/package.dsv'
[1.537s] INFO:colcon.colcon_core.shell:Creating package script '/home/hanse/pinkbot/install/minibot_navigation2/share/minibot_navigation2/package.sh'
[1.538s] INFO:colcon.colcon_core.shell:Creating package script '/home/hanse/pinkbot/install/minibot_navigation2/share/minibot_navigation2/package.bash'
[1.538s] INFO:colcon.colcon_core.shell:Creating package script '/home/hanse/pinkbot/install/minibot_navigation2/share/minibot_navigation2/package.zsh'
[1.538s] Level 1:colcon.colcon_core.environment:create_file_with_runtime_dependencies(/home/hanse/pinkbot/install/minibot_navigation2/share/colcon-core/packages/minibot_navigation2)
[1.539s] Level 1:colcon.colcon_core.environment:create_environment_scripts_only(minibot_hardware_interface)
[1.539s] DEBUG:colcon.colcon_core.event_handler.log_command:Invoked command in '/home/hanse/pinkbot/build/minibot_hardware_interface' returned '0': CMAKE_PREFIX_PATH=/opt/ros/humble /home/hanse/.local/bin/cmake --install /home/hanse/pinkbot/build/minibot_hardware_interface
[1.552s] Level 1:colcon.colcon_core.environment:checking '/home/hanse/pinkbot/install/minibot_hardware_interface' for CMake module files
[1.552s] Level 1:colcon.colcon_core.environment:checking '/home/hanse/pinkbot/install/minibot_hardware_interface' for CMake config files
[1.552s] Level 1:colcon.colcon_core.shell:create_environment_hook('minibot_hardware_interface', 'cmake_prefix_path')
[1.565s] INFO:colcon.colcon_core.shell:Creating environment hook '/home/hanse/pinkbot/install/minibot_hardware_interface/share/minibot_hardware_interface/hook/cmake_prefix_path.ps1'
[1.565s] INFO:colcon.colcon_core.shell:Creating environment descriptor '/home/hanse/pinkbot/install/minibot_hardware_interface/share/minibot_hardware_interface/hook/cmake_prefix_path.dsv'
[1.566s] INFO:colcon.colcon_core.shell:Creating environment hook '/home/hanse/pinkbot/install/minibot_hardware_interface/share/minibot_hardware_interface/hook/cmake_prefix_path.sh'
[1.566s] Level 1:colcon.colcon_core.environment:checking '/home/hanse/pinkbot/install/minibot_hardware_interface/lib'
[1.566s] Level 1:colcon.colcon_core.shell:create_environment_hook('minibot_hardware_interface', 'ld_library_path_lib')
[1.581s] INFO:colcon.colcon_core.shell:Creating environment hook '/home/hanse/pinkbot/install/minibot_hardware_interface/share/minibot_hardware_interface/hook/ld_library_path_lib.ps1'
[1.581s] INFO:colcon.colcon_core.shell:Creating environment descriptor '/home/hanse/pinkbot/install/minibot_hardware_interface/share/minibot_hardware_interface/hook/ld_library_path_lib.dsv'
[1.581s] INFO:colcon.colcon_core.shell:Creating environment hook '/home/hanse/pinkbot/install/minibot_hardware_interface/share/minibot_hardware_interface/hook/ld_library_path_lib.sh'
[1.581s] Level 1:colcon.colcon_core.environment:checking '/home/hanse/pinkbot/install/minibot_hardware_interface/bin'
[1.581s] Level 1:colcon.colcon_core.environment:checking '/home/hanse/pinkbot/install/minibot_hardware_interface/lib/pkgconfig/minibot_hardware_interface.pc'
[1.582s] Level 1:colcon.colcon_core.environment:checking '/home/hanse/pinkbot/install/minibot_hardware_interface/lib/python3.10/site-packages'
[1.582s] Level 1:colcon.colcon_core.environment:checking '/home/hanse/pinkbot/install/minibot_hardware_interface/bin'
[1.595s] INFO:colcon.colcon_core.shell:Creating package script '/home/hanse/pinkbot/install/minibot_hardware_interface/share/minibot_hardware_interface/package.ps1'
[1.595s] INFO:colcon.colcon_core.shell:Creating package descriptor '/home/hanse/pinkbot/install/minibot_hardware_interface/share/minibot_hardware_interface/package.dsv'
[1.596s] INFO:colcon.colcon_core.shell:Creating package script '/home/hanse/pinkbot/install/minibot_hardware_interface/share/minibot_hardware_interface/package.sh'
[1.596s] INFO:colcon.colcon_core.shell:Creating package script '/home/hanse/pinkbot/install/minibot_hardware_interface/share/minibot_hardware_interface/package.bash'
[1.596s] INFO:colcon.colcon_core.shell:Creating package script '/home/hanse/pinkbot/install/minibot_hardware_interface/share/minibot_hardware_interface/package.zsh'
[1.597s] Level 1:colcon.colcon_core.environment:create_file_with_runtime_dependencies(/home/hanse/pinkbot/install/minibot_hardware_interface/share/colcon-core/packages/minibot_hardware_interface)
[1.612s] Level 1:colcon.colcon_core.environment:create_environment_scripts_only(minibot_description)
[1.626s] Level 1:colcon.colcon_core.environment:checking '/home/hanse/pinkbot/install/minibot_description' for CMake module files
[1.626s] Level 1:colcon.colcon_core.environment:checking '/home/hanse/pinkbot/install/minibot_description' for CMake config files
[1.626s] Level 1:colcon.colcon_core.shell:create_environment_hook('minibot_description', 'cmake_prefix_path')
[1.639s] INFO:colcon.colcon_core.shell:Creating environment hook '/home/hanse/pinkbot/install/minibot_description/share/minibot_description/hook/cmake_prefix_path.ps1'
[1.639s] INFO:colcon.colcon_core.shell:Creating environment descriptor '/home/hanse/pinkbot/install/minibot_description/share/minibot_description/hook/cmake_prefix_path.dsv'
[1.639s] INFO:colcon.colcon_core.shell:Creating environment hook '/home/hanse/pinkbot/install/minibot_description/share/minibot_description/hook/cmake_prefix_path.sh'
[1.640s] Level 1:colcon.colcon_core.environment:checking '/home/hanse/pinkbot/install/minibot_description/bin'
[1.640s] Level 1:colcon.colcon_core.environment:checking '/home/hanse/pinkbot/install/minibot_description/lib/pkgconfig/minibot_description.pc'
[1.640s] Level 1:colcon.colcon_core.environment:checking '/home/hanse/pinkbot/install/minibot_description/lib/python3.10/site-packages'
[1.640s] Level 1:colcon.colcon_core.environment:checking '/home/hanse/pinkbot/install/minibot_description/bin'
[1.653s] INFO:colcon.colcon_core.shell:Creating package script '/home/hanse/pinkbot/install/minibot_description/share/minibot_description/package.ps1'
[1.653s] INFO:colcon.colcon_core.shell:Creating package descriptor '/home/hanse/pinkbot/install/minibot_description/share/minibot_description/package.dsv'
[1.653s] INFO:colcon.colcon_core.shell:Creating package script '/home/hanse/pinkbot/install/minibot_description/share/minibot_description/package.sh'
[1.653s] INFO:colcon.colcon_core.shell:Creating package script '/home/hanse/pinkbot/install/minibot_description/share/minibot_description/package.bash'
[1.654s] INFO:colcon.colcon_core.shell:Creating package script '/home/hanse/pinkbot/install/minibot_description/share/minibot_description/package.zsh'
[1.654s] Level 1:colcon.colcon_core.environment:create_file_with_runtime_dependencies(/home/hanse/pinkbot/install/minibot_description/share/colcon-core/packages/minibot_description)
[1.667s] Level 1:colcon.colcon_core.environment:create_environment_scripts_only(minibot_navigation2)
[1.679s] Level 1:colcon.colcon_core.environment:checking '/home/hanse/pinkbot/install/minibot_navigation2' for CMake module files
[1.679s] Level 1:colcon.colcon_core.environment:checking '/home/hanse/pinkbot/install/minibot_navigation2' for CMake config files
[1.679s] Level 1:colcon.colcon_core.shell:create_environment_hook('minibot_navigation2', 'cmake_prefix_path')
[1.692s] INFO:colcon.colcon_core.shell:Creating environment hook '/home/hanse/pinkbot/install/minibot_navigation2/share/minibot_navigation2/hook/cmake_prefix_path.ps1'
[1.692s] INFO:colcon.colcon_core.shell:Creating environment descriptor '/home/hanse/pinkbot/install/minibot_navigation2/share/minibot_navigation2/hook/cmake_prefix_path.dsv'
[1.692s] INFO:colcon.colcon_core.shell:Creating environment hook '/home/hanse/pinkbot/install/minibot_navigation2/share/minibot_navigation2/hook/cmake_prefix_path.sh'
[1.692s] Level 1:colcon.colcon_core.environment:checking '/home/hanse/pinkbot/install/minibot_navigation2/bin'
[1.692s] Level 1:colcon.colcon_core.environment:checking '/home/hanse/pinkbot/install/minibot_navigation2/lib/pkgconfig/minibot_navigation2.pc'
[1.693s] Level 1:colcon.colcon_core.environment:checking '/home/hanse/pinkbot/install/minibot_navigation2/lib/python3.10/site-packages'
[1.693s] Level 1:colcon.colcon_core.environment:checking '/home/hanse/pinkbot/install/minibot_navigation2/bin'
[1.714s] INFO:colcon.colcon_core.shell:Creating package script '/home/hanse/pinkbot/install/minibot_navigation2/share/minibot_navigation2/package.ps1'
[1.715s] INFO:colcon.colcon_core.shell:Creating package descriptor '/home/hanse/pinkbot/install/minibot_navigation2/share/minibot_navigation2/package.dsv'
[1.715s] INFO:colcon.colcon_core.shell:Creating package script '/home/hanse/pinkbot/install/minibot_navigation2/share/minibot_navigation2/package.sh'
[1.715s] INFO:colcon.colcon_core.shell:Creating package script '/home/hanse/pinkbot/install/minibot_navigation2/share/minibot_navigation2/package.bash'
[1.715s] INFO:colcon.colcon_core.shell:Creating package script '/home/hanse/pinkbot/install/minibot_navigation2/share/minibot_navigation2/package.zsh'
[1.715s] Level 1:colcon.colcon_core.environment:create_file_with_runtime_dependencies(/home/hanse/pinkbot/install/minibot_navigation2/share/colcon-core/packages/minibot_navigation2)
[1.716s] INFO:colcon.colcon_ros.task.ament_cmake.build:Building ROS package in '/home/hanse/pinkbot/src/pinklab_minibot_robot/minibot_gazebo' with build type 'ament_cmake'
[1.716s] INFO:colcon.colcon_cmake.task.cmake.build:Building CMake package in '/home/hanse/pinkbot/src/pinklab_minibot_robot/minibot_gazebo'
[1.729s] INFO:colcon.colcon_core.shell:Skip shell extension 'powershell' for command environment: Not usable outside of PowerShell
[1.729s] DEBUG:colcon.colcon_core.shell:Skip shell extension 'dsv' for command environment
[1.769s] Level 1:colcon.colcon_core.environment:create_environment_scripts_only(minibot_hardware_interface)
[1.782s] Level 1:colcon.colcon_core.environment:checking '/home/hanse/pinkbot/install/minibot_hardware_interface' for CMake module files
[1.782s] Level 1:colcon.colcon_core.environment:checking '/home/hanse/pinkbot/install/minibot_hardware_interface' for CMake config files
[1.782s] Level 1:colcon.colcon_core.shell:create_environment_hook('minibot_hardware_interface', 'cmake_prefix_path')
[1.794s] INFO:colcon.colcon_core.shell:Creating environment hook '/home/hanse/pinkbot/install/minibot_hardware_interface/share/minibot_hardware_interface/hook/cmake_prefix_path.ps1'
[1.794s] INFO:colcon.colcon_core.shell:Creating environment descriptor '/home/hanse/pinkbot/install/minibot_hardware_interface/share/minibot_hardware_interface/hook/cmake_prefix_path.dsv'
[1.794s] INFO:colcon.colcon_core.shell:Creating environment hook '/home/hanse/pinkbot/install/minibot_hardware_interface/share/minibot_hardware_interface/hook/cmake_prefix_path.sh'
[1.794s] Level 1:colcon.colcon_core.environment:checking '/home/hanse/pinkbot/install/minibot_hardware_interface/lib'
[1.795s] Level 1:colcon.colcon_core.shell:create_environment_hook('minibot_hardware_interface', 'ld_library_path_lib')
[1.806s] INFO:colcon.colcon_core.shell:Creating environment hook '/home/hanse/pinkbot/install/minibot_hardware_interface/share/minibot_hardware_interface/hook/ld_library_path_lib.ps1'
[1.807s] INFO:colcon.colcon_core.shell:Creating environment descriptor '/home/hanse/pinkbot/install/minibot_hardware_interface/share/minibot_hardware_interface/hook/ld_library_path_lib.dsv'
[1.807s] INFO:colcon.colcon_core.shell:Creating environment hook '/home/hanse/pinkbot/install/minibot_hardware_interface/share/minibot_hardware_interface/hook/ld_library_path_lib.sh'
[1.807s] Level 1:colcon.colcon_core.environment:checking '/home/hanse/pinkbot/install/minibot_hardware_interface/bin'
[1.807s] Level 1:colcon.colcon_core.environment:checking '/home/hanse/pinkbot/install/minibot_hardware_interface/lib/pkgconfig/minibot_hardware_interface.pc'
[1.807s] Level 1:colcon.colcon_core.environment:checking '/home/hanse/pinkbot/install/minibot_hardware_interface/lib/python3.10/site-packages'
[1.807s] Level 1:colcon.colcon_core.environment:checking '/home/hanse/pinkbot/install/minibot_hardware_interface/bin'
[1.819s] INFO:colcon.colcon_core.shell:Creating package script '/home/hanse/pinkbot/install/minibot_hardware_interface/share/minibot_hardware_interface/package.ps1'
[1.820s] INFO:colcon.colcon_core.shell:Creating package descriptor '/home/hanse/pinkbot/install/minibot_hardware_interface/share/minibot_hardware_interface/package.dsv'
[1.820s] INFO:colcon.colcon_core.shell:Creating package script '/home/hanse/pinkbot/install/minibot_hardware_interface/share/minibot_hardware_interface/package.sh'
[1.821s] INFO:colcon.colcon_core.shell:Creating package script '/home/hanse/pinkbot/install/minibot_hardware_interface/share/minibot_hardware_interface/package.bash'
[1.821s] INFO:colcon.colcon_core.shell:Creating package script '/home/hanse/pinkbot/install/minibot_hardware_interface/share/minibot_hardware_interface/package.zsh'
[1.821s] Level 1:colcon.colcon_core.environment:create_file_with_runtime_dependencies(/home/hanse/pinkbot/install/minibot_hardware_interface/share/colcon-core/packages/minibot_hardware_interface)
[1.823s] DEBUG:colcon.colcon_core.event_handler.log_command:Invoked command in '/home/hanse/pinkbot/build/minibot_interfaces' returned '0': CMAKE_PREFIX_PATH=/opt/ros/humble /home/hanse/.local/bin/cmake --build /home/hanse/pinkbot/build/minibot_interfaces -- -j8 -l8
[1.825s] DEBUG:colcon.colcon_core.event_handler.log_command:Invoking command in '/home/hanse/pinkbot/build/minibot_gazebo': AMENT_PREFIX_PATH=/home/hanse/pinkbot/install/minibot_description:${AMENT_PREFIX_PATH} CMAKE_PREFIX_PATH=/home/hanse/pinkbot/install/minibot_description:/opt/ros/humble /home/hanse/.local/bin/cmake --build /home/hanse/pinkbot/build/minibot_gazebo -- -j8 -l8
[1.868s] DEBUG:colcon.colcon_core.event_handler.log_command:Invoked command in '/home/hanse/pinkbot/build/minibot_gazebo' returned '0': AMENT_PREFIX_PATH=/home/hanse/pinkbot/install/minibot_description:${AMENT_PREFIX_PATH} CMAKE_PREFIX_PATH=/home/hanse/pinkbot/install/minibot_description:/opt/ros/humble /home/hanse/.local/bin/cmake --build /home/hanse/pinkbot/build/minibot_gazebo -- -j8 -l8
[1.887s] DEBUG:colcon.colcon_core.event_handler.log_command:Invoking command in '/home/hanse/pinkbot/build/minibot_interfaces': CMAKE_PREFIX_PATH=/opt/ros/humble /home/hanse/.local/bin/cmake --install /home/hanse/pinkbot/build/minibot_interfaces
[1.898s] DEBUG:colcon.colcon_core.event_handler.log_command:Invoking command in '/home/hanse/pinkbot/build/minibot_gazebo': AMENT_PREFIX_PATH=/home/hanse/pinkbot/install/minibot_description:${AMENT_PREFIX_PATH} CMAKE_PREFIX_PATH=/home/hanse/pinkbot/install/minibot_description:/opt/ros/humble /home/hanse/.local/bin/cmake --install /home/hanse/pinkbot/build/minibot_gazebo
[1.922s] Level 1:colcon.colcon_core.environment:create_environment_scripts_only(minibot_gazebo)
[1.922s] DEBUG:colcon.colcon_core.event_handler.log_command:Invoked command in '/home/hanse/pinkbot/build/minibot_gazebo' returned '0': AMENT_PREFIX_PATH=/home/hanse/pinkbot/install/minibot_description:${AMENT_PREFIX_PATH} CMAKE_PREFIX_PATH=/home/hanse/pinkbot/install/minibot_description:/opt/ros/humble /home/hanse/.local/bin/cmake --install /home/hanse/pinkbot/build/minibot_gazebo
[1.940s] Level 1:colcon.colcon_core.environment:checking '/home/hanse/pinkbot/install/minibot_gazebo' for CMake module files
[1.940s] Level 1:colcon.colcon_core.environment:checking '/home/hanse/pinkbot/install/minibot_gazebo' for CMake config files
[1.941s] Level 1:colcon.colcon_core.shell:create_environment_hook('minibot_gazebo', 'cmake_prefix_path')
[1.954s] INFO:colcon.colcon_core.shell:Creating environment hook '/home/hanse/pinkbot/install/minibot_gazebo/share/minibot_gazebo/hook/cmake_prefix_path.ps1'
[1.954s] INFO:colcon.colcon_core.shell:Creating environment descriptor '/home/hanse/pinkbot/install/minibot_gazebo/share/minibot_gazebo/hook/cmake_prefix_path.dsv'
[1.955s] INFO:colcon.colcon_core.shell:Creating environment hook '/home/hanse/pinkbot/install/minibot_gazebo/share/minibot_gazebo/hook/cmake_prefix_path.sh'
[1.955s] Level 1:colcon.colcon_core.environment:checking '/home/hanse/pinkbot/install/minibot_gazebo/bin'
[1.955s] Level 1:colcon.colcon_core.environment:checking '/home/hanse/pinkbot/install/minibot_gazebo/lib/pkgconfig/minibot_gazebo.pc'
[1.955s] Level 1:colcon.colcon_core.environment:checking '/home/hanse/pinkbot/install/minibot_gazebo/lib/python3.10/site-packages'
[1.955s] Level 1:colcon.colcon_core.environment:checking '/home/hanse/pinkbot/install/minibot_gazebo/bin'
[1.968s] INFO:colcon.colcon_core.shell:Creating package script '/home/hanse/pinkbot/install/minibot_gazebo/share/minibot_gazebo/package.ps1'
[1.968s] INFO:colcon.colcon_core.shell:Creating package descriptor '/home/hanse/pinkbot/install/minibot_gazebo/share/minibot_gazebo/package.dsv'
[1.968s] INFO:colcon.colcon_core.shell:Creating package script '/home/hanse/pinkbot/install/minibot_gazebo/share/minibot_gazebo/package.sh'
[1.969s] INFO:colcon.colcon_core.shell:Creating package script '/home/hanse/pinkbot/install/minibot_gazebo/share/minibot_gazebo/package.bash'
[1.969s] INFO:colcon.colcon_core.shell:Creating package script '/home/hanse/pinkbot/install/minibot_gazebo/share/minibot_gazebo/package.zsh'
[1.969s] Level 1:colcon.colcon_core.environment:create_file_with_runtime_dependencies(/home/hanse/pinkbot/install/minibot_gazebo/share/colcon-core/packages/minibot_gazebo)
[1.970s] Level 1:colcon.colcon_core.environment:create_environment_scripts_only(minibot_interfaces)
[1.970s] DEBUG:colcon.colcon_core.event_handler.log_command:Invoked command in '/home/hanse/pinkbot/build/minibot_interfaces' returned '0': CMAKE_PREFIX_PATH=/opt/ros/humble /home/hanse/.local/bin/cmake --install /home/hanse/pinkbot/build/minibot_interfaces
[1.983s] Level 1:colcon.colcon_core.environment:checking '/home/hanse/pinkbot/install/minibot_interfaces' for CMake module files
[1.984s] Level 1:colcon.colcon_core.environment:checking '/home/hanse/pinkbot/install/minibot_interfaces' for CMake config files
[1.984s] Level 1:colcon.colcon_core.shell:create_environment_hook('minibot_interfaces', 'cmake_prefix_path')
[1.997s] INFO:colcon.colcon_core.shell:Creating environment hook '/home/hanse/pinkbot/install/minibot_interfaces/share/minibot_interfaces/hook/cmake_prefix_path.ps1'
[1.998s] INFO:colcon.colcon_core.shell:Creating environment descriptor '/home/hanse/pinkbot/install/minibot_interfaces/share/minibot_interfaces/hook/cmake_prefix_path.dsv'
[1.998s] INFO:colcon.colcon_core.shell:Creating environment hook '/home/hanse/pinkbot/install/minibot_interfaces/share/minibot_interfaces/hook/cmake_prefix_path.sh'
[1.998s] Level 1:colcon.colcon_core.environment:checking '/home/hanse/pinkbot/install/minibot_interfaces/lib'
[1.998s] Level 1:colcon.colcon_core.shell:create_environment_hook('minibot_interfaces', 'ld_library_path_lib')
[2.012s] INFO:colcon.colcon_core.shell:Creating environment hook '/home/hanse/pinkbot/install/minibot_interfaces/share/minibot_interfaces/hook/ld_library_path_lib.ps1'
[2.012s] INFO:colcon.colcon_core.shell:Creating environment descriptor '/home/hanse/pinkbot/install/minibot_interfaces/share/minibot_interfaces/hook/ld_library_path_lib.dsv'
[2.012s] INFO:colcon.colcon_core.shell:Creating environment hook '/home/hanse/pinkbot/install/minibot_interfaces/share/minibot_interfaces/hook/ld_library_path_lib.sh'
[2.012s] Level 1:colcon.colcon_core.environment:checking '/home/hanse/pinkbot/install/minibot_interfaces/bin'
[2.012s] Level 1:colcon.colcon_core.environment:checking '/home/hanse/pinkbot/install/minibot_interfaces/lib/pkgconfig/minibot_interfaces.pc'
[2.012s] Level 1:colcon.colcon_core.environment:checking '/home/hanse/pinkbot/install/minibot_interfaces/lib/python3.10/site-packages'
[2.012s] Level 1:colcon.colcon_core.environment:checking '/home/hanse/pinkbot/install/minibot_interfaces/bin'
[2.025s] INFO:colcon.colcon_core.shell:Creating package script '/home/hanse/pinkbot/install/minibot_interfaces/share/minibot_interfaces/package.ps1'
[2.026s] INFO:colcon.colcon_core.shell:Creating package descriptor '/home/hanse/pinkbot/install/minibot_interfaces/share/minibot_interfaces/package.dsv'
[2.026s] INFO:colcon.colcon_core.shell:Creating package script '/home/hanse/pinkbot/install/minibot_interfaces/share/minibot_interfaces/package.sh'
[2.026s] INFO:colcon.colcon_core.shell:Creating package script '/home/hanse/pinkbot/install/minibot_interfaces/share/minibot_interfaces/package.bash'
[2.026s] INFO:colcon.colcon_core.shell:Creating package script '/home/hanse/pinkbot/install/minibot_interfaces/share/minibot_interfaces/package.zsh'
[2.027s] Level 1:colcon.colcon_core.environment:create_file_with_runtime_dependencies(/home/hanse/pinkbot/install/minibot_interfaces/share/colcon-core/packages/minibot_interfaces)
[2.041s] Level 1:colcon.colcon_core.environment:create_environment_scripts_only(minibot_gazebo)
[2.056s] Level 1:colcon.colcon_core.environment:checking '/home/hanse/pinkbot/install/minibot_gazebo' for CMake module files
[2.057s] Level 1:colcon.colcon_core.environment:checking '/home/hanse/pinkbot/install/minibot_gazebo' for CMake config files
[2.057s] Level 1:colcon.colcon_core.shell:create_environment_hook('minibot_gazebo', 'cmake_prefix_path')
[2.070s] INFO:colcon.colcon_core.shell:Creating environment hook '/home/hanse/pinkbot/install/minibot_gazebo/share/minibot_gazebo/hook/cmake_prefix_path.ps1'
[2.070s] INFO:colcon.colcon_core.shell:Creating environment descriptor '/home/hanse/pinkbot/install/minibot_gazebo/share/minibot_gazebo/hook/cmake_prefix_path.dsv'
[2.070s] INFO:colcon.colcon_core.shell:Creating environment hook '/home/hanse/pinkbot/install/minibot_gazebo/share/minibot_gazebo/hook/cmake_prefix_path.sh'
[2.071s] Level 1:colcon.colcon_core.environment:checking '/home/hanse/pinkbot/install/minibot_gazebo/bin'
[2.071s] Level 1:colcon.colcon_core.environment:checking '/home/hanse/pinkbot/install/minibot_gazebo/lib/pkgconfig/minibot_gazebo.pc'
[2.071s] Level 1:colcon.colcon_core.environment:checking '/home/hanse/pinkbot/install/minibot_gazebo/lib/python3.10/site-packages'
[2.071s] Level 1:colcon.colcon_core.environment:checking '/home/hanse/pinkbot/install/minibot_gazebo/bin'
[2.084s] INFO:colcon.colcon_core.shell:Creating package script '/home/hanse/pinkbot/install/minibot_gazebo/share/minibot_gazebo/package.ps1'
[2.084s] INFO:colcon.colcon_core.shell:Creating package descriptor '/home/hanse/pinkbot/install/minibot_gazebo/share/minibot_gazebo/package.dsv'
[2.085s] INFO:colcon.colcon_core.shell:Creating package script '/home/hanse/pinkbot/install/minibot_gazebo/share/minibot_gazebo/package.sh'
[2.085s] INFO:colcon.colcon_core.shell:Creating package script '/home/hanse/pinkbot/install/minibot_gazebo/share/minibot_gazebo/package.bash'
[2.085s] INFO:colcon.colcon_core.shell:Creating package script '/home/hanse/pinkbot/install/minibot_gazebo/share/minibot_gazebo/package.zsh'
[2.085s] Level 1:colcon.colcon_core.environment:create_file_with_runtime_dependencies(/home/hanse/pinkbot/install/minibot_gazebo/share/colcon-core/packages/minibot_gazebo)
[2.086s] INFO:colcon.colcon_ros.task.ament_cmake.build:Building ROS package in '/home/hanse/pinkbot/src/pinklab_minibot_robot/minibot_bringup' with build type 'ament_cmake'
[2.086s] INFO:colcon.colcon_cmake.task.cmake.build:Building CMake package in '/home/hanse/pinkbot/src/pinklab_minibot_robot/minibot_bringup'
[2.099s] INFO:colcon.colcon_core.shell:Skip shell extension 'powershell' for command environment: Not usable outside of PowerShell
[2.100s] DEBUG:colcon.colcon_core.shell:Skip shell extension 'dsv' for command environment
[2.141s] Level 1:colcon.colcon_core.environment:create_environment_scripts_only(minibot_interfaces)
[2.153s] Level 1:colcon.colcon_core.environment:checking '/home/hanse/pinkbot/install/minibot_interfaces' for CMake module files
[2.154s] Level 1:colcon.colcon_core.environment:checking '/home/hanse/pinkbot/install/minibot_interfaces' for CMake config files
[2.154s] Level 1:colcon.colcon_core.shell:create_environment_hook('minibot_interfaces', 'cmake_prefix_path')
[2.166s] INFO:colcon.colcon_core.shell:Creating environment hook '/home/hanse/pinkbot/install/minibot_interfaces/share/minibot_interfaces/hook/cmake_prefix_path.ps1'
[2.166s] INFO:colcon.colcon_core.shell:Creating environment descriptor '/home/hanse/pinkbot/install/minibot_interfaces/share/minibot_interfaces/hook/cmake_prefix_path.dsv'
[2.166s] INFO:colcon.colcon_core.shell:Creating environment hook '/home/hanse/pinkbot/install/minibot_interfaces/share/minibot_interfaces/hook/cmake_prefix_path.sh'
[2.167s] Level 1:colcon.colcon_core.environment:checking '/home/hanse/pinkbot/install/minibot_interfaces/lib'
[2.167s] Level 1:colcon.colcon_core.shell:create_environment_hook('minibot_interfaces', 'ld_library_path_lib')
[2.178s] INFO:colcon.colcon_core.shell:Creating environment hook '/home/hanse/pinkbot/install/minibot_interfaces/share/minibot_interfaces/hook/ld_library_path_lib.ps1'
[2.179s] INFO:colcon.colcon_core.shell:Creating environment descriptor '/home/hanse/pinkbot/install/minibot_interfaces/share/minibot_interfaces/hook/ld_library_path_lib.dsv'
[2.179s] INFO:colcon.colcon_core.shell:Creating environment hook '/home/hanse/pinkbot/install/minibot_interfaces/share/minibot_interfaces/hook/ld_library_path_lib.sh'
[2.179s] Level 1:colcon.colcon_core.environment:checking '/home/hanse/pinkbot/install/minibot_interfaces/bin'
[2.179s] Level 1:colcon.colcon_core.environment:checking '/home/hanse/pinkbot/install/minibot_interfaces/lib/pkgconfig/minibot_interfaces.pc'
[2.179s] Level 1:colcon.colcon_core.environment:checking '/home/hanse/pinkbot/install/minibot_interfaces/lib/python3.10/site-packages'
[2.179s] Level 1:colcon.colcon_core.environment:checking '/home/hanse/pinkbot/install/minibot_interfaces/bin'
[2.191s] INFO:colcon.colcon_core.shell:Creating package script '/home/hanse/pinkbot/install/minibot_interfaces/share/minibot_interfaces/package.ps1'
[2.191s] INFO:colcon.colcon_core.shell:Creating package descriptor '/home/hanse/pinkbot/install/minibot_interfaces/share/minibot_interfaces/package.dsv'
[2.192s] INFO:colcon.colcon_core.shell:Creating package script '/home/hanse/pinkbot/install/minibot_interfaces/share/minibot_interfaces/package.sh'
[2.192s] INFO:colcon.colcon_core.shell:Creating package script '/home/hanse/pinkbot/install/minibot_interfaces/share/minibot_interfaces/package.bash'
[2.192s] INFO:colcon.colcon_core.shell:Creating package script '/home/hanse/pinkbot/install/minibot_interfaces/share/minibot_interfaces/package.zsh'
[2.192s] Level 1:colcon.colcon_core.environment:create_file_with_runtime_dependencies(/home/hanse/pinkbot/install/minibot_interfaces/share/colcon-core/packages/minibot_interfaces)
[2.193s] INFO:colcon.colcon_ros.task.ament_cmake.build:Building ROS package in '/home/hanse/pinkbot/src/pinklab_minibot_robot/minibot_controllers' with build type 'ament_cmake'
[2.193s] INFO:colcon.colcon_cmake.task.cmake.build:Building CMake package in '/home/hanse/pinkbot/src/pinklab_minibot_robot/minibot_controllers'
[2.205s] INFO:colcon.colcon_core.shell:Skip shell extension 'powershell' for command environment: Not usable outside of PowerShell
[2.205s] DEBUG:colcon.colcon_core.shell:Skip shell extension 'dsv' for command environment
[2.235s] DEBUG:colcon.colcon_core.event_handler.log_command:Invoking command in '/home/hanse/pinkbot/build/minibot_bringup': AMENT_PREFIX_PATH=/home/hanse/pinkbot/install/minibot_gazebo:/home/hanse/pinkbot/install/minibot_description:${AMENT_PREFIX_PATH} CMAKE_PREFIX_PATH=/home/hanse/pinkbot/install/minibot_gazebo:/home/hanse/pinkbot/install/minibot_description:/opt/ros/humble /home/hanse/.local/bin/cmake --build /home/hanse/pinkbot/build/minibot_bringup -- -j8 -l8
[2.237s] DEBUG:colcon.colcon_core.event_handler.log_command:Invoking command in '/home/hanse/pinkbot/build/minibot_controllers': AMENT_PREFIX_PATH=/home/hanse/pinkbot/install/minibot_interfaces:${AMENT_PREFIX_PATH} CMAKE_PREFIX_PATH=/home/hanse/pinkbot/install/minibot_interfaces:/opt/ros/humble LD_LIBRARY_PATH=/home/hanse/pinkbot/install/minibot_interfaces/lib:/usr/lib/x86_64-linux-gnu/gazebo-11/plugins:/opt/ros/humble/opt/rviz_ogre_vendor/lib:/opt/ros/humble/lib/x86_64-linux-gnu:/opt/ros/humble/lib:/usr/local/cuda-11.7/lib64:/usr/local/cuda-11.7/lib64/ PYTHONPATH=/home/hanse/pinkbot/install/minibot_interfaces/local/lib/python3.10/dist-packages:${PYTHONPATH} /home/hanse/.local/bin/cmake --build /home/hanse/pinkbot/build/minibot_controllers -- -j8 -l8
[2.276s] DEBUG:colcon.colcon_core.event_handler.log_command:Invoked command in '/home/hanse/pinkbot/build/minibot_bringup' returned '0': AMENT_PREFIX_PATH=/home/hanse/pinkbot/install/minibot_gazebo:/home/hanse/pinkbot/install/minibot_description:${AMENT_PREFIX_PATH} CMAKE_PREFIX_PATH=/home/hanse/pinkbot/install/minibot_gazebo:/home/hanse/pinkbot/install/minibot_description:/opt/ros/humble /home/hanse/.local/bin/cmake --build /home/hanse/pinkbot/build/minibot_bringup -- -j8 -l8
[2.299s] DEBUG:colcon.colcon_core.event_handler.log_command:Invoked command in '/home/hanse/pinkbot/build/minibot_controllers' returned '0': AMENT_PREFIX_PATH=/home/hanse/pinkbot/install/minibot_interfaces:${AMENT_PREFIX_PATH} CMAKE_PREFIX_PATH=/home/hanse/pinkbot/install/minibot_interfaces:/opt/ros/humble LD_LIBRARY_PATH=/home/hanse/pinkbot/install/minibot_interfaces/lib:/usr/lib/x86_64-linux-gnu/gazebo-11/plugins:/opt/ros/humble/opt/rviz_ogre_vendor/lib:/opt/ros/humble/lib/x86_64-linux-gnu:/opt/ros/humble/lib:/usr/local/cuda-11.7/lib64:/usr/local/cuda-11.7/lib64/ PYTHONPATH=/home/hanse/pinkbot/install/minibot_interfaces/local/lib/python3.10/dist-packages:${PYTHONPATH} /home/hanse/.local/bin/cmake --build /home/hanse/pinkbot/build/minibot_controllers -- -j8 -l8
[2.307s] DEBUG:colcon.colcon_core.event_handler.log_command:Invoking command in '/home/hanse/pinkbot/build/minibot_bringup': AMENT_PREFIX_PATH=/home/hanse/pinkbot/install/minibot_gazebo:/home/hanse/pinkbot/install/minibot_description:${AMENT_PREFIX_PATH} CMAKE_PREFIX_PATH=/home/hanse/pinkbot/install/minibot_gazebo:/home/hanse/pinkbot/install/minibot_description:/opt/ros/humble /home/hanse/.local/bin/cmake --install /home/hanse/pinkbot/build/minibot_bringup
[2.328s] Level 1:colcon.colcon_core.environment:create_environment_scripts_only(minibot_bringup)
[2.329s] DEBUG:colcon.colcon_core.event_handler.log_command:Invoked command in '/home/hanse/pinkbot/build/minibot_bringup' returned '0': AMENT_PREFIX_PATH=/home/hanse/pinkbot/install/minibot_gazebo:/home/hanse/pinkbot/install/minibot_description:${AMENT_PREFIX_PATH} CMAKE_PREFIX_PATH=/home/hanse/pinkbot/install/minibot_gazebo:/home/hanse/pinkbot/install/minibot_description:/opt/ros/humble /home/hanse/.local/bin/cmake --install /home/hanse/pinkbot/build/minibot_bringup
[2.342s] Level 1:colcon.colcon_core.environment:checking '/home/hanse/pinkbot/install/minibot_bringup' for CMake module files
[2.342s] Level 1:colcon.colcon_core.environment:checking '/home/hanse/pinkbot/install/minibot_bringup' for CMake config files
[2.342s] Level 1:colcon.colcon_core.shell:create_environment_hook('minibot_bringup', 'cmake_prefix_path')
[2.355s] INFO:colcon.colcon_core.shell:Creating environment hook '/home/hanse/pinkbot/install/minibot_bringup/share/minibot_bringup/hook/cmake_prefix_path.ps1'
[2.355s] INFO:colcon.colcon_core.shell:Creating environment descriptor '/home/hanse/pinkbot/install/minibot_bringup/share/minibot_bringup/hook/cmake_prefix_path.dsv'
[2.355s] INFO:colcon.colcon_core.shell:Creating environment hook '/home/hanse/pinkbot/install/minibot_bringup/share/minibot_bringup/hook/cmake_prefix_path.sh'
[2.356s] Level 1:colcon.colcon_core.environment:checking '/home/hanse/pinkbot/install/minibot_bringup/bin'
[2.356s] Level 1:colcon.colcon_core.environment:checking '/home/hanse/pinkbot/install/minibot_bringup/lib/pkgconfig/minibot_bringup.pc'
[2.356s] Level 1:colcon.colcon_core.environment:checking '/home/hanse/pinkbot/install/minibot_bringup/lib/python3.10/site-packages'
[2.356s] Level 1:colcon.colcon_core.environment:checking '/home/hanse/pinkbot/install/minibot_bringup/bin'
[2.368s] INFO:colcon.colcon_core.shell:Creating package script '/home/hanse/pinkbot/install/minibot_bringup/share/minibot_bringup/package.ps1'
[2.369s] INFO:colcon.colcon_core.shell:Creating package descriptor '/home/hanse/pinkbot/install/minibot_bringup/share/minibot_bringup/package.dsv'
[2.369s] INFO:colcon.colcon_core.shell:Creating package script '/home/hanse/pinkbot/install/minibot_bringup/share/minibot_bringup/package.sh'
[2.369s] INFO:colcon.colcon_core.shell:Creating package script '/home/hanse/pinkbot/install/minibot_bringup/share/minibot_bringup/package.bash'
[2.369s] INFO:colcon.colcon_core.shell:Creating package script '/home/hanse/pinkbot/install/minibot_bringup/share/minibot_bringup/package.zsh'
[2.369s] Level 1:colcon.colcon_core.environment:create_file_with_runtime_dependencies(/home/hanse/pinkbot/install/minibot_bringup/share/colcon-core/packages/minibot_bringup)
[2.371s] DEBUG:colcon.colcon_core.event_handler.log_command:Invoking command in '/home/hanse/pinkbot/build/minibot_controllers': AMENT_PREFIX_PATH=/home/hanse/pinkbot/install/minibot_interfaces:${AMENT_PREFIX_PATH} CMAKE_PREFIX_PATH=/home/hanse/pinkbot/install/minibot_interfaces:/opt/ros/humble LD_LIBRARY_PATH=/home/hanse/pinkbot/install/minibot_interfaces/lib:/usr/lib/x86_64-linux-gnu/gazebo-11/plugins:/opt/ros/humble/opt/rviz_ogre_vendor/lib:/opt/ros/humble/lib/x86_64-linux-gnu:/opt/ros/humble/lib:/usr/local/cuda-11.7/lib64:/usr/local/cuda-11.7/lib64/ PYTHONPATH=/home/hanse/pinkbot/install/minibot_interfaces/local/lib/python3.10/dist-packages:${PYTHONPATH} /home/hanse/.local/bin/cmake --install /home/hanse/pinkbot/build/minibot_controllers
[2.393s] Level 1:colcon.colcon_core.environment:create_environment_scripts_only(minibot_controllers)
[2.394s] DEBUG:colcon.colcon_core.event_handler.log_command:Invoked command in '/home/hanse/pinkbot/build/minibot_controllers' returned '0': AMENT_PREFIX_PATH=/home/hanse/pinkbot/install/minibot_interfaces:${AMENT_PREFIX_PATH} CMAKE_PREFIX_PATH=/home/hanse/pinkbot/install/minibot_interfaces:/opt/ros/humble LD_LIBRARY_PATH=/home/hanse/pinkbot/install/minibot_interfaces/lib:/usr/lib/x86_64-linux-gnu/gazebo-11/plugins:/opt/ros/humble/opt/rviz_ogre_vendor/lib:/opt/ros/humble/lib/x86_64-linux-gnu:/opt/ros/humble/lib:/usr/local/cuda-11.7/lib64:/usr/local/cuda-11.7/lib64/ PYTHONPATH=/home/hanse/pinkbot/install/minibot_interfaces/local/lib/python3.10/dist-packages:${PYTHONPATH} /home/hanse/.local/bin/cmake --install /home/hanse/pinkbot/build/minibot_controllers
[2.406s] Level 1:colcon.colcon_core.environment:checking '/home/hanse/pinkbot/install/minibot_controllers' for CMake module files
[2.407s] Level 1:colcon.colcon_core.environment:checking '/home/hanse/pinkbot/install/minibot_controllers' for CMake config files
[2.407s] Level 1:colcon.colcon_core.shell:create_environment_hook('minibot_controllers', 'cmake_prefix_path')
[2.419s] INFO:colcon.colcon_core.shell:Creating environment hook '/home/hanse/pinkbot/install/minibot_controllers/share/minibot_controllers/hook/cmake_prefix_path.ps1'
[2.420s] INFO:colcon.colcon_core.shell:Creating environment descriptor '/home/hanse/pinkbot/install/minibot_controllers/share/minibot_controllers/hook/cmake_prefix_path.dsv'
[2.420s] INFO:colcon.colcon_core.shell:Creating environment hook '/home/hanse/pinkbot/install/minibot_controllers/share/minibot_controllers/hook/cmake_prefix_path.sh'
[2.420s] Level 1:colcon.colcon_core.environment:checking '/home/hanse/pinkbot/install/minibot_controllers/lib'
[2.420s] Level 1:colcon.colcon_core.shell:create_environment_hook('minibot_controllers', 'ld_library_path_lib')
[2.432s] INFO:colcon.colcon_core.shell:Creating environment hook '/home/hanse/pinkbot/install/minibot_controllers/share/minibot_controllers/hook/ld_library_path_lib.ps1'
[2.433s] INFO:colcon.colcon_core.shell:Creating environment descriptor '/home/hanse/pinkbot/install/minibot_controllers/share/minibot_controllers/hook/ld_library_path_lib.dsv'
[2.433s] INFO:colcon.colcon_core.shell:Creating environment hook '/home/hanse/pinkbot/install/minibot_controllers/share/minibot_controllers/hook/ld_library_path_lib.sh'
[2.433s] Level 1:colcon.colcon_core.environment:checking '/home/hanse/pinkbot/install/minibot_controllers/bin'
[2.433s] Level 1:colcon.colcon_core.environment:checking '/home/hanse/pinkbot/install/minibot_controllers/lib/pkgconfig/minibot_controllers.pc'
[2.433s] Level 1:colcon.colcon_core.environment:checking '/home/hanse/pinkbot/install/minibot_controllers/lib/python3.10/site-packages'
[2.433s] Level 1:colcon.colcon_core.environment:checking '/home/hanse/pinkbot/install/minibot_controllers/bin'
[2.446s] INFO:colcon.colcon_core.shell:Creating package script '/home/hanse/pinkbot/install/minibot_controllers/share/minibot_controllers/package.ps1'
[2.447s] INFO:colcon.colcon_core.shell:Creating package descriptor '/home/hanse/pinkbot/install/minibot_controllers/share/minibot_controllers/package.dsv'
[2.447s] INFO:colcon.colcon_core.shell:Creating package script '/home/hanse/pinkbot/install/minibot_controllers/share/minibot_controllers/package.sh'
[2.447s] INFO:colcon.colcon_core.shell:Creating package script '/home/hanse/pinkbot/install/minibot_controllers/share/minibot_controllers/package.bash'
[2.447s] INFO:colcon.colcon_core.shell:Creating package script '/home/hanse/pinkbot/install/minibot_controllers/share/minibot_controllers/package.zsh'
[2.448s] Level 1:colcon.colcon_core.environment:create_file_with_runtime_dependencies(/home/hanse/pinkbot/install/minibot_controllers/share/colcon-core/packages/minibot_controllers)
[2.461s] Level 1:colcon.colcon_core.environment:create_environment_scripts_only(minibot_bringup)
[2.474s] Level 1:colcon.colcon_core.environment:checking '/home/hanse/pinkbot/install/minibot_bringup' for CMake module files
[2.475s] Level 1:colcon.colcon_core.environment:checking '/home/hanse/pinkbot/install/minibot_bringup' for CMake config files
[2.475s] Level 1:colcon.colcon_core.shell:create_environment_hook('minibot_bringup', 'cmake_prefix_path')
[2.487s] INFO:colcon.colcon_core.shell:Creating environment hook '/home/hanse/pinkbot/install/minibot_bringup/share/minibot_bringup/hook/cmake_prefix_path.ps1'
[2.488s] INFO:colcon.colcon_core.shell:Creating environment descriptor '/home/hanse/pinkbot/install/minibot_bringup/share/minibot_bringup/hook/cmake_prefix_path.dsv'
[2.488s] INFO:colcon.colcon_core.shell:Creating environment hook '/home/hanse/pinkbot/install/minibot_bringup/share/minibot_bringup/hook/cmake_prefix_path.sh'
[2.488s] Level 1:colcon.colcon_core.environment:checking '/home/hanse/pinkbot/install/minibot_bringup/bin'
[2.488s] Level 1:colcon.colcon_core.environment:checking '/home/hanse/pinkbot/install/minibot_bringup/lib/pkgconfig/minibot_bringup.pc'
[2.488s] Level 1:colcon.colcon_core.environment:checking '/home/hanse/pinkbot/install/minibot_bringup/lib/python3.10/site-packages'
[2.489s] Level 1:colcon.colcon_core.environment:checking '/home/hanse/pinkbot/install/minibot_bringup/bin'
[2.501s] INFO:colcon.colcon_core.shell:Creating package script '/home/hanse/pinkbot/install/minibot_bringup/share/minibot_bringup/package.ps1'
[2.501s] INFO:colcon.colcon_core.shell:Creating package descriptor '/home/hanse/pinkbot/install/minibot_bringup/share/minibot_bringup/package.dsv'
[2.501s] INFO:colcon.colcon_core.shell:Creating package script '/home/hanse/pinkbot/install/minibot_bringup/share/minibot_bringup/package.sh'
[2.502s] INFO:colcon.colcon_core.shell:Creating package script '/home/hanse/pinkbot/install/minibot_bringup/share/minibot_bringup/package.bash'
[2.502s] INFO:colcon.colcon_core.shell:Creating package script '/home/hanse/pinkbot/install/minibot_bringup/share/minibot_bringup/package.zsh'
[2.502s] Level 1:colcon.colcon_core.environment:create_file_with_runtime_dependencies(/home/hanse/pinkbot/install/minibot_bringup/share/colcon-core/packages/minibot_bringup)
[2.516s] Level 1:colcon.colcon_core.environment:create_environment_scripts_only(minibot_controllers)
[2.529s] Level 1:colcon.colcon_core.environment:checking '/home/hanse/pinkbot/install/minibot_controllers' for CMake module files
[2.529s] Level 1:colcon.colcon_core.environment:checking '/home/hanse/pinkbot/install/minibot_controllers' for CMake config files
[2.529s] Level 1:colcon.colcon_core.shell:create_environment_hook('minibot_controllers', 'cmake_prefix_path')
[2.542s] INFO:colcon.colcon_core.shell:Creating environment hook '/home/hanse/pinkbot/install/minibot_controllers/share/minibot_controllers/hook/cmake_prefix_path.ps1'
[2.543s] INFO:colcon.colcon_core.shell:Creating environment descriptor '/home/hanse/pinkbot/install/minibot_controllers/share/minibot_controllers/hook/cmake_prefix_path.dsv'
[2.543s] INFO:colcon.colcon_core.shell:Creating environment hook '/home/hanse/pinkbot/install/minibot_controllers/share/minibot_controllers/hook/cmake_prefix_path.sh'
[2.543s] Level 1:colcon.colcon_core.environment:checking '/home/hanse/pinkbot/install/minibot_controllers/lib'
[2.543s] Level 1:colcon.colcon_core.shell:create_environment_hook('minibot_controllers', 'ld_library_path_lib')
[2.556s] INFO:colcon.colcon_core.shell:Creating environment hook '/home/hanse/pinkbot/install/minibot_controllers/share/minibot_controllers/hook/ld_library_path_lib.ps1'
[2.556s] INFO:colcon.colcon_core.shell:Creating environment descriptor '/home/hanse/pinkbot/install/minibot_controllers/share/minibot_controllers/hook/ld_library_path_lib.dsv'
[2.556s] INFO:colcon.colcon_core.shell:Creating environment hook '/home/hanse/pinkbot/install/minibot_controllers/share/minibot_controllers/hook/ld_library_path_lib.sh'
[2.556s] Level 1:colcon.colcon_core.environment:checking '/home/hanse/pinkbot/install/minibot_controllers/bin'
[2.556s] Level 1:colcon.colcon_core.environment:checking '/home/hanse/pinkbot/install/minibot_controllers/lib/pkgconfig/minibot_controllers.pc'
[2.556s] Level 1:colcon.colcon_core.environment:checking '/home/hanse/pinkbot/install/minibot_controllers/lib/python3.10/site-packages'
[2.557s] Level 1:colcon.colcon_core.environment:checking '/home/hanse/pinkbot/install/minibot_controllers/bin'
[2.569s] INFO:colcon.colcon_core.shell:Creating package script '/home/hanse/pinkbot/install/minibot_controllers/share/minibot_controllers/package.ps1'
[2.569s] INFO:colcon.colcon_core.shell:Creating package descriptor '/home/hanse/pinkbot/install/minibot_controllers/share/minibot_controllers/package.dsv'
[2.570s] INFO:colcon.colcon_core.shell:Creating package script '/home/hanse/pinkbot/install/minibot_controllers/share/minibot_controllers/package.sh'
[2.570s] INFO:colcon.colcon_core.shell:Creating package script '/home/hanse/pinkbot/install/minibot_controllers/share/minibot_controllers/package.bash'
[2.570s] INFO:colcon.colcon_core.shell:Creating package script '/home/hanse/pinkbot/install/minibot_controllers/share/minibot_controllers/package.zsh'
[2.570s] Level 1:colcon.colcon_core.environment:create_file_with_runtime_dependencies(/home/hanse/pinkbot/install/minibot_controllers/share/colcon-core/packages/minibot_controllers)
[2.570s] DEBUG:colcon.colcon_parallel_executor.executor.parallel:closing loop
[2.570s] DEBUG:colcon.colcon_parallel_executor.executor.parallel:loop closed
[2.570s] DEBUG:colcon.colcon_parallel_executor.executor.parallel:run_until_complete finished with '0'
[2.571s] DEBUG:colcon.colcon_core.event_reactor:joining thread
[2.587s] INFO:colcon.colcon_core.plugin_system:Skipping extension 'colcon_notification.desktop_notification.terminal_notifier': Not used on non-Darwin systems
[2.587s] INFO:colcon.colcon_core.plugin_system:Skipping extension 'colcon_notification.desktop_notification.win32': Not used on non-Windows systems
[2.587s] INFO:colcon.colcon_notification.desktop_notification:Sending desktop notification using 'notify2'
[2.595s] DEBUG:colcon.colcon_core.event_reactor:joined thread
[2.608s] INFO:colcon.colcon_core.shell:Creating prefix script '/home/hanse/pinkbot/install/local_setup.ps1'
[2.608s] INFO:colcon.colcon_core.shell:Creating prefix util module '/home/hanse/pinkbot/install/_local_setup_util_ps1.py'
[2.609s] INFO:colcon.colcon_core.shell:Creating prefix chain script '/home/hanse/pinkbot/install/setup.ps1'
[2.622s] INFO:colcon.colcon_core.shell:Creating prefix script '/home/hanse/pinkbot/install/local_setup.sh'
[2.622s] INFO:colcon.colcon_core.shell:Creating prefix util module '/home/hanse/pinkbot/install/_local_setup_util_sh.py'
[2.623s] INFO:colcon.colcon_core.shell:Creating prefix chain script '/home/hanse/pinkbot/install/setup.sh'
[2.636s] INFO:colcon.colcon_core.shell:Creating prefix script '/home/hanse/pinkbot/install/local_setup.bash'
[2.636s] INFO:colcon.colcon_core.shell:Creating prefix chain script '/home/hanse/pinkbot/install/setup.bash'
[2.649s] INFO:colcon.colcon_core.shell:Creating prefix script '/home/hanse/pinkbot/install/local_setup.zsh'
[2.649s] INFO:colcon.colcon_core.shell:Creating prefix chain script '/home/hanse/pinkbot/install/setup.zsh'
