-- Install configuration: ""
-- Up-to-date: /home/hanse/pinkbot/install/minibot_gazebo/share/minibot_gazebo/launch
-- Installing: /home/hanse/pinkbot/install/minibot_gazebo/share/minibot_gazebo/launch/bringup_gazebo.launch.py
-- Up-to-date: /home/hanse/pinkbot/install/minibot_gazebo/share/minibot_gazebo/worlds
-- Installing: /home/hanse/pinkbot/install/minibot_gazebo/share/minibot_gazebo/worlds/turtlebot3_world.world
-- Up-to-date: /home/hanse/pinkbot/install/minibot_gazebo/share/minibot_gazebo/worlds/empty.world
-- Up-to-date: /home/hanse/pinkbot/install/minibot_gazebo/share/minibot_gazebo/worlds/simple_building.world
-- Up-to-date: /home/hanse/pinkbot/install/minibot_gazebo/share/minibot_gazebo/models
-- Installing: /home/hanse/pinkbot/install/minibot_gazebo/share/minibot_gazebo/models/turtlebot3_world
-- Installing: /home/hanse/pinkbot/install/minibot_gazebo/share/minibot_gazebo/models/turtlebot3_world/model-1_4.sdf
-- Installing: /home/hanse/pinkbot/install/minibot_gazebo/share/minibot_gazebo/models/turtlebot3_world/meshes
-- Installing: /home/hanse/pinkbot/install/minibot_gazebo/share/minibot_gazebo/models/turtlebot3_world/meshes/hexagon.dae
-- Installing: /home/hanse/pinkbot/install/minibot_gazebo/share/minibot_gazebo/models/turtlebot3_world/meshes/wall.dae
-- Installing: /home/hanse/pinkbot/install/minibot_gazebo/share/minibot_gazebo/models/turtlebot3_world/model.config
-- Installing: /home/hanse/pinkbot/install/minibot_gazebo/share/minibot_gazebo/models/turtlebot3_world/model.sdf
-- Up-to-date: /home/hanse/pinkbot/install/minibot_gazebo/share/minibot_gazebo/models/.empty
-- Up-to-date: /home/hanse/pinkbot/install/minibot_gazebo/share/minibot_gazebo/models/simple_building
-- Up-to-date: /home/hanse/pinkbot/install/minibot_gazebo/share/minibot_gazebo/models/simple_building/model.config
-- Up-to-date: /home/hanse/pinkbot/install/minibot_gazebo/share/minibot_gazebo/models/simple_building/model.sdf
-- Up-to-date: /home/hanse/pinkbot/install/minibot_gazebo/share/ament_index/resource_index/package_run_dependencies/minibot_gazebo
-- Up-to-date: /home/hanse/pinkbot/install/minibot_gazebo/share/ament_index/resource_index/parent_prefix_path/minibot_gazebo
-- Up-to-date: /home/hanse/pinkbot/install/minibot_gazebo/share/minibot_gazebo/environment/ament_prefix_path.sh
-- Up-to-date: /home/hanse/pinkbot/install/minibot_gazebo/share/minibot_gazebo/environment/ament_prefix_path.dsv
-- Up-to-date: /home/hanse/pinkbot/install/minibot_gazebo/share/minibot_gazebo/environment/path.sh
-- Up-to-date: /home/hanse/pinkbot/install/minibot_gazebo/share/minibot_gazebo/environment/path.dsv
-- Up-to-date: /home/hanse/pinkbot/install/minibot_gazebo/share/minibot_gazebo/local_setup.bash
-- Up-to-date: /home/hanse/pinkbot/install/minibot_gazebo/share/minibot_gazebo/local_setup.sh
-- Up-to-date: /home/hanse/pinkbot/install/minibot_gazebo/share/minibot_gazebo/local_setup.zsh
-- Up-to-date: /home/hanse/pinkbot/install/minibot_gazebo/share/minibot_gazebo/local_setup.dsv
-- Installing: /home/hanse/pinkbot/install/minibot_gazebo/share/minibot_gazebo/package.dsv
-- Up-to-date: /home/hanse/pinkbot/install/minibot_gazebo/share/ament_index/resource_index/packages/minibot_gazebo
-- Up-to-date: /home/hanse/pinkbot/install/minibot_gazebo/share/minibot_gazebo/cmake/minibot_gazeboConfig.cmake
-- Up-to-date: /home/hanse/pinkbot/install/minibot_gazebo/share/minibot_gazebo/cmake/minibot_gazeboConfig-version.cmake
-- Up-to-date: /home/hanse/pinkbot/install/minibot_gazebo/share/minibot_gazebo/package.xml
