-- Install configuration: ""
-- Installing: /home/hanse/pinkbot/install/minibot_navigation2/share/minibot_navigation2/config
-- Installing: /home/hanse/pinkbot/install/minibot_navigation2/share/minibot_navigation2/config/mapper_params.yaml
-- Installing: /home/hanse/pinkbot/install/minibot_navigation2/share/minibot_navigation2/launch
-- Installing: /home/hanse/pinkbot/install/minibot_navigation2/share/minibot_navigation2/launch/localization_launch.py
-- Installing: /home/hanse/pinkbot/install/minibot_navigation2/share/minibot_navigation2/launch/rviz_launch.py
-- Installing: /home/hanse/pinkbot/install/minibot_navigation2/share/minibot_navigation2/launch/navigation_launch.py
-- Installing: /home/hanse/pinkbot/install/minibot_navigation2/share/minibot_navigation2/launch/bringup_launch.py
-- Installing: /home/hanse/pinkbot/install/minibot_navigation2/share/minibot_navigation2/launch/map_building.launch.py
-- Installing: /home/hanse/pinkbot/install/minibot_navigation2/share/minibot_navigation2/maps
-- Installing: /home/hanse/pinkbot/install/minibot_navigation2/share/minibot_navigation2/maps/simple_building.yaml
-- Installing: /home/hanse/pinkbot/install/minibot_navigation2/share/minibot_navigation2/maps/.empty
-- Installing: /home/hanse/pinkbot/install/minibot_navigation2/share/minibot_navigation2/maps/pinklab_test1.pgm
-- Installing: /home/hanse/pinkbot/install/minibot_navigation2/share/minibot_navigation2/maps/simple_building.pgm
-- Installing: /home/hanse/pinkbot/install/minibot_navigation2/share/minibot_navigation2/maps/pinklab_test1.yaml
-- Installing: /home/hanse/pinkbot/install/minibot_navigation2/share/minibot_navigation2/params
-- Installing: /home/hanse/pinkbot/install/minibot_navigation2/share/minibot_navigation2/params/nav2_params.yaml
-- Installing: /home/hanse/pinkbot/install/minibot_navigation2/share/minibot_navigation2/rviz
-- Installing: /home/hanse/pinkbot/install/minibot_navigation2/share/minibot_navigation2/rviz/map_building.rviz
-- Installing: /home/hanse/pinkbot/install/minibot_navigation2/share/minibot_navigation2/rviz/nav2_view.rviz
-- Installing: /home/hanse/pinkbot/install/minibot_navigation2/share/ament_index/resource_index/package_run_dependencies/minibot_navigation2
-- Installing: /home/hanse/pinkbot/install/minibot_navigation2/share/ament_index/resource_index/parent_prefix_path/minibot_navigation2
-- Installing: /home/hanse/pinkbot/install/minibot_navigation2/share/minibot_navigation2/environment/ament_prefix_path.sh
-- Installing: /home/hanse/pinkbot/install/minibot_navigation2/share/minibot_navigation2/environment/ament_prefix_path.dsv
-- Installing: /home/hanse/pinkbot/install/minibot_navigation2/share/minibot_navigation2/environment/path.sh
-- Installing: /home/hanse/pinkbot/install/minibot_navigation2/share/minibot_navigation2/environment/path.dsv
-- Installing: /home/hanse/pinkbot/install/minibot_navigation2/share/minibot_navigation2/local_setup.bash
-- Installing: /home/hanse/pinkbot/install/minibot_navigation2/share/minibot_navigation2/local_setup.sh
-- Installing: /home/hanse/pinkbot/install/minibot_navigation2/share/minibot_navigation2/local_setup.zsh
-- Installing: /home/hanse/pinkbot/install/minibot_navigation2/share/minibot_navigation2/local_setup.dsv
-- Installing: /home/hanse/pinkbot/install/minibot_navigation2/share/minibot_navigation2/package.dsv
-- Installing: /home/hanse/pinkbot/install/minibot_navigation2/share/ament_index/resource_index/packages/minibot_navigation2
-- Installing: /home/hanse/pinkbot/install/minibot_navigation2/share/minibot_navigation2/cmake/minibot_navigation2Config.cmake
-- Installing: /home/hanse/pinkbot/install/minibot_navigation2/share/minibot_navigation2/cmake/minibot_navigation2Config-version.cmake
-- Installing: /home/hanse/pinkbot/install/minibot_navigation2/share/minibot_navigation2/package.xml
