[0.050s] Invoking command in '/home/hanse/pinkbot/build/minibot_bringup': AMENT_PREFIX_PATH=/home/hanse/pinkbot/install/minibot_gazebo:/home/hanse/pinkbot/install/minibot_description:${AMENT_PREFIX_PATH} CMAKE_PREFIX_PATH=/home/hanse/pinkbot/install/minibot_gazebo:/home/hanse/pinkbot/install/minibot_description:/opt/ros/humble /home/hanse/.local/bin/cmake --build /home/hanse/pinkbot/build/minibot_bringup -- -j8 -l8
[0.098s] Invoked command in '/home/hanse/pinkbot/build/minibot_bringup' returned '0': AMENT_PREFIX_PATH=/home/hanse/pinkbot/install/minibot_gazebo:/home/hanse/pinkbot/install/minibot_description:${AMENT_PREFIX_PATH} CMAKE_PREFIX_PATH=/home/hanse/pinkbot/install/minibot_gazebo:/home/hanse/pinkbot/install/minibot_description:/opt/ros/humble /home/hanse/.local/bin/cmake --build /home/hanse/pinkbot/build/minibot_bringup -- -j8 -l8
[0.132s] Invoking command in '/home/hanse/pinkbot/build/minibot_bringup': AMENT_PREFIX_PATH=/home/hanse/pinkbot/install/minibot_gazebo:/home/hanse/pinkbot/install/minibot_description:${AMENT_PREFIX_PATH} CMAKE_PREFIX_PATH=/home/hanse/pinkbot/install/minibot_gazebo:/home/hanse/pinkbot/install/minibot_description:/opt/ros/humble /home/hanse/.local/bin/cmake --install /home/hanse/pinkbot/build/minibot_bringup
[0.151s] -- Install configuration: ""
[0.151s] -- Up-to-date: /home/hanse/pinkbot/install/minibot_bringup/share/minibot_bringup/config
[0.151s] -- Up-to-date: /home/hanse/pinkbot/install/minibot_bringup/share/minibot_bringup/config/minibot_controllers.yaml
[0.152s] -- Up-to-date: /home/hanse/pinkbot/install/minibot_bringup/share/minibot_bringup/config/minibot_controllers_gazebo.yaml
[0.152s] -- Up-to-date: /home/hanse/pinkbot/install/minibot_bringup/share/minibot_bringup/config/ydlidar.yaml
[0.152s] -- Up-to-date: /home/hanse/pinkbot/install/minibot_bringup/share/minibot_bringup/launch
[0.152s] -- Up-to-date: /home/hanse/pinkbot/install/minibot_bringup/share/minibot_bringup/launch/bringup_robot_gazebo.launch.py
[0.152s] -- Up-to-date: /home/hanse/pinkbot/install/minibot_bringup/share/minibot_bringup/launch/bringup_robot.launch.py
[0.152s] -- Up-to-date: /home/hanse/pinkbot/install/minibot_bringup/share/minibot_bringup/rviz
[0.152s] -- Up-to-date: /home/hanse/pinkbot/install/minibot_bringup/share/minibot_bringup/rviz/robot.rviz
[0.152s] -- Up-to-date: /home/hanse/pinkbot/install/minibot_bringup/share/minibot_bringup/rviz/.empty
[0.153s] -- Up-to-date: /home/hanse/pinkbot/install/minibot_bringup/share/ament_index/resource_index/package_run_dependencies/minibot_bringup
[0.153s] -- Up-to-date: /home/hanse/pinkbot/install/minibot_bringup/share/ament_index/resource_index/parent_prefix_path/minibot_bringup
[0.153s] -- Up-to-date: /home/hanse/pinkbot/install/minibot_bringup/share/minibot_bringup/environment/ament_prefix_path.sh
[0.153s] -- Up-to-date: /home/hanse/pinkbot/install/minibot_bringup/share/minibot_bringup/environment/ament_prefix_path.dsv
[0.153s] -- Up-to-date: /home/hanse/pinkbot/install/minibot_bringup/share/minibot_bringup/environment/path.sh
[0.153s] -- Up-to-date: /home/hanse/pinkbot/install/minibot_bringup/share/minibot_bringup/environment/path.dsv
[0.153s] -- Up-to-date: /home/hanse/pinkbot/install/minibot_bringup/share/minibot_bringup/local_setup.bash
[0.153s] -- Up-to-date: /home/hanse/pinkbot/install/minibot_bringup/share/minibot_bringup/local_setup.sh
[0.153s] -- Up-to-date: /home/hanse/pinkbot/install/minibot_bringup/share/minibot_bringup/local_setup.zsh
[0.153s] -- Up-to-date: /home/hanse/pinkbot/install/minibot_bringup/share/minibot_bringup/local_setup.dsv
[0.153s] -- Installing: /home/hanse/pinkbot/install/minibot_bringup/share/minibot_bringup/package.dsv
[0.154s] -- Up-to-date: /home/hanse/pinkbot/install/minibot_bringup/share/ament_index/resource_index/packages/minibot_bringup
[0.154s] -- Up-to-date: /home/hanse/pinkbot/install/minibot_bringup/share/minibot_bringup/cmake/minibot_bringupConfig.cmake
[0.154s] -- Up-to-date: /home/hanse/pinkbot/install/minibot_bringup/share/minibot_bringup/cmake/minibot_bringupConfig-version.cmake
[0.154s] -- Up-to-date: /home/hanse/pinkbot/install/minibot_bringup/share/minibot_bringup/package.xml
[0.159s] Invoked command in '/home/hanse/pinkbot/build/minibot_bringup' returned '0': AMENT_PREFIX_PATH=/home/hanse/pinkbot/install/minibot_gazebo:/home/hanse/pinkbot/install/minibot_description:${AMENT_PREFIX_PATH} CMAKE_PREFIX_PATH=/home/hanse/pinkbot/install/minibot_gazebo:/home/hanse/pinkbot/install/minibot_description:/opt/ros/humble /home/hanse/.local/bin/cmake --install /home/hanse/pinkbot/build/minibot_bringup
