[0.177s] Invoking command in '/home/hanse/pinkbot/build/minibot_interfaces': CMAKE_PREFIX_PATH=${CMAKE_PREFIX_PATH}:/opt/ros/humble /home/hanse/.local/bin/cmake --build /home/hanse/pinkbot/build/minibot_interfaces -- -j8 -l8
[0.235s] [ 10%] Built target minibot_interfaces__rosidl_generator_c
[0.238s] [ 12%] Built target minibot_interfaces__cpp
[0.259s] [ 12%] Built target ament_cmake_python_copy_minibot_interfaces
[0.270s] [ 23%] Built target minibot_interfaces__rosidl_typesupport_introspection_c
[0.273s] [ 33%] Built target minibot_interfaces__rosidl_typesupport_c
[0.274s] [ 43%] Built target minibot_interfaces__rosidl_typesupport_fastrtps_c
[0.274s] [ 53%] Built target minibot_interfaces__rosidl_typesupport_fastrtps_cpp
[0.279s] [ 64%] Built target minibot_interfaces__rosidl_typesupport_cpp
[0.279s] [ 74%] Built target minibot_interfaces__rosidl_typesupport_introspection_cpp
[0.300s] [ 74%] Built target minibot_interfaces
[0.321s] [ 76%] Built target minibot_interfaces__py
[0.352s] [ 84%] Built target minibot_interfaces__rosidl_generator_py
[0.368s] [ 89%] Built target minibot_interfaces__rosidl_typesupport_introspection_c__pyext
[0.370s] [ 97%] Built target minibot_interfaces__rosidl_typesupport_c__pyext
[0.370s] [100%] Built target minibot_interfaces__rosidl_typesupport_fastrtps_c__pyext
[0.515s] running egg_info
[0.516s] writing minibot_interfaces.egg-info/PKG-INFO
[0.516s] writing dependency_links to minibot_interfaces.egg-info/dependency_links.txt
[0.516s] writing top-level names to minibot_interfaces.egg-info/top_level.txt
[0.518s] reading manifest file 'minibot_interfaces.egg-info/SOURCES.txt'
[0.519s] writing manifest file 'minibot_interfaces.egg-info/SOURCES.txt'
[0.551s] [100%] Built target ament_cmake_python_build_minibot_interfaces_egg
[0.809s] Invoked command in '/home/hanse/pinkbot/build/minibot_interfaces' returned '0': CMAKE_PREFIX_PATH=${CMAKE_PREFIX_PATH}:/opt/ros/humble /home/hanse/.local/bin/cmake --build /home/hanse/pinkbot/build/minibot_interfaces -- -j8 -l8
[0.937s] Invoking command in '/home/hanse/pinkbot/build/minibot_interfaces': CMAKE_PREFIX_PATH=${CMAKE_PREFIX_PATH}:/opt/ros/humble /home/hanse/.local/bin/cmake --install /home/hanse/pinkbot/build/minibot_interfaces
[0.969s] -- Install configuration: ""
[0.970s] -- Up-to-date: /home/hanse/pinkbot/install/minibot_interfaces/share/ament_index/resource_index/rosidl_interfaces/minibot_interfaces
[0.970s] -- Up-to-date: /home/hanse/pinkbot/install/minibot_interfaces/include/minibot_interfaces/minibot_interfaces
[0.970s] -- Up-to-date: /home/hanse/pinkbot/install/minibot_interfaces/include/minibot_interfaces/minibot_interfaces/msg
[0.970s] -- Up-to-date: /home/hanse/pinkbot/install/minibot_interfaces/include/minibot_interfaces/minibot_interfaces/msg/robot_state.h
[0.970s] -- Up-to-date: /home/hanse/pinkbot/install/minibot_interfaces/include/minibot_interfaces/minibot_interfaces/msg/detail
[0.970s] -- Up-to-date: /home/hanse/pinkbot/install/minibot_interfaces/include/minibot_interfaces/minibot_interfaces/msg/detail/lamp_command__struct.h
[0.970s] -- Up-to-date: /home/hanse/pinkbot/install/minibot_interfaces/include/minibot_interfaces/minibot_interfaces/msg/detail/lamp_command__functions.c
[0.970s] -- Up-to-date: /home/hanse/pinkbot/install/minibot_interfaces/include/minibot_interfaces/minibot_interfaces/msg/detail/robot_state__functions.c
[0.970s] -- Up-to-date: /home/hanse/pinkbot/install/minibot_interfaces/include/minibot_interfaces/minibot_interfaces/msg/detail/robot_state__functions.h
[0.970s] -- Up-to-date: /home/hanse/pinkbot/install/minibot_interfaces/include/minibot_interfaces/minibot_interfaces/msg/detail/robot_state__type_support.h
[0.970s] -- Up-to-date: /home/hanse/pinkbot/install/minibot_interfaces/include/minibot_interfaces/minibot_interfaces/msg/detail/robot_state__struct.h
[0.971s] -- Up-to-date: /home/hanse/pinkbot/install/minibot_interfaces/include/minibot_interfaces/minibot_interfaces/msg/detail/lamp_command__functions.h
[0.971s] -- Up-to-date: /home/hanse/pinkbot/install/minibot_interfaces/include/minibot_interfaces/minibot_interfaces/msg/detail/lamp_command__type_support.h
[0.971s] -- Up-to-date: /home/hanse/pinkbot/install/minibot_interfaces/include/minibot_interfaces/minibot_interfaces/msg/rosidl_generator_c__visibility_control.h
[0.971s] -- Up-to-date: /home/hanse/pinkbot/install/minibot_interfaces/include/minibot_interfaces/minibot_interfaces/msg/lamp_command.h
[0.971s] -- Up-to-date: /home/hanse/pinkbot/install/minibot_interfaces/share/minibot_interfaces/environment/library_path.sh
[0.971s] -- Up-to-date: /home/hanse/pinkbot/install/minibot_interfaces/share/minibot_interfaces/environment/library_path.dsv
[0.971s] -- Up-to-date: /home/hanse/pinkbot/install/minibot_interfaces/lib/libminibot_interfaces__rosidl_generator_c.so
[0.971s] -- Up-to-date: /home/hanse/pinkbot/install/minibot_interfaces/include/minibot_interfaces/minibot_interfaces
[0.971s] -- Up-to-date: /home/hanse/pinkbot/install/minibot_interfaces/include/minibot_interfaces/minibot_interfaces/msg
[0.971s] -- Up-to-date: /home/hanse/pinkbot/install/minibot_interfaces/include/minibot_interfaces/minibot_interfaces/msg/rosidl_typesupport_fastrtps_c__visibility_control.h
[0.971s] -- Up-to-date: /home/hanse/pinkbot/install/minibot_interfaces/include/minibot_interfaces/minibot_interfaces/msg/detail
[0.972s] -- Up-to-date: /home/hanse/pinkbot/install/minibot_interfaces/include/minibot_interfaces/minibot_interfaces/msg/detail/robot_state__rosidl_typesupport_fastrtps_c.h
[0.972s] -- Up-to-date: /home/hanse/pinkbot/install/minibot_interfaces/include/minibot_interfaces/minibot_interfaces/msg/detail/lamp_command__rosidl_typesupport_fastrtps_c.h
[0.972s] -- Up-to-date: /home/hanse/pinkbot/install/minibot_interfaces/lib/libminibot_interfaces__rosidl_typesupport_fastrtps_c.so
[0.972s] -- Up-to-date: /home/hanse/pinkbot/install/minibot_interfaces/include/minibot_interfaces/minibot_interfaces
[0.972s] -- Up-to-date: /home/hanse/pinkbot/install/minibot_interfaces/include/minibot_interfaces/minibot_interfaces/msg
[0.972s] -- Up-to-date: /home/hanse/pinkbot/install/minibot_interfaces/include/minibot_interfaces/minibot_interfaces/msg/robot_state.hpp
[0.972s] -- Up-to-date: /home/hanse/pinkbot/install/minibot_interfaces/include/minibot_interfaces/minibot_interfaces/msg/detail
[0.972s] -- Up-to-date: /home/hanse/pinkbot/install/minibot_interfaces/include/minibot_interfaces/minibot_interfaces/msg/detail/robot_state__struct.hpp
[0.972s] -- Up-to-date: /home/hanse/pinkbot/install/minibot_interfaces/include/minibot_interfaces/minibot_interfaces/msg/detail/lamp_command__builder.hpp
[0.972s] -- Up-to-date: /home/hanse/pinkbot/install/minibot_interfaces/include/minibot_interfaces/minibot_interfaces/msg/detail/robot_state__builder.hpp
[0.972s] -- Up-to-date: /home/hanse/pinkbot/install/minibot_interfaces/include/minibot_interfaces/minibot_interfaces/msg/detail/robot_state__traits.hpp
[0.972s] -- Up-to-date: /home/hanse/pinkbot/install/minibot_interfaces/include/minibot_interfaces/minibot_interfaces/msg/detail/lamp_command__traits.hpp
[0.972s] -- Up-to-date: /home/hanse/pinkbot/install/minibot_interfaces/include/minibot_interfaces/minibot_interfaces/msg/detail/lamp_command__struct.hpp
[0.972s] -- Up-to-date: /home/hanse/pinkbot/install/minibot_interfaces/include/minibot_interfaces/minibot_interfaces/msg/lamp_command.hpp
[0.973s] -- Up-to-date: /home/hanse/pinkbot/install/minibot_interfaces/include/minibot_interfaces/minibot_interfaces
[0.973s] -- Up-to-date: /home/hanse/pinkbot/install/minibot_interfaces/include/minibot_interfaces/minibot_interfaces/msg
[0.973s] -- Up-to-date: /home/hanse/pinkbot/install/minibot_interfaces/include/minibot_interfaces/minibot_interfaces/msg/rosidl_typesupport_fastrtps_cpp__visibility_control.h
[0.973s] -- Up-to-date: /home/hanse/pinkbot/install/minibot_interfaces/include/minibot_interfaces/minibot_interfaces/msg/detail
[0.973s] -- Up-to-date: /home/hanse/pinkbot/install/minibot_interfaces/include/minibot_interfaces/minibot_interfaces/msg/detail/robot_state__rosidl_typesupport_fastrtps_cpp.hpp
[0.973s] -- Up-to-date: /home/hanse/pinkbot/install/minibot_interfaces/include/minibot_interfaces/minibot_interfaces/msg/detail/lamp_command__rosidl_typesupport_fastrtps_cpp.hpp
[0.973s] -- Up-to-date: /home/hanse/pinkbot/install/minibot_interfaces/include/minibot_interfaces/minibot_interfaces/msg/detail/dds_fastrtps
[0.973s] -- Up-to-date: /home/hanse/pinkbot/install/minibot_interfaces/lib/libminibot_interfaces__rosidl_typesupport_fastrtps_cpp.so
[0.973s] -- Up-to-date: /home/hanse/pinkbot/install/minibot_interfaces/include/minibot_interfaces/minibot_interfaces
[0.973s] -- Up-to-date: /home/hanse/pinkbot/install/minibot_interfaces/include/minibot_interfaces/minibot_interfaces/msg
[0.973s] -- Up-to-date: /home/hanse/pinkbot/install/minibot_interfaces/include/minibot_interfaces/minibot_interfaces/msg/detail
[0.973s] -- Up-to-date: /home/hanse/pinkbot/install/minibot_interfaces/include/minibot_interfaces/minibot_interfaces/msg/detail/robot_state__rosidl_typesupport_introspection_c.h
[0.973s] -- Up-to-date: /home/hanse/pinkbot/install/minibot_interfaces/include/minibot_interfaces/minibot_interfaces/msg/detail/robot_state__type_support.c
[0.973s] -- Up-to-date: /home/hanse/pinkbot/install/minibot_interfaces/include/minibot_interfaces/minibot_interfaces/msg/detail/lamp_command__rosidl_typesupport_introspection_c.h
[0.973s] -- Up-to-date: /home/hanse/pinkbot/install/minibot_interfaces/include/minibot_interfaces/minibot_interfaces/msg/detail/lamp_command__type_support.c
[0.973s] -- Up-to-date: /home/hanse/pinkbot/install/minibot_interfaces/include/minibot_interfaces/minibot_interfaces/msg/rosidl_typesupport_introspection_c__visibility_control.h
[0.974s] -- Up-to-date: /home/hanse/pinkbot/install/minibot_interfaces/lib/libminibot_interfaces__rosidl_typesupport_introspection_c.so
[0.974s] -- Up-to-date: /home/hanse/pinkbot/install/minibot_interfaces/lib/libminibot_interfaces__rosidl_typesupport_c.so
[0.974s] -- Up-to-date: /home/hanse/pinkbot/install/minibot_interfaces/include/minibot_interfaces/minibot_interfaces
[0.974s] -- Up-to-date: /home/hanse/pinkbot/install/minibot_interfaces/include/minibot_interfaces/minibot_interfaces/msg
[0.974s] -- Up-to-date: /home/hanse/pinkbot/install/minibot_interfaces/include/minibot_interfaces/minibot_interfaces/msg/detail
[0.974s] -- Up-to-date: /home/hanse/pinkbot/install/minibot_interfaces/include/minibot_interfaces/minibot_interfaces/msg/detail/lamp_command__rosidl_typesupport_introspection_cpp.hpp
[0.974s] -- Up-to-date: /home/hanse/pinkbot/install/minibot_interfaces/include/minibot_interfaces/minibot_interfaces/msg/detail/robot_state__type_support.cpp
[0.974s] -- Up-to-date: /home/hanse/pinkbot/install/minibot_interfaces/include/minibot_interfaces/minibot_interfaces/msg/detail/lamp_command__type_support.cpp
[0.975s] -- Up-to-date: /home/hanse/pinkbot/install/minibot_interfaces/include/minibot_interfaces/minibot_interfaces/msg/detail/robot_state__rosidl_typesupport_introspection_cpp.hpp
[0.975s] -- Up-to-date: /home/hanse/pinkbot/install/minibot_interfaces/lib/libminibot_interfaces__rosidl_typesupport_introspection_cpp.so
[0.975s] -- Up-to-date: /home/hanse/pinkbot/install/minibot_interfaces/lib/libminibot_interfaces__rosidl_typesupport_cpp.so
[0.975s] -- Up-to-date: /home/hanse/pinkbot/install/minibot_interfaces/share/minibot_interfaces/environment/pythonpath.sh
[0.975s] -- Up-to-date: /home/hanse/pinkbot/install/minibot_interfaces/share/minibot_interfaces/environment/pythonpath.dsv
[0.975s] -- Up-to-date: /home/hanse/pinkbot/install/minibot_interfaces/local/lib/python3.10/dist-packages/minibot_interfaces-0.0.0-py3.10.egg-info
[0.975s] -- Installing: /home/hanse/pinkbot/install/minibot_interfaces/local/lib/python3.10/dist-packages/minibot_interfaces-0.0.0-py3.10.egg-info/SOURCES.txt
[0.976s] -- Installing: /home/hanse/pinkbot/install/minibot_interfaces/local/lib/python3.10/dist-packages/minibot_interfaces-0.0.0-py3.10.egg-info/dependency_links.txt
[0.976s] -- Installing: /home/hanse/pinkbot/install/minibot_interfaces/local/lib/python3.10/dist-packages/minibot_interfaces-0.0.0-py3.10.egg-info/top_level.txt
[0.976s] -- Installing: /home/hanse/pinkbot/install/minibot_interfaces/local/lib/python3.10/dist-packages/minibot_interfaces-0.0.0-py3.10.egg-info/PKG-INFO
[0.976s] -- Up-to-date: /home/hanse/pinkbot/install/minibot_interfaces/local/lib/python3.10/dist-packages/minibot_interfaces
[0.976s] -- Up-to-date: /home/hanse/pinkbot/install/minibot_interfaces/local/lib/python3.10/dist-packages/minibot_interfaces/minibot_interfaces_s__rosidl_typesupport_introspection_c.cpython-310-x86_64-linux-gnu.so
[0.976s] -- Up-to-date: /home/hanse/pinkbot/install/minibot_interfaces/local/lib/python3.10/dist-packages/minibot_interfaces/minibot_interfaces_s__rosidl_typesupport_fastrtps_c.cpython-310-x86_64-linux-gnu.so
[0.976s] -- Up-to-date: /home/hanse/pinkbot/install/minibot_interfaces/local/lib/python3.10/dist-packages/minibot_interfaces/_minibot_interfaces_s.ep.rosidl_typesupport_c.c
[0.976s] -- Up-to-date: /home/hanse/pinkbot/install/minibot_interfaces/local/lib/python3.10/dist-packages/minibot_interfaces/minibot_interfaces_s__rosidl_typesupport_c.cpython-310-x86_64-linux-gnu.so
[0.976s] -- Up-to-date: /home/hanse/pinkbot/install/minibot_interfaces/local/lib/python3.10/dist-packages/minibot_interfaces/_minibot_interfaces_s.ep.rosidl_typesupport_fastrtps_c.c
[0.976s] -- Up-to-date: /home/hanse/pinkbot/install/minibot_interfaces/local/lib/python3.10/dist-packages/minibot_interfaces/msg
[0.976s] -- Up-to-date: /home/hanse/pinkbot/install/minibot_interfaces/local/lib/python3.10/dist-packages/minibot_interfaces/msg/_lamp_command.py
[0.976s] -- Up-to-date: /home/hanse/pinkbot/install/minibot_interfaces/local/lib/python3.10/dist-packages/minibot_interfaces/msg/_lamp_command_s.c
[0.976s] -- Up-to-date: /home/hanse/pinkbot/install/minibot_interfaces/local/lib/python3.10/dist-packages/minibot_interfaces/msg/_robot_state.py
[0.977s] -- Up-to-date: /home/hanse/pinkbot/install/minibot_interfaces/local/lib/python3.10/dist-packages/minibot_interfaces/msg/_robot_state_s.c
[0.977s] -- Up-to-date: /home/hanse/pinkbot/install/minibot_interfaces/local/lib/python3.10/dist-packages/minibot_interfaces/msg/__init__.py
[0.977s] -- Up-to-date: /home/hanse/pinkbot/install/minibot_interfaces/local/lib/python3.10/dist-packages/minibot_interfaces/_minibot_interfaces_s.ep.rosidl_typesupport_introspection_c.c
[0.977s] -- Up-to-date: /home/hanse/pinkbot/install/minibot_interfaces/local/lib/python3.10/dist-packages/minibot_interfaces/libminibot_interfaces__rosidl_generator_py.so
[0.977s] -- Up-to-date: /home/hanse/pinkbot/install/minibot_interfaces/local/lib/python3.10/dist-packages/minibot_interfaces/__init__.py
[1.010s] Listing '/home/hanse/pinkbot/install/minibot_interfaces/local/lib/python3.10/dist-packages/minibot_interfaces'...
[1.010s] Listing '/home/hanse/pinkbot/install/minibot_interfaces/local/lib/python3.10/dist-packages/minibot_interfaces/msg'...
[1.014s] -- Up-to-date: /home/hanse/pinkbot/install/minibot_interfaces/local/lib/python3.10/dist-packages/minibot_interfaces/minibot_interfaces_s__rosidl_typesupport_fastrtps_c.cpython-310-x86_64-linux-gnu.so
[1.014s] -- Up-to-date: /home/hanse/pinkbot/install/minibot_interfaces/local/lib/python3.10/dist-packages/minibot_interfaces/minibot_interfaces_s__rosidl_typesupport_introspection_c.cpython-310-x86_64-linux-gnu.so
[1.015s] -- Up-to-date: /home/hanse/pinkbot/install/minibot_interfaces/local/lib/python3.10/dist-packages/minibot_interfaces/minibot_interfaces_s__rosidl_typesupport_c.cpython-310-x86_64-linux-gnu.so
[1.015s] -- Up-to-date: /home/hanse/pinkbot/install/minibot_interfaces/lib/libminibot_interfaces__rosidl_generator_py.so
[1.015s] -- Up-to-date: /home/hanse/pinkbot/install/minibot_interfaces/share/minibot_interfaces/msg/LampCommand.idl
[1.015s] -- Up-to-date: /home/hanse/pinkbot/install/minibot_interfaces/share/minibot_interfaces/msg/RobotState.idl
[1.016s] -- Up-to-date: /home/hanse/pinkbot/install/minibot_interfaces/share/minibot_interfaces/msg/LampCommand.msg
[1.016s] -- Up-to-date: /home/hanse/pinkbot/install/minibot_interfaces/share/minibot_interfaces/msg/RobotState.msg
[1.016s] -- Up-to-date: /home/hanse/pinkbot/install/minibot_interfaces/share/ament_index/resource_index/package_run_dependencies/minibot_interfaces
[1.016s] -- Up-to-date: /home/hanse/pinkbot/install/minibot_interfaces/share/ament_index/resource_index/parent_prefix_path/minibot_interfaces
[1.016s] -- Up-to-date: /home/hanse/pinkbot/install/minibot_interfaces/share/minibot_interfaces/environment/ament_prefix_path.sh
[1.016s] -- Up-to-date: /home/hanse/pinkbot/install/minibot_interfaces/share/minibot_interfaces/environment/ament_prefix_path.dsv
[1.016s] -- Up-to-date: /home/hanse/pinkbot/install/minibot_interfaces/share/minibot_interfaces/environment/path.sh
[1.016s] -- Up-to-date: /home/hanse/pinkbot/install/minibot_interfaces/share/minibot_interfaces/environment/path.dsv
[1.016s] -- Up-to-date: /home/hanse/pinkbot/install/minibot_interfaces/share/minibot_interfaces/local_setup.bash
[1.016s] -- Up-to-date: /home/hanse/pinkbot/install/minibot_interfaces/share/minibot_interfaces/local_setup.sh
[1.016s] -- Up-to-date: /home/hanse/pinkbot/install/minibot_interfaces/share/minibot_interfaces/local_setup.zsh
[1.016s] -- Up-to-date: /home/hanse/pinkbot/install/minibot_interfaces/share/minibot_interfaces/local_setup.dsv
[1.017s] -- Installing: /home/hanse/pinkbot/install/minibot_interfaces/share/minibot_interfaces/package.dsv
[1.017s] -- Up-to-date: /home/hanse/pinkbot/install/minibot_interfaces/share/ament_index/resource_index/packages/minibot_interfaces
[1.017s] -- Up-to-date: /home/hanse/pinkbot/install/minibot_interfaces/share/minibot_interfaces/cmake/export_minibot_interfaces__rosidl_generator_cExport.cmake
[1.017s] -- Up-to-date: /home/hanse/pinkbot/install/minibot_interfaces/share/minibot_interfaces/cmake/export_minibot_interfaces__rosidl_generator_cExport-noconfig.cmake
[1.017s] -- Up-to-date: /home/hanse/pinkbot/install/minibot_interfaces/share/minibot_interfaces/cmake/export_minibot_interfaces__rosidl_typesupport_fastrtps_cExport.cmake
[1.017s] -- Up-to-date: /home/hanse/pinkbot/install/minibot_interfaces/share/minibot_interfaces/cmake/export_minibot_interfaces__rosidl_typesupport_fastrtps_cExport-noconfig.cmake
[1.017s] -- Up-to-date: /home/hanse/pinkbot/install/minibot_interfaces/share/minibot_interfaces/cmake/export_minibot_interfaces__rosidl_generator_cppExport.cmake
[1.017s] -- Up-to-date: /home/hanse/pinkbot/install/minibot_interfaces/share/minibot_interfaces/cmake/export_minibot_interfaces__rosidl_typesupport_fastrtps_cppExport.cmake
[1.017s] -- Up-to-date: /home/hanse/pinkbot/install/minibot_interfaces/share/minibot_interfaces/cmake/export_minibot_interfaces__rosidl_typesupport_fastrtps_cppExport-noconfig.cmake
[1.018s] -- Up-to-date: /home/hanse/pinkbot/install/minibot_interfaces/share/minibot_interfaces/cmake/minibot_interfaces__rosidl_typesupport_introspection_cExport.cmake
[1.018s] -- Up-to-date: /home/hanse/pinkbot/install/minibot_interfaces/share/minibot_interfaces/cmake/minibot_interfaces__rosidl_typesupport_introspection_cExport-noconfig.cmake
[1.018s] -- Up-to-date: /home/hanse/pinkbot/install/minibot_interfaces/share/minibot_interfaces/cmake/minibot_interfaces__rosidl_typesupport_cExport.cmake
[1.018s] -- Up-to-date: /home/hanse/pinkbot/install/minibot_interfaces/share/minibot_interfaces/cmake/minibot_interfaces__rosidl_typesupport_cExport-noconfig.cmake
[1.018s] -- Up-to-date: /home/hanse/pinkbot/install/minibot_interfaces/share/minibot_interfaces/cmake/minibot_interfaces__rosidl_typesupport_introspection_cppExport.cmake
[1.018s] -- Up-to-date: /home/hanse/pinkbot/install/minibot_interfaces/share/minibot_interfaces/cmake/minibot_interfaces__rosidl_typesupport_introspection_cppExport-noconfig.cmake
[1.019s] -- Up-to-date: /home/hanse/pinkbot/install/minibot_interfaces/share/minibot_interfaces/cmake/minibot_interfaces__rosidl_typesupport_cppExport.cmake
[1.019s] -- Up-to-date: /home/hanse/pinkbot/install/minibot_interfaces/share/minibot_interfaces/cmake/minibot_interfaces__rosidl_typesupport_cppExport-noconfig.cmake
[1.019s] -- Up-to-date: /home/hanse/pinkbot/install/minibot_interfaces/share/minibot_interfaces/cmake/export_minibot_interfaces__rosidl_generator_pyExport.cmake
[1.019s] -- Up-to-date: /home/hanse/pinkbot/install/minibot_interfaces/share/minibot_interfaces/cmake/export_minibot_interfaces__rosidl_generator_pyExport-noconfig.cmake
[1.020s] -- Up-to-date: /home/hanse/pinkbot/install/minibot_interfaces/share/minibot_interfaces/cmake/rosidl_cmake-extras.cmake
[1.020s] -- Up-to-date: /home/hanse/pinkbot/install/minibot_interfaces/share/minibot_interfaces/cmake/ament_cmake_export_dependencies-extras.cmake
[1.020s] -- Up-to-date: /home/hanse/pinkbot/install/minibot_interfaces/share/minibot_interfaces/cmake/ament_cmake_export_include_directories-extras.cmake
[1.020s] -- Up-to-date: /home/hanse/pinkbot/install/minibot_interfaces/share/minibot_interfaces/cmake/ament_cmake_export_libraries-extras.cmake
[1.020s] -- Up-to-date: /home/hanse/pinkbot/install/minibot_interfaces/share/minibot_interfaces/cmake/ament_cmake_export_targets-extras.cmake
[1.020s] -- Up-to-date: /home/hanse/pinkbot/install/minibot_interfaces/share/minibot_interfaces/cmake/rosidl_cmake_export_typesupport_targets-extras.cmake
[1.020s] -- Up-to-date: /home/hanse/pinkbot/install/minibot_interfaces/share/minibot_interfaces/cmake/rosidl_cmake_export_typesupport_libraries-extras.cmake
[1.020s] -- Up-to-date: /home/hanse/pinkbot/install/minibot_interfaces/share/minibot_interfaces/cmake/minibot_interfacesConfig.cmake
[1.020s] -- Up-to-date: /home/hanse/pinkbot/install/minibot_interfaces/share/minibot_interfaces/cmake/minibot_interfacesConfig-version.cmake
[1.020s] -- Up-to-date: /home/hanse/pinkbot/install/minibot_interfaces/share/minibot_interfaces/package.xml
[1.062s] Invoked command in '/home/hanse/pinkbot/build/minibot_interfaces' returned '0': CMAKE_PREFIX_PATH=${CMAKE_PREFIX_PATH}:/opt/ros/humble /home/hanse/.local/bin/cmake --install /home/hanse/pinkbot/build/minibot_interfaces
