[0.933s] DEBUG:colcon:Command line arguments: ['/usr/bin/colcon', 'build']
[0.933s] DEBUG:colcon:Parsed command line arguments: Namespace(log_base=None, log_level=None, verb_name='build', build_base='build', install_base='install', merge_install=False, symlink_install=False, test_result_base=None, continue_on_error=False, executor='parallel', parallel_workers=8, event_handlers=None, ignore_user_meta=False, metas=['./colcon.meta'], base_paths=['.'], packages_ignore=None, packages_ignore_regex=None, paths=None, packages_up_to=None, packages_up_to_regex=None, packages_above=None, packages_above_and_dependencies=None, packages_above_depth=None, packages_select_by_dep=None, packages_skip_by_dep=None, packages_skip_up_to=None, packages_select_build_failed=False, packages_skip_build_finished=False, packages_select_test_failures=False, packages_skip_test_passed=False, packages_select=None, packages_skip=None, packages_select_regex=None, packages_skip_regex=None, packages_start=None, packages_end=None, allow_overriding=[], cmake_args=None, cmake_target=None, cmake_target_skip_unavailable=False, cmake_clean_cache=False, cmake_clean_first=False, cmake_force_configure=False, ament_cmake_args=None, catkin_cmake_args=None, catkin_skip_building_tests=False, verb_parser=<colcon_defaults.argument_parser.defaults.DefaultArgumentsDecorator object at 0x7f05bf205de0>, verb_extension=<colcon_core.verb.build.BuildVerb object at 0x7f05bf2072e0>, main=<bound method BuildVerb.main of <colcon_core.verb.build.BuildVerb object at 0x7f05bf2072e0>>)
[0.983s] Level 1:colcon.colcon_core.package_discovery:discover_packages(colcon_meta) check parameters
[0.983s] Level 1:colcon.colcon_core.package_discovery:discover_packages(recursive) check parameters
[0.983s] Level 1:colcon.colcon_core.package_discovery:discover_packages(ignore) check parameters
[0.983s] Level 1:colcon.colcon_core.package_discovery:discover_packages(path) check parameters
[0.983s] Level 1:colcon.colcon_core.package_discovery:discover_packages(colcon_meta) discover
[0.983s] Level 1:colcon.colcon_core.package_discovery:discover_packages(recursive) discover
[0.983s] INFO:colcon.colcon_core.package_discovery:Crawling recursively for packages in '/home/hanse/pinkbot'
[0.983s] Level 1:colcon.colcon_core.package_identification:_identify(.) by extensions ['ignore', 'ignore_ament_install']
[0.983s] Level 1:colcon.colcon_core.package_identification:_identify(.) by extension 'ignore'
[0.983s] Level 1:colcon.colcon_core.package_identification:_identify(.) by extension 'ignore_ament_install'
[0.983s] Level 1:colcon.colcon_core.package_identification:_identify(.) by extensions ['colcon_pkg']
[0.983s] Level 1:colcon.colcon_core.package_identification:_identify(.) by extension 'colcon_pkg'
[0.983s] Level 1:colcon.colcon_core.package_identification:_identify(.) by extensions ['colcon_meta']
[0.983s] Level 1:colcon.colcon_core.package_identification:_identify(.) by extension 'colcon_meta'
[0.983s] Level 1:colcon.colcon_core.package_identification:_identify(.) by extensions ['ros']
[0.983s] Level 1:colcon.colcon_core.package_identification:_identify(.) by extension 'ros'
[0.992s] Level 1:colcon.colcon_core.package_identification:_identify(.) by extensions ['cmake', 'python']
[0.992s] Level 1:colcon.colcon_core.package_identification:_identify(.) by extension 'cmake'
[0.992s] Level 1:colcon.colcon_core.package_identification:_identify(.) by extension 'python'
[0.992s] Level 1:colcon.colcon_core.package_identification:_identify(.) by extensions ['python_setup_py']
[0.992s] Level 1:colcon.colcon_core.package_identification:_identify(.) by extension 'python_setup_py'
[0.992s] Level 1:colcon.colcon_core.package_identification:_identify(build) by extensions ['ignore', 'ignore_ament_install']
[0.992s] Level 1:colcon.colcon_core.package_identification:_identify(build) by extension 'ignore'
[0.992s] Level 1:colcon.colcon_core.package_identification:_identify(build) ignored
[0.992s] Level 1:colcon.colcon_core.package_identification:_identify(install) by extensions ['ignore', 'ignore_ament_install']
[0.992s] Level 1:colcon.colcon_core.package_identification:_identify(install) by extension 'ignore'
[0.992s] Level 1:colcon.colcon_core.package_identification:_identify(install) ignored
[0.992s] Level 1:colcon.colcon_core.package_identification:_identify(log) by extensions ['ignore', 'ignore_ament_install']
[0.992s] Level 1:colcon.colcon_core.package_identification:_identify(log) by extension 'ignore'
[0.992s] Level 1:colcon.colcon_core.package_identification:_identify(log) ignored
[0.992s] Level 1:colcon.colcon_core.package_identification:_identify(src) by extensions ['ignore', 'ignore_ament_install']
[0.992s] Level 1:colcon.colcon_core.package_identification:_identify(src) by extension 'ignore'
[0.993s] Level 1:colcon.colcon_core.package_identification:_identify(src) by extension 'ignore_ament_install'
[0.993s] Level 1:colcon.colcon_core.package_identification:_identify(src) by extensions ['colcon_pkg']
[0.993s] Level 1:colcon.colcon_core.package_identification:_identify(src) by extension 'colcon_pkg'
[0.993s] Level 1:colcon.colcon_core.package_identification:_identify(src) by extensions ['colcon_meta']
[0.993s] Level 1:colcon.colcon_core.package_identification:_identify(src) by extension 'colcon_meta'
[0.993s] Level 1:colcon.colcon_core.package_identification:_identify(src) by extensions ['ros']
[0.993s] Level 1:colcon.colcon_core.package_identification:_identify(src) by extension 'ros'
[0.993s] Level 1:colcon.colcon_core.package_identification:_identify(src) by extensions ['cmake', 'python']
[0.993s] Level 1:colcon.colcon_core.package_identification:_identify(src) by extension 'cmake'
[0.993s] Level 1:colcon.colcon_core.package_identification:_identify(src) by extension 'python'
[0.993s] Level 1:colcon.colcon_core.package_identification:_identify(src) by extensions ['python_setup_py']
[0.993s] Level 1:colcon.colcon_core.package_identification:_identify(src) by extension 'python_setup_py'
[0.993s] Level 1:colcon.colcon_core.package_identification:_identify(src/pinklab_minibot_robot) by extensions ['ignore', 'ignore_ament_install']
[0.993s] Level 1:colcon.colcon_core.package_identification:_identify(src/pinklab_minibot_robot) by extension 'ignore'
[0.993s] Level 1:colcon.colcon_core.package_identification:_identify(src/pinklab_minibot_robot) by extension 'ignore_ament_install'
[0.993s] Level 1:colcon.colcon_core.package_identification:_identify(src/pinklab_minibot_robot) by extensions ['colcon_pkg']
[0.993s] Level 1:colcon.colcon_core.package_identification:_identify(src/pinklab_minibot_robot) by extension 'colcon_pkg'
[0.993s] Level 1:colcon.colcon_core.package_identification:_identify(src/pinklab_minibot_robot) by extensions ['colcon_meta']
[0.993s] Level 1:colcon.colcon_core.package_identification:_identify(src/pinklab_minibot_robot) by extension 'colcon_meta'
[0.993s] Level 1:colcon.colcon_core.package_identification:_identify(src/pinklab_minibot_robot) by extensions ['ros']
[0.993s] Level 1:colcon.colcon_core.package_identification:_identify(src/pinklab_minibot_robot) by extension 'ros'
[0.993s] Level 1:colcon.colcon_core.package_identification:_identify(src/pinklab_minibot_robot) by extensions ['cmake', 'python']
[0.993s] Level 1:colcon.colcon_core.package_identification:_identify(src/pinklab_minibot_robot) by extension 'cmake'
[0.993s] Level 1:colcon.colcon_core.package_identification:_identify(src/pinklab_minibot_robot) by extension 'python'
[0.993s] Level 1:colcon.colcon_core.package_identification:_identify(src/pinklab_minibot_robot) by extensions ['python_setup_py']
[0.993s] Level 1:colcon.colcon_core.package_identification:_identify(src/pinklab_minibot_robot) by extension 'python_setup_py'
[0.994s] Level 1:colcon.colcon_core.package_identification:_identify(src/pinklab_minibot_robot/docs) by extensions ['ignore', 'ignore_ament_install']
[0.994s] Level 1:colcon.colcon_core.package_identification:_identify(src/pinklab_minibot_robot/docs) by extension 'ignore'
[0.994s] Level 1:colcon.colcon_core.package_identification:_identify(src/pinklab_minibot_robot/docs) by extension 'ignore_ament_install'
[0.994s] Level 1:colcon.colcon_core.package_identification:_identify(src/pinklab_minibot_robot/docs) by extensions ['colcon_pkg']
[0.994s] Level 1:colcon.colcon_core.package_identification:_identify(src/pinklab_minibot_robot/docs) by extension 'colcon_pkg'
[0.994s] Level 1:colcon.colcon_core.package_identification:_identify(src/pinklab_minibot_robot/docs) by extensions ['colcon_meta']
[0.994s] Level 1:colcon.colcon_core.package_identification:_identify(src/pinklab_minibot_robot/docs) by extension 'colcon_meta'
[0.994s] Level 1:colcon.colcon_core.package_identification:_identify(src/pinklab_minibot_robot/docs) by extensions ['ros']
[0.994s] Level 1:colcon.colcon_core.package_identification:_identify(src/pinklab_minibot_robot/docs) by extension 'ros'
[0.994s] Level 1:colcon.colcon_core.package_identification:_identify(src/pinklab_minibot_robot/docs) by extensions ['cmake', 'python']
[0.994s] Level 1:colcon.colcon_core.package_identification:_identify(src/pinklab_minibot_robot/docs) by extension 'cmake'
[0.994s] Level 1:colcon.colcon_core.package_identification:_identify(src/pinklab_minibot_robot/docs) by extension 'python'
[0.994s] Level 1:colcon.colcon_core.package_identification:_identify(src/pinklab_minibot_robot/docs) by extensions ['python_setup_py']
[0.994s] Level 1:colcon.colcon_core.package_identification:_identify(src/pinklab_minibot_robot/docs) by extension 'python_setup_py'
[0.994s] Level 1:colcon.colcon_core.package_identification:_identify(src/pinklab_minibot_robot/docs/blender) by extensions ['ignore', 'ignore_ament_install']
[0.995s] Level 1:colcon.colcon_core.package_identification:_identify(src/pinklab_minibot_robot/docs/blender) by extension 'ignore'
[0.995s] Level 1:colcon.colcon_core.package_identification:_identify(src/pinklab_minibot_robot/docs/blender) by extension 'ignore_ament_install'
[0.995s] Level 1:colcon.colcon_core.package_identification:_identify(src/pinklab_minibot_robot/docs/blender) by extensions ['colcon_pkg']
[0.995s] Level 1:colcon.colcon_core.package_identification:_identify(src/pinklab_minibot_robot/docs/blender) by extension 'colcon_pkg'
[0.995s] Level 1:colcon.colcon_core.package_identification:_identify(src/pinklab_minibot_robot/docs/blender) by extensions ['colcon_meta']
[0.995s] Level 1:colcon.colcon_core.package_identification:_identify(src/pinklab_minibot_robot/docs/blender) by extension 'colcon_meta'
[0.995s] Level 1:colcon.colcon_core.package_identification:_identify(src/pinklab_minibot_robot/docs/blender) by extensions ['ros']
[0.995s] Level 1:colcon.colcon_core.package_identification:_identify(src/pinklab_minibot_robot/docs/blender) by extension 'ros'
[0.995s] Level 1:colcon.colcon_core.package_identification:_identify(src/pinklab_minibot_robot/docs/blender) by extensions ['cmake', 'python']
[0.995s] Level 1:colcon.colcon_core.package_identification:_identify(src/pinklab_minibot_robot/docs/blender) by extension 'cmake'
[0.995s] Level 1:colcon.colcon_core.package_identification:_identify(src/pinklab_minibot_robot/docs/blender) by extension 'python'
[0.995s] Level 1:colcon.colcon_core.package_identification:_identify(src/pinklab_minibot_robot/docs/blender) by extensions ['python_setup_py']
[0.995s] Level 1:colcon.colcon_core.package_identification:_identify(src/pinklab_minibot_robot/docs/blender) by extension 'python_setup_py'
[0.995s] Level 1:colcon.colcon_core.package_identification:_identify(src/pinklab_minibot_robot/minibot_bringup) by extensions ['ignore', 'ignore_ament_install']
[0.995s] Level 1:colcon.colcon_core.package_identification:_identify(src/pinklab_minibot_robot/minibot_bringup) by extension 'ignore'
[0.995s] Level 1:colcon.colcon_core.package_identification:_identify(src/pinklab_minibot_robot/minibot_bringup) by extension 'ignore_ament_install'
[0.995s] Level 1:colcon.colcon_core.package_identification:_identify(src/pinklab_minibot_robot/minibot_bringup) by extensions ['colcon_pkg']
[0.995s] Level 1:colcon.colcon_core.package_identification:_identify(src/pinklab_minibot_robot/minibot_bringup) by extension 'colcon_pkg'
[0.995s] Level 1:colcon.colcon_core.package_identification:_identify(src/pinklab_minibot_robot/minibot_bringup) by extensions ['colcon_meta']
[0.995s] Level 1:colcon.colcon_core.package_identification:_identify(src/pinklab_minibot_robot/minibot_bringup) by extension 'colcon_meta'
[0.995s] Level 1:colcon.colcon_core.package_identification:_identify(src/pinklab_minibot_robot/minibot_bringup) by extensions ['ros']
[0.995s] Level 1:colcon.colcon_core.package_identification:_identify(src/pinklab_minibot_robot/minibot_bringup) by extension 'ros'
[0.998s] DEBUG:colcon.colcon_core.package_identification:Package 'src/pinklab_minibot_robot/minibot_bringup' with type 'ros.ament_cmake' and name 'minibot_bringup'
[0.998s] Level 1:colcon.colcon_core.package_identification:_identify(src/pinklab_minibot_robot/minibot_controllers) by extensions ['ignore', 'ignore_ament_install']
[0.998s] Level 1:colcon.colcon_core.package_identification:_identify(src/pinklab_minibot_robot/minibot_controllers) by extension 'ignore'
[0.998s] Level 1:colcon.colcon_core.package_identification:_identify(src/pinklab_minibot_robot/minibot_controllers) by extension 'ignore_ament_install'
[0.998s] Level 1:colcon.colcon_core.package_identification:_identify(src/pinklab_minibot_robot/minibot_controllers) by extensions ['colcon_pkg']
[0.998s] Level 1:colcon.colcon_core.package_identification:_identify(src/pinklab_minibot_robot/minibot_controllers) by extension 'colcon_pkg'
[0.998s] Level 1:colcon.colcon_core.package_identification:_identify(src/pinklab_minibot_robot/minibot_controllers) by extensions ['colcon_meta']
[0.998s] Level 1:colcon.colcon_core.package_identification:_identify(src/pinklab_minibot_robot/minibot_controllers) by extension 'colcon_meta'
[0.998s] Level 1:colcon.colcon_core.package_identification:_identify(src/pinklab_minibot_robot/minibot_controllers) by extensions ['ros']
[0.998s] Level 1:colcon.colcon_core.package_identification:_identify(src/pinklab_minibot_robot/minibot_controllers) by extension 'ros'
[0.999s] DEBUG:colcon.colcon_core.package_identification:Package 'src/pinklab_minibot_robot/minibot_controllers' with type 'ros.ament_cmake' and name 'minibot_controllers'
[0.999s] Level 1:colcon.colcon_core.package_identification:_identify(src/pinklab_minibot_robot/minibot_description) by extensions ['ignore', 'ignore_ament_install']
[0.999s] Level 1:colcon.colcon_core.package_identification:_identify(src/pinklab_minibot_robot/minibot_description) by extension 'ignore'
[0.999s] Level 1:colcon.colcon_core.package_identification:_identify(src/pinklab_minibot_robot/minibot_description) by extension 'ignore_ament_install'
[0.999s] Level 1:colcon.colcon_core.package_identification:_identify(src/pinklab_minibot_robot/minibot_description) by extensions ['colcon_pkg']
[0.999s] Level 1:colcon.colcon_core.package_identification:_identify(src/pinklab_minibot_robot/minibot_description) by extension 'colcon_pkg'
[0.999s] Level 1:colcon.colcon_core.package_identification:_identify(src/pinklab_minibot_robot/minibot_description) by extensions ['colcon_meta']
[0.999s] Level 1:colcon.colcon_core.package_identification:_identify(src/pinklab_minibot_robot/minibot_description) by extension 'colcon_meta'
[0.999s] Level 1:colcon.colcon_core.package_identification:_identify(src/pinklab_minibot_robot/minibot_description) by extensions ['ros']
[0.999s] Level 1:colcon.colcon_core.package_identification:_identify(src/pinklab_minibot_robot/minibot_description) by extension 'ros'
[1.000s] DEBUG:colcon.colcon_core.package_identification:Package 'src/pinklab_minibot_robot/minibot_description' with type 'ros.ament_cmake' and name 'minibot_description'
[1.000s] Level 1:colcon.colcon_core.package_identification:_identify(src/pinklab_minibot_robot/minibot_gazebo) by extensions ['ignore', 'ignore_ament_install']
[1.000s] Level 1:colcon.colcon_core.package_identification:_identify(src/pinklab_minibot_robot/minibot_gazebo) by extension 'ignore'
[1.000s] Level 1:colcon.colcon_core.package_identification:_identify(src/pinklab_minibot_robot/minibot_gazebo) by extension 'ignore_ament_install'
[1.000s] Level 1:colcon.colcon_core.package_identification:_identify(src/pinklab_minibot_robot/minibot_gazebo) by extensions ['colcon_pkg']
[1.000s] Level 1:colcon.colcon_core.package_identification:_identify(src/pinklab_minibot_robot/minibot_gazebo) by extension 'colcon_pkg'
[1.000s] Level 1:colcon.colcon_core.package_identification:_identify(src/pinklab_minibot_robot/minibot_gazebo) by extensions ['colcon_meta']
[1.000s] Level 1:colcon.colcon_core.package_identification:_identify(src/pinklab_minibot_robot/minibot_gazebo) by extension 'colcon_meta'
[1.000s] Level 1:colcon.colcon_core.package_identification:_identify(src/pinklab_minibot_robot/minibot_gazebo) by extensions ['ros']
[1.001s] Level 1:colcon.colcon_core.package_identification:_identify(src/pinklab_minibot_robot/minibot_gazebo) by extension 'ros'
[1.001s] DEBUG:colcon.colcon_core.package_identification:Package 'src/pinklab_minibot_robot/minibot_gazebo' with type 'ros.ament_cmake' and name 'minibot_gazebo'
[1.001s] Level 1:colcon.colcon_core.package_identification:_identify(src/pinklab_minibot_robot/minibot_hardware_interface) by extensions ['ignore', 'ignore_ament_install']
[1.001s] Level 1:colcon.colcon_core.package_identification:_identify(src/pinklab_minibot_robot/minibot_hardware_interface) by extension 'ignore'
[1.001s] Level 1:colcon.colcon_core.package_identification:_identify(src/pinklab_minibot_robot/minibot_hardware_interface) by extension 'ignore_ament_install'
[1.001s] Level 1:colcon.colcon_core.package_identification:_identify(src/pinklab_minibot_robot/minibot_hardware_interface) by extensions ['colcon_pkg']
[1.001s] Level 1:colcon.colcon_core.package_identification:_identify(src/pinklab_minibot_robot/minibot_hardware_interface) by extension 'colcon_pkg'
[1.002s] Level 1:colcon.colcon_core.package_identification:_identify(src/pinklab_minibot_robot/minibot_hardware_interface) by extensions ['colcon_meta']
[1.002s] Level 1:colcon.colcon_core.package_identification:_identify(src/pinklab_minibot_robot/minibot_hardware_interface) by extension 'colcon_meta'
[1.002s] Level 1:colcon.colcon_core.package_identification:_identify(src/pinklab_minibot_robot/minibot_hardware_interface) by extensions ['ros']
[1.002s] Level 1:colcon.colcon_core.package_identification:_identify(src/pinklab_minibot_robot/minibot_hardware_interface) by extension 'ros'
[1.002s] DEBUG:colcon.colcon_core.package_identification:Package 'src/pinklab_minibot_robot/minibot_hardware_interface' with type 'ros.ament_cmake' and name 'minibot_hardware_interface'
[1.002s] Level 1:colcon.colcon_core.package_identification:_identify(src/pinklab_minibot_robot/minibot_interfaces) by extensions ['ignore', 'ignore_ament_install']
[1.002s] Level 1:colcon.colcon_core.package_identification:_identify(src/pinklab_minibot_robot/minibot_interfaces) by extension 'ignore'
[1.002s] Level 1:colcon.colcon_core.package_identification:_identify(src/pinklab_minibot_robot/minibot_interfaces) by extension 'ignore_ament_install'
[1.003s] Level 1:colcon.colcon_core.package_identification:_identify(src/pinklab_minibot_robot/minibot_interfaces) by extensions ['colcon_pkg']
[1.003s] Level 1:colcon.colcon_core.package_identification:_identify(src/pinklab_minibot_robot/minibot_interfaces) by extension 'colcon_pkg'
[1.003s] Level 1:colcon.colcon_core.package_identification:_identify(src/pinklab_minibot_robot/minibot_interfaces) by extensions ['colcon_meta']
[1.003s] Level 1:colcon.colcon_core.package_identification:_identify(src/pinklab_minibot_robot/minibot_interfaces) by extension 'colcon_meta'
[1.003s] Level 1:colcon.colcon_core.package_identification:_identify(src/pinklab_minibot_robot/minibot_interfaces) by extensions ['ros']
[1.003s] Level 1:colcon.colcon_core.package_identification:_identify(src/pinklab_minibot_robot/minibot_interfaces) by extension 'ros'
[1.003s] DEBUG:colcon.colcon_core.package_identification:Package 'src/pinklab_minibot_robot/minibot_interfaces' with type 'ros.ament_cmake' and name 'minibot_interfaces'
[1.003s] Level 1:colcon.colcon_core.package_identification:_identify(src/pinklab_minibot_robot/minibot_navigation2) by extensions ['ignore', 'ignore_ament_install']
[1.003s] Level 1:colcon.colcon_core.package_identification:_identify(src/pinklab_minibot_robot/minibot_navigation2) by extension 'ignore'
[1.003s] Level 1:colcon.colcon_core.package_identification:_identify(src/pinklab_minibot_robot/minibot_navigation2) by extension 'ignore_ament_install'
[1.003s] Level 1:colcon.colcon_core.package_identification:_identify(src/pinklab_minibot_robot/minibot_navigation2) by extensions ['colcon_pkg']
[1.003s] Level 1:colcon.colcon_core.package_identification:_identify(src/pinklab_minibot_robot/minibot_navigation2) by extension 'colcon_pkg'
[1.003s] Level 1:colcon.colcon_core.package_identification:_identify(src/pinklab_minibot_robot/minibot_navigation2) by extensions ['colcon_meta']
[1.003s] Level 1:colcon.colcon_core.package_identification:_identify(src/pinklab_minibot_robot/minibot_navigation2) by extension 'colcon_meta'
[1.004s] Level 1:colcon.colcon_core.package_identification:_identify(src/pinklab_minibot_robot/minibot_navigation2) by extensions ['ros']
[1.004s] Level 1:colcon.colcon_core.package_identification:_identify(src/pinklab_minibot_robot/minibot_navigation2) by extension 'ros'
[1.004s] DEBUG:colcon.colcon_core.package_identification:Package 'src/pinklab_minibot_robot/minibot_navigation2' with type 'ros.ament_cmake' and name 'minibot_navigation2'
[1.004s] Level 1:colcon.colcon_core.package_discovery:discover_packages(recursive) using defaults
[1.004s] Level 1:colcon.colcon_core.package_discovery:discover_packages(ignore) discover
[1.004s] Level 1:colcon.colcon_core.package_discovery:discover_packages(ignore) using defaults
[1.004s] Level 1:colcon.colcon_core.package_discovery:discover_packages(path) discover
[1.004s] Level 1:colcon.colcon_core.package_discovery:discover_packages(path) using defaults
[1.105s] Level 1:colcon.colcon_core.package_discovery:discover_packages(prefix_path) check parameters
[1.105s] Level 1:colcon.colcon_core.package_discovery:discover_packages(prefix_path) discover
[1.138s] DEBUG:colcon.colcon_installed_package_information.package_discovery:Found 409 installed packages in /opt/ros/humble
[1.139s] Level 1:colcon.colcon_core.package_discovery:discover_packages(prefix_path) using defaults
[1.220s] Level 5:colcon.colcon_core.verb:set package 'minibot_description' build argument 'cmake_args' from command line to 'None'
[1.220s] Level 5:colcon.colcon_core.verb:set package 'minibot_description' build argument 'cmake_target' from command line to 'None'
[1.220s] Level 5:colcon.colcon_core.verb:set package 'minibot_description' build argument 'cmake_target_skip_unavailable' from command line to 'False'
[1.220s] Level 5:colcon.colcon_core.verb:set package 'minibot_description' build argument 'cmake_clean_cache' from command line to 'False'
[1.220s] Level 5:colcon.colcon_core.verb:set package 'minibot_description' build argument 'cmake_clean_first' from command line to 'False'
[1.220s] Level 5:colcon.colcon_core.verb:set package 'minibot_description' build argument 'cmake_force_configure' from command line to 'False'
[1.220s] Level 5:colcon.colcon_core.verb:set package 'minibot_description' build argument 'ament_cmake_args' from command line to 'None'
[1.220s] Level 5:colcon.colcon_core.verb:set package 'minibot_description' build argument 'catkin_cmake_args' from command line to 'None'
[1.220s] Level 5:colcon.colcon_core.verb:set package 'minibot_description' build argument 'catkin_skip_building_tests' from command line to 'False'
[1.220s] DEBUG:colcon.colcon_core.verb:Building package 'minibot_description' with the following arguments: {'ament_cmake_args': None, 'build_base': '/home/hanse/pinkbot/build/minibot_description', 'catkin_cmake_args': None, 'catkin_skip_building_tests': False, 'cmake_args': None, 'cmake_clean_cache': False, 'cmake_clean_first': False, 'cmake_force_configure': False, 'cmake_target': None, 'cmake_target_skip_unavailable': False, 'install_base': '/home/hanse/pinkbot/install/minibot_description', 'merge_install': False, 'path': '/home/hanse/pinkbot/src/pinklab_minibot_robot/minibot_description', 'symlink_install': False, 'test_result_base': None}
[1.234s] Level 5:colcon.colcon_core.verb:set package 'minibot_hardware_interface' build argument 'cmake_args' from command line to 'None'
[1.234s] Level 5:colcon.colcon_core.verb:set package 'minibot_hardware_interface' build argument 'cmake_target' from command line to 'None'
[1.234s] Level 5:colcon.colcon_core.verb:set package 'minibot_hardware_interface' build argument 'cmake_target_skip_unavailable' from command line to 'False'
[1.234s] Level 5:colcon.colcon_core.verb:set package 'minibot_hardware_interface' build argument 'cmake_clean_cache' from command line to 'False'
[1.234s] Level 5:colcon.colcon_core.verb:set package 'minibot_hardware_interface' build argument 'cmake_clean_first' from command line to 'False'
[1.234s] Level 5:colcon.colcon_core.verb:set package 'minibot_hardware_interface' build argument 'cmake_force_configure' from command line to 'False'
[1.234s] Level 5:colcon.colcon_core.verb:set package 'minibot_hardware_interface' build argument 'ament_cmake_args' from command line to 'None'
[1.234s] Level 5:colcon.colcon_core.verb:set package 'minibot_hardware_interface' build argument 'catkin_cmake_args' from command line to 'None'
[1.234s] Level 5:colcon.colcon_core.verb:set package 'minibot_hardware_interface' build argument 'catkin_skip_building_tests' from command line to 'False'
[1.234s] DEBUG:colcon.colcon_core.verb:Building package 'minibot_hardware_interface' with the following arguments: {'ament_cmake_args': None, 'build_base': '/home/hanse/pinkbot/build/minibot_hardware_interface', 'catkin_cmake_args': None, 'catkin_skip_building_tests': False, 'cmake_args': None, 'cmake_clean_cache': False, 'cmake_clean_first': False, 'cmake_force_configure': False, 'cmake_target': None, 'cmake_target_skip_unavailable': False, 'install_base': '/home/hanse/pinkbot/install/minibot_hardware_interface', 'merge_install': False, 'path': '/home/hanse/pinkbot/src/pinklab_minibot_robot/minibot_hardware_interface', 'symlink_install': False, 'test_result_base': None}
[1.247s] Level 5:colcon.colcon_core.verb:set package 'minibot_interfaces' build argument 'cmake_args' from command line to 'None'
[1.248s] Level 5:colcon.colcon_core.verb:set package 'minibot_interfaces' build argument 'cmake_target' from command line to 'None'
[1.248s] Level 5:colcon.colcon_core.verb:set package 'minibot_interfaces' build argument 'cmake_target_skip_unavailable' from command line to 'False'
[1.248s] Level 5:colcon.colcon_core.verb:set package 'minibot_interfaces' build argument 'cmake_clean_cache' from command line to 'False'
[1.248s] Level 5:colcon.colcon_core.verb:set package 'minibot_interfaces' build argument 'cmake_clean_first' from command line to 'False'
[1.248s] Level 5:colcon.colcon_core.verb:set package 'minibot_interfaces' build argument 'cmake_force_configure' from command line to 'False'
[1.248s] Level 5:colcon.colcon_core.verb:set package 'minibot_interfaces' build argument 'ament_cmake_args' from command line to 'None'
[1.248s] Level 5:colcon.colcon_core.verb:set package 'minibot_interfaces' build argument 'catkin_cmake_args' from command line to 'None'
[1.248s] Level 5:colcon.colcon_core.verb:set package 'minibot_interfaces' build argument 'catkin_skip_building_tests' from command line to 'False'
[1.248s] DEBUG:colcon.colcon_core.verb:Building package 'minibot_interfaces' with the following arguments: {'ament_cmake_args': None, 'build_base': '/home/hanse/pinkbot/build/minibot_interfaces', 'catkin_cmake_args': None, 'catkin_skip_building_tests': False, 'cmake_args': None, 'cmake_clean_cache': False, 'cmake_clean_first': False, 'cmake_force_configure': False, 'cmake_target': None, 'cmake_target_skip_unavailable': False, 'install_base': '/home/hanse/pinkbot/install/minibot_interfaces', 'merge_install': False, 'path': '/home/hanse/pinkbot/src/pinklab_minibot_robot/minibot_interfaces', 'symlink_install': False, 'test_result_base': None}
[1.262s] Level 5:colcon.colcon_core.verb:set package 'minibot_navigation2' build argument 'cmake_args' from command line to 'None'
[1.262s] Level 5:colcon.colcon_core.verb:set package 'minibot_navigation2' build argument 'cmake_target' from command line to 'None'
[1.262s] Level 5:colcon.colcon_core.verb:set package 'minibot_navigation2' build argument 'cmake_target_skip_unavailable' from command line to 'False'
[1.262s] Level 5:colcon.colcon_core.verb:set package 'minibot_navigation2' build argument 'cmake_clean_cache' from command line to 'False'
[1.262s] Level 5:colcon.colcon_core.verb:set package 'minibot_navigation2' build argument 'cmake_clean_first' from command line to 'False'
[1.262s] Level 5:colcon.colcon_core.verb:set package 'minibot_navigation2' build argument 'cmake_force_configure' from command line to 'False'
[1.262s] Level 5:colcon.colcon_core.verb:set package 'minibot_navigation2' build argument 'ament_cmake_args' from command line to 'None'
[1.262s] Level 5:colcon.colcon_core.verb:set package 'minibot_navigation2' build argument 'catkin_cmake_args' from command line to 'None'
[1.262s] Level 5:colcon.colcon_core.verb:set package 'minibot_navigation2' build argument 'catkin_skip_building_tests' from command line to 'False'
[1.262s] DEBUG:colcon.colcon_core.verb:Building package 'minibot_navigation2' with the following arguments: {'ament_cmake_args': None, 'build_base': '/home/hanse/pinkbot/build/minibot_navigation2', 'catkin_cmake_args': None, 'catkin_skip_building_tests': False, 'cmake_args': None, 'cmake_clean_cache': False, 'cmake_clean_first': False, 'cmake_force_configure': False, 'cmake_target': None, 'cmake_target_skip_unavailable': False, 'install_base': '/home/hanse/pinkbot/install/minibot_navigation2', 'merge_install': False, 'path': '/home/hanse/pinkbot/src/pinklab_minibot_robot/minibot_navigation2', 'symlink_install': False, 'test_result_base': None}
[1.276s] Level 5:colcon.colcon_core.verb:set package 'minibot_controllers' build argument 'cmake_args' from command line to 'None'
[1.277s] Level 5:colcon.colcon_core.verb:set package 'minibot_controllers' build argument 'cmake_target' from command line to 'None'
[1.277s] Level 5:colcon.colcon_core.verb:set package 'minibot_controllers' build argument 'cmake_target_skip_unavailable' from command line to 'False'
[1.277s] Level 5:colcon.colcon_core.verb:set package 'minibot_controllers' build argument 'cmake_clean_cache' from command line to 'False'
[1.277s] Level 5:colcon.colcon_core.verb:set package 'minibot_controllers' build argument 'cmake_clean_first' from command line to 'False'
[1.277s] Level 5:colcon.colcon_core.verb:set package 'minibot_controllers' build argument 'cmake_force_configure' from command line to 'False'
[1.277s] Level 5:colcon.colcon_core.verb:set package 'minibot_controllers' build argument 'ament_cmake_args' from command line to 'None'
[1.277s] Level 5:colcon.colcon_core.verb:set package 'minibot_controllers' build argument 'catkin_cmake_args' from command line to 'None'
[1.277s] Level 5:colcon.colcon_core.verb:set package 'minibot_controllers' build argument 'catkin_skip_building_tests' from command line to 'False'
[1.277s] DEBUG:colcon.colcon_core.verb:Building package 'minibot_controllers' with the following arguments: {'ament_cmake_args': None, 'build_base': '/home/hanse/pinkbot/build/minibot_controllers', 'catkin_cmake_args': None, 'catkin_skip_building_tests': False, 'cmake_args': None, 'cmake_clean_cache': False, 'cmake_clean_first': False, 'cmake_force_configure': False, 'cmake_target': None, 'cmake_target_skip_unavailable': False, 'install_base': '/home/hanse/pinkbot/install/minibot_controllers', 'merge_install': False, 'path': '/home/hanse/pinkbot/src/pinklab_minibot_robot/minibot_controllers', 'symlink_install': False, 'test_result_base': None}
[1.291s] Level 5:colcon.colcon_core.verb:set package 'minibot_gazebo' build argument 'cmake_args' from command line to 'None'
[1.291s] Level 5:colcon.colcon_core.verb:set package 'minibot_gazebo' build argument 'cmake_target' from command line to 'None'
[1.291s] Level 5:colcon.colcon_core.verb:set package 'minibot_gazebo' build argument 'cmake_target_skip_unavailable' from command line to 'False'
[1.291s] Level 5:colcon.colcon_core.verb:set package 'minibot_gazebo' build argument 'cmake_clean_cache' from command line to 'False'
[1.291s] Level 5:colcon.colcon_core.verb:set package 'minibot_gazebo' build argument 'cmake_clean_first' from command line to 'False'
[1.291s] Level 5:colcon.colcon_core.verb:set package 'minibot_gazebo' build argument 'cmake_force_configure' from command line to 'False'
[1.291s] Level 5:colcon.colcon_core.verb:set package 'minibot_gazebo' build argument 'ament_cmake_args' from command line to 'None'
[1.291s] Level 5:colcon.colcon_core.verb:set package 'minibot_gazebo' build argument 'catkin_cmake_args' from command line to 'None'
[1.291s] Level 5:colcon.colcon_core.verb:set package 'minibot_gazebo' build argument 'catkin_skip_building_tests' from command line to 'False'
[1.291s] DEBUG:colcon.colcon_core.verb:Building package 'minibot_gazebo' with the following arguments: {'ament_cmake_args': None, 'build_base': '/home/hanse/pinkbot/build/minibot_gazebo', 'catkin_cmake_args': None, 'catkin_skip_building_tests': False, 'cmake_args': None, 'cmake_clean_cache': False, 'cmake_clean_first': False, 'cmake_force_configure': False, 'cmake_target': None, 'cmake_target_skip_unavailable': False, 'install_base': '/home/hanse/pinkbot/install/minibot_gazebo', 'merge_install': False, 'path': '/home/hanse/pinkbot/src/pinklab_minibot_robot/minibot_gazebo', 'symlink_install': False, 'test_result_base': None}
[1.305s] Level 5:colcon.colcon_core.verb:set package 'minibot_bringup' build argument 'cmake_args' from command line to 'None'
[1.305s] Level 5:colcon.colcon_core.verb:set package 'minibot_bringup' build argument 'cmake_target' from command line to 'None'
[1.305s] Level 5:colcon.colcon_core.verb:set package 'minibot_bringup' build argument 'cmake_target_skip_unavailable' from command line to 'False'
[1.305s] Level 5:colcon.colcon_core.verb:set package 'minibot_bringup' build argument 'cmake_clean_cache' from command line to 'False'
[1.305s] Level 5:colcon.colcon_core.verb:set package 'minibot_bringup' build argument 'cmake_clean_first' from command line to 'False'
[1.305s] Level 5:colcon.colcon_core.verb:set package 'minibot_bringup' build argument 'cmake_force_configure' from command line to 'False'
[1.305s] Level 5:colcon.colcon_core.verb:set package 'minibot_bringup' build argument 'ament_cmake_args' from command line to 'None'
[1.305s] Level 5:colcon.colcon_core.verb:set package 'minibot_bringup' build argument 'catkin_cmake_args' from command line to 'None'
[1.305s] Level 5:colcon.colcon_core.verb:set package 'minibot_bringup' build argument 'catkin_skip_building_tests' from command line to 'False'
[1.305s] DEBUG:colcon.colcon_core.verb:Building package 'minibot_bringup' with the following arguments: {'ament_cmake_args': None, 'build_base': '/home/hanse/pinkbot/build/minibot_bringup', 'catkin_cmake_args': None, 'catkin_skip_building_tests': False, 'cmake_args': None, 'cmake_clean_cache': False, 'cmake_clean_first': False, 'cmake_force_configure': False, 'cmake_target': None, 'cmake_target_skip_unavailable': False, 'install_base': '/home/hanse/pinkbot/install/minibot_bringup', 'merge_install': False, 'path': '/home/hanse/pinkbot/src/pinklab_minibot_robot/minibot_bringup', 'symlink_install': False, 'test_result_base': None}
[1.322s] INFO:colcon.colcon_core.executor:Executing jobs using 'parallel' executor
[1.338s] DEBUG:colcon.colcon_parallel_executor.executor.parallel:run_until_complete
[1.338s] INFO:colcon.colcon_ros.task.ament_cmake.build:Building ROS package in '/home/hanse/pinkbot/src/pinklab_minibot_robot/minibot_description' with build type 'ament_cmake'
[1.338s] INFO:colcon.colcon_cmake.task.cmake.build:Building CMake package in '/home/hanse/pinkbot/src/pinklab_minibot_robot/minibot_description'
[1.363s] INFO:colcon.colcon_core.plugin_system:Skipping extension 'colcon_core.shell.bat': Not used on non-Windows systems
[1.363s] INFO:colcon.colcon_core.shell:Skip shell extension 'powershell' for command environment: Not usable outside of PowerShell
[1.363s] DEBUG:colcon.colcon_core.shell:Skip shell extension 'dsv' for command environment
[1.394s] INFO:colcon.colcon_ros.task.ament_cmake.build:Building ROS package in '/home/hanse/pinkbot/src/pinklab_minibot_robot/minibot_interfaces' with build type 'ament_cmake'
[1.394s] INFO:colcon.colcon_cmake.task.cmake.build:Building CMake package in '/home/hanse/pinkbot/src/pinklab_minibot_robot/minibot_interfaces'
[1.409s] INFO:colcon.colcon_core.shell:Skip shell extension 'powershell' for command environment: Not usable outside of PowerShell
[1.409s] DEBUG:colcon.colcon_core.shell:Skip shell extension 'dsv' for command environment
[1.440s] INFO:colcon.colcon_ros.task.ament_cmake.build:Building ROS package in '/home/hanse/pinkbot/src/pinklab_minibot_robot/minibot_hardware_interface' with build type 'ament_cmake'
[1.440s] INFO:colcon.colcon_cmake.task.cmake.build:Building CMake package in '/home/hanse/pinkbot/src/pinklab_minibot_robot/minibot_hardware_interface'
[1.455s] INFO:colcon.colcon_core.shell:Skip shell extension 'powershell' for command environment: Not usable outside of PowerShell
[1.455s] DEBUG:colcon.colcon_core.shell:Skip shell extension 'dsv' for command environment
[1.487s] INFO:colcon.colcon_ros.task.ament_cmake.build:Building ROS package in '/home/hanse/pinkbot/src/pinklab_minibot_robot/minibot_navigation2' with build type 'ament_cmake'
[1.487s] INFO:colcon.colcon_cmake.task.cmake.build:Building CMake package in '/home/hanse/pinkbot/src/pinklab_minibot_robot/minibot_navigation2'
[1.502s] INFO:colcon.colcon_core.shell:Skip shell extension 'powershell' for command environment: Not usable outside of PowerShell
[1.502s] DEBUG:colcon.colcon_core.shell:Skip shell extension 'dsv' for command environment
[1.539s] DEBUG:colcon.colcon_core.event_handler.log_command:Invoking command in '/home/hanse/pinkbot/build/minibot_description': CMAKE_PREFIX_PATH=/opt/ros/humble /home/hanse/.local/bin/cmake --build /home/hanse/pinkbot/build/minibot_description -- -j8 -l8
[1.542s] DEBUG:colcon.colcon_core.event_handler.log_command:Invoking command in '/home/hanse/pinkbot/build/minibot_interfaces': CMAKE_PREFIX_PATH=/opt/ros/humble /home/hanse/.local/bin/cmake --build /home/hanse/pinkbot/build/minibot_interfaces -- -j8 -l8
[1.546s] DEBUG:colcon.colcon_core.event_handler.log_command:Invoking command in '/home/hanse/pinkbot/build/minibot_hardware_interface': CMAKE_PREFIX_PATH=/opt/ros/humble /home/hanse/.local/bin/cmake --build /home/hanse/pinkbot/build/minibot_hardware_interface -- -j8 -l8
[1.553s] DEBUG:colcon.colcon_core.event_handler.log_command:Invoking command in '/home/hanse/pinkbot/build/minibot_navigation2': CMAKE_PREFIX_PATH=/opt/ros/humble /home/hanse/.local/bin/cmake --build /home/hanse/pinkbot/build/minibot_navigation2 -- -j8 -l8
[1.619s] DEBUG:colcon.colcon_core.event_handler.log_command:Invoked command in '/home/hanse/pinkbot/build/minibot_description' returned '0': CMAKE_PREFIX_PATH=/opt/ros/humble /home/hanse/.local/bin/cmake --build /home/hanse/pinkbot/build/minibot_description -- -j8 -l8
[1.625s] DEBUG:colcon.colcon_core.event_handler.log_command:Invoked command in '/home/hanse/pinkbot/build/minibot_navigation2' returned '0': CMAKE_PREFIX_PATH=/opt/ros/humble /home/hanse/.local/bin/cmake --build /home/hanse/pinkbot/build/minibot_navigation2 -- -j8 -l8
[1.667s] DEBUG:colcon.colcon_core.event_handler.log_command:Invoked command in '/home/hanse/pinkbot/build/minibot_hardware_interface' returned '0': CMAKE_PREFIX_PATH=/opt/ros/humble /home/hanse/.local/bin/cmake --build /home/hanse/pinkbot/build/minibot_hardware_interface -- -j8 -l8
[1.704s] DEBUG:colcon.colcon_core.event_handler.log_command:Invoking command in '/home/hanse/pinkbot/build/minibot_description': CMAKE_PREFIX_PATH=/opt/ros/humble /home/hanse/.local/bin/cmake --install /home/hanse/pinkbot/build/minibot_description
[1.707s] DEBUG:colcon.colcon_core.event_handler.log_command:Invoking command in '/home/hanse/pinkbot/build/minibot_navigation2': CMAKE_PREFIX_PATH=/opt/ros/humble /home/hanse/.local/bin/cmake --install /home/hanse/pinkbot/build/minibot_navigation2
[1.711s] DEBUG:colcon.colcon_core.event_handler.log_command:Invoking command in '/home/hanse/pinkbot/build/minibot_hardware_interface': CMAKE_PREFIX_PATH=/opt/ros/humble /home/hanse/.local/bin/cmake --install /home/hanse/pinkbot/build/minibot_hardware_interface
[1.741s] Level 1:colcon.colcon_core.environment:create_environment_scripts_only(minibot_description)
[1.742s] DEBUG:colcon.colcon_core.event_handler.log_command:Invoked command in '/home/hanse/pinkbot/build/minibot_description' returned '0': CMAKE_PREFIX_PATH=/opt/ros/humble /home/hanse/.local/bin/cmake --install /home/hanse/pinkbot/build/minibot_description
[1.764s] Level 1:colcon.colcon_core.environment:checking '/home/hanse/pinkbot/install/minibot_description' for CMake module files
[1.764s] Level 1:colcon.colcon_core.environment:checking '/home/hanse/pinkbot/install/minibot_description' for CMake config files
[1.765s] Level 1:colcon.colcon_core.shell:create_environment_hook('minibot_description', 'cmake_prefix_path')
[1.781s] INFO:colcon.colcon_core.shell:Creating environment hook '/home/hanse/pinkbot/install/minibot_description/share/minibot_description/hook/cmake_prefix_path.ps1'
[1.782s] INFO:colcon.colcon_core.shell:Creating environment descriptor '/home/hanse/pinkbot/install/minibot_description/share/minibot_description/hook/cmake_prefix_path.dsv'
[1.782s] INFO:colcon.colcon_core.shell:Creating environment hook '/home/hanse/pinkbot/install/minibot_description/share/minibot_description/hook/cmake_prefix_path.sh'
[1.783s] Level 1:colcon.colcon_core.environment:checking '/home/hanse/pinkbot/install/minibot_description/bin'
[1.783s] Level 1:colcon.colcon_core.environment:checking '/home/hanse/pinkbot/install/minibot_description/lib/pkgconfig/minibot_description.pc'
[1.783s] Level 1:colcon.colcon_core.environment:checking '/home/hanse/pinkbot/install/minibot_description/lib/python3.10/site-packages'
[1.783s] Level 1:colcon.colcon_core.environment:checking '/home/hanse/pinkbot/install/minibot_description/bin'
[1.798s] INFO:colcon.colcon_core.shell:Creating package script '/home/hanse/pinkbot/install/minibot_description/share/minibot_description/package.ps1'
[1.798s] INFO:colcon.colcon_core.shell:Creating package descriptor '/home/hanse/pinkbot/install/minibot_description/share/minibot_description/package.dsv'
[1.798s] INFO:colcon.colcon_core.shell:Creating package script '/home/hanse/pinkbot/install/minibot_description/share/minibot_description/package.sh'
[1.799s] INFO:colcon.colcon_core.shell:Creating package script '/home/hanse/pinkbot/install/minibot_description/share/minibot_description/package.bash'
[1.799s] INFO:colcon.colcon_core.shell:Creating package script '/home/hanse/pinkbot/install/minibot_description/share/minibot_description/package.zsh'
[1.800s] Level 1:colcon.colcon_core.environment:create_file_with_runtime_dependencies(/home/hanse/pinkbot/install/minibot_description/share/colcon-core/packages/minibot_description)
[1.801s] Level 1:colcon.colcon_core.environment:create_environment_scripts_only(minibot_navigation2)
[1.801s] DEBUG:colcon.colcon_core.event_handler.log_command:Invoked command in '/home/hanse/pinkbot/build/minibot_navigation2' returned '0': CMAKE_PREFIX_PATH=/opt/ros/humble /home/hanse/.local/bin/cmake --install /home/hanse/pinkbot/build/minibot_navigation2
[1.816s] Level 1:colcon.colcon_core.environment:checking '/home/hanse/pinkbot/install/minibot_navigation2' for CMake module files
[1.817s] Level 1:colcon.colcon_core.environment:checking '/home/hanse/pinkbot/install/minibot_navigation2' for CMake config files
[1.817s] Level 1:colcon.colcon_core.shell:create_environment_hook('minibot_navigation2', 'cmake_prefix_path')
[1.832s] INFO:colcon.colcon_core.shell:Creating environment hook '/home/hanse/pinkbot/install/minibot_navigation2/share/minibot_navigation2/hook/cmake_prefix_path.ps1'
[1.832s] INFO:colcon.colcon_core.shell:Creating environment descriptor '/home/hanse/pinkbot/install/minibot_navigation2/share/minibot_navigation2/hook/cmake_prefix_path.dsv'
[1.832s] INFO:colcon.colcon_core.shell:Creating environment hook '/home/hanse/pinkbot/install/minibot_navigation2/share/minibot_navigation2/hook/cmake_prefix_path.sh'
[1.833s] Level 1:colcon.colcon_core.environment:checking '/home/hanse/pinkbot/install/minibot_navigation2/bin'
[1.833s] Level 1:colcon.colcon_core.environment:checking '/home/hanse/pinkbot/install/minibot_navigation2/lib/pkgconfig/minibot_navigation2.pc'
[1.833s] Level 1:colcon.colcon_core.environment:checking '/home/hanse/pinkbot/install/minibot_navigation2/lib/python3.10/site-packages'
[1.833s] Level 1:colcon.colcon_core.environment:checking '/home/hanse/pinkbot/install/minibot_navigation2/bin'
[1.846s] INFO:colcon.colcon_core.shell:Creating package script '/home/hanse/pinkbot/install/minibot_navigation2/share/minibot_navigation2/package.ps1'
[1.847s] INFO:colcon.colcon_core.shell:Creating package descriptor '/home/hanse/pinkbot/install/minibot_navigation2/share/minibot_navigation2/package.dsv'
[1.847s] INFO:colcon.colcon_core.shell:Creating package script '/home/hanse/pinkbot/install/minibot_navigation2/share/minibot_navigation2/package.sh'
[1.847s] INFO:colcon.colcon_core.shell:Creating package script '/home/hanse/pinkbot/install/minibot_navigation2/share/minibot_navigation2/package.bash'
[1.847s] INFO:colcon.colcon_core.shell:Creating package script '/home/hanse/pinkbot/install/minibot_navigation2/share/minibot_navigation2/package.zsh'
[1.848s] Level 1:colcon.colcon_core.environment:create_file_with_runtime_dependencies(/home/hanse/pinkbot/install/minibot_navigation2/share/colcon-core/packages/minibot_navigation2)
[1.849s] Level 1:colcon.colcon_core.environment:create_environment_scripts_only(minibot_hardware_interface)
[1.849s] DEBUG:colcon.colcon_core.event_handler.log_command:Invoked command in '/home/hanse/pinkbot/build/minibot_hardware_interface' returned '0': CMAKE_PREFIX_PATH=/opt/ros/humble /home/hanse/.local/bin/cmake --install /home/hanse/pinkbot/build/minibot_hardware_interface
[1.863s] Level 1:colcon.colcon_core.environment:checking '/home/hanse/pinkbot/install/minibot_hardware_interface' for CMake module files
[1.864s] Level 1:colcon.colcon_core.environment:checking '/home/hanse/pinkbot/install/minibot_hardware_interface' for CMake config files
[1.864s] Level 1:colcon.colcon_core.shell:create_environment_hook('minibot_hardware_interface', 'cmake_prefix_path')
[1.881s] INFO:colcon.colcon_core.shell:Creating environment hook '/home/hanse/pinkbot/install/minibot_hardware_interface/share/minibot_hardware_interface/hook/cmake_prefix_path.ps1'
[1.882s] INFO:colcon.colcon_core.shell:Creating environment descriptor '/home/hanse/pinkbot/install/minibot_hardware_interface/share/minibot_hardware_interface/hook/cmake_prefix_path.dsv'
[1.883s] INFO:colcon.colcon_core.shell:Creating environment hook '/home/hanse/pinkbot/install/minibot_hardware_interface/share/minibot_hardware_interface/hook/cmake_prefix_path.sh'
[1.883s] Level 1:colcon.colcon_core.environment:checking '/home/hanse/pinkbot/install/minibot_hardware_interface/lib'
[1.883s] Level 1:colcon.colcon_core.shell:create_environment_hook('minibot_hardware_interface', 'ld_library_path_lib')
[1.899s] INFO:colcon.colcon_core.shell:Creating environment hook '/home/hanse/pinkbot/install/minibot_hardware_interface/share/minibot_hardware_interface/hook/ld_library_path_lib.ps1'
[1.900s] INFO:colcon.colcon_core.shell:Creating environment descriptor '/home/hanse/pinkbot/install/minibot_hardware_interface/share/minibot_hardware_interface/hook/ld_library_path_lib.dsv'
[1.900s] INFO:colcon.colcon_core.shell:Creating environment hook '/home/hanse/pinkbot/install/minibot_hardware_interface/share/minibot_hardware_interface/hook/ld_library_path_lib.sh'
[1.901s] Level 1:colcon.colcon_core.environment:checking '/home/hanse/pinkbot/install/minibot_hardware_interface/bin'
[1.901s] Level 1:colcon.colcon_core.environment:checking '/home/hanse/pinkbot/install/minibot_hardware_interface/lib/pkgconfig/minibot_hardware_interface.pc'
[1.901s] Level 1:colcon.colcon_core.environment:checking '/home/hanse/pinkbot/install/minibot_hardware_interface/lib/python3.10/site-packages'
[1.901s] Level 1:colcon.colcon_core.environment:checking '/home/hanse/pinkbot/install/minibot_hardware_interface/bin'
[1.916s] INFO:colcon.colcon_core.shell:Creating package script '/home/hanse/pinkbot/install/minibot_hardware_interface/share/minibot_hardware_interface/package.ps1'
[1.916s] INFO:colcon.colcon_core.shell:Creating package descriptor '/home/hanse/pinkbot/install/minibot_hardware_interface/share/minibot_hardware_interface/package.dsv'
[1.917s] INFO:colcon.colcon_core.shell:Creating package script '/home/hanse/pinkbot/install/minibot_hardware_interface/share/minibot_hardware_interface/package.sh'
[1.917s] INFO:colcon.colcon_core.shell:Creating package script '/home/hanse/pinkbot/install/minibot_hardware_interface/share/minibot_hardware_interface/package.bash'
[1.917s] INFO:colcon.colcon_core.shell:Creating package script '/home/hanse/pinkbot/install/minibot_hardware_interface/share/minibot_hardware_interface/package.zsh'
[1.918s] Level 1:colcon.colcon_core.environment:create_file_with_runtime_dependencies(/home/hanse/pinkbot/install/minibot_hardware_interface/share/colcon-core/packages/minibot_hardware_interface)
[1.934s] Level 1:colcon.colcon_core.environment:create_environment_scripts_only(minibot_description)
[1.947s] Level 1:colcon.colcon_core.environment:checking '/home/hanse/pinkbot/install/minibot_description' for CMake module files
[1.948s] Level 1:colcon.colcon_core.environment:checking '/home/hanse/pinkbot/install/minibot_description' for CMake config files
[1.948s] Level 1:colcon.colcon_core.shell:create_environment_hook('minibot_description', 'cmake_prefix_path')
[1.962s] INFO:colcon.colcon_core.shell:Creating environment hook '/home/hanse/pinkbot/install/minibot_description/share/minibot_description/hook/cmake_prefix_path.ps1'
[1.962s] INFO:colcon.colcon_core.shell:Creating environment descriptor '/home/hanse/pinkbot/install/minibot_description/share/minibot_description/hook/cmake_prefix_path.dsv'
[1.962s] INFO:colcon.colcon_core.shell:Creating environment hook '/home/hanse/pinkbot/install/minibot_description/share/minibot_description/hook/cmake_prefix_path.sh'
[1.963s] Level 1:colcon.colcon_core.environment:checking '/home/hanse/pinkbot/install/minibot_description/bin'
[1.963s] Level 1:colcon.colcon_core.environment:checking '/home/hanse/pinkbot/install/minibot_description/lib/pkgconfig/minibot_description.pc'
[1.963s] Level 1:colcon.colcon_core.environment:checking '/home/hanse/pinkbot/install/minibot_description/lib/python3.10/site-packages'
[1.963s] Level 1:colcon.colcon_core.environment:checking '/home/hanse/pinkbot/install/minibot_description/bin'
[1.977s] INFO:colcon.colcon_core.shell:Creating package script '/home/hanse/pinkbot/install/minibot_description/share/minibot_description/package.ps1'
[1.978s] INFO:colcon.colcon_core.shell:Creating package descriptor '/home/hanse/pinkbot/install/minibot_description/share/minibot_description/package.dsv'
[1.978s] INFO:colcon.colcon_core.shell:Creating package script '/home/hanse/pinkbot/install/minibot_description/share/minibot_description/package.sh'
[1.978s] INFO:colcon.colcon_core.shell:Creating package script '/home/hanse/pinkbot/install/minibot_description/share/minibot_description/package.bash'
[1.978s] INFO:colcon.colcon_core.shell:Creating package script '/home/hanse/pinkbot/install/minibot_description/share/minibot_description/package.zsh'
[1.979s] Level 1:colcon.colcon_core.environment:create_file_with_runtime_dependencies(/home/hanse/pinkbot/install/minibot_description/share/colcon-core/packages/minibot_description)
[1.993s] Level 1:colcon.colcon_core.environment:create_environment_scripts_only(minibot_navigation2)
[2.006s] Level 1:colcon.colcon_core.environment:checking '/home/hanse/pinkbot/install/minibot_navigation2' for CMake module files
[2.006s] Level 1:colcon.colcon_core.environment:checking '/home/hanse/pinkbot/install/minibot_navigation2' for CMake config files
[2.006s] Level 1:colcon.colcon_core.shell:create_environment_hook('minibot_navigation2', 'cmake_prefix_path')
[2.020s] INFO:colcon.colcon_core.shell:Creating environment hook '/home/hanse/pinkbot/install/minibot_navigation2/share/minibot_navigation2/hook/cmake_prefix_path.ps1'
[2.020s] INFO:colcon.colcon_core.shell:Creating environment descriptor '/home/hanse/pinkbot/install/minibot_navigation2/share/minibot_navigation2/hook/cmake_prefix_path.dsv'
[2.020s] INFO:colcon.colcon_core.shell:Creating environment hook '/home/hanse/pinkbot/install/minibot_navigation2/share/minibot_navigation2/hook/cmake_prefix_path.sh'
[2.021s] Level 1:colcon.colcon_core.environment:checking '/home/hanse/pinkbot/install/minibot_navigation2/bin'
[2.021s] Level 1:colcon.colcon_core.environment:checking '/home/hanse/pinkbot/install/minibot_navigation2/lib/pkgconfig/minibot_navigation2.pc'
[2.021s] Level 1:colcon.colcon_core.environment:checking '/home/hanse/pinkbot/install/minibot_navigation2/lib/python3.10/site-packages'
[2.021s] Level 1:colcon.colcon_core.environment:checking '/home/hanse/pinkbot/install/minibot_navigation2/bin'
[2.046s] INFO:colcon.colcon_core.shell:Creating package script '/home/hanse/pinkbot/install/minibot_navigation2/share/minibot_navigation2/package.ps1'
[2.046s] INFO:colcon.colcon_core.shell:Creating package descriptor '/home/hanse/pinkbot/install/minibot_navigation2/share/minibot_navigation2/package.dsv'
[2.046s] INFO:colcon.colcon_core.shell:Creating package script '/home/hanse/pinkbot/install/minibot_navigation2/share/minibot_navigation2/package.sh'
[2.047s] INFO:colcon.colcon_core.shell:Creating package script '/home/hanse/pinkbot/install/minibot_navigation2/share/minibot_navigation2/package.bash'
[2.047s] INFO:colcon.colcon_core.shell:Creating package script '/home/hanse/pinkbot/install/minibot_navigation2/share/minibot_navigation2/package.zsh'
[2.047s] Level 1:colcon.colcon_core.environment:create_file_with_runtime_dependencies(/home/hanse/pinkbot/install/minibot_navigation2/share/colcon-core/packages/minibot_navigation2)
[2.047s] INFO:colcon.colcon_ros.task.ament_cmake.build:Building ROS package in '/home/hanse/pinkbot/src/pinklab_minibot_robot/minibot_gazebo' with build type 'ament_cmake'
[2.047s] INFO:colcon.colcon_cmake.task.cmake.build:Building CMake package in '/home/hanse/pinkbot/src/pinklab_minibot_robot/minibot_gazebo'
[2.061s] INFO:colcon.colcon_core.shell:Skip shell extension 'powershell' for command environment: Not usable outside of PowerShell
[2.061s] DEBUG:colcon.colcon_core.shell:Skip shell extension 'dsv' for command environment
[2.090s] DEBUG:colcon.colcon_core.event_handler.log_command:Invoked command in '/home/hanse/pinkbot/build/minibot_interfaces' returned '0': CMAKE_PREFIX_PATH=/opt/ros/humble /home/hanse/.local/bin/cmake --build /home/hanse/pinkbot/build/minibot_interfaces -- -j8 -l8
[2.104s] Level 1:colcon.colcon_core.environment:create_environment_scripts_only(minibot_hardware_interface)
[2.119s] Level 1:colcon.colcon_core.environment:checking '/home/hanse/pinkbot/install/minibot_hardware_interface' for CMake module files
[2.119s] Level 1:colcon.colcon_core.environment:checking '/home/hanse/pinkbot/install/minibot_hardware_interface' for CMake config files
[2.119s] Level 1:colcon.colcon_core.shell:create_environment_hook('minibot_hardware_interface', 'cmake_prefix_path')
[2.132s] INFO:colcon.colcon_core.shell:Creating environment hook '/home/hanse/pinkbot/install/minibot_hardware_interface/share/minibot_hardware_interface/hook/cmake_prefix_path.ps1'
[2.133s] INFO:colcon.colcon_core.shell:Creating environment descriptor '/home/hanse/pinkbot/install/minibot_hardware_interface/share/minibot_hardware_interface/hook/cmake_prefix_path.dsv'
[2.133s] INFO:colcon.colcon_core.shell:Creating environment hook '/home/hanse/pinkbot/install/minibot_hardware_interface/share/minibot_hardware_interface/hook/cmake_prefix_path.sh'
[2.134s] Level 1:colcon.colcon_core.environment:checking '/home/hanse/pinkbot/install/minibot_hardware_interface/lib'
[2.134s] Level 1:colcon.colcon_core.shell:create_environment_hook('minibot_hardware_interface', 'ld_library_path_lib')
[2.148s] INFO:colcon.colcon_core.shell:Creating environment hook '/home/hanse/pinkbot/install/minibot_hardware_interface/share/minibot_hardware_interface/hook/ld_library_path_lib.ps1'
[2.149s] INFO:colcon.colcon_core.shell:Creating environment descriptor '/home/hanse/pinkbot/install/minibot_hardware_interface/share/minibot_hardware_interface/hook/ld_library_path_lib.dsv'
[2.149s] INFO:colcon.colcon_core.shell:Creating environment hook '/home/hanse/pinkbot/install/minibot_hardware_interface/share/minibot_hardware_interface/hook/ld_library_path_lib.sh'
[2.149s] Level 1:colcon.colcon_core.environment:checking '/home/hanse/pinkbot/install/minibot_hardware_interface/bin'
[2.149s] Level 1:colcon.colcon_core.environment:checking '/home/hanse/pinkbot/install/minibot_hardware_interface/lib/pkgconfig/minibot_hardware_interface.pc'
[2.149s] Level 1:colcon.colcon_core.environment:checking '/home/hanse/pinkbot/install/minibot_hardware_interface/lib/python3.10/site-packages'
[2.149s] Level 1:colcon.colcon_core.environment:checking '/home/hanse/pinkbot/install/minibot_hardware_interface/bin'
[2.163s] INFO:colcon.colcon_core.shell:Creating package script '/home/hanse/pinkbot/install/minibot_hardware_interface/share/minibot_hardware_interface/package.ps1'
[2.164s] INFO:colcon.colcon_core.shell:Creating package descriptor '/home/hanse/pinkbot/install/minibot_hardware_interface/share/minibot_hardware_interface/package.dsv'
[2.164s] INFO:colcon.colcon_core.shell:Creating package script '/home/hanse/pinkbot/install/minibot_hardware_interface/share/minibot_hardware_interface/package.sh'
[2.164s] INFO:colcon.colcon_core.shell:Creating package script '/home/hanse/pinkbot/install/minibot_hardware_interface/share/minibot_hardware_interface/package.bash'
[2.164s] INFO:colcon.colcon_core.shell:Creating package script '/home/hanse/pinkbot/install/minibot_hardware_interface/share/minibot_hardware_interface/package.zsh'
[2.165s] Level 1:colcon.colcon_core.environment:create_file_with_runtime_dependencies(/home/hanse/pinkbot/install/minibot_hardware_interface/share/colcon-core/packages/minibot_hardware_interface)
[2.169s] DEBUG:colcon.colcon_core.event_handler.log_command:Invoking command in '/home/hanse/pinkbot/build/minibot_gazebo': AMENT_PREFIX_PATH=/home/hanse/pinkbot/install/minibot_description:${AMENT_PREFIX_PATH} CMAKE_PREFIX_PATH=/home/hanse/pinkbot/install/minibot_description:/opt/ros/humble /home/hanse/.local/bin/cmake --build /home/hanse/pinkbot/build/minibot_gazebo -- -j8 -l8
[2.169s] DEBUG:colcon.colcon_core.event_handler.log_command:Invoking command in '/home/hanse/pinkbot/build/minibot_interfaces': CMAKE_PREFIX_PATH=/opt/ros/humble /home/hanse/.local/bin/cmake --install /home/hanse/pinkbot/build/minibot_interfaces
[2.222s] DEBUG:colcon.colcon_core.event_handler.log_command:Invoked command in '/home/hanse/pinkbot/build/minibot_gazebo' returned '0': AMENT_PREFIX_PATH=/home/hanse/pinkbot/install/minibot_description:${AMENT_PREFIX_PATH} CMAKE_PREFIX_PATH=/home/hanse/pinkbot/install/minibot_description:/opt/ros/humble /home/hanse/.local/bin/cmake --build /home/hanse/pinkbot/build/minibot_gazebo -- -j8 -l8
[2.237s] Level 1:colcon.colcon_core.environment:create_environment_scripts_only(minibot_interfaces)
[2.238s] DEBUG:colcon.colcon_core.event_handler.log_command:Invoked command in '/home/hanse/pinkbot/build/minibot_interfaces' returned '0': CMAKE_PREFIX_PATH=/opt/ros/humble /home/hanse/.local/bin/cmake --install /home/hanse/pinkbot/build/minibot_interfaces
[2.252s] Level 1:colcon.colcon_core.environment:checking '/home/hanse/pinkbot/install/minibot_interfaces' for CMake module files
[2.252s] Level 1:colcon.colcon_core.environment:checking '/home/hanse/pinkbot/install/minibot_interfaces' for CMake config files
[2.253s] Level 1:colcon.colcon_core.shell:create_environment_hook('minibot_interfaces', 'cmake_prefix_path')
[2.266s] INFO:colcon.colcon_core.shell:Creating environment hook '/home/hanse/pinkbot/install/minibot_interfaces/share/minibot_interfaces/hook/cmake_prefix_path.ps1'
[2.267s] INFO:colcon.colcon_core.shell:Creating environment descriptor '/home/hanse/pinkbot/install/minibot_interfaces/share/minibot_interfaces/hook/cmake_prefix_path.dsv'
[2.268s] INFO:colcon.colcon_core.shell:Creating environment hook '/home/hanse/pinkbot/install/minibot_interfaces/share/minibot_interfaces/hook/cmake_prefix_path.sh'
[2.268s] Level 1:colcon.colcon_core.environment:checking '/home/hanse/pinkbot/install/minibot_interfaces/lib'
[2.268s] Level 1:colcon.colcon_core.shell:create_environment_hook('minibot_interfaces', 'ld_library_path_lib')
[2.282s] INFO:colcon.colcon_core.shell:Creating environment hook '/home/hanse/pinkbot/install/minibot_interfaces/share/minibot_interfaces/hook/ld_library_path_lib.ps1'
[2.283s] INFO:colcon.colcon_core.shell:Creating environment descriptor '/home/hanse/pinkbot/install/minibot_interfaces/share/minibot_interfaces/hook/ld_library_path_lib.dsv'
[2.283s] INFO:colcon.colcon_core.shell:Creating environment hook '/home/hanse/pinkbot/install/minibot_interfaces/share/minibot_interfaces/hook/ld_library_path_lib.sh'
[2.283s] Level 1:colcon.colcon_core.environment:checking '/home/hanse/pinkbot/install/minibot_interfaces/bin'
[2.283s] Level 1:colcon.colcon_core.environment:checking '/home/hanse/pinkbot/install/minibot_interfaces/lib/pkgconfig/minibot_interfaces.pc'
[2.283s] Level 1:colcon.colcon_core.environment:checking '/home/hanse/pinkbot/install/minibot_interfaces/lib/python3.10/site-packages'
[2.283s] Level 1:colcon.colcon_core.environment:checking '/home/hanse/pinkbot/install/minibot_interfaces/bin'
[2.297s] INFO:colcon.colcon_core.shell:Creating package script '/home/hanse/pinkbot/install/minibot_interfaces/share/minibot_interfaces/package.ps1'
[2.297s] INFO:colcon.colcon_core.shell:Creating package descriptor '/home/hanse/pinkbot/install/minibot_interfaces/share/minibot_interfaces/package.dsv'
[2.298s] INFO:colcon.colcon_core.shell:Creating package script '/home/hanse/pinkbot/install/minibot_interfaces/share/minibot_interfaces/package.sh'
[2.298s] INFO:colcon.colcon_core.shell:Creating package script '/home/hanse/pinkbot/install/minibot_interfaces/share/minibot_interfaces/package.bash'
[2.298s] INFO:colcon.colcon_core.shell:Creating package script '/home/hanse/pinkbot/install/minibot_interfaces/share/minibot_interfaces/package.zsh'
[2.298s] Level 1:colcon.colcon_core.environment:create_file_with_runtime_dependencies(/home/hanse/pinkbot/install/minibot_interfaces/share/colcon-core/packages/minibot_interfaces)
[2.300s] DEBUG:colcon.colcon_core.event_handler.log_command:Invoking command in '/home/hanse/pinkbot/build/minibot_gazebo': AMENT_PREFIX_PATH=/home/hanse/pinkbot/install/minibot_description:${AMENT_PREFIX_PATH} CMAKE_PREFIX_PATH=/home/hanse/pinkbot/install/minibot_description:/opt/ros/humble /home/hanse/.local/bin/cmake --install /home/hanse/pinkbot/build/minibot_gazebo
[2.328s] Level 1:colcon.colcon_core.environment:create_environment_scripts_only(minibot_gazebo)
[2.329s] DEBUG:colcon.colcon_core.event_handler.log_command:Invoked command in '/home/hanse/pinkbot/build/minibot_gazebo' returned '0': AMENT_PREFIX_PATH=/home/hanse/pinkbot/install/minibot_description:${AMENT_PREFIX_PATH} CMAKE_PREFIX_PATH=/home/hanse/pinkbot/install/minibot_description:/opt/ros/humble /home/hanse/.local/bin/cmake --install /home/hanse/pinkbot/build/minibot_gazebo
[2.342s] Level 1:colcon.colcon_core.environment:checking '/home/hanse/pinkbot/install/minibot_gazebo' for CMake module files
[2.343s] Level 1:colcon.colcon_core.environment:checking '/home/hanse/pinkbot/install/minibot_gazebo' for CMake config files
[2.343s] Level 1:colcon.colcon_core.shell:create_environment_hook('minibot_gazebo', 'cmake_prefix_path')
[2.358s] INFO:colcon.colcon_core.shell:Creating environment hook '/home/hanse/pinkbot/install/minibot_gazebo/share/minibot_gazebo/hook/cmake_prefix_path.ps1'
[2.358s] INFO:colcon.colcon_core.shell:Creating environment descriptor '/home/hanse/pinkbot/install/minibot_gazebo/share/minibot_gazebo/hook/cmake_prefix_path.dsv'
[2.358s] INFO:colcon.colcon_core.shell:Creating environment hook '/home/hanse/pinkbot/install/minibot_gazebo/share/minibot_gazebo/hook/cmake_prefix_path.sh'
[2.359s] Level 1:colcon.colcon_core.environment:checking '/home/hanse/pinkbot/install/minibot_gazebo/bin'
[2.359s] Level 1:colcon.colcon_core.environment:checking '/home/hanse/pinkbot/install/minibot_gazebo/lib/pkgconfig/minibot_gazebo.pc'
[2.359s] Level 1:colcon.colcon_core.environment:checking '/home/hanse/pinkbot/install/minibot_gazebo/lib/python3.10/site-packages'
[2.359s] Level 1:colcon.colcon_core.environment:checking '/home/hanse/pinkbot/install/minibot_gazebo/bin'
[2.374s] INFO:colcon.colcon_core.shell:Creating package script '/home/hanse/pinkbot/install/minibot_gazebo/share/minibot_gazebo/package.ps1'
[2.375s] INFO:colcon.colcon_core.shell:Creating package descriptor '/home/hanse/pinkbot/install/minibot_gazebo/share/minibot_gazebo/package.dsv'
[2.375s] INFO:colcon.colcon_core.shell:Creating package script '/home/hanse/pinkbot/install/minibot_gazebo/share/minibot_gazebo/package.sh'
[2.375s] INFO:colcon.colcon_core.shell:Creating package script '/home/hanse/pinkbot/install/minibot_gazebo/share/minibot_gazebo/package.bash'
[2.375s] INFO:colcon.colcon_core.shell:Creating package script '/home/hanse/pinkbot/install/minibot_gazebo/share/minibot_gazebo/package.zsh'
[2.376s] Level 1:colcon.colcon_core.environment:create_file_with_runtime_dependencies(/home/hanse/pinkbot/install/minibot_gazebo/share/colcon-core/packages/minibot_gazebo)
[2.392s] Level 1:colcon.colcon_core.environment:create_environment_scripts_only(minibot_interfaces)
[2.407s] Level 1:colcon.colcon_core.environment:checking '/home/hanse/pinkbot/install/minibot_interfaces' for CMake module files
[2.407s] Level 1:colcon.colcon_core.environment:checking '/home/hanse/pinkbot/install/minibot_interfaces' for CMake config files
[2.408s] Level 1:colcon.colcon_core.shell:create_environment_hook('minibot_interfaces', 'cmake_prefix_path')
[2.421s] INFO:colcon.colcon_core.shell:Creating environment hook '/home/hanse/pinkbot/install/minibot_interfaces/share/minibot_interfaces/hook/cmake_prefix_path.ps1'
[2.422s] INFO:colcon.colcon_core.shell:Creating environment descriptor '/home/hanse/pinkbot/install/minibot_interfaces/share/minibot_interfaces/hook/cmake_prefix_path.dsv'
[2.422s] INFO:colcon.colcon_core.shell:Creating environment hook '/home/hanse/pinkbot/install/minibot_interfaces/share/minibot_interfaces/hook/cmake_prefix_path.sh'
[2.422s] Level 1:colcon.colcon_core.environment:checking '/home/hanse/pinkbot/install/minibot_interfaces/lib'
[2.422s] Level 1:colcon.colcon_core.shell:create_environment_hook('minibot_interfaces', 'ld_library_path_lib')
[2.435s] INFO:colcon.colcon_core.shell:Creating environment hook '/home/hanse/pinkbot/install/minibot_interfaces/share/minibot_interfaces/hook/ld_library_path_lib.ps1'
[2.436s] INFO:colcon.colcon_core.shell:Creating environment descriptor '/home/hanse/pinkbot/install/minibot_interfaces/share/minibot_interfaces/hook/ld_library_path_lib.dsv'
[2.436s] INFO:colcon.colcon_core.shell:Creating environment hook '/home/hanse/pinkbot/install/minibot_interfaces/share/minibot_interfaces/hook/ld_library_path_lib.sh'
[2.436s] Level 1:colcon.colcon_core.environment:checking '/home/hanse/pinkbot/install/minibot_interfaces/bin'
[2.436s] Level 1:colcon.colcon_core.environment:checking '/home/hanse/pinkbot/install/minibot_interfaces/lib/pkgconfig/minibot_interfaces.pc'
[2.437s] Level 1:colcon.colcon_core.environment:checking '/home/hanse/pinkbot/install/minibot_interfaces/lib/python3.10/site-packages'
[2.437s] Level 1:colcon.colcon_core.environment:checking '/home/hanse/pinkbot/install/minibot_interfaces/bin'
[2.450s] INFO:colcon.colcon_core.shell:Creating package script '/home/hanse/pinkbot/install/minibot_interfaces/share/minibot_interfaces/package.ps1'
[2.451s] INFO:colcon.colcon_core.shell:Creating package descriptor '/home/hanse/pinkbot/install/minibot_interfaces/share/minibot_interfaces/package.dsv'
[2.451s] INFO:colcon.colcon_core.shell:Creating package script '/home/hanse/pinkbot/install/minibot_interfaces/share/minibot_interfaces/package.sh'
[2.451s] INFO:colcon.colcon_core.shell:Creating package script '/home/hanse/pinkbot/install/minibot_interfaces/share/minibot_interfaces/package.bash'
[2.452s] INFO:colcon.colcon_core.shell:Creating package script '/home/hanse/pinkbot/install/minibot_interfaces/share/minibot_interfaces/package.zsh'
[2.452s] Level 1:colcon.colcon_core.environment:create_file_with_runtime_dependencies(/home/hanse/pinkbot/install/minibot_interfaces/share/colcon-core/packages/minibot_interfaces)
[2.452s] INFO:colcon.colcon_ros.task.ament_cmake.build:Building ROS package in '/home/hanse/pinkbot/src/pinklab_minibot_robot/minibot_controllers' with build type 'ament_cmake'
[2.452s] INFO:colcon.colcon_cmake.task.cmake.build:Building CMake package in '/home/hanse/pinkbot/src/pinklab_minibot_robot/minibot_controllers'
[2.466s] INFO:colcon.colcon_core.shell:Skip shell extension 'powershell' for command environment: Not usable outside of PowerShell
[2.466s] DEBUG:colcon.colcon_core.shell:Skip shell extension 'dsv' for command environment
[2.512s] Level 1:colcon.colcon_core.environment:create_environment_scripts_only(minibot_gazebo)
[2.526s] Level 1:colcon.colcon_core.environment:checking '/home/hanse/pinkbot/install/minibot_gazebo' for CMake module files
[2.526s] Level 1:colcon.colcon_core.environment:checking '/home/hanse/pinkbot/install/minibot_gazebo' for CMake config files
[2.527s] Level 1:colcon.colcon_core.shell:create_environment_hook('minibot_gazebo', 'cmake_prefix_path')
[2.540s] INFO:colcon.colcon_core.shell:Creating environment hook '/home/hanse/pinkbot/install/minibot_gazebo/share/minibot_gazebo/hook/cmake_prefix_path.ps1'
[2.540s] INFO:colcon.colcon_core.shell:Creating environment descriptor '/home/hanse/pinkbot/install/minibot_gazebo/share/minibot_gazebo/hook/cmake_prefix_path.dsv'
[2.541s] INFO:colcon.colcon_core.shell:Creating environment hook '/home/hanse/pinkbot/install/minibot_gazebo/share/minibot_gazebo/hook/cmake_prefix_path.sh'
[2.541s] Level 1:colcon.colcon_core.environment:checking '/home/hanse/pinkbot/install/minibot_gazebo/bin'
[2.541s] Level 1:colcon.colcon_core.environment:checking '/home/hanse/pinkbot/install/minibot_gazebo/lib/pkgconfig/minibot_gazebo.pc'
[2.541s] Level 1:colcon.colcon_core.environment:checking '/home/hanse/pinkbot/install/minibot_gazebo/lib/python3.10/site-packages'
[2.541s] Level 1:colcon.colcon_core.environment:checking '/home/hanse/pinkbot/install/minibot_gazebo/bin'
[2.555s] INFO:colcon.colcon_core.shell:Creating package script '/home/hanse/pinkbot/install/minibot_gazebo/share/minibot_gazebo/package.ps1'
[2.556s] INFO:colcon.colcon_core.shell:Creating package descriptor '/home/hanse/pinkbot/install/minibot_gazebo/share/minibot_gazebo/package.dsv'
[2.556s] INFO:colcon.colcon_core.shell:Creating package script '/home/hanse/pinkbot/install/minibot_gazebo/share/minibot_gazebo/package.sh'
[2.556s] INFO:colcon.colcon_core.shell:Creating package script '/home/hanse/pinkbot/install/minibot_gazebo/share/minibot_gazebo/package.bash'
[2.557s] INFO:colcon.colcon_core.shell:Creating package script '/home/hanse/pinkbot/install/minibot_gazebo/share/minibot_gazebo/package.zsh'
[2.557s] Level 1:colcon.colcon_core.environment:create_file_with_runtime_dependencies(/home/hanse/pinkbot/install/minibot_gazebo/share/colcon-core/packages/minibot_gazebo)
[2.557s] INFO:colcon.colcon_ros.task.ament_cmake.build:Building ROS package in '/home/hanse/pinkbot/src/pinklab_minibot_robot/minibot_bringup' with build type 'ament_cmake'
[2.557s] INFO:colcon.colcon_cmake.task.cmake.build:Building CMake package in '/home/hanse/pinkbot/src/pinklab_minibot_robot/minibot_bringup'
[2.572s] INFO:colcon.colcon_core.shell:Skip shell extension 'powershell' for command environment: Not usable outside of PowerShell
[2.572s] DEBUG:colcon.colcon_core.shell:Skip shell extension 'dsv' for command environment
[2.605s] DEBUG:colcon.colcon_core.event_handler.log_command:Invoking command in '/home/hanse/pinkbot/build/minibot_controllers': AMENT_PREFIX_PATH=/home/hanse/pinkbot/install/minibot_interfaces:${AMENT_PREFIX_PATH} CMAKE_PREFIX_PATH=/home/hanse/pinkbot/install/minibot_interfaces:/opt/ros/humble LD_LIBRARY_PATH=/home/hanse/pinkbot/install/minibot_interfaces/lib:/usr/lib/x86_64-linux-gnu/gazebo-11/plugins:/opt/ros/humble/opt/rviz_ogre_vendor/lib:/opt/ros/humble/lib/x86_64-linux-gnu:/opt/ros/humble/lib:/usr/local/cuda-11.7/lib64:/usr/local/cuda-11.7/lib64/ PYTHONPATH=/home/hanse/pinkbot/install/minibot_interfaces/local/lib/python3.10/dist-packages:${PYTHONPATH} /home/hanse/.local/bin/cmake --build /home/hanse/pinkbot/build/minibot_controllers -- -j8 -l8
[2.608s] DEBUG:colcon.colcon_core.event_handler.log_command:Invoking command in '/home/hanse/pinkbot/build/minibot_bringup': AMENT_PREFIX_PATH=/home/hanse/pinkbot/install/minibot_gazebo:/home/hanse/pinkbot/install/minibot_description:${AMENT_PREFIX_PATH} CMAKE_PREFIX_PATH=/home/hanse/pinkbot/install/minibot_gazebo:/home/hanse/pinkbot/install/minibot_description:/opt/ros/humble /home/hanse/.local/bin/cmake --build /home/hanse/pinkbot/build/minibot_bringup -- -j8 -l8
[2.656s] DEBUG:colcon.colcon_core.event_handler.log_command:Invoked command in '/home/hanse/pinkbot/build/minibot_bringup' returned '0': AMENT_PREFIX_PATH=/home/hanse/pinkbot/install/minibot_gazebo:/home/hanse/pinkbot/install/minibot_description:${AMENT_PREFIX_PATH} CMAKE_PREFIX_PATH=/home/hanse/pinkbot/install/minibot_gazebo:/home/hanse/pinkbot/install/minibot_description:/opt/ros/humble /home/hanse/.local/bin/cmake --build /home/hanse/pinkbot/build/minibot_bringup -- -j8 -l8
[2.680s] DEBUG:colcon.colcon_core.event_handler.log_command:Invoked command in '/home/hanse/pinkbot/build/minibot_controllers' returned '0': AMENT_PREFIX_PATH=/home/hanse/pinkbot/install/minibot_interfaces:${AMENT_PREFIX_PATH} CMAKE_PREFIX_PATH=/home/hanse/pinkbot/install/minibot_interfaces:/opt/ros/humble LD_LIBRARY_PATH=/home/hanse/pinkbot/install/minibot_interfaces/lib:/usr/lib/x86_64-linux-gnu/gazebo-11/plugins:/opt/ros/humble/opt/rviz_ogre_vendor/lib:/opt/ros/humble/lib/x86_64-linux-gnu:/opt/ros/humble/lib:/usr/local/cuda-11.7/lib64:/usr/local/cuda-11.7/lib64/ PYTHONPATH=/home/hanse/pinkbot/install/minibot_interfaces/local/lib/python3.10/dist-packages:${PYTHONPATH} /home/hanse/.local/bin/cmake --build /home/hanse/pinkbot/build/minibot_controllers -- -j8 -l8
[2.690s] DEBUG:colcon.colcon_core.event_handler.log_command:Invoking command in '/home/hanse/pinkbot/build/minibot_bringup': AMENT_PREFIX_PATH=/home/hanse/pinkbot/install/minibot_gazebo:/home/hanse/pinkbot/install/minibot_description:${AMENT_PREFIX_PATH} CMAKE_PREFIX_PATH=/home/hanse/pinkbot/install/minibot_gazebo:/home/hanse/pinkbot/install/minibot_description:/opt/ros/humble /home/hanse/.local/bin/cmake --install /home/hanse/pinkbot/build/minibot_bringup
[2.715s] DEBUG:colcon.colcon_core.event_handler.log_command:Invoking command in '/home/hanse/pinkbot/build/minibot_controllers': AMENT_PREFIX_PATH=/home/hanse/pinkbot/install/minibot_interfaces:${AMENT_PREFIX_PATH} CMAKE_PREFIX_PATH=/home/hanse/pinkbot/install/minibot_interfaces:/opt/ros/humble LD_LIBRARY_PATH=/home/hanse/pinkbot/install/minibot_interfaces/lib:/usr/lib/x86_64-linux-gnu/gazebo-11/plugins:/opt/ros/humble/opt/rviz_ogre_vendor/lib:/opt/ros/humble/lib/x86_64-linux-gnu:/opt/ros/humble/lib:/usr/local/cuda-11.7/lib64:/usr/local/cuda-11.7/lib64/ PYTHONPATH=/home/hanse/pinkbot/install/minibot_interfaces/local/lib/python3.10/dist-packages:${PYTHONPATH} /home/hanse/.local/bin/cmake --install /home/hanse/pinkbot/build/minibot_controllers
[2.716s] Level 1:colcon.colcon_core.environment:create_environment_scripts_only(minibot_bringup)
[2.716s] DEBUG:colcon.colcon_core.event_handler.log_command:Invoked command in '/home/hanse/pinkbot/build/minibot_bringup' returned '0': AMENT_PREFIX_PATH=/home/hanse/pinkbot/install/minibot_gazebo:/home/hanse/pinkbot/install/minibot_description:${AMENT_PREFIX_PATH} CMAKE_PREFIX_PATH=/home/hanse/pinkbot/install/minibot_gazebo:/home/hanse/pinkbot/install/minibot_description:/opt/ros/humble /home/hanse/.local/bin/cmake --install /home/hanse/pinkbot/build/minibot_bringup
[2.731s] Level 1:colcon.colcon_core.environment:checking '/home/hanse/pinkbot/install/minibot_bringup' for CMake module files
[2.731s] Level 1:colcon.colcon_core.environment:checking '/home/hanse/pinkbot/install/minibot_bringup' for CMake config files
[2.732s] Level 1:colcon.colcon_core.shell:create_environment_hook('minibot_bringup', 'cmake_prefix_path')
[2.749s] INFO:colcon.colcon_core.shell:Creating environment hook '/home/hanse/pinkbot/install/minibot_bringup/share/minibot_bringup/hook/cmake_prefix_path.ps1'
[2.750s] INFO:colcon.colcon_core.shell:Creating environment descriptor '/home/hanse/pinkbot/install/minibot_bringup/share/minibot_bringup/hook/cmake_prefix_path.dsv'
[2.750s] INFO:colcon.colcon_core.shell:Creating environment hook '/home/hanse/pinkbot/install/minibot_bringup/share/minibot_bringup/hook/cmake_prefix_path.sh'
[2.751s] Level 1:colcon.colcon_core.environment:checking '/home/hanse/pinkbot/install/minibot_bringup/bin'
[2.751s] Level 1:colcon.colcon_core.environment:checking '/home/hanse/pinkbot/install/minibot_bringup/lib/pkgconfig/minibot_bringup.pc'
[2.751s] Level 1:colcon.colcon_core.environment:checking '/home/hanse/pinkbot/install/minibot_bringup/lib/python3.10/site-packages'
[2.751s] Level 1:colcon.colcon_core.environment:checking '/home/hanse/pinkbot/install/minibot_bringup/bin'
[2.764s] INFO:colcon.colcon_core.shell:Creating package script '/home/hanse/pinkbot/install/minibot_bringup/share/minibot_bringup/package.ps1'
[2.765s] INFO:colcon.colcon_core.shell:Creating package descriptor '/home/hanse/pinkbot/install/minibot_bringup/share/minibot_bringup/package.dsv'
[2.765s] INFO:colcon.colcon_core.shell:Creating package script '/home/hanse/pinkbot/install/minibot_bringup/share/minibot_bringup/package.sh'
[2.765s] INFO:colcon.colcon_core.shell:Creating package script '/home/hanse/pinkbot/install/minibot_bringup/share/minibot_bringup/package.bash'
[2.765s] INFO:colcon.colcon_core.shell:Creating package script '/home/hanse/pinkbot/install/minibot_bringup/share/minibot_bringup/package.zsh'
[2.766s] Level 1:colcon.colcon_core.environment:create_file_with_runtime_dependencies(/home/hanse/pinkbot/install/minibot_bringup/share/colcon-core/packages/minibot_bringup)
[2.767s] Level 1:colcon.colcon_core.environment:create_environment_scripts_only(minibot_controllers)
[2.767s] DEBUG:colcon.colcon_core.event_handler.log_command:Invoked command in '/home/hanse/pinkbot/build/minibot_controllers' returned '0': AMENT_PREFIX_PATH=/home/hanse/pinkbot/install/minibot_interfaces:${AMENT_PREFIX_PATH} CMAKE_PREFIX_PATH=/home/hanse/pinkbot/install/minibot_interfaces:/opt/ros/humble LD_LIBRARY_PATH=/home/hanse/pinkbot/install/minibot_interfaces/lib:/usr/lib/x86_64-linux-gnu/gazebo-11/plugins:/opt/ros/humble/opt/rviz_ogre_vendor/lib:/opt/ros/humble/lib/x86_64-linux-gnu:/opt/ros/humble/lib:/usr/local/cuda-11.7/lib64:/usr/local/cuda-11.7/lib64/ PYTHONPATH=/home/hanse/pinkbot/install/minibot_interfaces/local/lib/python3.10/dist-packages:${PYTHONPATH} /home/hanse/.local/bin/cmake --install /home/hanse/pinkbot/build/minibot_controllers
[2.782s] Level 1:colcon.colcon_core.environment:checking '/home/hanse/pinkbot/install/minibot_controllers' for CMake module files
[2.782s] Level 1:colcon.colcon_core.environment:checking '/home/hanse/pinkbot/install/minibot_controllers' for CMake config files
[2.783s] Level 1:colcon.colcon_core.shell:create_environment_hook('minibot_controllers', 'cmake_prefix_path')
[2.796s] INFO:colcon.colcon_core.shell:Creating environment hook '/home/hanse/pinkbot/install/minibot_controllers/share/minibot_controllers/hook/cmake_prefix_path.ps1'
[2.797s] INFO:colcon.colcon_core.shell:Creating environment descriptor '/home/hanse/pinkbot/install/minibot_controllers/share/minibot_controllers/hook/cmake_prefix_path.dsv'
[2.797s] INFO:colcon.colcon_core.shell:Creating environment hook '/home/hanse/pinkbot/install/minibot_controllers/share/minibot_controllers/hook/cmake_prefix_path.sh'
[2.798s] Level 1:colcon.colcon_core.environment:checking '/home/hanse/pinkbot/install/minibot_controllers/lib'
[2.798s] Level 1:colcon.colcon_core.shell:create_environment_hook('minibot_controllers', 'ld_library_path_lib')
[2.811s] INFO:colcon.colcon_core.shell:Creating environment hook '/home/hanse/pinkbot/install/minibot_controllers/share/minibot_controllers/hook/ld_library_path_lib.ps1'
[2.811s] INFO:colcon.colcon_core.shell:Creating environment descriptor '/home/hanse/pinkbot/install/minibot_controllers/share/minibot_controllers/hook/ld_library_path_lib.dsv'
[2.812s] INFO:colcon.colcon_core.shell:Creating environment hook '/home/hanse/pinkbot/install/minibot_controllers/share/minibot_controllers/hook/ld_library_path_lib.sh'
[2.812s] Level 1:colcon.colcon_core.environment:checking '/home/hanse/pinkbot/install/minibot_controllers/bin'
[2.812s] Level 1:colcon.colcon_core.environment:checking '/home/hanse/pinkbot/install/minibot_controllers/lib/pkgconfig/minibot_controllers.pc'
[2.812s] Level 1:colcon.colcon_core.environment:checking '/home/hanse/pinkbot/install/minibot_controllers/lib/python3.10/site-packages'
[2.812s] Level 1:colcon.colcon_core.environment:checking '/home/hanse/pinkbot/install/minibot_controllers/bin'
[2.825s] INFO:colcon.colcon_core.shell:Creating package script '/home/hanse/pinkbot/install/minibot_controllers/share/minibot_controllers/package.ps1'
[2.825s] INFO:colcon.colcon_core.shell:Creating package descriptor '/home/hanse/pinkbot/install/minibot_controllers/share/minibot_controllers/package.dsv'
[2.826s] INFO:colcon.colcon_core.shell:Creating package script '/home/hanse/pinkbot/install/minibot_controllers/share/minibot_controllers/package.sh'
[2.826s] INFO:colcon.colcon_core.shell:Creating package script '/home/hanse/pinkbot/install/minibot_controllers/share/minibot_controllers/package.bash'
[2.826s] INFO:colcon.colcon_core.shell:Creating package script '/home/hanse/pinkbot/install/minibot_controllers/share/minibot_controllers/package.zsh'
[2.826s] Level 1:colcon.colcon_core.environment:create_file_with_runtime_dependencies(/home/hanse/pinkbot/install/minibot_controllers/share/colcon-core/packages/minibot_controllers)
[2.842s] Level 1:colcon.colcon_core.environment:create_environment_scripts_only(minibot_bringup)
[2.856s] Level 1:colcon.colcon_core.environment:checking '/home/hanse/pinkbot/install/minibot_bringup' for CMake module files
[2.856s] Level 1:colcon.colcon_core.environment:checking '/home/hanse/pinkbot/install/minibot_bringup' for CMake config files
[2.856s] Level 1:colcon.colcon_core.shell:create_environment_hook('minibot_bringup', 'cmake_prefix_path')
[2.871s] INFO:colcon.colcon_core.shell:Creating environment hook '/home/hanse/pinkbot/install/minibot_bringup/share/minibot_bringup/hook/cmake_prefix_path.ps1'
[2.871s] INFO:colcon.colcon_core.shell:Creating environment descriptor '/home/hanse/pinkbot/install/minibot_bringup/share/minibot_bringup/hook/cmake_prefix_path.dsv'
[2.872s] INFO:colcon.colcon_core.shell:Creating environment hook '/home/hanse/pinkbot/install/minibot_bringup/share/minibot_bringup/hook/cmake_prefix_path.sh'
[2.872s] Level 1:colcon.colcon_core.environment:checking '/home/hanse/pinkbot/install/minibot_bringup/bin'
[2.872s] Level 1:colcon.colcon_core.environment:checking '/home/hanse/pinkbot/install/minibot_bringup/lib/pkgconfig/minibot_bringup.pc'
[2.872s] Level 1:colcon.colcon_core.environment:checking '/home/hanse/pinkbot/install/minibot_bringup/lib/python3.10/site-packages'
[2.872s] Level 1:colcon.colcon_core.environment:checking '/home/hanse/pinkbot/install/minibot_bringup/bin'
[2.886s] INFO:colcon.colcon_core.shell:Creating package script '/home/hanse/pinkbot/install/minibot_bringup/share/minibot_bringup/package.ps1'
[2.887s] INFO:colcon.colcon_core.shell:Creating package descriptor '/home/hanse/pinkbot/install/minibot_bringup/share/minibot_bringup/package.dsv'
[2.888s] INFO:colcon.colcon_core.shell:Creating package script '/home/hanse/pinkbot/install/minibot_bringup/share/minibot_bringup/package.sh'
[2.888s] INFO:colcon.colcon_core.shell:Creating package script '/home/hanse/pinkbot/install/minibot_bringup/share/minibot_bringup/package.bash'
[2.889s] INFO:colcon.colcon_core.shell:Creating package script '/home/hanse/pinkbot/install/minibot_bringup/share/minibot_bringup/package.zsh'
[2.889s] Level 1:colcon.colcon_core.environment:create_file_with_runtime_dependencies(/home/hanse/pinkbot/install/minibot_bringup/share/colcon-core/packages/minibot_bringup)
[2.906s] Level 1:colcon.colcon_core.environment:create_environment_scripts_only(minibot_controllers)
[2.921s] Level 1:colcon.colcon_core.environment:checking '/home/hanse/pinkbot/install/minibot_controllers' for CMake module files
[2.921s] Level 1:colcon.colcon_core.environment:checking '/home/hanse/pinkbot/install/minibot_controllers' for CMake config files
[2.922s] Level 1:colcon.colcon_core.shell:create_environment_hook('minibot_controllers', 'cmake_prefix_path')
[2.935s] INFO:colcon.colcon_core.shell:Creating environment hook '/home/hanse/pinkbot/install/minibot_controllers/share/minibot_controllers/hook/cmake_prefix_path.ps1'
[2.936s] INFO:colcon.colcon_core.shell:Creating environment descriptor '/home/hanse/pinkbot/install/minibot_controllers/share/minibot_controllers/hook/cmake_prefix_path.dsv'
[2.936s] INFO:colcon.colcon_core.shell:Creating environment hook '/home/hanse/pinkbot/install/minibot_controllers/share/minibot_controllers/hook/cmake_prefix_path.sh'
[2.936s] Level 1:colcon.colcon_core.environment:checking '/home/hanse/pinkbot/install/minibot_controllers/lib'
[2.936s] Level 1:colcon.colcon_core.shell:create_environment_hook('minibot_controllers', 'ld_library_path_lib')
[2.950s] INFO:colcon.colcon_core.shell:Creating environment hook '/home/hanse/pinkbot/install/minibot_controllers/share/minibot_controllers/hook/ld_library_path_lib.ps1'
[2.950s] INFO:colcon.colcon_core.shell:Creating environment descriptor '/home/hanse/pinkbot/install/minibot_controllers/share/minibot_controllers/hook/ld_library_path_lib.dsv'
[2.950s] INFO:colcon.colcon_core.shell:Creating environment hook '/home/hanse/pinkbot/install/minibot_controllers/share/minibot_controllers/hook/ld_library_path_lib.sh'
[2.950s] Level 1:colcon.colcon_core.environment:checking '/home/hanse/pinkbot/install/minibot_controllers/bin'
[2.950s] Level 1:colcon.colcon_core.environment:checking '/home/hanse/pinkbot/install/minibot_controllers/lib/pkgconfig/minibot_controllers.pc'
[2.951s] Level 1:colcon.colcon_core.environment:checking '/home/hanse/pinkbot/install/minibot_controllers/lib/python3.10/site-packages'
[2.951s] Level 1:colcon.colcon_core.environment:checking '/home/hanse/pinkbot/install/minibot_controllers/bin'
[2.964s] INFO:colcon.colcon_core.shell:Creating package script '/home/hanse/pinkbot/install/minibot_controllers/share/minibot_controllers/package.ps1'
[2.965s] INFO:colcon.colcon_core.shell:Creating package descriptor '/home/hanse/pinkbot/install/minibot_controllers/share/minibot_controllers/package.dsv'
[2.966s] INFO:colcon.colcon_core.shell:Creating package script '/home/hanse/pinkbot/install/minibot_controllers/share/minibot_controllers/package.sh'
[2.966s] INFO:colcon.colcon_core.shell:Creating package script '/home/hanse/pinkbot/install/minibot_controllers/share/minibot_controllers/package.bash'
[2.966s] INFO:colcon.colcon_core.shell:Creating package script '/home/hanse/pinkbot/install/minibot_controllers/share/minibot_controllers/package.zsh'
[2.966s] Level 1:colcon.colcon_core.environment:create_file_with_runtime_dependencies(/home/hanse/pinkbot/install/minibot_controllers/share/colcon-core/packages/minibot_controllers)
[2.967s] DEBUG:colcon.colcon_parallel_executor.executor.parallel:closing loop
[2.967s] DEBUG:colcon.colcon_parallel_executor.executor.parallel:loop closed
[2.967s] DEBUG:colcon.colcon_parallel_executor.executor.parallel:run_until_complete finished with '0'
[2.967s] DEBUG:colcon.colcon_core.event_reactor:joining thread
[2.986s] INFO:colcon.colcon_core.plugin_system:Skipping extension 'colcon_notification.desktop_notification.terminal_notifier': Not used on non-Darwin systems
[2.986s] INFO:colcon.colcon_core.plugin_system:Skipping extension 'colcon_notification.desktop_notification.win32': Not used on non-Windows systems
[2.986s] INFO:colcon.colcon_notification.desktop_notification:Sending desktop notification using 'notify2'
[2.995s] DEBUG:colcon.colcon_core.event_reactor:joined thread
[3.009s] INFO:colcon.colcon_core.shell:Creating prefix script '/home/hanse/pinkbot/install/local_setup.ps1'
[3.010s] INFO:colcon.colcon_core.shell:Creating prefix util module '/home/hanse/pinkbot/install/_local_setup_util_ps1.py'
[3.011s] INFO:colcon.colcon_core.shell:Creating prefix chain script '/home/hanse/pinkbot/install/setup.ps1'
[3.025s] INFO:colcon.colcon_core.shell:Creating prefix script '/home/hanse/pinkbot/install/local_setup.sh'
[3.025s] INFO:colcon.colcon_core.shell:Creating prefix util module '/home/hanse/pinkbot/install/_local_setup_util_sh.py'
[3.025s] INFO:colcon.colcon_core.shell:Creating prefix chain script '/home/hanse/pinkbot/install/setup.sh'
[3.039s] INFO:colcon.colcon_core.shell:Creating prefix script '/home/hanse/pinkbot/install/local_setup.bash'
[3.040s] INFO:colcon.colcon_core.shell:Creating prefix chain script '/home/hanse/pinkbot/install/setup.bash'
[3.054s] INFO:colcon.colcon_core.shell:Creating prefix script '/home/hanse/pinkbot/install/local_setup.zsh'
[3.054s] INFO:colcon.colcon_core.shell:Creating prefix chain script '/home/hanse/pinkbot/install/setup.zsh'
