[0.055s] Invoking command in '/home/hanse/pinkbot/build/minibot_navigation2': CMAKE_PREFIX_PATH=/opt/ros/humble /home/hanse/.local/bin/cmake --build /home/hanse/pinkbot/build/minibot_navigation2 -- -j8 -l8
[0.117s] Invoked command in '/home/hanse/pinkbot/build/minibot_navigation2' returned '0': CMAKE_PREFIX_PATH=/opt/ros/humble /home/hanse/.local/bin/cmake --build /home/hanse/pinkbot/build/minibot_navigation2 -- -j8 -l8
[0.175s] Invoking command in '/home/hanse/pinkbot/build/minibot_navigation2': CMAKE_PREFIX_PATH=/opt/ros/humble /home/hanse/.local/bin/cmake --install /home/hanse/pinkbot/build/minibot_navigation2
[0.203s] -- Install configuration: ""
[0.204s] -- Up-to-date: /home/hanse/pinkbot/install/minibot_navigation2/share/minibot_navigation2/config
[0.204s] -- Up-to-date: /home/hanse/pinkbot/install/minibot_navigation2/share/minibot_navigation2/config/mapper_params.yaml
[0.204s] -- Up-to-date: /home/hanse/pinkbot/install/minibot_navigation2/share/minibot_navigation2/launch
[0.204s] -- Up-to-date: /home/hanse/pinkbot/install/minibot_navigation2/share/minibot_navigation2/launch/localization_launch.py
[0.204s] -- Up-to-date: /home/hanse/pinkbot/install/minibot_navigation2/share/minibot_navigation2/launch/rviz_launch.py
[0.204s] -- Up-to-date: /home/hanse/pinkbot/install/minibot_navigation2/share/minibot_navigation2/launch/navigation_launch.py
[0.204s] -- Up-to-date: /home/hanse/pinkbot/install/minibot_navigation2/share/minibot_navigation2/launch/bringup_launch.py
[0.204s] -- Up-to-date: /home/hanse/pinkbot/install/minibot_navigation2/share/minibot_navigation2/launch/map_building.launch.py
[0.205s] -- Up-to-date: /home/hanse/pinkbot/install/minibot_navigation2/share/minibot_navigation2/maps
[0.205s] -- Up-to-date: /home/hanse/pinkbot/install/minibot_navigation2/share/minibot_navigation2/maps/simple_building.yaml
[0.205s] -- Up-to-date: /home/hanse/pinkbot/install/minibot_navigation2/share/minibot_navigation2/maps/.empty
[0.205s] -- Up-to-date: /home/hanse/pinkbot/install/minibot_navigation2/share/minibot_navigation2/maps/pinklab_test1.pgm
[0.205s] -- Up-to-date: /home/hanse/pinkbot/install/minibot_navigation2/share/minibot_navigation2/maps/simple_building.pgm
[0.205s] -- Up-to-date: /home/hanse/pinkbot/install/minibot_navigation2/share/minibot_navigation2/maps/pinklab_test1.yaml
[0.205s] -- Up-to-date: /home/hanse/pinkbot/install/minibot_navigation2/share/minibot_navigation2/params
[0.205s] -- Up-to-date: /home/hanse/pinkbot/install/minibot_navigation2/share/minibot_navigation2/params/nav2_params.yaml
[0.205s] -- Up-to-date: /home/hanse/pinkbot/install/minibot_navigation2/share/minibot_navigation2/rviz
[0.206s] -- Up-to-date: /home/hanse/pinkbot/install/minibot_navigation2/share/minibot_navigation2/rviz/map_building.rviz
[0.206s] -- Up-to-date: /home/hanse/pinkbot/install/minibot_navigation2/share/minibot_navigation2/rviz/nav2_view.rviz
[0.206s] -- Up-to-date: /home/hanse/pinkbot/install/minibot_navigation2/share/ament_index/resource_index/package_run_dependencies/minibot_navigation2
[0.206s] -- Up-to-date: /home/hanse/pinkbot/install/minibot_navigation2/share/ament_index/resource_index/parent_prefix_path/minibot_navigation2
[0.206s] -- Up-to-date: /home/hanse/pinkbot/install/minibot_navigation2/share/minibot_navigation2/environment/ament_prefix_path.sh
[0.206s] -- Up-to-date: /home/hanse/pinkbot/install/minibot_navigation2/share/minibot_navigation2/environment/ament_prefix_path.dsv
[0.206s] -- Up-to-date: /home/hanse/pinkbot/install/minibot_navigation2/share/minibot_navigation2/environment/path.sh
[0.206s] -- Up-to-date: /home/hanse/pinkbot/install/minibot_navigation2/share/minibot_navigation2/environment/path.dsv
[0.206s] -- Up-to-date: /home/hanse/pinkbot/install/minibot_navigation2/share/minibot_navigation2/local_setup.bash
[0.207s] -- Up-to-date: /home/hanse/pinkbot/install/minibot_navigation2/share/minibot_navigation2/local_setup.sh
[0.207s] -- Up-to-date: /home/hanse/pinkbot/install/minibot_navigation2/share/minibot_navigation2/local_setup.zsh
[0.207s] -- Up-to-date: /home/hanse/pinkbot/install/minibot_navigation2/share/minibot_navigation2/local_setup.dsv
[0.207s] -- Installing: /home/hanse/pinkbot/install/minibot_navigation2/share/minibot_navigation2/package.dsv
[0.207s] -- Up-to-date: /home/hanse/pinkbot/install/minibot_navigation2/share/ament_index/resource_index/packages/minibot_navigation2
[0.207s] -- Up-to-date: /home/hanse/pinkbot/install/minibot_navigation2/share/minibot_navigation2/cmake/minibot_navigation2Config.cmake
[0.207s] -- Up-to-date: /home/hanse/pinkbot/install/minibot_navigation2/share/minibot_navigation2/cmake/minibot_navigation2Config-version.cmake
[0.207s] -- Up-to-date: /home/hanse/pinkbot/install/minibot_navigation2/share/minibot_navigation2/package.xml
[0.323s] Invoked command in '/home/hanse/pinkbot/build/minibot_navigation2' returned '0': CMAKE_PREFIX_PATH=/opt/ros/humble /home/hanse/.local/bin/cmake --install /home/hanse/pinkbot/build/minibot_navigation2
