[0.124s] Invoking command in '/home/hanse/pinkbot/build/minibot_hardware_interface': CMAKE_PREFIX_PATH=${CMAKE_PREFIX_PATH}:/opt/ros/humble /home/hanse/.local/bin/cmake --build /home/hanse/pinkbot/build/minibot_hardware_interface -- -j8 -l8
[0.199s] [100%] Built target minibot_hardware_interface
[0.227s] Invoked command in '/home/hanse/pinkbot/build/minibot_hardware_interface' returned '0': CMAKE_PREFIX_PATH=${CMAKE_PREFIX_PATH}:/opt/ros/humble /home/hanse/.local/bin/cmake --build /home/hanse/pinkbot/build/minibot_hardware_interface -- -j8 -l8
[0.282s] Invoking command in '/home/hanse/pinkbot/build/minibot_hardware_interface': CMAKE_PREFIX_PATH=${CMAKE_PREFIX_PATH}:/opt/ros/humble /home/hanse/.local/bin/cmake --install /home/hanse/pinkbot/build/minibot_hardware_interface
[0.313s] -- Install configuration: ""
[0.313s] -- Up-to-date: /home/hanse/pinkbot/install/minibot_hardware_interface/share/minibot_hardware_interface/minibot_hardware.xml
[0.314s] -- Up-to-date: /home/hanse/pinkbot/install/minibot_hardware_interface/lib/libminibot_hardware_interface.so
[0.314s] -- Up-to-date: /home/hanse/pinkbot/install/minibot_hardware_interface/include
[0.314s] -- Up-to-date: /home/hanse/pinkbot/install/minibot_hardware_interface/include/minibot_hardware_interface
[0.314s] -- Up-to-date: /home/hanse/pinkbot/install/minibot_hardware_interface/include/minibot_hardware_interface/minibot_system.hpp
[0.314s] -- Up-to-date: /home/hanse/pinkbot/install/minibot_hardware_interface/share/minibot_hardware_interface/environment/library_path.sh
[0.314s] -- Up-to-date: /home/hanse/pinkbot/install/minibot_hardware_interface/share/minibot_hardware_interface/environment/library_path.dsv
[0.314s] -- Up-to-date: /home/hanse/pinkbot/install/minibot_hardware_interface/share/ament_index/resource_index/package_run_dependencies/minibot_hardware_interface
[0.314s] -- Up-to-date: /home/hanse/pinkbot/install/minibot_hardware_interface/share/ament_index/resource_index/parent_prefix_path/minibot_hardware_interface
[0.314s] -- Up-to-date: /home/hanse/pinkbot/install/minibot_hardware_interface/share/minibot_hardware_interface/environment/ament_prefix_path.sh
[0.314s] -- Up-to-date: /home/hanse/pinkbot/install/minibot_hardware_interface/share/minibot_hardware_interface/environment/ament_prefix_path.dsv
[0.315s] -- Up-to-date: /home/hanse/pinkbot/install/minibot_hardware_interface/share/minibot_hardware_interface/environment/path.sh
[0.315s] -- Up-to-date: /home/hanse/pinkbot/install/minibot_hardware_interface/share/minibot_hardware_interface/environment/path.dsv
[0.315s] -- Up-to-date: /home/hanse/pinkbot/install/minibot_hardware_interface/share/minibot_hardware_interface/local_setup.bash
[0.315s] -- Up-to-date: /home/hanse/pinkbot/install/minibot_hardware_interface/share/minibot_hardware_interface/local_setup.sh
[0.315s] -- Up-to-date: /home/hanse/pinkbot/install/minibot_hardware_interface/share/minibot_hardware_interface/local_setup.zsh
[0.315s] -- Up-to-date: /home/hanse/pinkbot/install/minibot_hardware_interface/share/minibot_hardware_interface/local_setup.dsv
[0.315s] -- Installing: /home/hanse/pinkbot/install/minibot_hardware_interface/share/minibot_hardware_interface/package.dsv
[0.315s] -- Up-to-date: /home/hanse/pinkbot/install/minibot_hardware_interface/share/ament_index/resource_index/packages/minibot_hardware_interface
[0.316s] -- Up-to-date: /home/hanse/pinkbot/install/minibot_hardware_interface/share/ament_index/resource_index/hardware_interface__pluginlib__plugin/minibot_hardware_interface
[0.316s] -- Up-to-date: /home/hanse/pinkbot/install/minibot_hardware_interface/share/minibot_hardware_interface/cmake/ament_cmake_export_include_directories-extras.cmake
[0.316s] -- Up-to-date: /home/hanse/pinkbot/install/minibot_hardware_interface/share/minibot_hardware_interface/cmake/ament_cmake_export_libraries-extras.cmake
[0.316s] -- Up-to-date: /home/hanse/pinkbot/install/minibot_hardware_interface/share/minibot_hardware_interface/cmake/ament_cmake_export_dependencies-extras.cmake
[0.316s] -- Up-to-date: /home/hanse/pinkbot/install/minibot_hardware_interface/share/minibot_hardware_interface/cmake/minibot_hardware_interfaceConfig.cmake
[0.316s] -- Up-to-date: /home/hanse/pinkbot/install/minibot_hardware_interface/share/minibot_hardware_interface/cmake/minibot_hardware_interfaceConfig-version.cmake
[0.316s] -- Up-to-date: /home/hanse/pinkbot/install/minibot_hardware_interface/share/minibot_hardware_interface/package.xml
[0.425s] Invoked command in '/home/hanse/pinkbot/build/minibot_hardware_interface' returned '0': CMAKE_PREFIX_PATH=${CMAKE_PREFIX_PATH}:/opt/ros/humble /home/hanse/.local/bin/cmake --install /home/hanse/pinkbot/build/minibot_hardware_interface
