[1.074s] DEBUG:colcon:Command line arguments: ['/usr/bin/colcon', 'build']
[1.074s] DEBUG:colcon:Parsed command line arguments: Namespace(log_base=None, log_level=None, verb_name='build', build_base='build', install_base='install', merge_install=False, symlink_install=False, test_result_base=None, continue_on_error=False, executor='parallel', parallel_workers=8, event_handlers=None, ignore_user_meta=False, metas=['./colcon.meta'], base_paths=['.'], packages_ignore=None, packages_ignore_regex=None, paths=None, packages_up_to=None, packages_up_to_regex=None, packages_above=None, packages_above_and_dependencies=None, packages_above_depth=None, packages_select_by_dep=None, packages_skip_by_dep=None, packages_skip_up_to=None, packages_select_build_failed=False, packages_skip_build_finished=False, packages_select_test_failures=False, packages_skip_test_passed=False, packages_select=None, packages_skip=None, packages_select_regex=None, packages_skip_regex=None, packages_start=None, packages_end=None, allow_overriding=[], cmake_args=None, cmake_target=None, cmake_target_skip_unavailable=False, cmake_clean_cache=False, cmake_clean_first=False, cmake_force_configure=False, ament_cmake_args=None, catkin_cmake_args=None, catkin_skip_building_tests=False, mixin_files=None, mixin=None, verb_parser=<colcon_mixin.mixin.mixin_argument.MixinArgumentDecorator object at 0x7f2ee528b400>, verb_extension=<colcon_core.verb.build.BuildVerb object at 0x7f2ee528acb0>, main=<bound method BuildVerb.main of <colcon_core.verb.build.BuildVerb object at 0x7f2ee528acb0>>, mixin_verb=('build',))
[1.117s] Level 1:colcon.colcon_core.package_discovery:discover_packages(colcon_meta) check parameters
[1.117s] Level 1:colcon.colcon_core.package_discovery:discover_packages(recursive) check parameters
[1.117s] Level 1:colcon.colcon_core.package_discovery:discover_packages(ignore) check parameters
[1.117s] Level 1:colcon.colcon_core.package_discovery:discover_packages(path) check parameters
[1.117s] Level 1:colcon.colcon_core.package_discovery:discover_packages(colcon_meta) discover
[1.117s] Level 1:colcon.colcon_core.package_discovery:discover_packages(recursive) discover
[1.117s] INFO:colcon.colcon_core.package_discovery:Crawling recursively for packages in '/home/hanse/pinkbot'
[1.117s] Level 1:colcon.colcon_core.package_identification:_identify(.) by extensions ['ignore', 'ignore_ament_install']
[1.117s] Level 1:colcon.colcon_core.package_identification:_identify(.) by extension 'ignore'
[1.117s] Level 1:colcon.colcon_core.package_identification:_identify(.) by extension 'ignore_ament_install'
[1.117s] Level 1:colcon.colcon_core.package_identification:_identify(.) by extensions ['colcon_pkg']
[1.117s] Level 1:colcon.colcon_core.package_identification:_identify(.) by extension 'colcon_pkg'
[1.117s] Level 1:colcon.colcon_core.package_identification:_identify(.) by extensions ['colcon_meta']
[1.118s] Level 1:colcon.colcon_core.package_identification:_identify(.) by extension 'colcon_meta'
[1.118s] Level 1:colcon.colcon_core.package_identification:_identify(.) by extensions ['ros']
[1.118s] Level 1:colcon.colcon_core.package_identification:_identify(.) by extension 'ros'
[1.133s] Level 1:colcon.colcon_core.package_identification:_identify(.) by extensions ['cmake', 'python']
[1.133s] Level 1:colcon.colcon_core.package_identification:_identify(.) by extension 'cmake'
[1.133s] Level 1:colcon.colcon_core.package_identification:_identify(.) by extension 'python'
[1.133s] Level 1:colcon.colcon_core.package_identification:_identify(.) by extensions ['python_setup_py']
[1.133s] Level 1:colcon.colcon_core.package_identification:_identify(.) by extension 'python_setup_py'
[1.133s] Level 1:colcon.colcon_core.package_identification:_identify(build) by extensions ['ignore', 'ignore_ament_install']
[1.133s] Level 1:colcon.colcon_core.package_identification:_identify(build) by extension 'ignore'
[1.133s] Level 1:colcon.colcon_core.package_identification:_identify(build) ignored
[1.134s] Level 1:colcon.colcon_core.package_identification:_identify(install) by extensions ['ignore', 'ignore_ament_install']
[1.134s] Level 1:colcon.colcon_core.package_identification:_identify(install) by extension 'ignore'
[1.134s] Level 1:colcon.colcon_core.package_identification:_identify(install) ignored
[1.134s] Level 1:colcon.colcon_core.package_identification:_identify(log) by extensions ['ignore', 'ignore_ament_install']
[1.134s] Level 1:colcon.colcon_core.package_identification:_identify(log) by extension 'ignore'
[1.134s] Level 1:colcon.colcon_core.package_identification:_identify(log) ignored
[1.134s] Level 1:colcon.colcon_core.package_identification:_identify(map_minibot) by extensions ['ignore', 'ignore_ament_install']
[1.134s] Level 1:colcon.colcon_core.package_identification:_identify(map_minibot) by extension 'ignore'
[1.134s] Level 1:colcon.colcon_core.package_identification:_identify(map_minibot) by extension 'ignore_ament_install'
[1.134s] Level 1:colcon.colcon_core.package_identification:_identify(map_minibot) by extensions ['colcon_pkg']
[1.134s] Level 1:colcon.colcon_core.package_identification:_identify(map_minibot) by extension 'colcon_pkg'
[1.134s] Level 1:colcon.colcon_core.package_identification:_identify(map_minibot) by extensions ['colcon_meta']
[1.134s] Level 1:colcon.colcon_core.package_identification:_identify(map_minibot) by extension 'colcon_meta'
[1.134s] Level 1:colcon.colcon_core.package_identification:_identify(map_minibot) by extensions ['ros']
[1.134s] Level 1:colcon.colcon_core.package_identification:_identify(map_minibot) by extension 'ros'
[1.134s] Level 1:colcon.colcon_core.package_identification:_identify(map_minibot) by extensions ['cmake', 'python']
[1.134s] Level 1:colcon.colcon_core.package_identification:_identify(map_minibot) by extension 'cmake'
[1.134s] Level 1:colcon.colcon_core.package_identification:_identify(map_minibot) by extension 'python'
[1.134s] Level 1:colcon.colcon_core.package_identification:_identify(map_minibot) by extensions ['python_setup_py']
[1.134s] Level 1:colcon.colcon_core.package_identification:_identify(map_minibot) by extension 'python_setup_py'
[1.134s] Level 1:colcon.colcon_core.package_identification:_identify(map_minibot/backup) by extensions ['ignore', 'ignore_ament_install']
[1.134s] Level 1:colcon.colcon_core.package_identification:_identify(map_minibot/backup) by extension 'ignore'
[1.134s] Level 1:colcon.colcon_core.package_identification:_identify(map_minibot/backup) by extension 'ignore_ament_install'
[1.134s] Level 1:colcon.colcon_core.package_identification:_identify(map_minibot/backup) by extensions ['colcon_pkg']
[1.134s] Level 1:colcon.colcon_core.package_identification:_identify(map_minibot/backup) by extension 'colcon_pkg'
[1.135s] Level 1:colcon.colcon_core.package_identification:_identify(map_minibot/backup) by extensions ['colcon_meta']
[1.135s] Level 1:colcon.colcon_core.package_identification:_identify(map_minibot/backup) by extension 'colcon_meta'
[1.135s] Level 1:colcon.colcon_core.package_identification:_identify(map_minibot/backup) by extensions ['ros']
[1.135s] Level 1:colcon.colcon_core.package_identification:_identify(map_minibot/backup) by extension 'ros'
[1.135s] Level 1:colcon.colcon_core.package_identification:_identify(map_minibot/backup) by extensions ['cmake', 'python']
[1.135s] Level 1:colcon.colcon_core.package_identification:_identify(map_minibot/backup) by extension 'cmake'
[1.135s] Level 1:colcon.colcon_core.package_identification:_identify(map_minibot/backup) by extension 'python'
[1.135s] Level 1:colcon.colcon_core.package_identification:_identify(map_minibot/backup) by extensions ['python_setup_py']
[1.135s] Level 1:colcon.colcon_core.package_identification:_identify(map_minibot/backup) by extension 'python_setup_py'
[1.135s] Level 1:colcon.colcon_core.package_identification:_identify(src) by extensions ['ignore', 'ignore_ament_install']
[1.135s] Level 1:colcon.colcon_core.package_identification:_identify(src) by extension 'ignore'
[1.135s] Level 1:colcon.colcon_core.package_identification:_identify(src) by extension 'ignore_ament_install'
[1.135s] Level 1:colcon.colcon_core.package_identification:_identify(src) by extensions ['colcon_pkg']
[1.135s] Level 1:colcon.colcon_core.package_identification:_identify(src) by extension 'colcon_pkg'
[1.135s] Level 1:colcon.colcon_core.package_identification:_identify(src) by extensions ['colcon_meta']
[1.135s] Level 1:colcon.colcon_core.package_identification:_identify(src) by extension 'colcon_meta'
[1.135s] Level 1:colcon.colcon_core.package_identification:_identify(src) by extensions ['ros']
[1.135s] Level 1:colcon.colcon_core.package_identification:_identify(src) by extension 'ros'
[1.135s] Level 1:colcon.colcon_core.package_identification:_identify(src) by extensions ['cmake', 'python']
[1.135s] Level 1:colcon.colcon_core.package_identification:_identify(src) by extension 'cmake'
[1.135s] Level 1:colcon.colcon_core.package_identification:_identify(src) by extension 'python'
[1.135s] Level 1:colcon.colcon_core.package_identification:_identify(src) by extensions ['python_setup_py']
[1.135s] Level 1:colcon.colcon_core.package_identification:_identify(src) by extension 'python_setup_py'
[1.135s] Level 1:colcon.colcon_core.package_identification:_identify(src/pinklab_minibot_robot) by extensions ['ignore', 'ignore_ament_install']
[1.135s] Level 1:colcon.colcon_core.package_identification:_identify(src/pinklab_minibot_robot) by extension 'ignore'
[1.135s] Level 1:colcon.colcon_core.package_identification:_identify(src/pinklab_minibot_robot) by extension 'ignore_ament_install'
[1.135s] Level 1:colcon.colcon_core.package_identification:_identify(src/pinklab_minibot_robot) by extensions ['colcon_pkg']
[1.135s] Level 1:colcon.colcon_core.package_identification:_identify(src/pinklab_minibot_robot) by extension 'colcon_pkg'
[1.135s] Level 1:colcon.colcon_core.package_identification:_identify(src/pinklab_minibot_robot) by extensions ['colcon_meta']
[1.135s] Level 1:colcon.colcon_core.package_identification:_identify(src/pinklab_minibot_robot) by extension 'colcon_meta'
[1.135s] Level 1:colcon.colcon_core.package_identification:_identify(src/pinklab_minibot_robot) by extensions ['ros']
[1.135s] Level 1:colcon.colcon_core.package_identification:_identify(src/pinklab_minibot_robot) by extension 'ros'
[1.135s] Level 1:colcon.colcon_core.package_identification:_identify(src/pinklab_minibot_robot) by extensions ['cmake', 'python']
[1.135s] Level 1:colcon.colcon_core.package_identification:_identify(src/pinklab_minibot_robot) by extension 'cmake'
[1.135s] Level 1:colcon.colcon_core.package_identification:_identify(src/pinklab_minibot_robot) by extension 'python'
[1.136s] Level 1:colcon.colcon_core.package_identification:_identify(src/pinklab_minibot_robot) by extensions ['python_setup_py']
[1.136s] Level 1:colcon.colcon_core.package_identification:_identify(src/pinklab_minibot_robot) by extension 'python_setup_py'
[1.136s] Level 1:colcon.colcon_core.package_identification:_identify(src/pinklab_minibot_robot/docs) by extensions ['ignore', 'ignore_ament_install']
[1.136s] Level 1:colcon.colcon_core.package_identification:_identify(src/pinklab_minibot_robot/docs) by extension 'ignore'
[1.136s] Level 1:colcon.colcon_core.package_identification:_identify(src/pinklab_minibot_robot/docs) by extension 'ignore_ament_install'
[1.136s] Level 1:colcon.colcon_core.package_identification:_identify(src/pinklab_minibot_robot/docs) by extensions ['colcon_pkg']
[1.136s] Level 1:colcon.colcon_core.package_identification:_identify(src/pinklab_minibot_robot/docs) by extension 'colcon_pkg'
[1.136s] Level 1:colcon.colcon_core.package_identification:_identify(src/pinklab_minibot_robot/docs) by extensions ['colcon_meta']
[1.136s] Level 1:colcon.colcon_core.package_identification:_identify(src/pinklab_minibot_robot/docs) by extension 'colcon_meta'
[1.136s] Level 1:colcon.colcon_core.package_identification:_identify(src/pinklab_minibot_robot/docs) by extensions ['ros']
[1.136s] Level 1:colcon.colcon_core.package_identification:_identify(src/pinklab_minibot_robot/docs) by extension 'ros'
[1.136s] Level 1:colcon.colcon_core.package_identification:_identify(src/pinklab_minibot_robot/docs) by extensions ['cmake', 'python']
[1.136s] Level 1:colcon.colcon_core.package_identification:_identify(src/pinklab_minibot_robot/docs) by extension 'cmake'
[1.136s] Level 1:colcon.colcon_core.package_identification:_identify(src/pinklab_minibot_robot/docs) by extension 'python'
[1.136s] Level 1:colcon.colcon_core.package_identification:_identify(src/pinklab_minibot_robot/docs) by extensions ['python_setup_py']
[1.136s] Level 1:colcon.colcon_core.package_identification:_identify(src/pinklab_minibot_robot/docs) by extension 'python_setup_py'
[1.136s] Level 1:colcon.colcon_core.package_identification:_identify(src/pinklab_minibot_robot/docs/blender) by extensions ['ignore', 'ignore_ament_install']
[1.136s] Level 1:colcon.colcon_core.package_identification:_identify(src/pinklab_minibot_robot/docs/blender) by extension 'ignore'
[1.136s] Level 1:colcon.colcon_core.package_identification:_identify(src/pinklab_minibot_robot/docs/blender) by extension 'ignore_ament_install'
[1.136s] Level 1:colcon.colcon_core.package_identification:_identify(src/pinklab_minibot_robot/docs/blender) by extensions ['colcon_pkg']
[1.136s] Level 1:colcon.colcon_core.package_identification:_identify(src/pinklab_minibot_robot/docs/blender) by extension 'colcon_pkg'
[1.136s] Level 1:colcon.colcon_core.package_identification:_identify(src/pinklab_minibot_robot/docs/blender) by extensions ['colcon_meta']
[1.136s] Level 1:colcon.colcon_core.package_identification:_identify(src/pinklab_minibot_robot/docs/blender) by extension 'colcon_meta'
[1.136s] Level 1:colcon.colcon_core.package_identification:_identify(src/pinklab_minibot_robot/docs/blender) by extensions ['ros']
[1.136s] Level 1:colcon.colcon_core.package_identification:_identify(src/pinklab_minibot_robot/docs/blender) by extension 'ros'
[1.136s] Level 1:colcon.colcon_core.package_identification:_identify(src/pinklab_minibot_robot/docs/blender) by extensions ['cmake', 'python']
[1.136s] Level 1:colcon.colcon_core.package_identification:_identify(src/pinklab_minibot_robot/docs/blender) by extension 'cmake'
[1.136s] Level 1:colcon.colcon_core.package_identification:_identify(src/pinklab_minibot_robot/docs/blender) by extension 'python'
[1.136s] Level 1:colcon.colcon_core.package_identification:_identify(src/pinklab_minibot_robot/docs/blender) by extensions ['python_setup_py']
[1.136s] Level 1:colcon.colcon_core.package_identification:_identify(src/pinklab_minibot_robot/docs/blender) by extension 'python_setup_py'
[1.136s] Level 1:colcon.colcon_core.package_identification:_identify(src/pinklab_minibot_robot/minibot_bringup) by extensions ['ignore', 'ignore_ament_install']
[1.136s] Level 1:colcon.colcon_core.package_identification:_identify(src/pinklab_minibot_robot/minibot_bringup) by extension 'ignore'
[1.136s] Level 1:colcon.colcon_core.package_identification:_identify(src/pinklab_minibot_robot/minibot_bringup) by extension 'ignore_ament_install'
[1.136s] Level 1:colcon.colcon_core.package_identification:_identify(src/pinklab_minibot_robot/minibot_bringup) by extensions ['colcon_pkg']
[1.137s] Level 1:colcon.colcon_core.package_identification:_identify(src/pinklab_minibot_robot/minibot_bringup) by extension 'colcon_pkg'
[1.137s] Level 1:colcon.colcon_core.package_identification:_identify(src/pinklab_minibot_robot/minibot_bringup) by extensions ['colcon_meta']
[1.137s] Level 1:colcon.colcon_core.package_identification:_identify(src/pinklab_minibot_robot/minibot_bringup) by extension 'colcon_meta'
[1.137s] Level 1:colcon.colcon_core.package_identification:_identify(src/pinklab_minibot_robot/minibot_bringup) by extensions ['ros']
[1.137s] Level 1:colcon.colcon_core.package_identification:_identify(src/pinklab_minibot_robot/minibot_bringup) by extension 'ros'
[1.138s] DEBUG:colcon.colcon_core.package_identification:Package 'src/pinklab_minibot_robot/minibot_bringup' with type 'ros.ament_cmake' and name 'minibot_bringup'
[1.139s] Level 1:colcon.colcon_core.package_identification:_identify(src/pinklab_minibot_robot/minibot_controllers) by extensions ['ignore', 'ignore_ament_install']
[1.139s] Level 1:colcon.colcon_core.package_identification:_identify(src/pinklab_minibot_robot/minibot_controllers) by extension 'ignore'
[1.139s] Level 1:colcon.colcon_core.package_identification:_identify(src/pinklab_minibot_robot/minibot_controllers) by extension 'ignore_ament_install'
[1.139s] Level 1:colcon.colcon_core.package_identification:_identify(src/pinklab_minibot_robot/minibot_controllers) by extensions ['colcon_pkg']
[1.139s] Level 1:colcon.colcon_core.package_identification:_identify(src/pinklab_minibot_robot/minibot_controllers) by extension 'colcon_pkg'
[1.139s] Level 1:colcon.colcon_core.package_identification:_identify(src/pinklab_minibot_robot/minibot_controllers) by extensions ['colcon_meta']
[1.139s] Level 1:colcon.colcon_core.package_identification:_identify(src/pinklab_minibot_robot/minibot_controllers) by extension 'colcon_meta'
[1.139s] Level 1:colcon.colcon_core.package_identification:_identify(src/pinklab_minibot_robot/minibot_controllers) by extensions ['ros']
[1.139s] Level 1:colcon.colcon_core.package_identification:_identify(src/pinklab_minibot_robot/minibot_controllers) by extension 'ros'
[1.139s] DEBUG:colcon.colcon_core.package_identification:Package 'src/pinklab_minibot_robot/minibot_controllers' with type 'ros.ament_cmake' and name 'minibot_controllers'
[1.140s] Level 1:colcon.colcon_core.package_identification:_identify(src/pinklab_minibot_robot/minibot_description) by extensions ['ignore', 'ignore_ament_install']
[1.140s] Level 1:colcon.colcon_core.package_identification:_identify(src/pinklab_minibot_robot/minibot_description) by extension 'ignore'
[1.140s] Level 1:colcon.colcon_core.package_identification:_identify(src/pinklab_minibot_robot/minibot_description) by extension 'ignore_ament_install'
[1.140s] Level 1:colcon.colcon_core.package_identification:_identify(src/pinklab_minibot_robot/minibot_description) by extensions ['colcon_pkg']
[1.140s] Level 1:colcon.colcon_core.package_identification:_identify(src/pinklab_minibot_robot/minibot_description) by extension 'colcon_pkg'
[1.140s] Level 1:colcon.colcon_core.package_identification:_identify(src/pinklab_minibot_robot/minibot_description) by extensions ['colcon_meta']
[1.140s] Level 1:colcon.colcon_core.package_identification:_identify(src/pinklab_minibot_robot/minibot_description) by extension 'colcon_meta'
[1.140s] Level 1:colcon.colcon_core.package_identification:_identify(src/pinklab_minibot_robot/minibot_description) by extensions ['ros']
[1.140s] Level 1:colcon.colcon_core.package_identification:_identify(src/pinklab_minibot_robot/minibot_description) by extension 'ros'
[1.140s] DEBUG:colcon.colcon_core.package_identification:Package 'src/pinklab_minibot_robot/minibot_description' with type 'ros.ament_cmake' and name 'minibot_description'
[1.140s] Level 1:colcon.colcon_core.package_identification:_identify(src/pinklab_minibot_robot/minibot_gazebo) by extensions ['ignore', 'ignore_ament_install']
[1.140s] Level 1:colcon.colcon_core.package_identification:_identify(src/pinklab_minibot_robot/minibot_gazebo) by extension 'ignore'
[1.140s] Level 1:colcon.colcon_core.package_identification:_identify(src/pinklab_minibot_robot/minibot_gazebo) by extension 'ignore_ament_install'
[1.140s] Level 1:colcon.colcon_core.package_identification:_identify(src/pinklab_minibot_robot/minibot_gazebo) by extensions ['colcon_pkg']
[1.140s] Level 1:colcon.colcon_core.package_identification:_identify(src/pinklab_minibot_robot/minibot_gazebo) by extension 'colcon_pkg'
[1.140s] Level 1:colcon.colcon_core.package_identification:_identify(src/pinklab_minibot_robot/minibot_gazebo) by extensions ['colcon_meta']
[1.140s] Level 1:colcon.colcon_core.package_identification:_identify(src/pinklab_minibot_robot/minibot_gazebo) by extension 'colcon_meta'
[1.140s] Level 1:colcon.colcon_core.package_identification:_identify(src/pinklab_minibot_robot/minibot_gazebo) by extensions ['ros']
[1.141s] Level 1:colcon.colcon_core.package_identification:_identify(src/pinklab_minibot_robot/minibot_gazebo) by extension 'ros'
[1.141s] DEBUG:colcon.colcon_core.package_identification:Package 'src/pinklab_minibot_robot/minibot_gazebo' with type 'ros.ament_cmake' and name 'minibot_gazebo'
[1.141s] Level 1:colcon.colcon_core.package_identification:_identify(src/pinklab_minibot_robot/minibot_hardware_interface) by extensions ['ignore', 'ignore_ament_install']
[1.141s] Level 1:colcon.colcon_core.package_identification:_identify(src/pinklab_minibot_robot/minibot_hardware_interface) by extension 'ignore'
[1.141s] Level 1:colcon.colcon_core.package_identification:_identify(src/pinklab_minibot_robot/minibot_hardware_interface) by extension 'ignore_ament_install'
[1.141s] Level 1:colcon.colcon_core.package_identification:_identify(src/pinklab_minibot_robot/minibot_hardware_interface) by extensions ['colcon_pkg']
[1.141s] Level 1:colcon.colcon_core.package_identification:_identify(src/pinklab_minibot_robot/minibot_hardware_interface) by extension 'colcon_pkg'
[1.141s] Level 1:colcon.colcon_core.package_identification:_identify(src/pinklab_minibot_robot/minibot_hardware_interface) by extensions ['colcon_meta']
[1.141s] Level 1:colcon.colcon_core.package_identification:_identify(src/pinklab_minibot_robot/minibot_hardware_interface) by extension 'colcon_meta'
[1.141s] Level 1:colcon.colcon_core.package_identification:_identify(src/pinklab_minibot_robot/minibot_hardware_interface) by extensions ['ros']
[1.141s] Level 1:colcon.colcon_core.package_identification:_identify(src/pinklab_minibot_robot/minibot_hardware_interface) by extension 'ros'
[1.142s] DEBUG:colcon.colcon_core.package_identification:Package 'src/pinklab_minibot_robot/minibot_hardware_interface' with type 'ros.ament_cmake' and name 'minibot_hardware_interface'
[1.142s] Level 1:colcon.colcon_core.package_identification:_identify(src/pinklab_minibot_robot/minibot_interfaces) by extensions ['ignore', 'ignore_ament_install']
[1.142s] Level 1:colcon.colcon_core.package_identification:_identify(src/pinklab_minibot_robot/minibot_interfaces) by extension 'ignore'
[1.142s] Level 1:colcon.colcon_core.package_identification:_identify(src/pinklab_minibot_robot/minibot_interfaces) by extension 'ignore_ament_install'
[1.142s] Level 1:colcon.colcon_core.package_identification:_identify(src/pinklab_minibot_robot/minibot_interfaces) by extensions ['colcon_pkg']
[1.142s] Level 1:colcon.colcon_core.package_identification:_identify(src/pinklab_minibot_robot/minibot_interfaces) by extension 'colcon_pkg'
[1.142s] Level 1:colcon.colcon_core.package_identification:_identify(src/pinklab_minibot_robot/minibot_interfaces) by extensions ['colcon_meta']
[1.142s] Level 1:colcon.colcon_core.package_identification:_identify(src/pinklab_minibot_robot/minibot_interfaces) by extension 'colcon_meta'
[1.142s] Level 1:colcon.colcon_core.package_identification:_identify(src/pinklab_minibot_robot/minibot_interfaces) by extensions ['ros']
[1.142s] Level 1:colcon.colcon_core.package_identification:_identify(src/pinklab_minibot_robot/minibot_interfaces) by extension 'ros'
[1.142s] DEBUG:colcon.colcon_core.package_identification:Package 'src/pinklab_minibot_robot/minibot_interfaces' with type 'ros.ament_cmake' and name 'minibot_interfaces'
[1.143s] Level 1:colcon.colcon_core.package_identification:_identify(src/pinklab_minibot_robot/minibot_navigation2) by extensions ['ignore', 'ignore_ament_install']
[1.143s] Level 1:colcon.colcon_core.package_identification:_identify(src/pinklab_minibot_robot/minibot_navigation2) by extension 'ignore'
[1.143s] Level 1:colcon.colcon_core.package_identification:_identify(src/pinklab_minibot_robot/minibot_navigation2) by extension 'ignore_ament_install'
[1.143s] Level 1:colcon.colcon_core.package_identification:_identify(src/pinklab_minibot_robot/minibot_navigation2) by extensions ['colcon_pkg']
[1.143s] Level 1:colcon.colcon_core.package_identification:_identify(src/pinklab_minibot_robot/minibot_navigation2) by extension 'colcon_pkg'
[1.143s] Level 1:colcon.colcon_core.package_identification:_identify(src/pinklab_minibot_robot/minibot_navigation2) by extensions ['colcon_meta']
[1.143s] Level 1:colcon.colcon_core.package_identification:_identify(src/pinklab_minibot_robot/minibot_navigation2) by extension 'colcon_meta'
[1.143s] Level 1:colcon.colcon_core.package_identification:_identify(src/pinklab_minibot_robot/minibot_navigation2) by extensions ['ros']
[1.143s] Level 1:colcon.colcon_core.package_identification:_identify(src/pinklab_minibot_robot/minibot_navigation2) by extension 'ros'
[1.143s] DEBUG:colcon.colcon_core.package_identification:Package 'src/pinklab_minibot_robot/minibot_navigation2' with type 'ros.ament_cmake' and name 'minibot_navigation2'
[1.143s] Level 1:colcon.colcon_core.package_discovery:discover_packages(recursive) using defaults
[1.143s] Level 1:colcon.colcon_core.package_discovery:discover_packages(ignore) discover
[1.143s] Level 1:colcon.colcon_core.package_discovery:discover_packages(ignore) using defaults
[1.143s] Level 1:colcon.colcon_core.package_discovery:discover_packages(path) discover
[1.143s] Level 1:colcon.colcon_core.package_discovery:discover_packages(path) using defaults
[1.224s] Level 1:colcon.colcon_core.package_discovery:discover_packages(prefix_path) check parameters
[1.224s] Level 1:colcon.colcon_core.package_discovery:discover_packages(prefix_path) discover
[1.252s] DEBUG:colcon.colcon_installed_package_information.package_discovery:Found 7 installed packages in /home/hanse/pinkbot/install
[1.266s] DEBUG:colcon.colcon_installed_package_information.package_discovery:Found 428 installed packages in /opt/ros/humble
[1.267s] Level 1:colcon.colcon_core.package_discovery:discover_packages(prefix_path) using defaults
[1.333s] Level 5:colcon.colcon_core.verb:set package 'minibot_description' build argument 'cmake_args' from command line to 'None'
[1.333s] Level 5:colcon.colcon_core.verb:set package 'minibot_description' build argument 'cmake_target' from command line to 'None'
[1.333s] Level 5:colcon.colcon_core.verb:set package 'minibot_description' build argument 'cmake_target_skip_unavailable' from command line to 'False'
[1.333s] Level 5:colcon.colcon_core.verb:set package 'minibot_description' build argument 'cmake_clean_cache' from command line to 'False'
[1.333s] Level 5:colcon.colcon_core.verb:set package 'minibot_description' build argument 'cmake_clean_first' from command line to 'False'
[1.333s] Level 5:colcon.colcon_core.verb:set package 'minibot_description' build argument 'cmake_force_configure' from command line to 'False'
[1.333s] Level 5:colcon.colcon_core.verb:set package 'minibot_description' build argument 'ament_cmake_args' from command line to 'None'
[1.333s] Level 5:colcon.colcon_core.verb:set package 'minibot_description' build argument 'catkin_cmake_args' from command line to 'None'
[1.333s] Level 5:colcon.colcon_core.verb:set package 'minibot_description' build argument 'catkin_skip_building_tests' from command line to 'False'
[1.333s] DEBUG:colcon.colcon_core.verb:Building package 'minibot_description' with the following arguments: {'ament_cmake_args': None, 'build_base': '/home/hanse/pinkbot/build/minibot_description', 'catkin_cmake_args': None, 'catkin_skip_building_tests': False, 'cmake_args': None, 'cmake_clean_cache': False, 'cmake_clean_first': False, 'cmake_force_configure': False, 'cmake_target': None, 'cmake_target_skip_unavailable': False, 'install_base': '/home/hanse/pinkbot/install/minibot_description', 'merge_install': False, 'path': '/home/hanse/pinkbot/src/pinklab_minibot_robot/minibot_description', 'symlink_install': False, 'test_result_base': None}
[1.346s] Level 5:colcon.colcon_core.verb:set package 'minibot_hardware_interface' build argument 'cmake_args' from command line to 'None'
[1.346s] Level 5:colcon.colcon_core.verb:set package 'minibot_hardware_interface' build argument 'cmake_target' from command line to 'None'
[1.346s] Level 5:colcon.colcon_core.verb:set package 'minibot_hardware_interface' build argument 'cmake_target_skip_unavailable' from command line to 'False'
[1.346s] Level 5:colcon.colcon_core.verb:set package 'minibot_hardware_interface' build argument 'cmake_clean_cache' from command line to 'False'
[1.346s] Level 5:colcon.colcon_core.verb:set package 'minibot_hardware_interface' build argument 'cmake_clean_first' from command line to 'False'
[1.346s] Level 5:colcon.colcon_core.verb:set package 'minibot_hardware_interface' build argument 'cmake_force_configure' from command line to 'False'
[1.346s] Level 5:colcon.colcon_core.verb:set package 'minibot_hardware_interface' build argument 'ament_cmake_args' from command line to 'None'
[1.346s] Level 5:colcon.colcon_core.verb:set package 'minibot_hardware_interface' build argument 'catkin_cmake_args' from command line to 'None'
[1.346s] Level 5:colcon.colcon_core.verb:set package 'minibot_hardware_interface' build argument 'catkin_skip_building_tests' from command line to 'False'
[1.346s] DEBUG:colcon.colcon_core.verb:Building package 'minibot_hardware_interface' with the following arguments: {'ament_cmake_args': None, 'build_base': '/home/hanse/pinkbot/build/minibot_hardware_interface', 'catkin_cmake_args': None, 'catkin_skip_building_tests': False, 'cmake_args': None, 'cmake_clean_cache': False, 'cmake_clean_first': False, 'cmake_force_configure': False, 'cmake_target': None, 'cmake_target_skip_unavailable': False, 'install_base': '/home/hanse/pinkbot/install/minibot_hardware_interface', 'merge_install': False, 'path': '/home/hanse/pinkbot/src/pinklab_minibot_robot/minibot_hardware_interface', 'symlink_install': False, 'test_result_base': None}
[1.360s] Level 5:colcon.colcon_core.verb:set package 'minibot_interfaces' build argument 'cmake_args' from command line to 'None'
[1.361s] Level 5:colcon.colcon_core.verb:set package 'minibot_interfaces' build argument 'cmake_target' from command line to 'None'
[1.361s] Level 5:colcon.colcon_core.verb:set package 'minibot_interfaces' build argument 'cmake_target_skip_unavailable' from command line to 'False'
[1.361s] Level 5:colcon.colcon_core.verb:set package 'minibot_interfaces' build argument 'cmake_clean_cache' from command line to 'False'
[1.361s] Level 5:colcon.colcon_core.verb:set package 'minibot_interfaces' build argument 'cmake_clean_first' from command line to 'False'
[1.361s] Level 5:colcon.colcon_core.verb:set package 'minibot_interfaces' build argument 'cmake_force_configure' from command line to 'False'
[1.361s] Level 5:colcon.colcon_core.verb:set package 'minibot_interfaces' build argument 'ament_cmake_args' from command line to 'None'
[1.361s] Level 5:colcon.colcon_core.verb:set package 'minibot_interfaces' build argument 'catkin_cmake_args' from command line to 'None'
[1.361s] Level 5:colcon.colcon_core.verb:set package 'minibot_interfaces' build argument 'catkin_skip_building_tests' from command line to 'False'
[1.361s] DEBUG:colcon.colcon_core.verb:Building package 'minibot_interfaces' with the following arguments: {'ament_cmake_args': None, 'build_base': '/home/hanse/pinkbot/build/minibot_interfaces', 'catkin_cmake_args': None, 'catkin_skip_building_tests': False, 'cmake_args': None, 'cmake_clean_cache': False, 'cmake_clean_first': False, 'cmake_force_configure': False, 'cmake_target': None, 'cmake_target_skip_unavailable': False, 'install_base': '/home/hanse/pinkbot/install/minibot_interfaces', 'merge_install': False, 'path': '/home/hanse/pinkbot/src/pinklab_minibot_robot/minibot_interfaces', 'symlink_install': False, 'test_result_base': None}
[1.373s] Level 5:colcon.colcon_core.verb:set package 'minibot_navigation2' build argument 'cmake_args' from command line to 'None'
[1.373s] Level 5:colcon.colcon_core.verb:set package 'minibot_navigation2' build argument 'cmake_target' from command line to 'None'
[1.373s] Level 5:colcon.colcon_core.verb:set package 'minibot_navigation2' build argument 'cmake_target_skip_unavailable' from command line to 'False'
[1.373s] Level 5:colcon.colcon_core.verb:set package 'minibot_navigation2' build argument 'cmake_clean_cache' from command line to 'False'
[1.373s] Level 5:colcon.colcon_core.verb:set package 'minibot_navigation2' build argument 'cmake_clean_first' from command line to 'False'
[1.374s] Level 5:colcon.colcon_core.verb:set package 'minibot_navigation2' build argument 'cmake_force_configure' from command line to 'False'
[1.374s] Level 5:colcon.colcon_core.verb:set package 'minibot_navigation2' build argument 'ament_cmake_args' from command line to 'None'
[1.374s] Level 5:colcon.colcon_core.verb:set package 'minibot_navigation2' build argument 'catkin_cmake_args' from command line to 'None'
[1.374s] Level 5:colcon.colcon_core.verb:set package 'minibot_navigation2' build argument 'catkin_skip_building_tests' from command line to 'False'
[1.374s] DEBUG:colcon.colcon_core.verb:Building package 'minibot_navigation2' with the following arguments: {'ament_cmake_args': None, 'build_base': '/home/hanse/pinkbot/build/minibot_navigation2', 'catkin_cmake_args': None, 'catkin_skip_building_tests': False, 'cmake_args': None, 'cmake_clean_cache': False, 'cmake_clean_first': False, 'cmake_force_configure': False, 'cmake_target': None, 'cmake_target_skip_unavailable': False, 'install_base': '/home/hanse/pinkbot/install/minibot_navigation2', 'merge_install': False, 'path': '/home/hanse/pinkbot/src/pinklab_minibot_robot/minibot_navigation2', 'symlink_install': False, 'test_result_base': None}
[1.386s] Level 5:colcon.colcon_core.verb:set package 'minibot_controllers' build argument 'cmake_args' from command line to 'None'
[1.386s] Level 5:colcon.colcon_core.verb:set package 'minibot_controllers' build argument 'cmake_target' from command line to 'None'
[1.386s] Level 5:colcon.colcon_core.verb:set package 'minibot_controllers' build argument 'cmake_target_skip_unavailable' from command line to 'False'
[1.386s] Level 5:colcon.colcon_core.verb:set package 'minibot_controllers' build argument 'cmake_clean_cache' from command line to 'False'
[1.386s] Level 5:colcon.colcon_core.verb:set package 'minibot_controllers' build argument 'cmake_clean_first' from command line to 'False'
[1.386s] Level 5:colcon.colcon_core.verb:set package 'minibot_controllers' build argument 'cmake_force_configure' from command line to 'False'
[1.386s] Level 5:colcon.colcon_core.verb:set package 'minibot_controllers' build argument 'ament_cmake_args' from command line to 'None'
[1.386s] Level 5:colcon.colcon_core.verb:set package 'minibot_controllers' build argument 'catkin_cmake_args' from command line to 'None'
[1.386s] Level 5:colcon.colcon_core.verb:set package 'minibot_controllers' build argument 'catkin_skip_building_tests' from command line to 'False'
[1.386s] DEBUG:colcon.colcon_core.verb:Building package 'minibot_controllers' with the following arguments: {'ament_cmake_args': None, 'build_base': '/home/hanse/pinkbot/build/minibot_controllers', 'catkin_cmake_args': None, 'catkin_skip_building_tests': False, 'cmake_args': None, 'cmake_clean_cache': False, 'cmake_clean_first': False, 'cmake_force_configure': False, 'cmake_target': None, 'cmake_target_skip_unavailable': False, 'install_base': '/home/hanse/pinkbot/install/minibot_controllers', 'merge_install': False, 'path': '/home/hanse/pinkbot/src/pinklab_minibot_robot/minibot_controllers', 'symlink_install': False, 'test_result_base': None}
[1.399s] Level 5:colcon.colcon_core.verb:set package 'minibot_gazebo' build argument 'cmake_args' from command line to 'None'
[1.399s] Level 5:colcon.colcon_core.verb:set package 'minibot_gazebo' build argument 'cmake_target' from command line to 'None'
[1.399s] Level 5:colcon.colcon_core.verb:set package 'minibot_gazebo' build argument 'cmake_target_skip_unavailable' from command line to 'False'
[1.399s] Level 5:colcon.colcon_core.verb:set package 'minibot_gazebo' build argument 'cmake_clean_cache' from command line to 'False'
[1.399s] Level 5:colcon.colcon_core.verb:set package 'minibot_gazebo' build argument 'cmake_clean_first' from command line to 'False'
[1.399s] Level 5:colcon.colcon_core.verb:set package 'minibot_gazebo' build argument 'cmake_force_configure' from command line to 'False'
[1.399s] Level 5:colcon.colcon_core.verb:set package 'minibot_gazebo' build argument 'ament_cmake_args' from command line to 'None'
[1.399s] Level 5:colcon.colcon_core.verb:set package 'minibot_gazebo' build argument 'catkin_cmake_args' from command line to 'None'
[1.399s] Level 5:colcon.colcon_core.verb:set package 'minibot_gazebo' build argument 'catkin_skip_building_tests' from command line to 'False'
[1.399s] DEBUG:colcon.colcon_core.verb:Building package 'minibot_gazebo' with the following arguments: {'ament_cmake_args': None, 'build_base': '/home/hanse/pinkbot/build/minibot_gazebo', 'catkin_cmake_args': None, 'catkin_skip_building_tests': False, 'cmake_args': None, 'cmake_clean_cache': False, 'cmake_clean_first': False, 'cmake_force_configure': False, 'cmake_target': None, 'cmake_target_skip_unavailable': False, 'install_base': '/home/hanse/pinkbot/install/minibot_gazebo', 'merge_install': False, 'path': '/home/hanse/pinkbot/src/pinklab_minibot_robot/minibot_gazebo', 'symlink_install': False, 'test_result_base': None}
[1.412s] Level 5:colcon.colcon_core.verb:set package 'minibot_bringup' build argument 'cmake_args' from command line to 'None'
[1.412s] Level 5:colcon.colcon_core.verb:set package 'minibot_bringup' build argument 'cmake_target' from command line to 'None'
[1.412s] Level 5:colcon.colcon_core.verb:set package 'minibot_bringup' build argument 'cmake_target_skip_unavailable' from command line to 'False'
[1.412s] Level 5:colcon.colcon_core.verb:set package 'minibot_bringup' build argument 'cmake_clean_cache' from command line to 'False'
[1.412s] Level 5:colcon.colcon_core.verb:set package 'minibot_bringup' build argument 'cmake_clean_first' from command line to 'False'
[1.412s] Level 5:colcon.colcon_core.verb:set package 'minibot_bringup' build argument 'cmake_force_configure' from command line to 'False'
[1.412s] Level 5:colcon.colcon_core.verb:set package 'minibot_bringup' build argument 'ament_cmake_args' from command line to 'None'
[1.412s] Level 5:colcon.colcon_core.verb:set package 'minibot_bringup' build argument 'catkin_cmake_args' from command line to 'None'
[1.413s] Level 5:colcon.colcon_core.verb:set package 'minibot_bringup' build argument 'catkin_skip_building_tests' from command line to 'False'
[1.413s] DEBUG:colcon.colcon_core.verb:Building package 'minibot_bringup' with the following arguments: {'ament_cmake_args': None, 'build_base': '/home/hanse/pinkbot/build/minibot_bringup', 'catkin_cmake_args': None, 'catkin_skip_building_tests': False, 'cmake_args': None, 'cmake_clean_cache': False, 'cmake_clean_first': False, 'cmake_force_configure': False, 'cmake_target': None, 'cmake_target_skip_unavailable': False, 'install_base': '/home/hanse/pinkbot/install/minibot_bringup', 'merge_install': False, 'path': '/home/hanse/pinkbot/src/pinklab_minibot_robot/minibot_bringup', 'symlink_install': False, 'test_result_base': None}
[1.426s] INFO:colcon.colcon_core.executor:Executing jobs using 'parallel' executor
[1.440s] DEBUG:colcon.colcon_parallel_executor.executor.parallel:run_until_complete
[1.440s] INFO:colcon.colcon_ros.task.ament_cmake.build:Building ROS package in '/home/hanse/pinkbot/src/pinklab_minibot_robot/minibot_description' with build type 'ament_cmake'
[1.440s] INFO:colcon.colcon_cmake.task.cmake.build:Building CMake package in '/home/hanse/pinkbot/src/pinklab_minibot_robot/minibot_description'
[1.456s] INFO:colcon.colcon_core.plugin_system:Skipping extension 'colcon_core.shell.bat': Not used on non-Windows systems
[1.456s] INFO:colcon.colcon_core.shell:Skip shell extension 'powershell' for command environment: Not usable outside of PowerShell
[1.456s] DEBUG:colcon.colcon_core.shell:Skip shell extension 'dsv' for command environment
[1.498s] INFO:colcon.colcon_ros.task.ament_cmake.build:Building ROS package in '/home/hanse/pinkbot/src/pinklab_minibot_robot/minibot_interfaces' with build type 'ament_cmake'
[1.498s] INFO:colcon.colcon_cmake.task.cmake.build:Building CMake package in '/home/hanse/pinkbot/src/pinklab_minibot_robot/minibot_interfaces'
[1.513s] INFO:colcon.colcon_core.shell:Skip shell extension 'powershell' for command environment: Not usable outside of PowerShell
[1.513s] DEBUG:colcon.colcon_core.shell:Skip shell extension 'dsv' for command environment
[1.557s] INFO:colcon.colcon_ros.task.ament_cmake.build:Building ROS package in '/home/hanse/pinkbot/src/pinklab_minibot_robot/minibot_hardware_interface' with build type 'ament_cmake'
[1.557s] INFO:colcon.colcon_cmake.task.cmake.build:Building CMake package in '/home/hanse/pinkbot/src/pinklab_minibot_robot/minibot_hardware_interface'
[1.570s] INFO:colcon.colcon_core.shell:Skip shell extension 'powershell' for command environment: Not usable outside of PowerShell
[1.570s] DEBUG:colcon.colcon_core.shell:Skip shell extension 'dsv' for command environment
[1.614s] INFO:colcon.colcon_ros.task.ament_cmake.build:Building ROS package in '/home/hanse/pinkbot/src/pinklab_minibot_robot/minibot_navigation2' with build type 'ament_cmake'
[1.614s] INFO:colcon.colcon_cmake.task.cmake.build:Building CMake package in '/home/hanse/pinkbot/src/pinklab_minibot_robot/minibot_navigation2'
[1.628s] INFO:colcon.colcon_core.shell:Skip shell extension 'powershell' for command environment: Not usable outside of PowerShell
[1.628s] DEBUG:colcon.colcon_core.shell:Skip shell extension 'dsv' for command environment
[1.676s] DEBUG:colcon.colcon_core.event_handler.log_command:Invoking command in '/home/hanse/pinkbot/build/minibot_description': CMAKE_PREFIX_PATH=${CMAKE_PREFIX_PATH}:/opt/ros/humble /home/hanse/.local/bin/cmake --build /home/hanse/pinkbot/build/minibot_description -- -j8 -l8
[1.678s] DEBUG:colcon.colcon_core.event_handler.log_command:Invoking command in '/home/hanse/pinkbot/build/minibot_interfaces': CMAKE_PREFIX_PATH=${CMAKE_PREFIX_PATH}:/opt/ros/humble /home/hanse/.local/bin/cmake --build /home/hanse/pinkbot/build/minibot_interfaces -- -j8 -l8
[1.681s] DEBUG:colcon.colcon_core.event_handler.log_command:Invoking command in '/home/hanse/pinkbot/build/minibot_hardware_interface': CMAKE_PREFIX_PATH=${CMAKE_PREFIX_PATH}:/opt/ros/humble /home/hanse/.local/bin/cmake --build /home/hanse/pinkbot/build/minibot_hardware_interface -- -j8 -l8
[1.686s] DEBUG:colcon.colcon_core.event_handler.log_command:Invoking command in '/home/hanse/pinkbot/build/minibot_navigation2': CMAKE_PREFIX_PATH=${CMAKE_PREFIX_PATH}:/opt/ros/humble /home/hanse/.local/bin/cmake --build /home/hanse/pinkbot/build/minibot_navigation2 -- -j8 -l8
[1.731s] DEBUG:colcon.colcon_core.event_handler.log_command:Invoked command in '/home/hanse/pinkbot/build/minibot_description' returned '0': CMAKE_PREFIX_PATH=${CMAKE_PREFIX_PATH}:/opt/ros/humble /home/hanse/.local/bin/cmake --build /home/hanse/pinkbot/build/minibot_description -- -j8 -l8
[1.756s] DEBUG:colcon.colcon_core.event_handler.log_command:Invoked command in '/home/hanse/pinkbot/build/minibot_navigation2' returned '0': CMAKE_PREFIX_PATH=${CMAKE_PREFIX_PATH}:/opt/ros/humble /home/hanse/.local/bin/cmake --build /home/hanse/pinkbot/build/minibot_navigation2 -- -j8 -l8
[1.784s] DEBUG:colcon.colcon_core.event_handler.log_command:Invoked command in '/home/hanse/pinkbot/build/minibot_hardware_interface' returned '0': CMAKE_PREFIX_PATH=${CMAKE_PREFIX_PATH}:/opt/ros/humble /home/hanse/.local/bin/cmake --build /home/hanse/pinkbot/build/minibot_hardware_interface -- -j8 -l8
[1.833s] DEBUG:colcon.colcon_core.event_handler.log_command:Invoking command in '/home/hanse/pinkbot/build/minibot_description': CMAKE_PREFIX_PATH=${CMAKE_PREFIX_PATH}:/opt/ros/humble /home/hanse/.local/bin/cmake --install /home/hanse/pinkbot/build/minibot_description
[1.836s] DEBUG:colcon.colcon_core.event_handler.log_command:Invoking command in '/home/hanse/pinkbot/build/minibot_navigation2': CMAKE_PREFIX_PATH=${CMAKE_PREFIX_PATH}:/opt/ros/humble /home/hanse/.local/bin/cmake --install /home/hanse/pinkbot/build/minibot_navigation2
[1.839s] DEBUG:colcon.colcon_core.event_handler.log_command:Invoking command in '/home/hanse/pinkbot/build/minibot_hardware_interface': CMAKE_PREFIX_PATH=${CMAKE_PREFIX_PATH}:/opt/ros/humble /home/hanse/.local/bin/cmake --install /home/hanse/pinkbot/build/minibot_hardware_interface
[1.863s] Level 1:colcon.colcon_core.environment:create_environment_scripts_only(minibot_description)
[1.865s] DEBUG:colcon.colcon_core.event_handler.log_command:Invoked command in '/home/hanse/pinkbot/build/minibot_description' returned '0': CMAKE_PREFIX_PATH=${CMAKE_PREFIX_PATH}:/opt/ros/humble /home/hanse/.local/bin/cmake --install /home/hanse/pinkbot/build/minibot_description
[1.888s] Level 1:colcon.colcon_core.environment:checking '/home/hanse/pinkbot/install/minibot_description' for CMake module files
[1.888s] Level 1:colcon.colcon_core.environment:checking '/home/hanse/pinkbot/install/minibot_description' for CMake config files
[1.888s] Level 1:colcon.colcon_core.shell:create_environment_hook('minibot_description', 'cmake_prefix_path')
[1.903s] INFO:colcon.colcon_core.shell:Creating environment hook '/home/hanse/pinkbot/install/minibot_description/share/minibot_description/hook/cmake_prefix_path.ps1'
[1.903s] INFO:colcon.colcon_core.shell:Creating environment descriptor '/home/hanse/pinkbot/install/minibot_description/share/minibot_description/hook/cmake_prefix_path.dsv'
[1.903s] INFO:colcon.colcon_core.shell:Creating environment hook '/home/hanse/pinkbot/install/minibot_description/share/minibot_description/hook/cmake_prefix_path.sh'
[1.904s] Level 1:colcon.colcon_core.environment:checking '/home/hanse/pinkbot/install/minibot_description/bin'
[1.904s] Level 1:colcon.colcon_core.environment:checking '/home/hanse/pinkbot/install/minibot_description/lib/pkgconfig/minibot_description.pc'
[1.905s] Level 1:colcon.colcon_core.environment:checking '/home/hanse/pinkbot/install/minibot_description/lib/python3.10/site-packages'
[1.905s] Level 1:colcon.colcon_core.environment:checking '/home/hanse/pinkbot/install/minibot_description/bin'
[1.919s] INFO:colcon.colcon_core.shell:Creating package script '/home/hanse/pinkbot/install/minibot_description/share/minibot_description/package.ps1'
[1.920s] INFO:colcon.colcon_core.shell:Creating package descriptor '/home/hanse/pinkbot/install/minibot_description/share/minibot_description/package.dsv'
[1.920s] INFO:colcon.colcon_core.shell:Creating package script '/home/hanse/pinkbot/install/minibot_description/share/minibot_description/package.sh'
[1.920s] INFO:colcon.colcon_core.shell:Creating package script '/home/hanse/pinkbot/install/minibot_description/share/minibot_description/package.bash'
[1.921s] INFO:colcon.colcon_core.shell:Creating package script '/home/hanse/pinkbot/install/minibot_description/share/minibot_description/package.zsh'
[1.921s] Level 1:colcon.colcon_core.environment:create_file_with_runtime_dependencies(/home/hanse/pinkbot/install/minibot_description/share/colcon-core/packages/minibot_description)
[1.923s] Level 1:colcon.colcon_core.environment:create_environment_scripts_only(minibot_navigation2)
[1.923s] DEBUG:colcon.colcon_core.event_handler.log_command:Invoked command in '/home/hanse/pinkbot/build/minibot_navigation2' returned '0': CMAKE_PREFIX_PATH=${CMAKE_PREFIX_PATH}:/opt/ros/humble /home/hanse/.local/bin/cmake --install /home/hanse/pinkbot/build/minibot_navigation2
[1.947s] Level 1:colcon.colcon_core.environment:checking '/home/hanse/pinkbot/install/minibot_navigation2' for CMake module files
[1.948s] Level 1:colcon.colcon_core.environment:checking '/home/hanse/pinkbot/install/minibot_navigation2' for CMake config files
[1.948s] Level 1:colcon.colcon_core.shell:create_environment_hook('minibot_navigation2', 'cmake_prefix_path')
[1.963s] INFO:colcon.colcon_core.shell:Creating environment hook '/home/hanse/pinkbot/install/minibot_navigation2/share/minibot_navigation2/hook/cmake_prefix_path.ps1'
[1.964s] INFO:colcon.colcon_core.shell:Creating environment descriptor '/home/hanse/pinkbot/install/minibot_navigation2/share/minibot_navigation2/hook/cmake_prefix_path.dsv'
[1.964s] INFO:colcon.colcon_core.shell:Creating environment hook '/home/hanse/pinkbot/install/minibot_navigation2/share/minibot_navigation2/hook/cmake_prefix_path.sh'
[1.965s] Level 1:colcon.colcon_core.environment:checking '/home/hanse/pinkbot/install/minibot_navigation2/bin'
[1.965s] Level 1:colcon.colcon_core.environment:checking '/home/hanse/pinkbot/install/minibot_navigation2/lib/pkgconfig/minibot_navigation2.pc'
[1.965s] Level 1:colcon.colcon_core.environment:checking '/home/hanse/pinkbot/install/minibot_navigation2/lib/python3.10/site-packages'
[1.965s] Level 1:colcon.colcon_core.environment:checking '/home/hanse/pinkbot/install/minibot_navigation2/bin'
[1.980s] INFO:colcon.colcon_core.shell:Creating package script '/home/hanse/pinkbot/install/minibot_navigation2/share/minibot_navigation2/package.ps1'
[1.980s] INFO:colcon.colcon_core.shell:Creating package descriptor '/home/hanse/pinkbot/install/minibot_navigation2/share/minibot_navigation2/package.dsv'
[1.980s] INFO:colcon.colcon_core.shell:Creating package script '/home/hanse/pinkbot/install/minibot_navigation2/share/minibot_navigation2/package.sh'
[1.980s] INFO:colcon.colcon_core.shell:Creating package script '/home/hanse/pinkbot/install/minibot_navigation2/share/minibot_navigation2/package.bash'
[1.981s] INFO:colcon.colcon_core.shell:Creating package script '/home/hanse/pinkbot/install/minibot_navigation2/share/minibot_navigation2/package.zsh'
[1.981s] Level 1:colcon.colcon_core.environment:create_file_with_runtime_dependencies(/home/hanse/pinkbot/install/minibot_navigation2/share/colcon-core/packages/minibot_navigation2)
[1.982s] Level 1:colcon.colcon_core.environment:create_environment_scripts_only(minibot_hardware_interface)
[1.982s] DEBUG:colcon.colcon_core.event_handler.log_command:Invoked command in '/home/hanse/pinkbot/build/minibot_hardware_interface' returned '0': CMAKE_PREFIX_PATH=${CMAKE_PREFIX_PATH}:/opt/ros/humble /home/hanse/.local/bin/cmake --install /home/hanse/pinkbot/build/minibot_hardware_interface
[1.997s] Level 1:colcon.colcon_core.environment:checking '/home/hanse/pinkbot/install/minibot_hardware_interface' for CMake module files
[1.997s] Level 1:colcon.colcon_core.environment:checking '/home/hanse/pinkbot/install/minibot_hardware_interface' for CMake config files
[1.997s] Level 1:colcon.colcon_core.shell:create_environment_hook('minibot_hardware_interface', 'cmake_prefix_path')
[2.013s] INFO:colcon.colcon_core.shell:Creating environment hook '/home/hanse/pinkbot/install/minibot_hardware_interface/share/minibot_hardware_interface/hook/cmake_prefix_path.ps1'
[2.013s] INFO:colcon.colcon_core.shell:Creating environment descriptor '/home/hanse/pinkbot/install/minibot_hardware_interface/share/minibot_hardware_interface/hook/cmake_prefix_path.dsv'
[2.014s] INFO:colcon.colcon_core.shell:Creating environment hook '/home/hanse/pinkbot/install/minibot_hardware_interface/share/minibot_hardware_interface/hook/cmake_prefix_path.sh'
[2.014s] Level 1:colcon.colcon_core.environment:checking '/home/hanse/pinkbot/install/minibot_hardware_interface/lib'
[2.014s] Level 1:colcon.colcon_core.shell:create_environment_hook('minibot_hardware_interface', 'ld_library_path_lib')
[2.028s] INFO:colcon.colcon_core.shell:Creating environment hook '/home/hanse/pinkbot/install/minibot_hardware_interface/share/minibot_hardware_interface/hook/ld_library_path_lib.ps1'
[2.029s] INFO:colcon.colcon_core.shell:Creating environment descriptor '/home/hanse/pinkbot/install/minibot_hardware_interface/share/minibot_hardware_interface/hook/ld_library_path_lib.dsv'
[2.029s] INFO:colcon.colcon_core.shell:Creating environment hook '/home/hanse/pinkbot/install/minibot_hardware_interface/share/minibot_hardware_interface/hook/ld_library_path_lib.sh'
[2.029s] Level 1:colcon.colcon_core.environment:checking '/home/hanse/pinkbot/install/minibot_hardware_interface/bin'
[2.029s] Level 1:colcon.colcon_core.environment:checking '/home/hanse/pinkbot/install/minibot_hardware_interface/lib/pkgconfig/minibot_hardware_interface.pc'
[2.029s] Level 1:colcon.colcon_core.environment:checking '/home/hanse/pinkbot/install/minibot_hardware_interface/lib/python3.10/site-packages'
[2.029s] Level 1:colcon.colcon_core.environment:checking '/home/hanse/pinkbot/install/minibot_hardware_interface/bin'
[2.044s] INFO:colcon.colcon_core.shell:Creating package script '/home/hanse/pinkbot/install/minibot_hardware_interface/share/minibot_hardware_interface/package.ps1'
[2.045s] INFO:colcon.colcon_core.shell:Creating package descriptor '/home/hanse/pinkbot/install/minibot_hardware_interface/share/minibot_hardware_interface/package.dsv'
[2.045s] INFO:colcon.colcon_core.shell:Creating package script '/home/hanse/pinkbot/install/minibot_hardware_interface/share/minibot_hardware_interface/package.sh'
[2.045s] INFO:colcon.colcon_core.shell:Creating package script '/home/hanse/pinkbot/install/minibot_hardware_interface/share/minibot_hardware_interface/package.bash'
[2.046s] INFO:colcon.colcon_core.shell:Creating package script '/home/hanse/pinkbot/install/minibot_hardware_interface/share/minibot_hardware_interface/package.zsh'
[2.046s] Level 1:colcon.colcon_core.environment:create_file_with_runtime_dependencies(/home/hanse/pinkbot/install/minibot_hardware_interface/share/colcon-core/packages/minibot_hardware_interface)
[2.063s] Level 1:colcon.colcon_core.environment:create_environment_scripts_only(minibot_description)
[2.088s] Level 1:colcon.colcon_core.environment:checking '/home/hanse/pinkbot/install/minibot_description' for CMake module files
[2.089s] Level 1:colcon.colcon_core.environment:checking '/home/hanse/pinkbot/install/minibot_description' for CMake config files
[2.089s] Level 1:colcon.colcon_core.shell:create_environment_hook('minibot_description', 'cmake_prefix_path')
[2.103s] INFO:colcon.colcon_core.shell:Creating environment hook '/home/hanse/pinkbot/install/minibot_description/share/minibot_description/hook/cmake_prefix_path.ps1'
[2.103s] INFO:colcon.colcon_core.shell:Creating environment descriptor '/home/hanse/pinkbot/install/minibot_description/share/minibot_description/hook/cmake_prefix_path.dsv'
[2.103s] INFO:colcon.colcon_core.shell:Creating environment hook '/home/hanse/pinkbot/install/minibot_description/share/minibot_description/hook/cmake_prefix_path.sh'
[2.104s] Level 1:colcon.colcon_core.environment:checking '/home/hanse/pinkbot/install/minibot_description/bin'
[2.104s] Level 1:colcon.colcon_core.environment:checking '/home/hanse/pinkbot/install/minibot_description/lib/pkgconfig/minibot_description.pc'
[2.104s] Level 1:colcon.colcon_core.environment:checking '/home/hanse/pinkbot/install/minibot_description/lib/python3.10/site-packages'
[2.104s] Level 1:colcon.colcon_core.environment:checking '/home/hanse/pinkbot/install/minibot_description/bin'
[2.118s] INFO:colcon.colcon_core.shell:Creating package script '/home/hanse/pinkbot/install/minibot_description/share/minibot_description/package.ps1'
[2.118s] INFO:colcon.colcon_core.shell:Creating package descriptor '/home/hanse/pinkbot/install/minibot_description/share/minibot_description/package.dsv'
[2.118s] INFO:colcon.colcon_core.shell:Creating package script '/home/hanse/pinkbot/install/minibot_description/share/minibot_description/package.sh'
[2.119s] INFO:colcon.colcon_core.shell:Creating package script '/home/hanse/pinkbot/install/minibot_description/share/minibot_description/package.bash'
[2.119s] INFO:colcon.colcon_core.shell:Creating package script '/home/hanse/pinkbot/install/minibot_description/share/minibot_description/package.zsh'
[2.119s] Level 1:colcon.colcon_core.environment:create_file_with_runtime_dependencies(/home/hanse/pinkbot/install/minibot_description/share/colcon-core/packages/minibot_description)
[2.134s] Level 1:colcon.colcon_core.environment:create_environment_scripts_only(minibot_navigation2)
[2.148s] Level 1:colcon.colcon_core.environment:checking '/home/hanse/pinkbot/install/minibot_navigation2' for CMake module files
[2.148s] Level 1:colcon.colcon_core.environment:checking '/home/hanse/pinkbot/install/minibot_navigation2' for CMake config files
[2.148s] Level 1:colcon.colcon_core.shell:create_environment_hook('minibot_navigation2', 'cmake_prefix_path')
[2.162s] INFO:colcon.colcon_core.shell:Creating environment hook '/home/hanse/pinkbot/install/minibot_navigation2/share/minibot_navigation2/hook/cmake_prefix_path.ps1'
[2.162s] INFO:colcon.colcon_core.shell:Creating environment descriptor '/home/hanse/pinkbot/install/minibot_navigation2/share/minibot_navigation2/hook/cmake_prefix_path.dsv'
[2.163s] INFO:colcon.colcon_core.shell:Creating environment hook '/home/hanse/pinkbot/install/minibot_navigation2/share/minibot_navigation2/hook/cmake_prefix_path.sh'
[2.163s] Level 1:colcon.colcon_core.environment:checking '/home/hanse/pinkbot/install/minibot_navigation2/bin'
[2.163s] Level 1:colcon.colcon_core.environment:checking '/home/hanse/pinkbot/install/minibot_navigation2/lib/pkgconfig/minibot_navigation2.pc'
[2.163s] Level 1:colcon.colcon_core.environment:checking '/home/hanse/pinkbot/install/minibot_navigation2/lib/python3.10/site-packages'
[2.164s] Level 1:colcon.colcon_core.environment:checking '/home/hanse/pinkbot/install/minibot_navigation2/bin'
[2.179s] INFO:colcon.colcon_core.shell:Creating package script '/home/hanse/pinkbot/install/minibot_navigation2/share/minibot_navigation2/package.ps1'
[2.180s] INFO:colcon.colcon_core.shell:Creating package descriptor '/home/hanse/pinkbot/install/minibot_navigation2/share/minibot_navigation2/package.dsv'
[2.180s] INFO:colcon.colcon_core.shell:Creating package script '/home/hanse/pinkbot/install/minibot_navigation2/share/minibot_navigation2/package.sh'
[2.180s] INFO:colcon.colcon_core.shell:Creating package script '/home/hanse/pinkbot/install/minibot_navigation2/share/minibot_navigation2/package.bash'
[2.180s] INFO:colcon.colcon_core.shell:Creating package script '/home/hanse/pinkbot/install/minibot_navigation2/share/minibot_navigation2/package.zsh'
[2.181s] Level 1:colcon.colcon_core.environment:create_file_with_runtime_dependencies(/home/hanse/pinkbot/install/minibot_navigation2/share/colcon-core/packages/minibot_navigation2)
[2.181s] INFO:colcon.colcon_ros.task.ament_cmake.build:Building ROS package in '/home/hanse/pinkbot/src/pinklab_minibot_robot/minibot_gazebo' with build type 'ament_cmake'
[2.181s] INFO:colcon.colcon_cmake.task.cmake.build:Building CMake package in '/home/hanse/pinkbot/src/pinklab_minibot_robot/minibot_gazebo'
[2.200s] INFO:colcon.colcon_core.shell:Skip shell extension 'powershell' for command environment: Not usable outside of PowerShell
[2.200s] DEBUG:colcon.colcon_core.shell:Skip shell extension 'dsv' for command environment
[2.265s] Level 1:colcon.colcon_core.environment:create_environment_scripts_only(minibot_hardware_interface)
[2.279s] Level 1:colcon.colcon_core.environment:checking '/home/hanse/pinkbot/install/minibot_hardware_interface' for CMake module files
[2.279s] Level 1:colcon.colcon_core.environment:checking '/home/hanse/pinkbot/install/minibot_hardware_interface' for CMake config files
[2.279s] Level 1:colcon.colcon_core.shell:create_environment_hook('minibot_hardware_interface', 'cmake_prefix_path')
[2.294s] INFO:colcon.colcon_core.shell:Creating environment hook '/home/hanse/pinkbot/install/minibot_hardware_interface/share/minibot_hardware_interface/hook/cmake_prefix_path.ps1'
[2.294s] INFO:colcon.colcon_core.shell:Creating environment descriptor '/home/hanse/pinkbot/install/minibot_hardware_interface/share/minibot_hardware_interface/hook/cmake_prefix_path.dsv'
[2.294s] INFO:colcon.colcon_core.shell:Creating environment hook '/home/hanse/pinkbot/install/minibot_hardware_interface/share/minibot_hardware_interface/hook/cmake_prefix_path.sh'
[2.295s] Level 1:colcon.colcon_core.environment:checking '/home/hanse/pinkbot/install/minibot_hardware_interface/lib'
[2.295s] Level 1:colcon.colcon_core.shell:create_environment_hook('minibot_hardware_interface', 'ld_library_path_lib')
[2.308s] INFO:colcon.colcon_core.shell:Creating environment hook '/home/hanse/pinkbot/install/minibot_hardware_interface/share/minibot_hardware_interface/hook/ld_library_path_lib.ps1'
[2.308s] INFO:colcon.colcon_core.shell:Creating environment descriptor '/home/hanse/pinkbot/install/minibot_hardware_interface/share/minibot_hardware_interface/hook/ld_library_path_lib.dsv'
[2.308s] INFO:colcon.colcon_core.shell:Creating environment hook '/home/hanse/pinkbot/install/minibot_hardware_interface/share/minibot_hardware_interface/hook/ld_library_path_lib.sh'
[2.308s] Level 1:colcon.colcon_core.environment:checking '/home/hanse/pinkbot/install/minibot_hardware_interface/bin'
[2.308s] Level 1:colcon.colcon_core.environment:checking '/home/hanse/pinkbot/install/minibot_hardware_interface/lib/pkgconfig/minibot_hardware_interface.pc'
[2.309s] Level 1:colcon.colcon_core.environment:checking '/home/hanse/pinkbot/install/minibot_hardware_interface/lib/python3.10/site-packages'
[2.309s] Level 1:colcon.colcon_core.environment:checking '/home/hanse/pinkbot/install/minibot_hardware_interface/bin'
[2.323s] INFO:colcon.colcon_core.shell:Creating package script '/home/hanse/pinkbot/install/minibot_hardware_interface/share/minibot_hardware_interface/package.ps1'
[2.323s] INFO:colcon.colcon_core.shell:Creating package descriptor '/home/hanse/pinkbot/install/minibot_hardware_interface/share/minibot_hardware_interface/package.dsv'
[2.324s] INFO:colcon.colcon_core.shell:Creating package script '/home/hanse/pinkbot/install/minibot_hardware_interface/share/minibot_hardware_interface/package.sh'
[2.324s] INFO:colcon.colcon_core.shell:Creating package script '/home/hanse/pinkbot/install/minibot_hardware_interface/share/minibot_hardware_interface/package.bash'
[2.324s] INFO:colcon.colcon_core.shell:Creating package script '/home/hanse/pinkbot/install/minibot_hardware_interface/share/minibot_hardware_interface/package.zsh'
[2.324s] Level 1:colcon.colcon_core.environment:create_file_with_runtime_dependencies(/home/hanse/pinkbot/install/minibot_hardware_interface/share/colcon-core/packages/minibot_hardware_interface)
[2.325s] DEBUG:colcon.colcon_core.event_handler.log_command:Invoked command in '/home/hanse/pinkbot/build/minibot_interfaces' returned '0': CMAKE_PREFIX_PATH=${CMAKE_PREFIX_PATH}:/opt/ros/humble /home/hanse/.local/bin/cmake --build /home/hanse/pinkbot/build/minibot_interfaces -- -j8 -l8
[2.327s] DEBUG:colcon.colcon_core.event_handler.log_command:Invoking command in '/home/hanse/pinkbot/build/minibot_gazebo': CMAKE_PREFIX_PATH=/home/hanse/pinkbot/install/minibot_description:/home/hanse/pinkbot/install/minibot_navigation2:/home/hanse/pinkbot/install/minibot_controllers:/home/hanse/pinkbot/install/minibot_interfaces:/home/hanse/pinkbot/install/minibot_hardware_interface:/home/hanse/pinkbot/install/minibot_bringup:/home/hanse/pinkbot/install/minibot_gazebo:/opt/ros/humble /home/hanse/.local/bin/cmake --build /home/hanse/pinkbot/build/minibot_gazebo -- -j8 -l8
[2.372s] DEBUG:colcon.colcon_core.event_handler.log_command:Invoked command in '/home/hanse/pinkbot/build/minibot_gazebo' returned '0': CMAKE_PREFIX_PATH=/home/hanse/pinkbot/install/minibot_description:/home/hanse/pinkbot/install/minibot_navigation2:/home/hanse/pinkbot/install/minibot_controllers:/home/hanse/pinkbot/install/minibot_interfaces:/home/hanse/pinkbot/install/minibot_hardware_interface:/home/hanse/pinkbot/install/minibot_bringup:/home/hanse/pinkbot/install/minibot_gazebo:/opt/ros/humble /home/hanse/.local/bin/cmake --build /home/hanse/pinkbot/build/minibot_gazebo -- -j8 -l8
[2.396s] DEBUG:colcon.colcon_core.event_handler.log_command:Invoking command in '/home/hanse/pinkbot/build/minibot_interfaces': CMAKE_PREFIX_PATH=${CMAKE_PREFIX_PATH}:/opt/ros/humble /home/hanse/.local/bin/cmake --install /home/hanse/pinkbot/build/minibot_interfaces
[2.406s] DEBUG:colcon.colcon_core.event_handler.log_command:Invoking command in '/home/hanse/pinkbot/build/minibot_gazebo': CMAKE_PREFIX_PATH=/home/hanse/pinkbot/install/minibot_description:/home/hanse/pinkbot/install/minibot_navigation2:/home/hanse/pinkbot/install/minibot_controllers:/home/hanse/pinkbot/install/minibot_interfaces:/home/hanse/pinkbot/install/minibot_hardware_interface:/home/hanse/pinkbot/install/minibot_bringup:/home/hanse/pinkbot/install/minibot_gazebo:/opt/ros/humble /home/hanse/.local/bin/cmake --install /home/hanse/pinkbot/build/minibot_gazebo
[2.435s] Level 1:colcon.colcon_core.environment:create_environment_scripts_only(minibot_gazebo)
[2.436s] DEBUG:colcon.colcon_core.event_handler.log_command:Invoked command in '/home/hanse/pinkbot/build/minibot_gazebo' returned '0': CMAKE_PREFIX_PATH=/home/hanse/pinkbot/install/minibot_description:/home/hanse/pinkbot/install/minibot_navigation2:/home/hanse/pinkbot/install/minibot_controllers:/home/hanse/pinkbot/install/minibot_interfaces:/home/hanse/pinkbot/install/minibot_hardware_interface:/home/hanse/pinkbot/install/minibot_bringup:/home/hanse/pinkbot/install/minibot_gazebo:/opt/ros/humble /home/hanse/.local/bin/cmake --install /home/hanse/pinkbot/build/minibot_gazebo
[2.463s] Level 1:colcon.colcon_core.environment:checking '/home/hanse/pinkbot/install/minibot_gazebo' for CMake module files
[2.464s] Level 1:colcon.colcon_core.environment:checking '/home/hanse/pinkbot/install/minibot_gazebo' for CMake config files
[2.464s] Level 1:colcon.colcon_core.shell:create_environment_hook('minibot_gazebo', 'cmake_prefix_path')
[2.487s] INFO:colcon.colcon_core.shell:Creating environment hook '/home/hanse/pinkbot/install/minibot_gazebo/share/minibot_gazebo/hook/cmake_prefix_path.ps1'
[2.488s] INFO:colcon.colcon_core.shell:Creating environment descriptor '/home/hanse/pinkbot/install/minibot_gazebo/share/minibot_gazebo/hook/cmake_prefix_path.dsv'
[2.488s] INFO:colcon.colcon_core.shell:Creating environment hook '/home/hanse/pinkbot/install/minibot_gazebo/share/minibot_gazebo/hook/cmake_prefix_path.sh'
[2.489s] Level 1:colcon.colcon_core.environment:checking '/home/hanse/pinkbot/install/minibot_gazebo/bin'
[2.489s] Level 1:colcon.colcon_core.environment:checking '/home/hanse/pinkbot/install/minibot_gazebo/lib/pkgconfig/minibot_gazebo.pc'
[2.489s] Level 1:colcon.colcon_core.environment:checking '/home/hanse/pinkbot/install/minibot_gazebo/lib/python3.10/site-packages'
[2.489s] Level 1:colcon.colcon_core.environment:checking '/home/hanse/pinkbot/install/minibot_gazebo/bin'
[2.511s] INFO:colcon.colcon_core.shell:Creating package script '/home/hanse/pinkbot/install/minibot_gazebo/share/minibot_gazebo/package.ps1'
[2.511s] INFO:colcon.colcon_core.shell:Creating package descriptor '/home/hanse/pinkbot/install/minibot_gazebo/share/minibot_gazebo/package.dsv'
[2.512s] INFO:colcon.colcon_core.shell:Creating package script '/home/hanse/pinkbot/install/minibot_gazebo/share/minibot_gazebo/package.sh'
[2.512s] INFO:colcon.colcon_core.shell:Creating package script '/home/hanse/pinkbot/install/minibot_gazebo/share/minibot_gazebo/package.bash'
[2.512s] INFO:colcon.colcon_core.shell:Creating package script '/home/hanse/pinkbot/install/minibot_gazebo/share/minibot_gazebo/package.zsh'
[2.513s] Level 1:colcon.colcon_core.environment:create_file_with_runtime_dependencies(/home/hanse/pinkbot/install/minibot_gazebo/share/colcon-core/packages/minibot_gazebo)
[2.514s] Level 1:colcon.colcon_core.environment:create_environment_scripts_only(minibot_interfaces)
[2.514s] DEBUG:colcon.colcon_core.event_handler.log_command:Invoked command in '/home/hanse/pinkbot/build/minibot_interfaces' returned '0': CMAKE_PREFIX_PATH=${CMAKE_PREFIX_PATH}:/opt/ros/humble /home/hanse/.local/bin/cmake --install /home/hanse/pinkbot/build/minibot_interfaces
[2.537s] Level 1:colcon.colcon_core.environment:checking '/home/hanse/pinkbot/install/minibot_interfaces' for CMake module files
[2.537s] Level 1:colcon.colcon_core.environment:checking '/home/hanse/pinkbot/install/minibot_interfaces' for CMake config files
[2.538s] Level 1:colcon.colcon_core.shell:create_environment_hook('minibot_interfaces', 'cmake_prefix_path')
[2.560s] INFO:colcon.colcon_core.shell:Creating environment hook '/home/hanse/pinkbot/install/minibot_interfaces/share/minibot_interfaces/hook/cmake_prefix_path.ps1'
[2.561s] INFO:colcon.colcon_core.shell:Creating environment descriptor '/home/hanse/pinkbot/install/minibot_interfaces/share/minibot_interfaces/hook/cmake_prefix_path.dsv'
[2.561s] INFO:colcon.colcon_core.shell:Creating environment hook '/home/hanse/pinkbot/install/minibot_interfaces/share/minibot_interfaces/hook/cmake_prefix_path.sh'
[2.562s] Level 1:colcon.colcon_core.environment:checking '/home/hanse/pinkbot/install/minibot_interfaces/lib'
[2.562s] Level 1:colcon.colcon_core.shell:create_environment_hook('minibot_interfaces', 'ld_library_path_lib')
[2.579s] INFO:colcon.colcon_core.shell:Creating environment hook '/home/hanse/pinkbot/install/minibot_interfaces/share/minibot_interfaces/hook/ld_library_path_lib.ps1'
[2.579s] INFO:colcon.colcon_core.shell:Creating environment descriptor '/home/hanse/pinkbot/install/minibot_interfaces/share/minibot_interfaces/hook/ld_library_path_lib.dsv'
[2.580s] INFO:colcon.colcon_core.shell:Creating environment hook '/home/hanse/pinkbot/install/minibot_interfaces/share/minibot_interfaces/hook/ld_library_path_lib.sh'
[2.580s] Level 1:colcon.colcon_core.environment:checking '/home/hanse/pinkbot/install/minibot_interfaces/bin'
[2.580s] Level 1:colcon.colcon_core.environment:checking '/home/hanse/pinkbot/install/minibot_interfaces/lib/pkgconfig/minibot_interfaces.pc'
[2.580s] Level 1:colcon.colcon_core.environment:checking '/home/hanse/pinkbot/install/minibot_interfaces/lib/python3.10/site-packages'
[2.580s] Level 1:colcon.colcon_core.environment:checking '/home/hanse/pinkbot/install/minibot_interfaces/bin'
[2.594s] INFO:colcon.colcon_core.shell:Creating package script '/home/hanse/pinkbot/install/minibot_interfaces/share/minibot_interfaces/package.ps1'
[2.595s] INFO:colcon.colcon_core.shell:Creating package descriptor '/home/hanse/pinkbot/install/minibot_interfaces/share/minibot_interfaces/package.dsv'
[2.595s] INFO:colcon.colcon_core.shell:Creating package script '/home/hanse/pinkbot/install/minibot_interfaces/share/minibot_interfaces/package.sh'
[2.595s] INFO:colcon.colcon_core.shell:Creating package script '/home/hanse/pinkbot/install/minibot_interfaces/share/minibot_interfaces/package.bash'
[2.596s] INFO:colcon.colcon_core.shell:Creating package script '/home/hanse/pinkbot/install/minibot_interfaces/share/minibot_interfaces/package.zsh'
[2.596s] Level 1:colcon.colcon_core.environment:create_file_with_runtime_dependencies(/home/hanse/pinkbot/install/minibot_interfaces/share/colcon-core/packages/minibot_interfaces)
[2.611s] Level 1:colcon.colcon_core.environment:create_environment_scripts_only(minibot_gazebo)
[2.625s] Level 1:colcon.colcon_core.environment:checking '/home/hanse/pinkbot/install/minibot_gazebo' for CMake module files
[2.625s] Level 1:colcon.colcon_core.environment:checking '/home/hanse/pinkbot/install/minibot_gazebo' for CMake config files
[2.626s] Level 1:colcon.colcon_core.shell:create_environment_hook('minibot_gazebo', 'cmake_prefix_path')
[2.641s] INFO:colcon.colcon_core.shell:Creating environment hook '/home/hanse/pinkbot/install/minibot_gazebo/share/minibot_gazebo/hook/cmake_prefix_path.ps1'
[2.641s] INFO:colcon.colcon_core.shell:Creating environment descriptor '/home/hanse/pinkbot/install/minibot_gazebo/share/minibot_gazebo/hook/cmake_prefix_path.dsv'
[2.642s] INFO:colcon.colcon_core.shell:Creating environment hook '/home/hanse/pinkbot/install/minibot_gazebo/share/minibot_gazebo/hook/cmake_prefix_path.sh'
[2.642s] Level 1:colcon.colcon_core.environment:checking '/home/hanse/pinkbot/install/minibot_gazebo/bin'
[2.642s] Level 1:colcon.colcon_core.environment:checking '/home/hanse/pinkbot/install/minibot_gazebo/lib/pkgconfig/minibot_gazebo.pc'
[2.643s] Level 1:colcon.colcon_core.environment:checking '/home/hanse/pinkbot/install/minibot_gazebo/lib/python3.10/site-packages'
[2.643s] Level 1:colcon.colcon_core.environment:checking '/home/hanse/pinkbot/install/minibot_gazebo/bin'
[2.656s] INFO:colcon.colcon_core.shell:Creating package script '/home/hanse/pinkbot/install/minibot_gazebo/share/minibot_gazebo/package.ps1'
[2.657s] INFO:colcon.colcon_core.shell:Creating package descriptor '/home/hanse/pinkbot/install/minibot_gazebo/share/minibot_gazebo/package.dsv'
[2.657s] INFO:colcon.colcon_core.shell:Creating package script '/home/hanse/pinkbot/install/minibot_gazebo/share/minibot_gazebo/package.sh'
[2.657s] INFO:colcon.colcon_core.shell:Creating package script '/home/hanse/pinkbot/install/minibot_gazebo/share/minibot_gazebo/package.bash'
[2.657s] INFO:colcon.colcon_core.shell:Creating package script '/home/hanse/pinkbot/install/minibot_gazebo/share/minibot_gazebo/package.zsh'
[2.658s] Level 1:colcon.colcon_core.environment:create_file_with_runtime_dependencies(/home/hanse/pinkbot/install/minibot_gazebo/share/colcon-core/packages/minibot_gazebo)
[2.658s] INFO:colcon.colcon_ros.task.ament_cmake.build:Building ROS package in '/home/hanse/pinkbot/src/pinklab_minibot_robot/minibot_bringup' with build type 'ament_cmake'
[2.658s] INFO:colcon.colcon_cmake.task.cmake.build:Building CMake package in '/home/hanse/pinkbot/src/pinklab_minibot_robot/minibot_bringup'
[2.675s] INFO:colcon.colcon_core.shell:Skip shell extension 'powershell' for command environment: Not usable outside of PowerShell
[2.675s] DEBUG:colcon.colcon_core.shell:Skip shell extension 'dsv' for command environment
[2.733s] Level 1:colcon.colcon_core.environment:create_environment_scripts_only(minibot_interfaces)
[2.747s] Level 1:colcon.colcon_core.environment:checking '/home/hanse/pinkbot/install/minibot_interfaces' for CMake module files
[2.747s] Level 1:colcon.colcon_core.environment:checking '/home/hanse/pinkbot/install/minibot_interfaces' for CMake config files
[2.748s] Level 1:colcon.colcon_core.shell:create_environment_hook('minibot_interfaces', 'cmake_prefix_path')
[2.762s] INFO:colcon.colcon_core.shell:Creating environment hook '/home/hanse/pinkbot/install/minibot_interfaces/share/minibot_interfaces/hook/cmake_prefix_path.ps1'
[2.763s] INFO:colcon.colcon_core.shell:Creating environment descriptor '/home/hanse/pinkbot/install/minibot_interfaces/share/minibot_interfaces/hook/cmake_prefix_path.dsv'
[2.763s] INFO:colcon.colcon_core.shell:Creating environment hook '/home/hanse/pinkbot/install/minibot_interfaces/share/minibot_interfaces/hook/cmake_prefix_path.sh'
[2.764s] Level 1:colcon.colcon_core.environment:checking '/home/hanse/pinkbot/install/minibot_interfaces/lib'
[2.764s] Level 1:colcon.colcon_core.shell:create_environment_hook('minibot_interfaces', 'ld_library_path_lib')
[2.779s] INFO:colcon.colcon_core.shell:Creating environment hook '/home/hanse/pinkbot/install/minibot_interfaces/share/minibot_interfaces/hook/ld_library_path_lib.ps1'
[2.779s] INFO:colcon.colcon_core.shell:Creating environment descriptor '/home/hanse/pinkbot/install/minibot_interfaces/share/minibot_interfaces/hook/ld_library_path_lib.dsv'
[2.779s] INFO:colcon.colcon_core.shell:Creating environment hook '/home/hanse/pinkbot/install/minibot_interfaces/share/minibot_interfaces/hook/ld_library_path_lib.sh'
[2.779s] Level 1:colcon.colcon_core.environment:checking '/home/hanse/pinkbot/install/minibot_interfaces/bin'
[2.779s] Level 1:colcon.colcon_core.environment:checking '/home/hanse/pinkbot/install/minibot_interfaces/lib/pkgconfig/minibot_interfaces.pc'
[2.780s] Level 1:colcon.colcon_core.environment:checking '/home/hanse/pinkbot/install/minibot_interfaces/lib/python3.10/site-packages'
[2.780s] Level 1:colcon.colcon_core.environment:checking '/home/hanse/pinkbot/install/minibot_interfaces/bin'
[2.794s] INFO:colcon.colcon_core.shell:Creating package script '/home/hanse/pinkbot/install/minibot_interfaces/share/minibot_interfaces/package.ps1'
[2.794s] INFO:colcon.colcon_core.shell:Creating package descriptor '/home/hanse/pinkbot/install/minibot_interfaces/share/minibot_interfaces/package.dsv'
[2.795s] INFO:colcon.colcon_core.shell:Creating package script '/home/hanse/pinkbot/install/minibot_interfaces/share/minibot_interfaces/package.sh'
[2.795s] INFO:colcon.colcon_core.shell:Creating package script '/home/hanse/pinkbot/install/minibot_interfaces/share/minibot_interfaces/package.bash'
[2.796s] INFO:colcon.colcon_core.shell:Creating package script '/home/hanse/pinkbot/install/minibot_interfaces/share/minibot_interfaces/package.zsh'
[2.796s] Level 1:colcon.colcon_core.environment:create_file_with_runtime_dependencies(/home/hanse/pinkbot/install/minibot_interfaces/share/colcon-core/packages/minibot_interfaces)
[2.797s] INFO:colcon.colcon_ros.task.ament_cmake.build:Building ROS package in '/home/hanse/pinkbot/src/pinklab_minibot_robot/minibot_controllers' with build type 'ament_cmake'
[2.797s] INFO:colcon.colcon_cmake.task.cmake.build:Building CMake package in '/home/hanse/pinkbot/src/pinklab_minibot_robot/minibot_controllers'
[2.814s] INFO:colcon.colcon_core.shell:Skip shell extension 'powershell' for command environment: Not usable outside of PowerShell
[2.814s] DEBUG:colcon.colcon_core.shell:Skip shell extension 'dsv' for command environment
[2.866s] DEBUG:colcon.colcon_core.event_handler.log_command:Invoking command in '/home/hanse/pinkbot/build/minibot_bringup': CMAKE_PREFIX_PATH=/home/hanse/pinkbot/install/minibot_gazebo:/home/hanse/pinkbot/install/minibot_description:/home/hanse/pinkbot/install/minibot_navigation2:/home/hanse/pinkbot/install/minibot_controllers:/home/hanse/pinkbot/install/minibot_interfaces:/home/hanse/pinkbot/install/minibot_hardware_interface:/home/hanse/pinkbot/install/minibot_bringup:/opt/ros/humble /home/hanse/.local/bin/cmake --build /home/hanse/pinkbot/build/minibot_bringup -- -j8 -l8
[2.868s] DEBUG:colcon.colcon_core.event_handler.log_command:Invoking command in '/home/hanse/pinkbot/build/minibot_controllers': CMAKE_PREFIX_PATH=/home/hanse/pinkbot/install/minibot_interfaces:/home/hanse/pinkbot/install/minibot_navigation2:/home/hanse/pinkbot/install/minibot_controllers:/home/hanse/pinkbot/install/minibot_hardware_interface:/home/hanse/pinkbot/install/minibot_bringup:/home/hanse/pinkbot/install/minibot_gazebo:/home/hanse/pinkbot/install/minibot_description:/opt/ros/humble LD_LIBRARY_PATH=/home/hanse/pinkbot/install/minibot_interfaces/lib:/home/hanse/pinkbot/install/minibot_controllers/lib:/home/hanse/pinkbot/install/minibot_hardware_interface/lib:/usr/lib/x86_64-linux-gnu/gazebo-11/plugins:/opt/ros/humble/opt/rviz_ogre_vendor/lib:/opt/ros/humble/lib/x86_64-linux-gnu:/opt/ros/humble/lib:/usr/local/cuda-11.7/lib64:/usr/local/cuda-11.7/lib64/ /home/hanse/.local/bin/cmake --build /home/hanse/pinkbot/build/minibot_controllers -- -j8 -l8
[2.919s] DEBUG:colcon.colcon_core.event_handler.log_command:Invoked command in '/home/hanse/pinkbot/build/minibot_bringup' returned '0': CMAKE_PREFIX_PATH=/home/hanse/pinkbot/install/minibot_gazebo:/home/hanse/pinkbot/install/minibot_description:/home/hanse/pinkbot/install/minibot_navigation2:/home/hanse/pinkbot/install/minibot_controllers:/home/hanse/pinkbot/install/minibot_interfaces:/home/hanse/pinkbot/install/minibot_hardware_interface:/home/hanse/pinkbot/install/minibot_bringup:/opt/ros/humble /home/hanse/.local/bin/cmake --build /home/hanse/pinkbot/build/minibot_bringup -- -j8 -l8
[2.947s] DEBUG:colcon.colcon_core.event_handler.log_command:Invoked command in '/home/hanse/pinkbot/build/minibot_controllers' returned '0': CMAKE_PREFIX_PATH=/home/hanse/pinkbot/install/minibot_interfaces:/home/hanse/pinkbot/install/minibot_navigation2:/home/hanse/pinkbot/install/minibot_controllers:/home/hanse/pinkbot/install/minibot_hardware_interface:/home/hanse/pinkbot/install/minibot_bringup:/home/hanse/pinkbot/install/minibot_gazebo:/home/hanse/pinkbot/install/minibot_description:/opt/ros/humble LD_LIBRARY_PATH=/home/hanse/pinkbot/install/minibot_interfaces/lib:/home/hanse/pinkbot/install/minibot_controllers/lib:/home/hanse/pinkbot/install/minibot_hardware_interface/lib:/usr/lib/x86_64-linux-gnu/gazebo-11/plugins:/opt/ros/humble/opt/rviz_ogre_vendor/lib:/opt/ros/humble/lib/x86_64-linux-gnu:/opt/ros/humble/lib:/usr/local/cuda-11.7/lib64:/usr/local/cuda-11.7/lib64/ /home/hanse/.local/bin/cmake --build /home/hanse/pinkbot/build/minibot_controllers -- -j8 -l8
[2.964s] DEBUG:colcon.colcon_core.event_handler.log_command:Invoking command in '/home/hanse/pinkbot/build/minibot_bringup': CMAKE_PREFIX_PATH=/home/hanse/pinkbot/install/minibot_gazebo:/home/hanse/pinkbot/install/minibot_description:/home/hanse/pinkbot/install/minibot_navigation2:/home/hanse/pinkbot/install/minibot_controllers:/home/hanse/pinkbot/install/minibot_interfaces:/home/hanse/pinkbot/install/minibot_hardware_interface:/home/hanse/pinkbot/install/minibot_bringup:/opt/ros/humble /home/hanse/.local/bin/cmake --install /home/hanse/pinkbot/build/minibot_bringup
[2.998s] Level 1:colcon.colcon_core.environment:create_environment_scripts_only(minibot_bringup)
[3.000s] DEBUG:colcon.colcon_core.event_handler.log_command:Invoked command in '/home/hanse/pinkbot/build/minibot_bringup' returned '0': CMAKE_PREFIX_PATH=/home/hanse/pinkbot/install/minibot_gazebo:/home/hanse/pinkbot/install/minibot_description:/home/hanse/pinkbot/install/minibot_navigation2:/home/hanse/pinkbot/install/minibot_controllers:/home/hanse/pinkbot/install/minibot_interfaces:/home/hanse/pinkbot/install/minibot_hardware_interface:/home/hanse/pinkbot/install/minibot_bringup:/opt/ros/humble /home/hanse/.local/bin/cmake --install /home/hanse/pinkbot/build/minibot_bringup
[3.020s] Level 1:colcon.colcon_core.environment:checking '/home/hanse/pinkbot/install/minibot_bringup' for CMake module files
[3.021s] Level 1:colcon.colcon_core.environment:checking '/home/hanse/pinkbot/install/minibot_bringup' for CMake config files
[3.022s] Level 1:colcon.colcon_core.shell:create_environment_hook('minibot_bringup', 'cmake_prefix_path')
[3.044s] INFO:colcon.colcon_core.shell:Creating environment hook '/home/hanse/pinkbot/install/minibot_bringup/share/minibot_bringup/hook/cmake_prefix_path.ps1'
[3.045s] INFO:colcon.colcon_core.shell:Creating environment descriptor '/home/hanse/pinkbot/install/minibot_bringup/share/minibot_bringup/hook/cmake_prefix_path.dsv'
[3.045s] INFO:colcon.colcon_core.shell:Creating environment hook '/home/hanse/pinkbot/install/minibot_bringup/share/minibot_bringup/hook/cmake_prefix_path.sh'
[3.046s] Level 1:colcon.colcon_core.environment:checking '/home/hanse/pinkbot/install/minibot_bringup/bin'
[3.046s] Level 1:colcon.colcon_core.environment:checking '/home/hanse/pinkbot/install/minibot_bringup/lib/pkgconfig/minibot_bringup.pc'
[3.046s] Level 1:colcon.colcon_core.environment:checking '/home/hanse/pinkbot/install/minibot_bringup/lib/python3.10/site-packages'
[3.047s] Level 1:colcon.colcon_core.environment:checking '/home/hanse/pinkbot/install/minibot_bringup/bin'
[3.070s] INFO:colcon.colcon_core.shell:Creating package script '/home/hanse/pinkbot/install/minibot_bringup/share/minibot_bringup/package.ps1'
[3.071s] INFO:colcon.colcon_core.shell:Creating package descriptor '/home/hanse/pinkbot/install/minibot_bringup/share/minibot_bringup/package.dsv'
[3.072s] INFO:colcon.colcon_core.shell:Creating package script '/home/hanse/pinkbot/install/minibot_bringup/share/minibot_bringup/package.sh'
[3.073s] INFO:colcon.colcon_core.shell:Creating package script '/home/hanse/pinkbot/install/minibot_bringup/share/minibot_bringup/package.bash'
[3.073s] INFO:colcon.colcon_core.shell:Creating package script '/home/hanse/pinkbot/install/minibot_bringup/share/minibot_bringup/package.zsh'
[3.077s] Level 1:colcon.colcon_core.environment:create_file_with_runtime_dependencies(/home/hanse/pinkbot/install/minibot_bringup/share/colcon-core/packages/minibot_bringup)
[3.110s] DEBUG:colcon.colcon_core.event_handler.log_command:Invoking command in '/home/hanse/pinkbot/build/minibot_controllers': CMAKE_PREFIX_PATH=/home/hanse/pinkbot/install/minibot_interfaces:/home/hanse/pinkbot/install/minibot_navigation2:/home/hanse/pinkbot/install/minibot_controllers:/home/hanse/pinkbot/install/minibot_hardware_interface:/home/hanse/pinkbot/install/minibot_bringup:/home/hanse/pinkbot/install/minibot_gazebo:/home/hanse/pinkbot/install/minibot_description:/opt/ros/humble LD_LIBRARY_PATH=/home/hanse/pinkbot/install/minibot_interfaces/lib:/home/hanse/pinkbot/install/minibot_controllers/lib:/home/hanse/pinkbot/install/minibot_hardware_interface/lib:/usr/lib/x86_64-linux-gnu/gazebo-11/plugins:/opt/ros/humble/opt/rviz_ogre_vendor/lib:/opt/ros/humble/lib/x86_64-linux-gnu:/opt/ros/humble/lib:/usr/local/cuda-11.7/lib64:/usr/local/cuda-11.7/lib64/ /home/hanse/.local/bin/cmake --install /home/hanse/pinkbot/build/minibot_controllers
[3.174s] Level 1:colcon.colcon_core.environment:create_environment_scripts_only(minibot_bringup)
[3.196s] Level 1:colcon.colcon_core.environment:checking '/home/hanse/pinkbot/install/minibot_bringup' for CMake module files
[3.196s] Level 1:colcon.colcon_core.environment:checking '/home/hanse/pinkbot/install/minibot_bringup' for CMake config files
[3.197s] Level 1:colcon.colcon_core.shell:create_environment_hook('minibot_bringup', 'cmake_prefix_path')
[3.217s] INFO:colcon.colcon_core.shell:Creating environment hook '/home/hanse/pinkbot/install/minibot_bringup/share/minibot_bringup/hook/cmake_prefix_path.ps1'
[3.218s] INFO:colcon.colcon_core.shell:Creating environment descriptor '/home/hanse/pinkbot/install/minibot_bringup/share/minibot_bringup/hook/cmake_prefix_path.dsv'
[3.219s] INFO:colcon.colcon_core.shell:Creating environment hook '/home/hanse/pinkbot/install/minibot_bringup/share/minibot_bringup/hook/cmake_prefix_path.sh'
[3.220s] Level 1:colcon.colcon_core.environment:checking '/home/hanse/pinkbot/install/minibot_bringup/bin'
[3.220s] Level 1:colcon.colcon_core.environment:checking '/home/hanse/pinkbot/install/minibot_bringup/lib/pkgconfig/minibot_bringup.pc'
[3.220s] Level 1:colcon.colcon_core.environment:checking '/home/hanse/pinkbot/install/minibot_bringup/lib/python3.10/site-packages'
[3.220s] Level 1:colcon.colcon_core.environment:checking '/home/hanse/pinkbot/install/minibot_bringup/bin'
[3.238s] INFO:colcon.colcon_core.shell:Creating package script '/home/hanse/pinkbot/install/minibot_bringup/share/minibot_bringup/package.ps1'
[3.239s] INFO:colcon.colcon_core.shell:Creating package descriptor '/home/hanse/pinkbot/install/minibot_bringup/share/minibot_bringup/package.dsv'
[3.240s] INFO:colcon.colcon_core.shell:Creating package script '/home/hanse/pinkbot/install/minibot_bringup/share/minibot_bringup/package.sh'
[3.240s] INFO:colcon.colcon_core.shell:Creating package script '/home/hanse/pinkbot/install/minibot_bringup/share/minibot_bringup/package.bash'
[3.241s] INFO:colcon.colcon_core.shell:Creating package script '/home/hanse/pinkbot/install/minibot_bringup/share/minibot_bringup/package.zsh'
[3.241s] Level 1:colcon.colcon_core.environment:create_file_with_runtime_dependencies(/home/hanse/pinkbot/install/minibot_bringup/share/colcon-core/packages/minibot_bringup)
[3.242s] Level 1:colcon.colcon_core.environment:create_environment_scripts_only(minibot_controllers)
[3.243s] DEBUG:colcon.colcon_core.event_handler.log_command:Invoked command in '/home/hanse/pinkbot/build/minibot_controllers' returned '0': CMAKE_PREFIX_PATH=/home/hanse/pinkbot/install/minibot_interfaces:/home/hanse/pinkbot/install/minibot_navigation2:/home/hanse/pinkbot/install/minibot_controllers:/home/hanse/pinkbot/install/minibot_hardware_interface:/home/hanse/pinkbot/install/minibot_bringup:/home/hanse/pinkbot/install/minibot_gazebo:/home/hanse/pinkbot/install/minibot_description:/opt/ros/humble LD_LIBRARY_PATH=/home/hanse/pinkbot/install/minibot_interfaces/lib:/home/hanse/pinkbot/install/minibot_controllers/lib:/home/hanse/pinkbot/install/minibot_hardware_interface/lib:/usr/lib/x86_64-linux-gnu/gazebo-11/plugins:/opt/ros/humble/opt/rviz_ogre_vendor/lib:/opt/ros/humble/lib/x86_64-linux-gnu:/opt/ros/humble/lib:/usr/local/cuda-11.7/lib64:/usr/local/cuda-11.7/lib64/ /home/hanse/.local/bin/cmake --install /home/hanse/pinkbot/build/minibot_controllers
[3.261s] Level 1:colcon.colcon_core.environment:checking '/home/hanse/pinkbot/install/minibot_controllers' for CMake module files
[3.261s] Level 1:colcon.colcon_core.environment:checking '/home/hanse/pinkbot/install/minibot_controllers' for CMake config files
[3.262s] Level 1:colcon.colcon_core.shell:create_environment_hook('minibot_controllers', 'cmake_prefix_path')
[3.281s] INFO:colcon.colcon_core.shell:Creating environment hook '/home/hanse/pinkbot/install/minibot_controllers/share/minibot_controllers/hook/cmake_prefix_path.ps1'
[3.282s] INFO:colcon.colcon_core.shell:Creating environment descriptor '/home/hanse/pinkbot/install/minibot_controllers/share/minibot_controllers/hook/cmake_prefix_path.dsv'
[3.282s] INFO:colcon.colcon_core.shell:Creating environment hook '/home/hanse/pinkbot/install/minibot_controllers/share/minibot_controllers/hook/cmake_prefix_path.sh'
[3.283s] Level 1:colcon.colcon_core.environment:checking '/home/hanse/pinkbot/install/minibot_controllers/lib'
[3.283s] Level 1:colcon.colcon_core.shell:create_environment_hook('minibot_controllers', 'ld_library_path_lib')
[3.310s] INFO:colcon.colcon_core.shell:Creating environment hook '/home/hanse/pinkbot/install/minibot_controllers/share/minibot_controllers/hook/ld_library_path_lib.ps1'
[3.311s] INFO:colcon.colcon_core.shell:Creating environment descriptor '/home/hanse/pinkbot/install/minibot_controllers/share/minibot_controllers/hook/ld_library_path_lib.dsv'
[3.311s] INFO:colcon.colcon_core.shell:Creating environment hook '/home/hanse/pinkbot/install/minibot_controllers/share/minibot_controllers/hook/ld_library_path_lib.sh'
[3.312s] Level 1:colcon.colcon_core.environment:checking '/home/hanse/pinkbot/install/minibot_controllers/bin'
[3.312s] Level 1:colcon.colcon_core.environment:checking '/home/hanse/pinkbot/install/minibot_controllers/lib/pkgconfig/minibot_controllers.pc'
[3.312s] Level 1:colcon.colcon_core.environment:checking '/home/hanse/pinkbot/install/minibot_controllers/lib/python3.10/site-packages'
[3.312s] Level 1:colcon.colcon_core.environment:checking '/home/hanse/pinkbot/install/minibot_controllers/bin'
[3.338s] INFO:colcon.colcon_core.shell:Creating package script '/home/hanse/pinkbot/install/minibot_controllers/share/minibot_controllers/package.ps1'
[3.339s] INFO:colcon.colcon_core.shell:Creating package descriptor '/home/hanse/pinkbot/install/minibot_controllers/share/minibot_controllers/package.dsv'
[3.339s] INFO:colcon.colcon_core.shell:Creating package script '/home/hanse/pinkbot/install/minibot_controllers/share/minibot_controllers/package.sh'
[3.340s] INFO:colcon.colcon_core.shell:Creating package script '/home/hanse/pinkbot/install/minibot_controllers/share/minibot_controllers/package.bash'
[3.340s] INFO:colcon.colcon_core.shell:Creating package script '/home/hanse/pinkbot/install/minibot_controllers/share/minibot_controllers/package.zsh'
[3.340s] Level 1:colcon.colcon_core.environment:create_file_with_runtime_dependencies(/home/hanse/pinkbot/install/minibot_controllers/share/colcon-core/packages/minibot_controllers)
[3.410s] Level 1:colcon.colcon_core.environment:create_environment_scripts_only(minibot_controllers)
[3.433s] Level 1:colcon.colcon_core.environment:checking '/home/hanse/pinkbot/install/minibot_controllers' for CMake module files
[3.433s] Level 1:colcon.colcon_core.environment:checking '/home/hanse/pinkbot/install/minibot_controllers' for CMake config files
[3.434s] Level 1:colcon.colcon_core.shell:create_environment_hook('minibot_controllers', 'cmake_prefix_path')
[3.456s] INFO:colcon.colcon_core.shell:Creating environment hook '/home/hanse/pinkbot/install/minibot_controllers/share/minibot_controllers/hook/cmake_prefix_path.ps1'
[3.457s] INFO:colcon.colcon_core.shell:Creating environment descriptor '/home/hanse/pinkbot/install/minibot_controllers/share/minibot_controllers/hook/cmake_prefix_path.dsv'
[3.457s] INFO:colcon.colcon_core.shell:Creating environment hook '/home/hanse/pinkbot/install/minibot_controllers/share/minibot_controllers/hook/cmake_prefix_path.sh'
[3.458s] Level 1:colcon.colcon_core.environment:checking '/home/hanse/pinkbot/install/minibot_controllers/lib'
[3.458s] Level 1:colcon.colcon_core.shell:create_environment_hook('minibot_controllers', 'ld_library_path_lib')
[3.481s] INFO:colcon.colcon_core.shell:Creating environment hook '/home/hanse/pinkbot/install/minibot_controllers/share/minibot_controllers/hook/ld_library_path_lib.ps1'
[3.482s] INFO:colcon.colcon_core.shell:Creating environment descriptor '/home/hanse/pinkbot/install/minibot_controllers/share/minibot_controllers/hook/ld_library_path_lib.dsv'
[3.482s] INFO:colcon.colcon_core.shell:Creating environment hook '/home/hanse/pinkbot/install/minibot_controllers/share/minibot_controllers/hook/ld_library_path_lib.sh'
[3.482s] Level 1:colcon.colcon_core.environment:checking '/home/hanse/pinkbot/install/minibot_controllers/bin'
[3.482s] Level 1:colcon.colcon_core.environment:checking '/home/hanse/pinkbot/install/minibot_controllers/lib/pkgconfig/minibot_controllers.pc'
[3.482s] Level 1:colcon.colcon_core.environment:checking '/home/hanse/pinkbot/install/minibot_controllers/lib/python3.10/site-packages'
[3.483s] Level 1:colcon.colcon_core.environment:checking '/home/hanse/pinkbot/install/minibot_controllers/bin'
[3.500s] INFO:colcon.colcon_core.shell:Creating package script '/home/hanse/pinkbot/install/minibot_controllers/share/minibot_controllers/package.ps1'
[3.500s] INFO:colcon.colcon_core.shell:Creating package descriptor '/home/hanse/pinkbot/install/minibot_controllers/share/minibot_controllers/package.dsv'
[3.502s] INFO:colcon.colcon_core.shell:Creating package script '/home/hanse/pinkbot/install/minibot_controllers/share/minibot_controllers/package.sh'
[3.503s] INFO:colcon.colcon_core.shell:Creating package script '/home/hanse/pinkbot/install/minibot_controllers/share/minibot_controllers/package.bash'
[3.504s] INFO:colcon.colcon_core.shell:Creating package script '/home/hanse/pinkbot/install/minibot_controllers/share/minibot_controllers/package.zsh'
[3.505s] Level 1:colcon.colcon_core.environment:create_file_with_runtime_dependencies(/home/hanse/pinkbot/install/minibot_controllers/share/colcon-core/packages/minibot_controllers)
[3.505s] DEBUG:colcon.colcon_parallel_executor.executor.parallel:closing loop
[3.506s] DEBUG:colcon.colcon_parallel_executor.executor.parallel:loop closed
[3.506s] DEBUG:colcon.colcon_parallel_executor.executor.parallel:run_until_complete finished with '0'
[3.506s] DEBUG:colcon.colcon_core.event_reactor:joining thread
[3.537s] INFO:colcon.colcon_core.plugin_system:Skipping extension 'colcon_notification.desktop_notification.terminal_notifier': Not used on non-Darwin systems
[3.537s] INFO:colcon.colcon_core.plugin_system:Skipping extension 'colcon_notification.desktop_notification.win32': Not used on non-Windows systems
[3.537s] INFO:colcon.colcon_notification.desktop_notification:Sending desktop notification using 'notify2'
[3.552s] DEBUG:colcon.colcon_core.event_reactor:joined thread
[3.575s] INFO:colcon.colcon_core.shell:Creating prefix script '/home/hanse/pinkbot/install/local_setup.ps1'
[3.576s] INFO:colcon.colcon_core.shell:Creating prefix util module '/home/hanse/pinkbot/install/_local_setup_util_ps1.py'
[3.577s] INFO:colcon.colcon_core.shell:Creating prefix chain script '/home/hanse/pinkbot/install/setup.ps1'
[3.595s] INFO:colcon.colcon_core.shell:Creating prefix script '/home/hanse/pinkbot/install/local_setup.sh'
[3.596s] INFO:colcon.colcon_core.shell:Creating prefix util module '/home/hanse/pinkbot/install/_local_setup_util_sh.py'
[3.597s] INFO:colcon.colcon_core.shell:Creating prefix chain script '/home/hanse/pinkbot/install/setup.sh'
[3.621s] INFO:colcon.colcon_core.shell:Creating prefix script '/home/hanse/pinkbot/install/local_setup.bash'
[3.622s] INFO:colcon.colcon_core.shell:Creating prefix chain script '/home/hanse/pinkbot/install/setup.bash'
[3.648s] INFO:colcon.colcon_core.shell:Creating prefix script '/home/hanse/pinkbot/install/local_setup.zsh'
[3.649s] INFO:colcon.colcon_core.shell:Creating prefix chain script '/home/hanse/pinkbot/install/setup.zsh'
