[0.071s] Invoking command in '/home/hanse/pinkbot/build/minibot_controllers': CMAKE_PREFIX_PATH=/home/hanse/pinkbot/install/minibot_interfaces:/home/hanse/pinkbot/install/minibot_navigation2:/home/hanse/pinkbot/install/minibot_controllers:/home/hanse/pinkbot/install/minibot_hardware_interface:/home/hanse/pinkbot/install/minibot_bringup:/home/hanse/pinkbot/install/minibot_gazebo:/home/hanse/pinkbot/install/minibot_description:/opt/ros/humble LD_LIBRARY_PATH=/home/hanse/pinkbot/install/minibot_interfaces/lib:/home/hanse/pinkbot/install/minibot_controllers/lib:/home/hanse/pinkbot/install/minibot_hardware_interface/lib:/usr/lib/x86_64-linux-gnu/gazebo-11/plugins:/opt/ros/humble/opt/rviz_ogre_vendor/lib:/opt/ros/humble/lib/x86_64-linux-gnu:/opt/ros/humble/lib:/usr/local/cuda-11.7/lib64:/usr/local/cuda-11.7/lib64/ /home/hanse/.local/bin/cmake --build /home/hanse/pinkbot/build/minibot_controllers -- -j8 -l8
[0.134s] [100%] Built target minibot_controllers
[0.149s] Invoked command in '/home/hanse/pinkbot/build/minibot_controllers' returned '0': CMAKE_PREFIX_PATH=/home/hanse/pinkbot/install/minibot_interfaces:/home/hanse/pinkbot/install/minibot_navigation2:/home/hanse/pinkbot/install/minibot_controllers:/home/hanse/pinkbot/install/minibot_hardware_interface:/home/hanse/pinkbot/install/minibot_bringup:/home/hanse/pinkbot/install/minibot_gazebo:/home/hanse/pinkbot/install/minibot_description:/opt/ros/humble LD_LIBRARY_PATH=/home/hanse/pinkbot/install/minibot_interfaces/lib:/home/hanse/pinkbot/install/minibot_controllers/lib:/home/hanse/pinkbot/install/minibot_hardware_interface/lib:/usr/lib/x86_64-linux-gnu/gazebo-11/plugins:/opt/ros/humble/opt/rviz_ogre_vendor/lib:/opt/ros/humble/lib/x86_64-linux-gnu:/opt/ros/humble/lib:/usr/local/cuda-11.7/lib64:/usr/local/cuda-11.7/lib64/ /home/hanse/.local/bin/cmake --build /home/hanse/pinkbot/build/minibot_controllers -- -j8 -l8
[0.313s] Invoking command in '/home/hanse/pinkbot/build/minibot_controllers': CMAKE_PREFIX_PATH=/home/hanse/pinkbot/install/minibot_interfaces:/home/hanse/pinkbot/install/minibot_navigation2:/home/hanse/pinkbot/install/minibot_controllers:/home/hanse/pinkbot/install/minibot_hardware_interface:/home/hanse/pinkbot/install/minibot_bringup:/home/hanse/pinkbot/install/minibot_gazebo:/home/hanse/pinkbot/install/minibot_description:/opt/ros/humble LD_LIBRARY_PATH=/home/hanse/pinkbot/install/minibot_interfaces/lib:/home/hanse/pinkbot/install/minibot_controllers/lib:/home/hanse/pinkbot/install/minibot_hardware_interface/lib:/usr/lib/x86_64-linux-gnu/gazebo-11/plugins:/opt/ros/humble/opt/rviz_ogre_vendor/lib:/opt/ros/humble/lib/x86_64-linux-gnu:/opt/ros/humble/lib:/usr/local/cuda-11.7/lib64:/usr/local/cuda-11.7/lib64/ /home/hanse/.local/bin/cmake --install /home/hanse/pinkbot/build/minibot_controllers
[0.346s] -- Install configuration: ""
[0.346s] -- Up-to-date: /home/hanse/pinkbot/install/minibot_controllers/share/minibot_controllers/controller_plugins.xml
[0.347s] -- Up-to-date: /home/hanse/pinkbot/install/minibot_controllers/lib/libminibot_controllers.so
[0.347s] -- Up-to-date: /home/hanse/pinkbot/install/minibot_controllers/include
[0.347s] -- Up-to-date: /home/hanse/pinkbot/install/minibot_controllers/include/minibot_gpio_controller
[0.347s] -- Up-to-date: /home/hanse/pinkbot/install/minibot_controllers/include/minibot_gpio_controller/gpio_controller.hpp
[0.347s] -- Up-to-date: /home/hanse/pinkbot/install/minibot_controllers/share/minibot_controllers/controller_plugins.xml
[0.347s] -- Up-to-date: /home/hanse/pinkbot/install/minibot_controllers/share/minibot_controllers/environment/library_path.sh
[0.347s] -- Up-to-date: /home/hanse/pinkbot/install/minibot_controllers/share/minibot_controllers/environment/library_path.dsv
[0.348s] -- Up-to-date: /home/hanse/pinkbot/install/minibot_controllers/share/ament_index/resource_index/package_run_dependencies/minibot_controllers
[0.348s] -- Up-to-date: /home/hanse/pinkbot/install/minibot_controllers/share/ament_index/resource_index/parent_prefix_path/minibot_controllers
[0.348s] -- Up-to-date: /home/hanse/pinkbot/install/minibot_controllers/share/minibot_controllers/environment/ament_prefix_path.sh
[0.348s] -- Up-to-date: /home/hanse/pinkbot/install/minibot_controllers/share/minibot_controllers/environment/ament_prefix_path.dsv
[0.348s] -- Up-to-date: /home/hanse/pinkbot/install/minibot_controllers/share/minibot_controllers/environment/path.sh
[0.348s] -- Up-to-date: /home/hanse/pinkbot/install/minibot_controllers/share/minibot_controllers/environment/path.dsv
[0.348s] -- Up-to-date: /home/hanse/pinkbot/install/minibot_controllers/share/minibot_controllers/local_setup.bash
[0.348s] -- Up-to-date: /home/hanse/pinkbot/install/minibot_controllers/share/minibot_controllers/local_setup.sh
[0.348s] -- Up-to-date: /home/hanse/pinkbot/install/minibot_controllers/share/minibot_controllers/local_setup.zsh
[0.348s] -- Up-to-date: /home/hanse/pinkbot/install/minibot_controllers/share/minibot_controllers/local_setup.dsv
[0.348s] -- Installing: /home/hanse/pinkbot/install/minibot_controllers/share/minibot_controllers/package.dsv
[0.349s] -- Up-to-date: /home/hanse/pinkbot/install/minibot_controllers/share/ament_index/resource_index/packages/minibot_controllers
[0.349s] -- Up-to-date: /home/hanse/pinkbot/install/minibot_controllers/share/ament_index/resource_index/controller_interface__pluginlib__plugin/minibot_controllers
[0.349s] -- Up-to-date: /home/hanse/pinkbot/install/minibot_controllers/share/minibot_controllers/cmake/ament_cmake_export_dependencies-extras.cmake
[0.349s] -- Up-to-date: /home/hanse/pinkbot/install/minibot_controllers/share/minibot_controllers/cmake/ament_cmake_export_include_directories-extras.cmake
[0.349s] -- Up-to-date: /home/hanse/pinkbot/install/minibot_controllers/share/minibot_controllers/cmake/ament_cmake_export_libraries-extras.cmake
[0.349s] -- Up-to-date: /home/hanse/pinkbot/install/minibot_controllers/share/minibot_controllers/cmake/minibot_controllersConfig.cmake
[0.350s] -- Up-to-date: /home/hanse/pinkbot/install/minibot_controllers/share/minibot_controllers/cmake/minibot_controllersConfig-version.cmake
[0.350s] -- Up-to-date: /home/hanse/pinkbot/install/minibot_controllers/share/minibot_controllers/package.xml
[0.445s] Invoked command in '/home/hanse/pinkbot/build/minibot_controllers' returned '0': CMAKE_PREFIX_PATH=/home/hanse/pinkbot/install/minibot_interfaces:/home/hanse/pinkbot/install/minibot_navigation2:/home/hanse/pinkbot/install/minibot_controllers:/home/hanse/pinkbot/install/minibot_hardware_interface:/home/hanse/pinkbot/install/minibot_bringup:/home/hanse/pinkbot/install/minibot_gazebo:/home/hanse/pinkbot/install/minibot_description:/opt/ros/humble LD_LIBRARY_PATH=/home/hanse/pinkbot/install/minibot_interfaces/lib:/home/hanse/pinkbot/install/minibot_controllers/lib:/home/hanse/pinkbot/install/minibot_hardware_interface/lib:/usr/lib/x86_64-linux-gnu/gazebo-11/plugins:/opt/ros/humble/opt/rviz_ogre_vendor/lib:/opt/ros/humble/lib/x86_64-linux-gnu:/opt/ros/humble/lib:/usr/local/cuda-11.7/lib64:/usr/local/cuda-11.7/lib64/ /home/hanse/.local/bin/cmake --install /home/hanse/pinkbot/build/minibot_controllers
