-- Install configuration: ""
-- Installing: /home/hanse/pinkbot/install/minibot_bringup/share/minibot_bringup/config
-- Installing: /home/hanse/pinkbot/install/minibot_bringup/share/minibot_bringup/config/minibot_controllers.yaml
-- Installing: /home/hanse/pinkbot/install/minibot_bringup/share/minibot_bringup/config/minibot_controllers_gazebo.yaml
-- Installing: /home/hanse/pinkbot/install/minibot_bringup/share/minibot_bringup/config/ydlidar.yaml
-- Installing: /home/hanse/pinkbot/install/minibot_bringup/share/minibot_bringup/launch
-- Installing: /home/hanse/pinkbot/install/minibot_bringup/share/minibot_bringup/launch/bringup_robot_gazebo.launch.py
-- Installing: /home/hanse/pinkbot/install/minibot_bringup/share/minibot_bringup/launch/bringup_robot.launch.py
-- Installing: /home/hanse/pinkbot/install/minibot_bringup/share/minibot_bringup/rviz
-- Installing: /home/hanse/pinkbot/install/minibot_bringup/share/minibot_bringup/rviz/robot.rviz
-- Installing: /home/hanse/pinkbot/install/minibot_bringup/share/minibot_bringup/rviz/.empty
-- Installing: /home/hanse/pinkbot/install/minibot_bringup/share/ament_index/resource_index/package_run_dependencies/minibot_bringup
-- Installing: /home/hanse/pinkbot/install/minibot_bringup/share/ament_index/resource_index/parent_prefix_path/minibot_bringup
-- Installing: /home/hanse/pinkbot/install/minibot_bringup/share/minibot_bringup/environment/ament_prefix_path.sh
-- Installing: /home/hanse/pinkbot/install/minibot_bringup/share/minibot_bringup/environment/ament_prefix_path.dsv
-- Installing: /home/hanse/pinkbot/install/minibot_bringup/share/minibot_bringup/environment/path.sh
-- Installing: /home/hanse/pinkbot/install/minibot_bringup/share/minibot_bringup/environment/path.dsv
-- Installing: /home/hanse/pinkbot/install/minibot_bringup/share/minibot_bringup/local_setup.bash
-- Installing: /home/hanse/pinkbot/install/minibot_bringup/share/minibot_bringup/local_setup.sh
-- Installing: /home/hanse/pinkbot/install/minibot_bringup/share/minibot_bringup/local_setup.zsh
-- Installing: /home/hanse/pinkbot/install/minibot_bringup/share/minibot_bringup/local_setup.dsv
-- Installing: /home/hanse/pinkbot/install/minibot_bringup/share/minibot_bringup/package.dsv
-- Installing: /home/hanse/pinkbot/install/minibot_bringup/share/ament_index/resource_index/packages/minibot_bringup
-- Installing: /home/hanse/pinkbot/install/minibot_bringup/share/minibot_bringup/cmake/minibot_bringupConfig.cmake
-- Installing: /home/hanse/pinkbot/install/minibot_bringup/share/minibot_bringup/cmake/minibot_bringupConfig-version.cmake
-- Installing: /home/hanse/pinkbot/install/minibot_bringup/share/minibot_bringup/package.xml
