[0.089s] Invoking command in '/home/hanse/pinkbot/build/minibot_bringup': CMAKE_PREFIX_PATH=/home/hanse/pinkbot/install/minibot_gazebo:/home/hanse/pinkbot/install/minibot_description:/home/hanse/pinkbot/install/minibot_navigation2:/home/hanse/pinkbot/install/minibot_controllers:/home/hanse/pinkbot/install/minibot_interfaces:/home/hanse/pinkbot/install/minibot_hardware_interface:/home/hanse/pinkbot/install/minibot_bringup:/opt/ros/humble /home/hanse/.local/bin/cmake --build /home/hanse/pinkbot/build/minibot_bringup -- -j8 -l8
[0.159s] Invoked command in '/home/hanse/pinkbot/build/minibot_bringup' returned '0': CMAKE_PREFIX_PATH=/home/hanse/pinkbot/install/minibot_gazebo:/home/hanse/pinkbot/install/minibot_description:/home/hanse/pinkbot/install/minibot_navigation2:/home/hanse/pinkbot/install/minibot_controllers:/home/hanse/pinkbot/install/minibot_interfaces:/home/hanse/pinkbot/install/minibot_hardware_interface:/home/hanse/pinkbot/install/minibot_bringup:/opt/ros/humble /home/hanse/.local/bin/cmake --build /home/hanse/pinkbot/build/minibot_bringup -- -j8 -l8
[0.216s] Invoking command in '/home/hanse/pinkbot/build/minibot_bringup': CMAKE_PREFIX_PATH=/home/hanse/pinkbot/install/minibot_gazebo:/home/hanse/pinkbot/install/minibot_description:/home/hanse/pinkbot/install/minibot_navigation2:/home/hanse/pinkbot/install/minibot_controllers:/home/hanse/pinkbot/install/minibot_interfaces:/home/hanse/pinkbot/install/minibot_hardware_interface:/home/hanse/pinkbot/install/minibot_bringup:/opt/ros/humble /home/hanse/.local/bin/cmake --install /home/hanse/pinkbot/build/minibot_bringup
[0.242s] -- Install configuration: ""
[0.242s] -- Up-to-date: /home/hanse/pinkbot/install/minibot_bringup/share/minibot_bringup/config
[0.242s] -- Up-to-date: /home/hanse/pinkbot/install/minibot_bringup/share/minibot_bringup/config/minibot_controllers.yaml
[0.242s] -- Up-to-date: /home/hanse/pinkbot/install/minibot_bringup/share/minibot_bringup/config/minibot_controllers_gazebo.yaml
[0.242s] -- Up-to-date: /home/hanse/pinkbot/install/minibot_bringup/share/minibot_bringup/config/ydlidar.yaml
[0.242s] -- Up-to-date: /home/hanse/pinkbot/install/minibot_bringup/share/minibot_bringup/launch
[0.242s] -- Up-to-date: /home/hanse/pinkbot/install/minibot_bringup/share/minibot_bringup/launch/bringup_robot_gazebo.launch.py
[0.242s] -- Up-to-date: /home/hanse/pinkbot/install/minibot_bringup/share/minibot_bringup/launch/bringup_robot.launch.py
[0.243s] -- Up-to-date: /home/hanse/pinkbot/install/minibot_bringup/share/minibot_bringup/rviz
[0.243s] -- Up-to-date: /home/hanse/pinkbot/install/minibot_bringup/share/minibot_bringup/rviz/robot.rviz
[0.243s] -- Up-to-date: /home/hanse/pinkbot/install/minibot_bringup/share/minibot_bringup/rviz/.empty
[0.243s] -- Up-to-date: /home/hanse/pinkbot/install/minibot_bringup/share/ament_index/resource_index/package_run_dependencies/minibot_bringup
[0.243s] -- Up-to-date: /home/hanse/pinkbot/install/minibot_bringup/share/ament_index/resource_index/parent_prefix_path/minibot_bringup
[0.243s] -- Up-to-date: /home/hanse/pinkbot/install/minibot_bringup/share/minibot_bringup/environment/ament_prefix_path.sh
[0.243s] -- Up-to-date: /home/hanse/pinkbot/install/minibot_bringup/share/minibot_bringup/environment/ament_prefix_path.dsv
[0.243s] -- Up-to-date: /home/hanse/pinkbot/install/minibot_bringup/share/minibot_bringup/environment/path.sh
[0.243s] -- Up-to-date: /home/hanse/pinkbot/install/minibot_bringup/share/minibot_bringup/environment/path.dsv
[0.243s] -- Up-to-date: /home/hanse/pinkbot/install/minibot_bringup/share/minibot_bringup/local_setup.bash
[0.243s] -- Up-to-date: /home/hanse/pinkbot/install/minibot_bringup/share/minibot_bringup/local_setup.sh
[0.243s] -- Up-to-date: /home/hanse/pinkbot/install/minibot_bringup/share/minibot_bringup/local_setup.zsh
[0.243s] -- Up-to-date: /home/hanse/pinkbot/install/minibot_bringup/share/minibot_bringup/local_setup.dsv
[0.243s] -- Installing: /home/hanse/pinkbot/install/minibot_bringup/share/minibot_bringup/package.dsv
[0.243s] -- Up-to-date: /home/hanse/pinkbot/install/minibot_bringup/share/ament_index/resource_index/packages/minibot_bringup
[0.243s] -- Up-to-date: /home/hanse/pinkbot/install/minibot_bringup/share/minibot_bringup/cmake/minibot_bringupConfig.cmake
[0.244s] -- Up-to-date: /home/hanse/pinkbot/install/minibot_bringup/share/minibot_bringup/cmake/minibot_bringupConfig-version.cmake
[0.244s] -- Up-to-date: /home/hanse/pinkbot/install/minibot_bringup/share/minibot_bringup/package.xml
[0.256s] Invoked command in '/home/hanse/pinkbot/build/minibot_bringup' returned '0': CMAKE_PREFIX_PATH=/home/hanse/pinkbot/install/minibot_gazebo:/home/hanse/pinkbot/install/minibot_description:/home/hanse/pinkbot/install/minibot_navigation2:/home/hanse/pinkbot/install/minibot_controllers:/home/hanse/pinkbot/install/minibot_interfaces:/home/hanse/pinkbot/install/minibot_hardware_interface:/home/hanse/pinkbot/install/minibot_bringup:/opt/ros/humble /home/hanse/.local/bin/cmake --install /home/hanse/pinkbot/build/minibot_bringup
