[0.084s] Invoking command in '/home/hanse/pinkbot/build/minibot_hardware_interface': CMAKE_PREFIX_PATH=/opt/ros/humble /usr/bin/cmake /home/hanse/pinkbot/src/pinklab_minibot_robot/minibot_hardware_interface -DCMAKE_INSTALL_PREFIX=/home/hanse/pinkbot/install/minibot_hardware_interface
[0.119s] -- The C compiler identification is GNU 11.4.0
[0.158s] -- The CXX compiler identification is GNU 11.4.0
[0.164s] -- Detecting C compiler ABI info
[0.215s] -- Detecting C compiler ABI info - done
[0.220s] -- Check for working C compiler: /usr/bin/cc - skipped
[0.220s] -- Detecting C compile features
[0.220s] -- Detecting C compile features - done
[0.222s] -- Detecting CXX compiler ABI info
[0.281s] -- Detecting CXX compiler ABI info - done
[0.286s] -- Check for working CXX compiler: /usr/bin/c++ - skipped
[0.286s] -- Detecting CXX compile features
[0.286s] -- Detecting CXX compile features - done
[0.288s] -- Found ament_cmake: 1.3.5 (/opt/ros/humble/share/ament_cmake/cmake)
[0.410s] -- Found Python3: /usr/bin/python3.10 (found version "3.10.12") found components: Interpreter 
[0.473s] -- Found hardware_interface: 2.32.0 (/opt/ros/humble/share/hardware_interface/cmake)
[0.509s] -- Found rosidl_generator_c: 3.1.5 (/opt/ros/humble/share/rosidl_generator_c/cmake)
[0.512s] -- Found rosidl_adapter: 3.1.5 (/opt/ros/humble/share/rosidl_adapter/cmake)
[0.518s] -- Found rosidl_generator_cpp: 3.1.5 (/opt/ros/humble/share/rosidl_generator_cpp/cmake)
[0.527s] -- Using all available rosidl_typesupport_c: rosidl_typesupport_fastrtps_c;rosidl_typesupport_introspection_c
[0.540s] -- Using all available rosidl_typesupport_cpp: rosidl_typesupport_fastrtps_cpp;rosidl_typesupport_introspection_cpp
[1.060s] -- Found rmw_implementation_cmake: 6.1.1 (/opt/ros/humble/share/rmw_implementation_cmake/cmake)
[1.062s] -- Found rmw_fastrtps_cpp: 6.2.4 (/opt/ros/humble/share/rmw_fastrtps_cpp/cmake)
[1.140s] -- Found OpenSSL: /usr/lib/x86_64-linux-gnu/libcrypto.so (found version "3.0.2")  
[1.161s] -- Found FastRTPS: /opt/ros/humble/include  
[1.197s] -- Using RMW implementation 'rmw_fastrtps_cpp' as default
[1.207s] -- Looking for pthread.h
[1.260s] -- Looking for pthread.h - found
[1.260s] -- Performing Test CMAKE_HAVE_LIBC_PTHREAD
[1.312s] -- Performing Test CMAKE_HAVE_LIBC_PTHREAD - Success
[1.313s] -- Found Threads: TRUE  
[1.508s] -- Found PkgConfig: /usr/bin/pkg-config (found version "0.29.2") 
[1.509s] -- Checking for module 'libserial'
[1.511s] --   No package 'libserial' found
[1.581s] -- Found ament_lint_auto: 0.12.8 (/opt/ros/humble/share/ament_lint_auto/cmake)
[1.662s] -- Added test 'copyright' to check source files copyright and LICENSE
[1.663s] -- Added test 'cppcheck' to perform static code analysis on C / C++ code
[1.663s] -- Configured cppcheck include dirs: /home/hanse/pinkbot/src/pinklab_minibot_robot/minibot_hardware_interface/include
[1.663s] -- Configured cppcheck exclude dirs and/or files: 
[1.665s] -- Added test 'cpplint' to check C / C++ code against the Google style
[1.665s] -- Configured cpplint exclude dirs and/or files: 
[1.665s] -- Added test 'lint_cmake' to check CMake code style
[1.666s] -- Added test 'uncrustify' to check C / C++ code style
[1.666s] -- Configured uncrustify additional arguments: 
[1.666s] -- Added test 'xmllint' to check XML markup files
[1.669s] -- Configuring done
[1.699s] -- Generating done
[1.700s] -- Build files have been written to: /home/hanse/pinkbot/build/minibot_hardware_interface
[1.715s] Invoked command in '/home/hanse/pinkbot/build/minibot_hardware_interface' returned '0': CMAKE_PREFIX_PATH=/opt/ros/humble /usr/bin/cmake /home/hanse/pinkbot/src/pinklab_minibot_robot/minibot_hardware_interface -DCMAKE_INSTALL_PREFIX=/home/hanse/pinkbot/install/minibot_hardware_interface
[1.715s] Invoking command in '/home/hanse/pinkbot/build/minibot_hardware_interface': CMAKE_PREFIX_PATH=/opt/ros/humble /usr/bin/cmake --build /home/hanse/pinkbot/build/minibot_hardware_interface -- -j8 -l8
[1.776s] [ 50%] [32mBuilding CXX object CMakeFiles/minibot_hardware_interface.dir/src/minibot_system.cpp.o[0m
[2.022s] In file included from [01m[K/home/hanse/pinkbot/src/pinklab_minibot_robot/minibot_hardware_interface/src/minibot_system.cpp:1[m[K:
[2.022s] [01m[K/home/hanse/pinkbot/src/pinklab_minibot_robot/minibot_hardware_interface/include/minibot_hardware_interface/minibot_system.hpp:22:10:[m[K [01;31m[Kfatal error: [m[Klibserial/SerialPort.h: No such file or directory
[2.022s]    22 | #include [01;31m[K<libserial/SerialPort.h>[m[K
[2.022s]       |          [01;31m[K^~~~~~~~~~~~~~~~~~~~~~~~[m[K
[2.022s] compilation terminated.
[2.024s] gmake[2]: *** [CMakeFiles/minibot_hardware_interface.dir/build.make:76: CMakeFiles/minibot_hardware_interface.dir/src/minibot_system.cpp.o] Error 1
[2.025s] gmake[1]: *** [CMakeFiles/Makefile2:137: CMakeFiles/minibot_hardware_interface.dir/all] Error 2
[2.026s] gmake: *** [Makefile:146: all] Error 2
[2.029s] Invoked command in '/home/hanse/pinkbot/build/minibot_hardware_interface' returned '2': CMAKE_PREFIX_PATH=/opt/ros/humble /usr/bin/cmake --build /home/hanse/pinkbot/build/minibot_hardware_interface -- -j8 -l8
