[0.098s] Invoking command in '/home/hanse/pinkbot/build/minibot_gazebo': AMENT_PREFIX_PATH=/home/hanse/pinkbot/install/minibot_description:${AMENT_PREFIX_PATH} CMAKE_PREFIX_PATH=/home/hanse/pinkbot/install/minibot_description:/opt/ros/humble /home/hanse/.local/bin/cmake --build /home/hanse/pinkbot/build/minibot_gazebo -- -j8 -l8
[0.139s] Invoked command in '/home/hanse/pinkbot/build/minibot_gazebo' returned '0': AMENT_PREFIX_PATH=/home/hanse/pinkbot/install/minibot_description:${AMENT_PREFIX_PATH} CMAKE_PREFIX_PATH=/home/hanse/pinkbot/install/minibot_description:/opt/ros/humble /home/hanse/.local/bin/cmake --build /home/hanse/pinkbot/build/minibot_gazebo -- -j8 -l8
[0.170s] Invoking command in '/home/hanse/pinkbot/build/minibot_gazebo': AMENT_PREFIX_PATH=/home/hanse/pinkbot/install/minibot_description:${AMENT_PREFIX_PATH} CMAKE_PREFIX_PATH=/home/hanse/pinkbot/install/minibot_description:/opt/ros/humble /home/hanse/.local/bin/cmake --install /home/hanse/pinkbot/build/minibot_gazebo
[0.190s] -- Install configuration: ""
[0.190s] -- Up-to-date: /home/hanse/pinkbot/install/minibot_gazebo/share/minibot_gazebo/launch
[0.190s] -- Up-to-date: /home/hanse/pinkbot/install/minibot_gazebo/share/minibot_gazebo/launch/bringup_gazebo.launch.py
[0.190s] -- Up-to-date: /home/hanse/pinkbot/install/minibot_gazebo/share/minibot_gazebo/worlds
[0.190s] -- Up-to-date: /home/hanse/pinkbot/install/minibot_gazebo/share/minibot_gazebo/worlds/empty.world
[0.190s] -- Up-to-date: /home/hanse/pinkbot/install/minibot_gazebo/share/minibot_gazebo/worlds/simple_building.world
[0.190s] -- Up-to-date: /home/hanse/pinkbot/install/minibot_gazebo/share/minibot_gazebo/models
[0.190s] -- Up-to-date: /home/hanse/pinkbot/install/minibot_gazebo/share/minibot_gazebo/models/.empty
[0.190s] -- Up-to-date: /home/hanse/pinkbot/install/minibot_gazebo/share/minibot_gazebo/models/simple_building
[0.190s] -- Up-to-date: /home/hanse/pinkbot/install/minibot_gazebo/share/minibot_gazebo/models/simple_building/model.config
[0.190s] -- Up-to-date: /home/hanse/pinkbot/install/minibot_gazebo/share/minibot_gazebo/models/simple_building/model.sdf
[0.190s] -- Up-to-date: /home/hanse/pinkbot/install/minibot_gazebo/share/ament_index/resource_index/package_run_dependencies/minibot_gazebo
[0.190s] -- Up-to-date: /home/hanse/pinkbot/install/minibot_gazebo/share/ament_index/resource_index/parent_prefix_path/minibot_gazebo
[0.191s] -- Up-to-date: /home/hanse/pinkbot/install/minibot_gazebo/share/minibot_gazebo/environment/ament_prefix_path.sh
[0.191s] -- Up-to-date: /home/hanse/pinkbot/install/minibot_gazebo/share/minibot_gazebo/environment/ament_prefix_path.dsv
[0.191s] -- Up-to-date: /home/hanse/pinkbot/install/minibot_gazebo/share/minibot_gazebo/environment/path.sh
[0.191s] -- Up-to-date: /home/hanse/pinkbot/install/minibot_gazebo/share/minibot_gazebo/environment/path.dsv
[0.191s] -- Up-to-date: /home/hanse/pinkbot/install/minibot_gazebo/share/minibot_gazebo/local_setup.bash
[0.191s] -- Up-to-date: /home/hanse/pinkbot/install/minibot_gazebo/share/minibot_gazebo/local_setup.sh
[0.191s] -- Up-to-date: /home/hanse/pinkbot/install/minibot_gazebo/share/minibot_gazebo/local_setup.zsh
[0.191s] -- Up-to-date: /home/hanse/pinkbot/install/minibot_gazebo/share/minibot_gazebo/local_setup.dsv
[0.191s] -- Installing: /home/hanse/pinkbot/install/minibot_gazebo/share/minibot_gazebo/package.dsv
[0.191s] -- Up-to-date: /home/hanse/pinkbot/install/minibot_gazebo/share/ament_index/resource_index/packages/minibot_gazebo
[0.191s] -- Up-to-date: /home/hanse/pinkbot/install/minibot_gazebo/share/minibot_gazebo/cmake/minibot_gazeboConfig.cmake
[0.191s] -- Up-to-date: /home/hanse/pinkbot/install/minibot_gazebo/share/minibot_gazebo/cmake/minibot_gazeboConfig-version.cmake
[0.191s] -- Up-to-date: /home/hanse/pinkbot/install/minibot_gazebo/share/minibot_gazebo/package.xml
[0.194s] Invoked command in '/home/hanse/pinkbot/build/minibot_gazebo' returned '0': AMENT_PREFIX_PATH=/home/hanse/pinkbot/install/minibot_description:${AMENT_PREFIX_PATH} CMAKE_PREFIX_PATH=/home/hanse/pinkbot/install/minibot_description:/opt/ros/humble /home/hanse/.local/bin/cmake --install /home/hanse/pinkbot/build/minibot_gazebo
